################################################################################
#                                                                              #
#      IAR Universal Linker V4.60I/386                                         #
#                                                                              #
#           Link time     =  14/Jan/2011  23:28:49                             #
#           Target CPU    =  ARM                                               #
#           List file     =  D:\pasha\elf\googlecode\MySMSYS\Mss3\Release_ELKA #
#                            _EN\List\Mss3CPP_elka.map                         #
#           Output file 1 =  D:\pasha\elf\googlecode\MySMSYS\Mss3\Release_ELKA #
#                            _EN\Exe\Mss3CPP_elka.elf                          #
#                            Format: elf, variant: -ynpra                      #
#           Command line  =  D:\pasha\elf\googlecode\MySMSYS\Mss3\Release_ELKA #
#                            _EN\Obj\AFile.r79                                 #
#                            D:\pasha\elf\googlecode\MySMSYS\Mss3\Release_ELKA #
#                            _EN\Obj\AdrList.r79                               #
#                            D:\pasha\elf\googlecode\MySMSYS\Mss3\Release_ELKA #
#                            _EN\Obj\CreateMenu.r79                            #
#                            D:\pasha\elf\googlecode\MySMSYS\Mss3\Release_ELKA #
#                            _EN\Obj\DaemonCSM.r79                             #
#                            D:\pasha\elf\googlecode\MySMSYS\Mss3\Release_ELKA #
#                            _EN\Obj\DialogCSM.r79                             #
#                            D:\pasha\elf\googlecode\MySMSYS\Mss3\Release_ELKA #
#                            _EN\Obj\EditGUI.r79                               #
#                            D:\pasha\elf\googlecode\MySMSYS\Mss3\Release_ELKA #
#                            _EN\Obj\File.r79                                  #
#                            D:\pasha\elf\googlecode\MySMSYS\Mss3\Release_ELKA #
#                            _EN\Obj\GlobalVariable.r79                        #
#                            D:\pasha\elf\googlecode\MySMSYS\Mss3\Release_ELKA #
#                            _EN\Obj\IconPack.r79                              #
#                            D:\pasha\elf\googlecode\MySMSYS\Mss3\Release_ELKA #
#                            _EN\Obj\KeyHook.r79                               #
#                            D:\pasha\elf\googlecode\MySMSYS\Mss3\Release_ELKA #
#                            _EN\Obj\LangPack.r79                              #
#                            D:\pasha\elf\googlecode\MySMSYS\Mss3\Release_ELKA #
#                            _EN\Obj\MainMenu.r79                              #
#                            D:\pasha\elf\googlecode\MySMSYS\Mss3\Release_ELKA #
#                            _EN\Obj\Mss3App.r79                               #
#                            D:\pasha\elf\googlecode\MySMSYS\Mss3\Release_ELKA #
#                            _EN\Obj\MyIpcMessage.r79                          #
#                            D:\pasha\elf\googlecode\MySMSYS\Mss3\Release_ELKA #
#                            _EN\Obj\NativeAddressbook.r79                     #
#                            D:\pasha\elf\googlecode\MySMSYS\Mss3\Release_ELKA #
#                            _EN\Obj\NumList.r79                               #
#                            D:\pasha\elf\googlecode\MySMSYS\Mss3\Release_ELKA #
#                            _EN\Obj\OthersMenu.r79                            #
#                            D:\pasha\elf\googlecode\MySMSYS\Mss3\Release_ELKA #
#                            _EN\Obj\PlaySound.r79                             #
#                            D:\pasha\elf\googlecode\MySMSYS\Mss3\Release_ELKA #
#                            _EN\Obj\PopupGUI.r79                              #
#                            D:\pasha\elf\googlecode\MySMSYS\Mss3\Release_ELKA #
#                            _EN\Obj\SendList.r79                              #
#                            D:\pasha\elf\googlecode\MySMSYS\Mss3\Release_ELKA #
#                            _EN\Obj\SiemensPDU.r79                            #
#                            D:\pasha\elf\googlecode\MySMSYS\Mss3\Release_ELKA #
#                            _EN\Obj\SmsData.r79                               #
#                            D:\pasha\elf\googlecode\MySMSYS\Mss3\Release_ELKA #
#                            _EN\Obj\SmsListMenu.r79                           #
#                            D:\pasha\elf\googlecode\MySMSYS\Mss3\Release_ELKA #
#                            _EN\Obj\StrConst.r79                              #
#                            D:\pasha\elf\googlecode\MySMSYS\Mss3\Release_ELKA #
#                            _EN\Obj\TViewGUI.r79                              #
#                            D:\pasha\elf\googlecode\MySMSYS\Mss3\Release_ELKA #
#                            _EN\Obj\TabGUI.r79                                #
#                            D:\pasha\elf\googlecode\MySMSYS\Mss3\Release_ELKA #
#                            _EN\Obj\Template.r79                              #
#                            D:\pasha\elf\googlecode\MySMSYS\Mss3\Release_ELKA #
#                            _EN\Obj\Vibra.r79                                 #
#                            D:\pasha\elf\googlecode\MySMSYS\Mss3\Release_ELKA #
#                            _EN\Obj\_cpp2.r79                                 #
#                            D:\pasha\elf\googlecode\MySMSYS\Mss3\Release_ELKA #
#                            _EN\Obj\conf_loader.r79                           #
#                            D:\pasha\elf\googlecode\MySMSYS\Mss3\Release_ELKA #
#                            _EN\Obj\config_data.r79                           #
#                            D:\pasha\elf\googlecode\MySMSYS\Mss3\Release_ELKA #
#                            _EN\Obj\func.r79                                  #
#                            D:\pasha\elf\googlecode\MySMSYS\Mss3\Release_ELKA #
#                            _EN\Obj\main.r79                                  #
#                            D:\pasha\elf\googlecode\MySMSYS\Mss3\Release_ELKA #
#                            _EN\Obj\string_works.r79                          #
#                            -o                                                #
#                            D:\pasha\elf\googlecode\MySMSYS\Mss3\Release_ELKA #
#                            _EN\Exe\Mss3CPP_elka.elf                          #
#                            -Felf -l                                          #
#                            D:\pasha\elf\googlecode\MySMSYS\Mss3\Release_ELKA #
#                            _EN\List\Mss3CPP_elka.map                         #
#                            -xmsnio                                           #
#                            "-ID:\pasha\Embedded Workbench 4.0 Evaluation2\AR #
#                            M\LIB\"                                           #
#                            -f                                                #
#                            D:\pasha\elf\googlecode\MySMSYS\Mss3\test.xcl     #
#                            (-carm -V(CODE)CODE_AREA,12                       #
#                            -V(DATA)DATA_AREA,12                              #
#                            -Z(CODE_AREA)ELFBEGIN,DATA_ID,START,CODE,DATA_C,I #
#                            NITTAB,DATA_Z,DATA_N,MYSEG,CONFIG_C=0-FFFFFFFF    #
#                            -Z(DATA_AREA)DATA_I=0-FFFFFFFF) -ynpra            #
#                            "D:\pasha\Embedded Workbench 4.0 Evaluation2\ARM\ #
#                            LIB\dl5tpainl8n.r79"                              #
#                            -s main                                           #
#                                                                              #
#                        Copyright 1987-2007 IAR Systems. All rights reserved. #
################################################################################





                ****************************************
                *                                      *
                *           CROSS REFERENCE            *
                *                                      *
                ****************************************

       Program entry at : CODE_AREA 0000AC5C  Relocatable, from module : main




                ****************************************
                *                                      *
                *            RUNTIME MODEL             *
                *                                      *
                ****************************************

  StackAlign4  = USED
  __cpu_mode   = __pcs__interwork
  __data_model = absolute
  __endian     = little
  __rt_version = 6



                ****************************************
                *                                      *
                *              MODULE MAP              *
                *                                      *
                ****************************************


  DEFINED ABSOLUTE ENTRIES
    *************************************************************************

  DEFINED ABSOLUTE ENTRIES
    *************************************************************************

  FILE NAME : D:\pasha\elf\googlecode\MySMSYS\Mss3\Release_ELKA_EN\Obj\AFile.r79
  PROGRAM MODULE, NAME : AFile

  SEGMENTS IN THE MODULE
  ======================
CODE
  Segment part 2. NOT NEEDED.
    -------------------------------------------------------------------------
CODE
  Segment part 3. NOT NEEDED.
           ENTRY                   ADDRESS         REF BY
           =====                   =======         ======
           AFile::new AFile(char const *, unsigned int, unsigned int)
                                   
               not allocated function
    -------------------------------------------------------------------------
CODE
  Segment part 4. NOT NEEDED.
    -------------------------------------------------------------------------
CODE
  Segment part 5. NOT NEEDED.
           ENTRY                   ADDRESS         REF BY
           =====                   =======         ======
           AFile::new AFile()      
               not allocated function
    -------------------------------------------------------------------------
CODE
  Segment part 6. NOT NEEDED.
    -------------------------------------------------------------------------
CODE
  Segment part 7. NOT NEEDED.
           ENTRY                   ADDRESS         REF BY
           =====                   =======         ======
           AFile::delete ~AFile(AFile *)
                                   
               not allocated function
    -------------------------------------------------------------------------
CODE
  Segment part 8. NOT NEEDED.
    -------------------------------------------------------------------------
CODE
  Relative segment, address: CODE_AREA 00000430 - 0000043B (0xc bytes), align: 2
  Segment part 9.
           ENTRY                   ADDRESS         REF BY
           =====                   =======         ======
           AFile::AFile()          00000430        OthMenu::ShowHelp() (OthersMenu)
    -------------------------------------------------------------------------
CODE
  Segment part 10. NOT NEEDED.
    -------------------------------------------------------------------------
CODE
  Segment part 11. NOT NEEDED.
           ENTRY                   ADDRESS         REF BY
           =====                   =======         ======
           AFile::AFile(char const *, unsigned int, unsigned int)
                                   
               not allocated function
    -------------------------------------------------------------------------
CODE
  Segment part 12. NOT NEEDED.
    -------------------------------------------------------------------------
CODE
  Relative segment, address: CODE_AREA 0000043C - 00000463 (0x28 bytes), align: 2
  Segment part 13.
           ENTRY                   ADDRESS         REF BY
           =====                   =======         ======
           AFile::~AFile()         0000043C        OthMenu::ShowHelp() (OthersMenu)
               stack 1 = 00000000 ( 0000000C )
    -------------------------------------------------------------------------
CODE
  Segment part 14. NOT NEEDED.
    -------------------------------------------------------------------------
CODE
  Relative segment, address: CODE_AREA 00000464 - 0000048B (0x28 bytes), align: 2
  Segment part 15.            Intra module refs:   AFile::FOpen(char const *, unsigned int, unsigned int)
           ENTRY                   ADDRESS         REF BY
           =====                   =======         ======
           AFile::FClose()         00000464        OthMenu::ShowHelp() (OthersMenu)
               stack 1 = 00000000 ( 0000000C )
    -------------------------------------------------------------------------
CODE
  Segment part 16. NOT NEEDED.
    -------------------------------------------------------------------------
CODE
  Relative segment, address: CODE_AREA 0000048C - 000004CF (0x44 bytes), align: 2
  Segment part 17.
           ENTRY                   ADDRESS         REF BY
           =====                   =======         ======
           AFile::FOpen(char const *, unsigned int, unsigned int)
                                   0000048C        OthMenu::ShowHelp() (OthersMenu)
               stack 1 = 00000000 ( 00000014 )
    -------------------------------------------------------------------------
CODE
  Segment part 18. NOT NEEDED.
    -------------------------------------------------------------------------
CODE
  Relative segment, address: CODE_AREA 000004D0 - 000004F3 (0x24 bytes), align: 2
  Segment part 19.
           ENTRY                   ADDRESS         REF BY
           =====                   =======         ======
           AFile::FRead(void *, int)
                                   000004D0        OthMenu::ShowHelp() (OthersMenu)
               stack 1 = 00000000 ( 00000004 )
    -------------------------------------------------------------------------
CODE
  Segment part 20. NOT NEEDED.
    -------------------------------------------------------------------------
CODE
  Segment part 21. NOT NEEDED.
           ENTRY                   ADDRESS         REF BY
           =====                   =======         ======
           AFile::FWrite(void const *, int)
                                   
               not allocated function
    -------------------------------------------------------------------------
CODE
  Segment part 22. NOT NEEDED.
    -------------------------------------------------------------------------
CODE
  Segment part 23. NOT NEEDED.
           ENTRY                   ADDRESS         REF BY
           =====                   =======         ======
           AFile::LSeek(unsigned int, unsigned int)
                                   
               not allocated function
    -------------------------------------------------------------------------
CODE
  Segment part 24. NOT NEEDED.
    -------------------------------------------------------------------------
CODE
  Segment part 25. NOT NEEDED.
    -------------------------------------------------------------------------
CSTACK
  Segment part 1. NOT NEEDED.

    *************************************************************************

  FILE NAME : D:\pasha\elf\googlecode\MySMSYS\Mss3\Release_ELKA_EN\Obj\AdrList.r79
  PROGRAM MODULE, NAME : AdrList

  SEGMENTS IN THE MODULE
  ======================
DATA_Z
  Relative segment, address: CODE_AREA 0000BED0 - 0000BED3 (0x4 bytes), align: 2
  Segment part 5.
           ENTRY                   ADDRESS         REF BY
           =====                   =======         ======
           ADRLST                  0000BED0        EditGUI::GHook(void *, int) (EditGUI)
                                                   PopupNewIn::CreatePopupNewIn(DLG_CSM *, _SDLIST *) (PopupGUI)
                                                   Segment part 156 (SmsData)
                                                   Segment part 23 (DaemonCSM)
                                                   Segment part 42 (NumList)
                                                   SmsListMenu::ItemProc(void *, int, void *) (SmsListMenu)
    -------------------------------------------------------------------------
CODE
  Segment part 6. NOT NEEDED.
    -------------------------------------------------------------------------
CODE
  Relative segment, address: CODE_AREA 000004F4 - 0000050F (0x1c bytes), align: 2
  Segment part 7.
           ENTRY                   ADDRESS         REF BY
           =====                   =======         ======
           AdrList::new AdrList()
                                   000004F4        DaemonCSM::OnCreate(CSM_RAM *) (DaemonCSM)
               stack 1 = 00000000 ( 00000004 )
    -------------------------------------------------------------------------
CODE
  Segment part 8. NOT NEEDED.
    -------------------------------------------------------------------------
CODE
  Relative segment, address: CODE_AREA 00000510 - 0000052B (0x1c bytes), align: 2
  Segment part 9.
           ENTRY                   ADDRESS         REF BY
           =====                   =======         ======
           AdrList::delete ~AdrList(AdrList *)
                                   00000510        DaemonCSM::OnClose(CSM_RAM *) (DaemonCSM)
               stack 1 = 00000000 ( 00000008 )
    -------------------------------------------------------------------------
CODE
  Segment part 10. NOT NEEDED.
    -------------------------------------------------------------------------
CODE
  Relative segment, address: CODE_AREA 0000052C - 0000054F (0x24 bytes), align: 2
  Segment part 11.            Intra module refs:   AdrList::new AdrList()
           ENTRY                   ADDRESS         REF BY
           =====                   =======         ======
           AdrList::AdrList()      0000052C 
               stack 1 = 00000000 ( 00000008 )
    -------------------------------------------------------------------------
CODE
  Segment part 12. NOT NEEDED.
    -------------------------------------------------------------------------
CODE
  Segment part 13. NOT NEEDED.
           ENTRY                   ADDRESS         REF BY
           =====                   =======         ======
           AdrList::~AdrList()     
               not allocated function
    -------------------------------------------------------------------------
CODE
  Segment part 14. NOT NEEDED.
    -------------------------------------------------------------------------
CODE
  Relative segment, address: CODE_AREA 00000550 - 000005D3 (0x84 bytes), align: 2
  Segment part 15.            Intra module refs:   AdrList::ConstructList()
                                                   AdrList::delete ~AdrList(AdrList *)
           ENTRY                   ADDRESS         REF BY
           =====                   =======         ======
           AdrList::FreeCLIST()    00000550 
               stack 1 = 00000000 ( 0000000C )
    -------------------------------------------------------------------------
CODE
  Segment part 16. NOT NEEDED.
    -------------------------------------------------------------------------
CODE
  Relative segment, address: CODE_AREA 000005D4 - 00000AA3 (0x4d0 bytes), align: 2
  Segment part 17.            Intra module refs:   AdrList::ConstructListCHK(AdrList *)
                                                   AdrList::ConstructListFRC(AdrList *)
           ENTRY                   ADDRESS         REF BY
           =====                   =======         ======
           AdrList::ConstructList()
                                   000005D4 
               stack 1 = 00000000 ( 00000464 )
    -------------------------------------------------------------------------
CODE
  Segment part 18. NOT NEEDED.
    -------------------------------------------------------------------------
CODE
  Relative segment, address: CODE_AREA 00000AA4 - 00000ABB (0x18 bytes), align: 2
  Segment part 19.            Intra module refs:   Segment part 24
           ENTRY                   ADDRESS         REF BY
           =====                   =======         ======
           AdrList::ConstructListCHK(AdrList *)
                                   00000AA4 
               stack 1 = 00000000 ( 00000004 )
    -------------------------------------------------------------------------
CODE
  Segment part 20. NOT NEEDED.
    -------------------------------------------------------------------------
CODE
  Relative segment, address: CODE_AREA 00000ABC - 00000ABF (0x4 bytes), align: 2
  Segment part 21.
           ENTRY                   ADDRESS         REF BY
           =====                   =======         ======
           AdrList::ConstructListFRC(AdrList *)
                                   00000ABC        DaemonCSM::OnMessage(CSM_RAM *, GBS_MSG *) (DaemonCSM)
               stack 1 = 00000000 ( 00000004 )
    -------------------------------------------------------------------------
CODE
  Segment part 22. NOT NEEDED.
    -------------------------------------------------------------------------
CODE
  Relative segment, address: CODE_AREA 00000AC0 - 00000ADF (0x20 bytes), align: 2
  Segment part 23.
           ENTRY                   ADDRESS         REF BY
           =====                   =======         ======
           AdrList::ConstructListCFGUPD()
                                   00000AC0        DaemonCSM::OnMessage(CSM_RAM *, GBS_MSG *) (DaemonCSM)
               stack 1 = 00000000 ( 00000004 )
    -------------------------------------------------------------------------
CODE
  Relative segment, address: CODE_AREA 00000AE0 - 00000AE3 (0x4 bytes), align: 2
  Segment part 24.            Intra module refs:   AdrList::AdrList()
                                                   AdrList::ConstructListCFGUPD()
    -------------------------------------------------------------------------
CODE
  Segment part 25. NOT NEEDED.
    -------------------------------------------------------------------------
CODE
  Relative segment, address: CODE_AREA 00000AE4 - 00000B9F (0xbc bytes), align: 2
  Segment part 26.
           ENTRY                   ADDRESS         REF BY
           =====                   =======         ======
           AdrList::FindName(WSHDR *, char const *)
                                   00000AE4        EditGUI::GHook(void *, int) (EditGUI)
                                                   NumList::AddToList(char const *) (NumList)
                                                   NumList::AllocNL(char const *) (NumList)
                                                   NumList::UpdateNL(_NLST *, char const *) (NumList)
                                                   SmsData::GetFilePathSDL(_SDLIST *, char *, char *, int) (SmsData)
                                                   SmsListMenu::ItemProc(void *, int, void *) (SmsListMenu)
               stack 1 = 00000000 ( 00000014 )
    -------------------------------------------------------------------------
CODE
  Segment part 27. NOT NEEDED.
    -------------------------------------------------------------------------
CODE
  Relative segment, address: CODE_AREA 00000BA0 - 00000C0F (0x70 bytes), align: 2
  Segment part 28.
           ENTRY                   ADDRESS         REF BY
           =====                   =======         ======
           AdrList::FindCList(char const *)
                                   00000BA0        PopupNewIn::CreatePopupNewIn(DLG_CSM *, _SDLIST *) (PopupGUI)
                                                   SmsData::ExportAllToText() (SmsData)
               stack 1 = 00000000 ( 00000010 )
    -------------------------------------------------------------------------
CODE
  Segment part 29. NOT NEEDED.Intra module refs:   AdrList::ConstructList()
                                                   AdrList::new AdrList()
    -------------------------------------------------------------------------
CODE
  Segment part 30. NOT NEEDED.Intra module refs:   AdrList::FreeCLIST()
                                                   AdrList::delete ~AdrList(AdrList *)
    -------------------------------------------------------------------------
CODE
  Segment part 31. NOT NEEDED.Intra module refs:   AdrList::ConstructList()
    -------------------------------------------------------------------------
CODE
  Segment part 32. NOT NEEDED.Intra module refs:   AdrList::FindCList(char const *)
                                                   AdrList::FindName(WSHDR *, char const *)
    -------------------------------------------------------------------------
CSTACK
  Segment part 1. NOT NEEDED.
    -------------------------------------------------------------------------
INITTAB
  Relative segment, address: CODE_AREA 0000BEB8 - 0000BEC3 (0xc bytes), align: 2
  Segment part 33. ROOT.
           ENTRY                   ADDRESS         REF BY
           =====                   =======         ======
           ?init?tab?DATA_Z        0000BEB8 
    -------------------------------------------------------------------------
DATA_C
  Segment part 2. NOT NEEDED.
    -------------------------------------------------------------------------
DATA_C
  Relative segment, address: CODE_AREA 0000B234 - 0000B263 (0x30 bytes), align: 2
  Segment part 3.             Intra module refs:   AdrList::ConstructList()
    -------------------------------------------------------------------------
DATA_C
  Relative segment, address: CODE_AREA 0000B264 - 0000B26B (0x8 bytes), align: 2
  Segment part 4.             Intra module refs:   AdrList::FindName(WSHDR *, char const *)

    *************************************************************************

  FILE NAME : D:\pasha\elf\googlecode\MySMSYS\Mss3\Release_ELKA_EN\Obj\CreateMenu.r79
  PROGRAM MODULE, NAME : CreateMenu

  SEGMENTS IN THE MODULE
  ======================
CODE
  Relative segment, address: CODE_AREA 00000C10 - 00000C53 (0x44 bytes), align: 2
  Segment part 2.             Intra module refs:   CreateMenu30or2(MENU_DESC const *, HEADER_DESC const *, int, int, void *)
           ENTRY                   ADDRESS         REF BY
           =====                   =======         ======
           patch_option_header(HEADER_DESC const *)
                                   00000C10 
               stack 1 = 00000000 ( 0000000C )
    -------------------------------------------------------------------------
CODE
  Segment part 3. NOT NEEDED.
    -------------------------------------------------------------------------
CODE
  Relative segment, address: CODE_AREA 00000C54 - 00000CF7 (0xa4 bytes), align: 2
  Segment part 4.
           ENTRY                   ADDRESS         REF BY
           =====                   =======         ======
           CreateMenu(ML_MENU_DESC const *, HEADER_DESC const *, int, int, void *)
                                   00000C54        SmsListMenu::CreateSmsListMenu(int, int, DLG_CSM *) (SmsListMenu)
                                                   SmsListMenu::ReCreateMe(void *) (SmsListMenu)
               stack 1 = 00000000 ( 00000020 )
    -------------------------------------------------------------------------
CODE
  Segment part 5. NOT NEEDED.
    -------------------------------------------------------------------------
CODE
  Relative segment, address: CODE_AREA 00000CF8 - 00000D9B (0xa4 bytes), align: 2
  Segment part 6.
           ENTRY                   ADDRESS         REF BY
           =====                   =======         ======
           CreateMenu(MENU_DESC const *, HEADER_DESC const *, int, int, void *)
                                   00000CF8        OthMenu::CreateOthMenu(DLG_CSM *) (OthersMenu)
                                                   TplMenu::CreateTplMenu(void *) (Template)
               stack 1 = 00000000 ( 00000020 )
    -------------------------------------------------------------------------
CODE
  Segment part 7. NOT NEEDED.
    -------------------------------------------------------------------------
CODE
  Segment part 8. NOT NEEDED.
           ENTRY                   ADDRESS         REF BY
           =====                   =======         ======
           CreateMenu(ML_MENU_DESC const *, HEADER_DESC const *, WSHDR *, int, int, void *)
                                   
               not allocated function
    -------------------------------------------------------------------------
CODE
  Segment part 9. NOT NEEDED.
    -------------------------------------------------------------------------
CODE
  Segment part 10. NOT NEEDED.
           ENTRY                   ADDRESS         REF BY
           =====                   =======         ======
           CreateMenu(MENU_DESC const *, HEADER_DESC const *, WSHDR *, int, int, void *)
                                   
               not allocated function
    -------------------------------------------------------------------------
CODE
  Segment part 11. NOT NEEDED.
    -------------------------------------------------------------------------
CODE
  Segment part 12. NOT NEEDED.
           ENTRY                   ADDRESS         REF BY
           =====                   =======         ======
           CreateMenu30or2(ML_MENU_DESC const *, HEADER_DESC const *, WSHDR *, int, int, void *)
                                   
               not allocated function
    -------------------------------------------------------------------------
CODE
  Segment part 13. NOT NEEDED.
    -------------------------------------------------------------------------
CODE
  Segment part 14. NOT NEEDED.
           ENTRY                   ADDRESS         REF BY
           =====                   =======         ======
           CreateMenu30or2(MENU_DESC const *, HEADER_DESC const *, WSHDR *, int, int, void *)
                                   
               not allocated function
    -------------------------------------------------------------------------
CODE
  Segment part 15. NOT NEEDED.
    -------------------------------------------------------------------------
CODE
  Segment part 16. NOT NEEDED.
           ENTRY                   ADDRESS         REF BY
           =====                   =======         ======
           CreateMenu30or2(ML_MENU_DESC const *, HEADER_DESC const *, int, int, void *)
                                   
               not allocated function
    -------------------------------------------------------------------------
CODE
  Segment part 17. NOT NEEDED.
    -------------------------------------------------------------------------
CODE
  Relative segment, address: CODE_AREA 00000D9C - 00000E1F (0x84 bytes), align: 2
  Segment part 18.
           ENTRY                   ADDRESS         REF BY
           =====                   =======         ======
           CreateMenu30or2(MENU_DESC const *, HEADER_DESC const *, int, int, void *)
                                   00000D9C        EditOptionMenu::CreateEditOptionMenu(DLG_CSM *, _SDLIST *, int, int, int) (EditGUI)
                                                   SmsOptionMenu::CreateSmsOptionMenu(DLG_CSM *, int, int, _SDLIST *) (SmsListMenu)
               stack 1 = 00000000 ( 00000020 )
    -------------------------------------------------------------------------
CODE
  Segment part 19. NOT NEEDED.Intra module refs:   CreateMenu30or2(MENU_DESC const *, HEADER_DESC const *, int, int, void *)
    -------------------------------------------------------------------------
CSTACK
  Segment part 1. NOT NEEDED.

    *************************************************************************

  FILE NAME : D:\pasha\elf\googlecode\MySMSYS\Mss3\Release_ELKA_EN\Obj\DaemonCSM.r79
  PROGRAM MODULE, NAME : DaemonCSM

  SEGMENTS IN THE MODULE
  ======================
CODE
  Segment part 5. NOT NEEDED.
    -------------------------------------------------------------------------
CODE
  Relative segment, address: CODE_AREA 00000E20 - 00000E3B (0x1c bytes), align: 2
  Segment part 6.             Intra module refs:   DaemonCSM::OnClose(CSM_RAM *)
           ENTRY                   ADDRESS         REF BY
           =====                   =======         ======
           DaemonCSM::delete ~DaemonCSM(DaemonCSM *)
                                   00000E20 
               stack 1 = 00000000 ( 00000008 )
    -------------------------------------------------------------------------
CODE
  Segment part 7. NOT NEEDED.
    -------------------------------------------------------------------------
CODE
  Relative segment, address: CODE_AREA 00000E3C - 00000E57 (0x1c bytes), align: 2
  Segment part 8.
           ENTRY                   ADDRESS         REF BY
           =====                   =======         ======
           DaemonCSM::new DaemonCSM()
                                   00000E3C        Mss3App::Start(char *, char *) (Mss3App)
               stack 1 = 00000000 ( 00000004 )
    -------------------------------------------------------------------------
CODE
  Segment part 9. NOT NEEDED.
    -------------------------------------------------------------------------
CODE
  Relative segment, address: CODE_AREA 00000E58 - 00000F2F (0xd8 bytes), align: 2
  Segment part 10.            Intra module refs:   DaemonCSM::new DaemonCSM()
           ENTRY                   ADDRESS         REF BY
           =====                   =======         ======
           DaemonCSM::DaemonCSM()
                                   00000E58 
               stack 1 = 00000000 ( 0000000C )
    -------------------------------------------------------------------------
CODE
  Segment part 11. NOT NEEDED.
    -------------------------------------------------------------------------
CODE
  Relative segment, address: CODE_AREA 00000F30 - 00000F53 (0x24 bytes), align: 2
  Segment part 12.            Intra module refs:   DaemonCSM::delete ~DaemonCSM(DaemonCSM *)
           ENTRY                   ADDRESS         REF BY
           =====                   =======         ======
           DaemonCSM::~DaemonCSM()
                                   00000F30 
               stack 1 = 00000000 ( 00000008 )
    -------------------------------------------------------------------------
CODE
  Segment part 13. NOT NEEDED.
    -------------------------------------------------------------------------
CODE
  Relative segment, address: CODE_AREA 00000F54 - 00000FC7 (0x74 bytes), align: 2
  Segment part 14.
           ENTRY                   ADDRESS         REF BY
           =====                   =======         ======
           DaemonCSM::CreateDaemonCSM()
                                   00000F54        Mss3App::Start(char *, char *) (Mss3App)
               stack 1 = 00000000 ( 0000003C )
    -------------------------------------------------------------------------
CODE
  Segment part 15. NOT NEEDED.
    -------------------------------------------------------------------------
CODE
  Relative segment, address: CODE_AREA 00000FC8 - 00001003 (0x3c bytes), align: 2
  Segment part 16.            Intra module refs:   DaemonCSM::DaemonCSM()
           ENTRY                   ADDRESS         REF BY
           =====                   =======         ======
           DaemonCSM::OnCreate(CSM_RAM *)
                                   00000FC8 
               stack 1 = 00000000 ( 00000004 )
    -------------------------------------------------------------------------
CODE
  Segment part 17. NOT NEEDED.
    -------------------------------------------------------------------------
CODE
  Relative segment, address: CODE_AREA 00001004 - 00001717 (0x714 bytes), align: 2
  Segment part 18.            Intra module refs:   DaemonCSM::DaemonCSM()
           ENTRY                   ADDRESS         REF BY
           =====                   =======         ======
           DaemonCSM::OnMessage(CSM_RAM *, GBS_MSG *)
                                   00001004 
               stack 1 = 00000000 ( 00000034 )
    -------------------------------------------------------------------------
CODE
  Segment part 19. NOT NEEDED.
    -------------------------------------------------------------------------
CODE
  Relative segment, address: CODE_AREA 00001718 - 0000177F (0x68 bytes), align: 2
  Segment part 20.            Intra module refs:   DaemonCSM::DaemonCSM()
           ENTRY                   ADDRESS         REF BY
           =====                   =======         ======
           DaemonCSM::OnClose(CSM_RAM *)
                                   00001718 
               stack 1 = 00000000 ( 00000008 )
    -------------------------------------------------------------------------
CODE
  Relative segment, address: CODE_AREA 00001780 - 00001783 (0x4 bytes), align: 2
  Segment part 21.            Intra module refs:   DaemonCSM::OnClose(CSM_RAM *)
                                                   DaemonCSM::OnCreate(CSM_RAM *)
                                                   DaemonCSM::OnMessage(CSM_RAM *, GBS_MSG *)
    -------------------------------------------------------------------------
CODE
  Relative segment, address: CODE_AREA 00001784 - 00001787 (0x4 bytes), align: 2
  Segment part 22.            Intra module refs:   DaemonCSM::OnClose(CSM_RAM *)
                                                   DaemonCSM::OnCreate(CSM_RAM *)
    -------------------------------------------------------------------------
CODE
  Relative segment, address: CODE_AREA 00001788 - 0000178B (0x4 bytes), align: 2
  Segment part 23.            Intra module refs:   DaemonCSM::OnClose(CSM_RAM *)
                                                   DaemonCSM::OnCreate(CSM_RAM *)
                                                   DaemonCSM::OnMessage(CSM_RAM *, GBS_MSG *)
    -------------------------------------------------------------------------
CODE
  Segment part 24. NOT NEEDED.
    -------------------------------------------------------------------------
CODE
  Relative segment, address: CODE_AREA 0000178C - 000017BB (0x30 bytes), align: 2
  Segment part 25.            Intra module refs:   DaemonCSM::OnMessage(CSM_RAM *, GBS_MSG *)
           ENTRY                   ADDRESS         REF BY
           =====                   =======         ======
           DaemonCSM::AddDlgCsmID(int)
                                   0000178C 
    -------------------------------------------------------------------------
CODE
  Segment part 26. NOT NEEDED.
    -------------------------------------------------------------------------
CODE
  Segment part 27. NOT NEEDED.
           ENTRY                   ADDRESS         REF BY
           =====                   =======         ======
           DaemonCSM::AddDlgCsmID_Forced0(int)
                                   
               not allocated function
    -------------------------------------------------------------------------
CODE
  Segment part 28. NOT NEEDED.
    -------------------------------------------------------------------------
CODE
  Relative segment, address: CODE_AREA 000017BC - 000017F3 (0x38 bytes), align: 2
  Segment part 29.            Intra module refs:   DaemonCSM::OnClose(CSM_RAM *)
           ENTRY                   ADDRESS         REF BY
           =====                   =======         ======
           DaemonCSM::CloseAllDlgCSM()
                                   000017BC 
               stack 1 = 00000000 ( 00000010 )
    -------------------------------------------------------------------------
CODE
  Segment part 30. NOT NEEDED.
    -------------------------------------------------------------------------
CODE
  Relative segment, address: CODE_AREA 000017F4 - 0000181F (0x2c bytes), align: 2
  Segment part 31.            Intra module refs:   DaemonCSM::OnMessage(CSM_RAM *, GBS_MSG *)
           ENTRY                   ADDRESS         REF BY
           =====                   =======         ======
           DaemonCSM::DelDlgCsmID(int)
                                   000017F4 
    -------------------------------------------------------------------------
CODE
  Segment part 32. NOT NEEDED.
    -------------------------------------------------------------------------
CODE
  Relative segment, address: CODE_AREA 00001820 - 00001873 (0x54 bytes), align: 2
  Segment part 33.            Intra module refs:   DaemonCSM::OnMessage(CSM_RAM *, GBS_MSG *)
           ENTRY                   ADDRESS         REF BY
           =====                   =======         ======
           DaemonCSM::IsOnTopMyCSM()
                                   00001820 
               stack 1 = 00000000 ( 00000008 )
    -------------------------------------------------------------------------
CODE
  Segment part 34. NOT NEEDED.
    -------------------------------------------------------------------------
CODE
  Relative segment, address: CODE_AREA 00001874 - 0000187B (0x8 bytes), align: 2
  Segment part 35.            Intra module refs:   DaemonCSM::OnMessage(CSM_RAM *, GBS_MSG *)
           ENTRY                   ADDRESS         REF BY
           =====                   =======         ======
           DaemonCSM::DoNewProc()
                                   00001874 
               stack 1 = 00000000 ( 00000004 )
    -------------------------------------------------------------------------
CODE
  Segment part 36. NOT NEEDED.
    -------------------------------------------------------------------------
CODE
  Relative segment, address: CODE_AREA 0000187C - 00001883 (0x8 bytes), align: 2
  Segment part 37.            Intra module refs:   DaemonCSM::OnMessage(CSM_RAM *, GBS_MSG *)
           ENTRY                   ADDRESS         REF BY
           =====                   =======         ======
           DaemonCSM::UpdateNProc()
                                   0000187C 
               stack 1 = 00000000 ( 00000004 )
    -------------------------------------------------------------------------
CODE
  Segment part 38. NOT NEEDED.
    -------------------------------------------------------------------------
CODE
  Relative segment, address: CODE_AREA 00001884 - 000018C7 (0x44 bytes), align: 2
  Segment part 39.            Intra module refs:   DaemonCSM::DaemonCSM()
           ENTRY                   ADDRESS         REF BY
           =====                   =======         ======
           DaemonCSM::AddIconBar(short *)
                                   00001884 
               stack 1 = 00000000 ( 00000004 )
    -------------------------------------------------------------------------
CODE
  Relative segment, address: CODE_AREA 000018C8 - 000018CB (0x4 bytes), align: 2
  Segment part 40.            Intra module refs:   DaemonCSM::AddIconBar(short *)
                                                   DaemonCSM::OnClose(CSM_RAM *)
                                                   DaemonCSM::OnCreate(CSM_RAM *)
                                                   DaemonCSM::OnMessage(CSM_RAM *, GBS_MSG *)
    -------------------------------------------------------------------------
CODE
  Segment part 41. NOT NEEDED.
    -------------------------------------------------------------------------
CODE
  Relative segment, address: CODE_AREA 000018CC - 000018FB (0x30 bytes), align: 2
  Segment part 42.            Intra module refs:   DaemonCSM::IsOnTopMyCSM()
           ENTRY                   ADDRESS         REF BY
           =====                   =======         ======
           DaemonCSM::GetTopCSM()
                                   000018CC        SendList::Send(SendList *) (SendList)
               stack 1 = 00000000 ( 00000004 )
    -------------------------------------------------------------------------
CODE
  Segment part 43. NOT NEEDED.
    -------------------------------------------------------------------------
CODE
  Relative segment, address: CODE_AREA 000018FC - 0000192F (0x34 bytes), align: 2
  Segment part 44.            Intra module refs:   DaemonCSM::OnMessage(CSM_RAM *, GBS_MSG *)
           ENTRY                   ADDRESS         REF BY
           =====                   =======         ======
           DaemonCSM::StartDialog(int, void *)
                                   000018FC 
               stack 1 = 00000000 ( 0000000C )
    -------------------------------------------------------------------------
CODE
  Segment part 45. NOT NEEDED.Intra module refs:   DaemonCSM::delete ~DaemonCSM(DaemonCSM *)
    -------------------------------------------------------------------------
CODE
  Segment part 46. NOT NEEDED.Intra module refs:   DaemonCSM::new DaemonCSM()
    -------------------------------------------------------------------------
CODE
  Segment part 47. NOT NEEDED.Intra module refs:   DaemonCSM::DaemonCSM()
    -------------------------------------------------------------------------
CODE
  Segment part 48. NOT NEEDED.Intra module refs:   DaemonCSM::DaemonCSM()
    -------------------------------------------------------------------------
CODE
  Segment part 49. NOT NEEDED.Intra module refs:   DaemonCSM::DaemonCSM()
    -------------------------------------------------------------------------
CODE
  Segment part 50. NOT NEEDED.Intra module refs:   DaemonCSM::~DaemonCSM()
    -------------------------------------------------------------------------
CODE
  Segment part 51. NOT NEEDED.Intra module refs:   DaemonCSM::~DaemonCSM()
    -------------------------------------------------------------------------
CODE
  Segment part 52. NOT NEEDED.Intra module refs:   DaemonCSM::~DaemonCSM()
    -------------------------------------------------------------------------
CODE
  Segment part 53. NOT NEEDED.Intra module refs:   DaemonCSM::OnCreate(CSM_RAM *)
    -------------------------------------------------------------------------
CODE
  Segment part 54. NOT NEEDED.Intra module refs:   DaemonCSM::OnCreate(CSM_RAM *)
    -------------------------------------------------------------------------
CODE
  Segment part 55. NOT NEEDED.Intra module refs:   DaemonCSM::OnCreate(CSM_RAM *)
    -------------------------------------------------------------------------
CODE
  Segment part 56. NOT NEEDED.Intra module refs:   DaemonCSM::OnCreate(CSM_RAM *)
    -------------------------------------------------------------------------
CODE
  Segment part 57. NOT NEEDED.Intra module refs:   DaemonCSM::OnCreate(CSM_RAM *)
    -------------------------------------------------------------------------
CODE
  Segment part 58. NOT NEEDED.Intra module refs:   DaemonCSM::OnMessage(CSM_RAM *, GBS_MSG *)
    -------------------------------------------------------------------------
CODE
  Segment part 59. NOT NEEDED.Intra module refs:   DaemonCSM::OnMessage(CSM_RAM *, GBS_MSG *)
    -------------------------------------------------------------------------
CODE
  Segment part 60. NOT NEEDED.Intra module refs:   DaemonCSM::OnMessage(CSM_RAM *, GBS_MSG *)
    -------------------------------------------------------------------------
CODE
  Segment part 61. NOT NEEDED.Intra module refs:   DaemonCSM::OnMessage(CSM_RAM *, GBS_MSG *)
    -------------------------------------------------------------------------
CODE
  Segment part 62. NOT NEEDED.Intra module refs:   DaemonCSM::OnMessage(CSM_RAM *, GBS_MSG *)
    -------------------------------------------------------------------------
CODE
  Segment part 63. NOT NEEDED.Intra module refs:   DaemonCSM::OnMessage(CSM_RAM *, GBS_MSG *)
    -------------------------------------------------------------------------
CODE
  Segment part 64. NOT NEEDED.Intra module refs:   DaemonCSM::OnMessage(CSM_RAM *, GBS_MSG *)
                                                   DaemonCSM::StartDialog(int, void *)
    -------------------------------------------------------------------------
CODE
  Segment part 65. NOT NEEDED.Intra module refs:   DaemonCSM::OnMessage(CSM_RAM *, GBS_MSG *)
    -------------------------------------------------------------------------
CODE
  Segment part 66. NOT NEEDED.Intra module refs:   DaemonCSM::OnMessage(CSM_RAM *, GBS_MSG *)
    -------------------------------------------------------------------------
CODE
  Segment part 67. NOT NEEDED.Intra module refs:   DaemonCSM::OnMessage(CSM_RAM *, GBS_MSG *)
    -------------------------------------------------------------------------
CODE
  Segment part 68. NOT NEEDED.Intra module refs:   DaemonCSM::OnMessage(CSM_RAM *, GBS_MSG *)
    -------------------------------------------------------------------------
CODE
  Segment part 69. NOT NEEDED.Intra module refs:   DaemonCSM::OnMessage(CSM_RAM *, GBS_MSG *)
    -------------------------------------------------------------------------
CODE
  Segment part 70. NOT NEEDED.Intra module refs:   DaemonCSM::OnMessage(CSM_RAM *, GBS_MSG *)
    -------------------------------------------------------------------------
CODE
  Segment part 71. NOT NEEDED.Intra module refs:   DaemonCSM::OnMessage(CSM_RAM *, GBS_MSG *)
    -------------------------------------------------------------------------
CODE
  Segment part 72. NOT NEEDED.Intra module refs:   DaemonCSM::OnMessage(CSM_RAM *, GBS_MSG *)
    -------------------------------------------------------------------------
CODE
  Segment part 73. NOT NEEDED.Intra module refs:   DaemonCSM::OnMessage(CSM_RAM *, GBS_MSG *)
    -------------------------------------------------------------------------
CODE
  Segment part 74. NOT NEEDED.Intra module refs:   DaemonCSM::OnClose(CSM_RAM *)
    -------------------------------------------------------------------------
CODE
  Segment part 75. NOT NEEDED.Intra module refs:   DaemonCSM::OnClose(CSM_RAM *)
    -------------------------------------------------------------------------
CODE
  Segment part 76. NOT NEEDED.Intra module refs:   DaemonCSM::OnClose(CSM_RAM *)
    -------------------------------------------------------------------------
CODE
  Segment part 77. NOT NEEDED.Intra module refs:   DaemonCSM::OnClose(CSM_RAM *)
    -------------------------------------------------------------------------
CODE
  Segment part 78. NOT NEEDED.Intra module refs:   DaemonCSM::OnClose(CSM_RAM *)
    -------------------------------------------------------------------------
CODE
  Segment part 79. NOT NEEDED.Intra module refs:   DaemonCSM::DoNewProc()
                                                   DaemonCSM::UpdateNProc()
    -------------------------------------------------------------------------
CODE
  Segment part 80. NOT NEEDED.Intra module refs:   DaemonCSM::StartDialog(int, void *)
    -------------------------------------------------------------------------
CODE
  Segment part 81. NOT NEEDED.Intra module refs:   DaemonCSM::StartDialog(int, void *)
    -------------------------------------------------------------------------
CSTACK
  Segment part 1. NOT NEEDED.
    -------------------------------------------------------------------------
DATA_C
  Relative segment, address: CODE_AREA 0000B26C - 0000B273 (0x8 bytes), align: 2
  Segment part 2.             Intra module refs:   DaemonCSM::DaemonCSM()
    -------------------------------------------------------------------------
DATA_C
  Segment part 3. NOT NEEDED.
    -------------------------------------------------------------------------
DATA_C
  Relative segment, address: CODE_AREA 0000B274 - 0000B27B (0x8 bytes), align: 2
  Segment part 4.             Intra module refs:   DaemonCSM::CreateDaemonCSM()

    *************************************************************************

  FILE NAME : D:\pasha\elf\googlecode\MySMSYS\Mss3\Release_ELKA_EN\Obj\DialogCSM.r79
  PROGRAM MODULE, NAME : DialogCSM

  SEGMENTS IN THE MODULE
  ======================
CODE
  Segment part 3. NOT NEEDED.
    -------------------------------------------------------------------------
CODE
  Segment part 4. NOT NEEDED.
           ENTRY                   ADDRESS         REF BY
           =====                   =======         ======
           DialogCSM::delete ~DialogCSM(DialogCSM *)
                                   
               not allocated function
    -------------------------------------------------------------------------
CODE
  Segment part 5. NOT NEEDED.
    -------------------------------------------------------------------------
CODE
  Relative segment, address: CODE_AREA 00001930 - 0000194B (0x1c bytes), align: 2
  Segment part 6.
           ENTRY                   ADDRESS         REF BY
           =====                   =======         ======
           DialogCSM::new DialogCSM()
                                   00001930        DaemonCSM::StartDialog(int, void *) (DaemonCSM)
               stack 1 = 00000000 ( 00000004 )
    -------------------------------------------------------------------------
CODE
  Segment part 7. NOT NEEDED.
    -------------------------------------------------------------------------
CODE
  Relative segment, address: CODE_AREA 0000194C - 000019CF (0x84 bytes), align: 2
  Segment part 8.             Intra module refs:   DialogCSM::new DialogCSM()
           ENTRY                   ADDRESS         REF BY
           =====                   =======         ======
           DialogCSM::DialogCSM()
                                   0000194C 
    -------------------------------------------------------------------------
CODE
  Segment part 9. NOT NEEDED.
    -------------------------------------------------------------------------
CODE
  Segment part 10. NOT NEEDED.
           ENTRY                   ADDRESS         REF BY
           =====                   =======         ======
           DialogCSM::~DialogCSM()
                                   
               not allocated function
    -------------------------------------------------------------------------
CODE
  Segment part 11. NOT NEEDED.
    -------------------------------------------------------------------------
CODE
  Relative segment, address: CODE_AREA 000019D0 - 000019FF (0x30 bytes), align: 2
  Segment part 12.            Intra module refs:   DialogCSM::DialogCSM()
           ENTRY                   ADDRESS         REF BY
           =====                   =======         ======
           DialogCSM::OnMessage(CSM_RAM *, GBS_MSG *)
                                   000019D0 
    -------------------------------------------------------------------------
CODE
  Segment part 13. NOT NEEDED.
    -------------------------------------------------------------------------
CODE
  Relative segment, address: CODE_AREA 00001A00 - 00001EBF (0x4c0 bytes), align: 2
  Segment part 14.            Intra module refs:   DialogCSM::DialogCSM()
           ENTRY                   ADDRESS         REF BY
           =====                   =======         ======
           DialogCSM::OnCreate(CSM_RAM *)
                                   00001A00 
               stack 1 = 00000000 ( 00000024 )
    -------------------------------------------------------------------------
CODE
  Segment part 15. NOT NEEDED.
    -------------------------------------------------------------------------
CODE
  Relative segment, address: CODE_AREA 00001EC0 - 00001ED7 (0x18 bytes), align: 2
  Segment part 16.            Intra module refs:   DialogCSM::DialogCSM()
           ENTRY                   ADDRESS         REF BY
           =====                   =======         ======
           DialogCSM::OnClose(CSM_RAM *)
                                   00001EC0 
               stack 1 = 00000000 ( 00000004 )
    -------------------------------------------------------------------------
CODE
  Segment part 17. NOT NEEDED.
    -------------------------------------------------------------------------
CODE
  Relative segment, address: CODE_AREA 00001ED8 - 00001F4F (0x78 bytes), align: 2
  Segment part 18.
           ENTRY                   ADDRESS         REF BY
           =====                   =======         ======
           DialogCSM::CreateDialogCSM(int, void *)
                                   00001ED8        DaemonCSM::StartDialog(int, void *) (DaemonCSM)
               stack 1 = 00000000 ( 00000040 )
    -------------------------------------------------------------------------
CODE
  Relative segment, address: CODE_AREA 00001F50 - 00001F53 (0x4 bytes), align: 2
  Segment part 19.            Intra module refs:   DialogCSM::CreateDialogCSM(int, void *)
                                                   DialogCSM::OnCreate(CSM_RAM *)
    -------------------------------------------------------------------------
CODE
  Segment part 20. NOT NEEDED.
    -------------------------------------------------------------------------
CODE
  Segment part 21. NOT NEEDED.
           ENTRY                   ADDRESS         REF BY
           =====                   =======         ======
           DialogCSM::UpdateNameDlgCSM(DLG_CSM *, int)
                                   
               not allocated function
    -------------------------------------------------------------------------
CODE
  Relative segment, address: CODE_AREA 00001F54 - 00001F57 (0x4 bytes), align: 2
  Segment part 22.            Intra module refs:   DialogCSM::OnCreate(CSM_RAM *)
    -------------------------------------------------------------------------
CODE
  Segment part 23. NOT NEEDED.Intra module refs:   DialogCSM::OnClose(CSM_RAM *)
                                                   DialogCSM::OnCreate(CSM_RAM *)
    -------------------------------------------------------------------------
CODE
  Segment part 24. NOT NEEDED.Intra module refs:   DialogCSM::new DialogCSM()
    -------------------------------------------------------------------------
CODE
  Segment part 25. NOT NEEDED.Intra module refs:   DialogCSM::OnCreate(CSM_RAM *)
    -------------------------------------------------------------------------
CODE
  Segment part 26. NOT NEEDED.Intra module refs:   DialogCSM::OnCreate(CSM_RAM *)
    -------------------------------------------------------------------------
CODE
  Segment part 27. NOT NEEDED.Intra module refs:   DialogCSM::OnCreate(CSM_RAM *)
    -------------------------------------------------------------------------
CODE
  Segment part 28. NOT NEEDED.Intra module refs:   DialogCSM::OnCreate(CSM_RAM *)
    -------------------------------------------------------------------------
CODE
  Segment part 29. NOT NEEDED.Intra module refs:   DialogCSM::OnCreate(CSM_RAM *)
    -------------------------------------------------------------------------
CODE
  Segment part 30. NOT NEEDED.Intra module refs:   DialogCSM::OnCreate(CSM_RAM *)
    -------------------------------------------------------------------------
CODE
  Segment part 31. NOT NEEDED.Intra module refs:   DialogCSM::OnCreate(CSM_RAM *)
    -------------------------------------------------------------------------
CODE
  Segment part 32. NOT NEEDED.Intra module refs:   DialogCSM::OnCreate(CSM_RAM *)
    -------------------------------------------------------------------------
CODE
  Segment part 33. NOT NEEDED.Intra module refs:   DialogCSM::OnCreate(CSM_RAM *)
    -------------------------------------------------------------------------
CODE
  Segment part 34. NOT NEEDED.Intra module refs:   DialogCSM::OnCreate(CSM_RAM *)
    -------------------------------------------------------------------------
CODE
  Segment part 35. NOT NEEDED.Intra module refs:   DialogCSM::OnCreate(CSM_RAM *)
    -------------------------------------------------------------------------
CODE
  Segment part 36. NOT NEEDED.Intra module refs:   DialogCSM::OnCreate(CSM_RAM *)
    -------------------------------------------------------------------------
CODE
  Segment part 37. NOT NEEDED.Intra module refs:   DialogCSM::OnCreate(CSM_RAM *)
    -------------------------------------------------------------------------
CODE
  Segment part 38. NOT NEEDED.Intra module refs:   DialogCSM::OnCreate(CSM_RAM *)
    -------------------------------------------------------------------------
CODE
  Segment part 39. NOT NEEDED.Intra module refs:   DialogCSM::OnCreate(CSM_RAM *)
    -------------------------------------------------------------------------
CSTACK
  Segment part 1. NOT NEEDED.
    -------------------------------------------------------------------------
DATA_C
  Relative segment, address: CODE_AREA 0000B27C - 0000B283 (0x8 bytes), align: 2
  Segment part 2.             Intra module refs:   DialogCSM::OnCreate(CSM_RAM *)

    *************************************************************************

  FILE NAME : D:\pasha\elf\googlecode\MySMSYS\Mss3\Release_ELKA_EN\Obj\EditGUI.r79
  PROGRAM MODULE, NAME : EditGUI

  SEGMENTS IN THE MODULE
  ======================
DATA_C
  Segment part 2. NOT NEEDED.
    -------------------------------------------------------------------------
DATA_C
  Relative segment, address: CODE_AREA 0000B284 - 0000B28F (0xc bytes), align: 2
  Segment part 3.             Intra module refs:   EditGUI::GHook(void *, int)
    -------------------------------------------------------------------------
DATA_C
  Relative segment, address: CODE_AREA 0000B290 - 0000B2A7 (0x18 bytes), align: 2
  Segment part 4.             Intra module refs:   Segment part 5
    -------------------------------------------------------------------------
DATA_C
  Relative segment, address: CODE_AREA 0000B2A8 - 0000B2AF (0x8 bytes), align: 2
  Segment part 5.             Intra module refs:   EditGUI::EditGUI()
    -------------------------------------------------------------------------
DATA_I
  Relative segment, address: DATA_AREA 00000000 - 00000013 (0x14 bytes), align: 2
  Segment part 6.             Intra module refs:   Segment part 61
           ENTRY                   ADDRESS         REF BY
           =====                   =======         ======
           editgui_hdr             00000000 
    -------------------------------------------------------------------------
CODE
  Segment part 14. NOT NEEDED.
    -------------------------------------------------------------------------
CODE
  Relative segment, address: CODE_AREA 00001F58 - 00001F73 (0x1c bytes), align: 2
  Segment part 15.            Intra module refs:   EditGUI::OnKey(void *, GUI_MSG *)
           ENTRY                   ADDRESS         REF BY
           =====                   =======         ======
           EditOptionMenu::new EditOptionMenu()
                                   00001F58 
               stack 1 = 00000000 ( 00000004 )
    -------------------------------------------------------------------------
CODE
  Segment part 16. NOT NEEDED.
    -------------------------------------------------------------------------
CODE
  Relative segment, address: CODE_AREA 00001F74 - 00001F8F (0x1c bytes), align: 2
  Segment part 17.            Intra module refs:   EditGUI::OnKey(void *, GUI_MSG *)
                                                   EditOptionMenu::OnKey(void *, GUI_MSG *)
           ENTRY                   ADDRESS         REF BY
           =====                   =======         ======
           EditGUI::new EditGUI()
                                   00001F74        DialogCSM::OnCreate(CSM_RAM *) (DialogCSM)
                                                   MainMenu::OnKey(void *, GUI_MSG *) (MainMenu)
                                                   PopupNewIn::OnKey(void *, GUI_MSG *) (PopupGUI)
                                                   SmsListMenu::OnKey(void *, GUI_MSG *) (SmsListMenu)
                                                   SmsOptionMenu::OnKey(void *, GUI_MSG *) (SmsListMenu)
               stack 1 = 00000000 ( 00000004 )
    -------------------------------------------------------------------------
CODE
  Segment part 18. NOT NEEDED.
    -------------------------------------------------------------------------
CODE
  Relative segment, address: CODE_AREA 00001F90 - 00001FAB (0x1c bytes), align: 2
  Segment part 19.            Intra module refs:   EditGUI::CreateEditGUI(DLG_CSM *, _SDLIST *, int, int, int)
                                                   EditGUI::CreateEditGUI(DLG_CSM *, char const *)
                                                   EditGUI::GHook(void *, int)
           ENTRY                   ADDRESS         REF BY
           =====                   =======         ======
           EditGUI::delete ~EditGUI(EditGUI *)
                                   00001F90 
               stack 1 = 00000000 ( 00000008 )
    -------------------------------------------------------------------------
CODE
  Segment part 20. NOT NEEDED.
    -------------------------------------------------------------------------
CODE
  Segment part 21. NOT NEEDED.
           ENTRY                   ADDRESS         REF BY
           =====                   =======         ======
           EditOptionMenu::delete ~EditOptionMenu(EditOptionMenu *)
                                   
               not allocated function
    -------------------------------------------------------------------------
CODE
  Segment part 22. NOT NEEDED.
    -------------------------------------------------------------------------
CODE
  Relative segment, address: CODE_AREA 00001FAC - 0000204F (0xa4 bytes), align: 2
  Segment part 23.            Intra module refs:   EditGUI::new EditGUI()
           ENTRY                   ADDRESS         REF BY
           =====                   =======         ======
           EditGUI::EditGUI()      00001FAC 
               stack 1 = 00000000 ( 00000008 )
    -------------------------------------------------------------------------
CODE
  Segment part 24. NOT NEEDED.
    -------------------------------------------------------------------------
CODE
  Relative segment, address: CODE_AREA 00002050 - 0000206B (0x1c bytes), align: 2
  Segment part 25.            Intra module refs:   EditGUI::delete ~EditGUI(EditGUI *)
           ENTRY                   ADDRESS         REF BY
           =====                   =======         ======
           EditGUI::~EditGUI()     00002050 
               stack 1 = 00000000 ( 00000008 )
    -------------------------------------------------------------------------
CODE
  Segment part 26. NOT NEEDED.
    -------------------------------------------------------------------------
CODE
  Relative segment, address: CODE_AREA 0000206C - 000021FF (0x194 bytes), align: 2
  Segment part 27.            Intra module refs:   EditGUI::OnKey(void *, GUI_MSG *)
           ENTRY                   ADDRESS         REF BY
           =====                   =======         ======
           EditGUI::EdOpUserItem(USR_MENU_ITEM *)
                                   0000206C 
               stack 1 = 00000000 ( 00000040 )
    -------------------------------------------------------------------------
CODE
  Segment part 28. NOT NEEDED.
    -------------------------------------------------------------------------
CODE
  Relative segment, address: CODE_AREA 00002200 - 0000257F (0x380 bytes), align: 2
  Segment part 29.            Intra module refs:   EditGUI::EditGUI()
           ENTRY                   ADDRESS         REF BY
           =====                   =======         ======
           EditGUI::OnKey(void *, GUI_MSG *)
                                   00002200 
               stack 1 = 00000000 ( 00000044 )
    -------------------------------------------------------------------------
CODE
  Segment part 30. NOT NEEDED.
    -------------------------------------------------------------------------
DATA_I
  Relative segment, address: DATA_AREA 00000014 - 0000003B (0x28 bytes), align: 2
  Segment part 8.             Intra module refs:   EditGUI::GHook(void *, int)
           ENTRY                   ADDRESS         REF BY
           =====                   =======         ======
           SK_ADRBK                0000001C        LangPack::InitLgp() (LangPack)
           SK_CANCEL               00000024        LangPack::InitLgp() (LangPack)
           SK_INSNM                00000034        LangPack::InitLgp() (LangPack)
           SK_OPTIONS              00000014        LangPack::InitLgp() (LangPack)
           SK_OP_PIC               0000002C 
    -------------------------------------------------------------------------
CODE
  Relative segment, address: CODE_AREA 00002580 - 00002667 (0xe8 bytes), align: 2
  Segment part 31.            Intra module refs:   EditGUI::GHook(void *, int)
           ENTRY                   ADDRESS         REF BY
           =====                   =======         ======
           EditGUI::DoSmsWorkBG(void *, int)
                                   00002580 
               stack 1 = 00000000 ( 00000018 )
    -------------------------------------------------------------------------
CODE
  Segment part 32. NOT NEEDED.
    -------------------------------------------------------------------------
CODE
  Relative segment, address: CODE_AREA 00002668 - 00002AFB (0x494 bytes), align: 2
  Segment part 33.            Intra module refs:   EditGUI::EditGUI()
           ENTRY                   ADDRESS         REF BY
           =====                   =======         ======
           EditGUI::GHook(void *, int)
                                   00002668 
               stack 1 = 00000000 ( 00000054 )
    -------------------------------------------------------------------------
CODE
  Relative segment, address: CODE_AREA 00002AFC - 00002AFF (0x4 bytes), align: 2
  Segment part 34.            Intra module refs:   EditGUI::EdOpUserItem(USR_MENU_ITEM *)
                                                   EditGUI::GHook(void *, int)
    -------------------------------------------------------------------------
CODE
  Relative segment, address: CODE_AREA 00002B00 - 00002B03 (0x4 bytes), align: 2
  Segment part 35.            Intra module refs:   EditGUI::EdOpUserItem(USR_MENU_ITEM *)
                                                   EditGUI::GHook(void *, int)
    -------------------------------------------------------------------------
CODE
  Segment part 36. NOT NEEDED.
    -------------------------------------------------------------------------
CODE
  Relative segment, address: CODE_AREA 00002B04 - 00002B07 (0x4 bytes), align: 2
  Segment part 37.            Intra module refs:   EditGUI::EditGUI()
           ENTRY                   ADDRESS         REF BY
           =====                   =======         ======
           EditGUI::Locret()       00002B04 
    -------------------------------------------------------------------------
CODE
  Segment part 38. NOT NEEDED.
    -------------------------------------------------------------------------
CODE
  Relative segment, address: CODE_AREA 00002B08 - 00002E5B (0x354 bytes), align: 2
  Segment part 39.            Intra module refs:   EditGUI::OnKey(void *, GUI_MSG *)
                                                   EditOptionMenu::OnKey(void *, GUI_MSG *)
           ENTRY                   ADDRESS         REF BY
           =====                   =======         ======
           EditGUI::CreateEditGUI(DLG_CSM *, _SDLIST *, int, int, int)
                                   00002B08        DialogCSM::OnCreate(CSM_RAM *) (DialogCSM)
                                                   MainMenu::OnKey(void *, GUI_MSG *) (MainMenu)
                                                   PopupNewIn::OnKey(void *, GUI_MSG *) (PopupGUI)
                                                   SmsListMenu::OnKey(void *, GUI_MSG *) (SmsListMenu)
                                                   SmsOptionMenu::OnKey(void *, GUI_MSG *) (SmsListMenu)
               stack 1 = 00000000 ( 00001078 )
    -------------------------------------------------------------------------
CODE
  Segment part 40. NOT NEEDED.
    -------------------------------------------------------------------------
DATA_C
  Relative segment, address: CODE_AREA 0000B2B0 - 0000B2C3 (0x14 bytes), align: 2
  Segment part 10.            Intra module refs:   EditOptionMenu::CreateEditOptionMenu(DLG_CSM *, _SDLIST *, int, int, int)
    -------------------------------------------------------------------------
CODE
  Relative segment, address: CODE_AREA 00002E5C - 00002EBF (0x64 bytes), align: 2
  Segment part 41.            Intra module refs:   EditOptionMenu::new EditOptionMenu()
           ENTRY                   ADDRESS         REF BY
           =====                   =======         ======
           EditOptionMenu::EditOptionMenu()
                                   00002E5C 
    -------------------------------------------------------------------------
CODE
  Segment part 42. NOT NEEDED.
    -------------------------------------------------------------------------
CODE
  Segment part 43. NOT NEEDED.
           ENTRY                   ADDRESS         REF BY
           =====                   =======         ======
           EditOptionMenu::~EditOptionMenu()
                                   
               not allocated function
    -------------------------------------------------------------------------
CODE
  Segment part 44. NOT NEEDED.
    -------------------------------------------------------------------------
CODE
  Relative segment, address: CODE_AREA 00002EC0 - 0000305B (0x19c bytes), align: 2
  Segment part 45.            Intra module refs:   EditOptionMenu::EditOptionMenu()
           ENTRY                   ADDRESS         REF BY
           =====                   =======         ======
           EditOptionMenu::OnKey(void *, GUI_MSG *)
                                   00002EC0 
               stack 1 = 00000000 ( 00000018 )
    -------------------------------------------------------------------------
CODE
  Relative segment, address: CODE_AREA 0000305C - 0000305F (0x4 bytes), align: 2
  Segment part 46.            Intra module refs:   EditGUI::DoSmsWorkBG(void *, int)
                                                   EditGUI::GHook(void *, int)
                                                   EditGUI::OnKey(void *, GUI_MSG *)
                                                   EditOptionMenu::OnKey(void *, GUI_MSG *)
    -------------------------------------------------------------------------
CODE
  Segment part 47. NOT NEEDED.
    -------------------------------------------------------------------------
CODE
  Relative segment, address: CODE_AREA 00003060 - 000030EF (0x90 bytes), align: 2
  Segment part 48.            Intra module refs:   EditOptionMenu::EditOptionMenu()
           ENTRY                   ADDRESS         REF BY
           =====                   =======         ======
           EditOptionMenu::GHook(void *, int)
                                   00003060 
               stack 1 = 00000000 ( 00000014 )
    -------------------------------------------------------------------------
CODE
  Relative segment, address: CODE_AREA 000030F0 - 000030F3 (0x4 bytes), align: 2
  Segment part 49.            Intra module refs:   EditOptionMenu::GHook(void *, int)
    -------------------------------------------------------------------------
CODE
  Segment part 50. NOT NEEDED.
    -------------------------------------------------------------------------
DATA_I
  Relative segment, address: DATA_AREA 0000003C - 00000057 (0x1c bytes), align: 2
  Segment part 11.            Intra module refs:   EditOptionMenu::ItemProc(void *, int, void *)
           ENTRY                   ADDRESS         REF BY
           =====                   =======         ======
           EDO_ITEM_LGPS           0000003C        LangPack::InitLgp() (LangPack)
    -------------------------------------------------------------------------
DATA_C
  Relative segment, address: CODE_AREA 0000B2C4 - 0000B2CB (0x8 bytes), align: 2
  Segment part 13.            Intra module refs:   EditOptionMenu::ItemProc(void *, int, void *)
    -------------------------------------------------------------------------
CODE
  Relative segment, address: CODE_AREA 000030F4 - 0000316B (0x78 bytes), align: 2
  Segment part 51.            Intra module refs:   EditOptionMenu::EditOptionMenu()
           ENTRY                   ADDRESS         REF BY
           =====                   =======         ======
           EditOptionMenu::ItemProc(void *, int, void *)
                                   000030F4 
               stack 1 = 00000000 ( 00000014 )
    -------------------------------------------------------------------------
CODE
  Segment part 52. NOT NEEDED.
    -------------------------------------------------------------------------
CODE
  Relative segment, address: CODE_AREA 0000316C - 000031AB (0x40 bytes), align: 2
  Segment part 53.            Intra module refs:   EditGUI::OnKey(void *, GUI_MSG *)
           ENTRY                   ADDRESS         REF BY
           =====                   =======         ======
           EditOptionMenu::CreateEditOptionMenu(DLG_CSM *, _SDLIST *, int, int, int)
                                   0000316C 
               stack 1 = 00000000 ( 0000000C )
    -------------------------------------------------------------------------
CODE
  Segment part 54. NOT NEEDED.
    -------------------------------------------------------------------------
CODE
  Segment part 55. NOT NEEDED.
           ENTRY                   ADDRESS         REF BY
           =====                   =======         ======
           EditGUI::UpdateCSMName(DLG_CSM *, int)
                                   
               not allocated function
    -------------------------------------------------------------------------
CODE
  Relative segment, address: CODE_AREA 000031AC - 000031AF (0x4 bytes), align: 2
  Segment part 56.            Intra module refs:   EditOptionMenu::GHook(void *, int)
                                                   EditOptionMenu::ItemProc(void *, int, void *)
    -------------------------------------------------------------------------
CODE
  Segment part 57. NOT NEEDED.
    -------------------------------------------------------------------------
CODE
  Relative segment, address: CODE_AREA 000031B0 - 00003407 (0x258 bytes), align: 2
  Segment part 58.
           ENTRY                   ADDRESS         REF BY
           =====                   =======         ======
           EditGUI::CreateEditGUI(DLG_CSM *, char const *)
                                   000031B0        DialogCSM::OnCreate(CSM_RAM *) (DialogCSM)
               stack 1 = 00000000 ( 0000107C )
[...]
                             CSTACK
    | Stack used (prev) :  000054FC
  01  SmsData::FilterFindNext(_SDLIST *, char const *)
      | Stack used (prev) :  000054FC
      | + function block  :  0000000C
  <-Sub-tree of type: Function tree
    | Stack used          :  00005508


  ->Sub-tree of type: Function tree
                             CSTACK
    | Stack used (prev) :  00005508
  01  SmsData::FilterFindPrev(_SDLIST *)
      | Stack used (prev) :  00005508
      | + function block  :  000000A4
  <-Sub-tree of type: Function tree
    | Stack used          :  000055AC


  ->Sub-tree of type: Function tree
                             CSTACK
    | Stack used (prev) :  000055AC
  01  SmsData::FilterFindPrev(_SDLIST *, char const *)
      | Stack used (prev) :  000055AC
      | + function block  :  0000000C
  <-Sub-tree of type: Function tree
    | Stack used          :  000055B8


  ->Sub-tree of type: Function tree
                             CSTACK
    | Stack used (prev) :  000055B8
  01  SmsData::MoveToArchive(_SDLIST *)
      | Stack used (prev) :  000055B8
      | + function block  :  00000120
  <-Sub-tree of type: Function tree
    | Stack used          :  000056D8


  ->Sub-tree of type: Function tree
                             CSTACK
    | Stack used (prev) :  000056D8
  01  SmsData::GetFilePathSDL(_SDLIST *, char *, char *, int)
      | Stack used (prev) :  000056D8
      | + function block  :  000001A4
  <-Sub-tree of type: Function tree
    | Stack used          :  0000587C


  ->Sub-tree of type: Function tree
                             CSTACK
    | Stack used (prev) :  0000587C
  01  SmsData::MoveAllToArchive()
      | Stack used (prev) :  0000587C
      | + function block  :  00000010
  <-Sub-tree of type: Function tree
    | Stack used          :  0000588C


  ->Sub-tree of type: Function tree
                             CSTACK
    | Stack used (prev) :  0000588C
  01  SmsData::FindLastNew()
      | Stack used (prev) :  0000588C
      | + function block  :  00000000
  <-Sub-tree of type: Function tree
    | Stack used          :  0000588C


  ->Sub-tree of type: Function tree
                             CSTACK
    | Stack used (prev) :  0000588C
  01  SmsData::ExportAllToText()
      | Stack used (prev) :  0000588C
      | + function block  :  00000288
  <-Sub-tree of type: Function tree
    | Stack used          :  00005B14


  ->Sub-tree of type: Function tree
                             CSTACK
    | Stack used (prev) :  00005B14
  01  SmsData::DeleteAllMss()
      | Stack used (prev) :  00005B14
      | + function block  :  00000014
  <-Sub-tree of type: Function tree
    | Stack used          :  00005B28


  ->Sub-tree of type: Function tree
                             CSTACK
    | Stack used (prev) :  00005B28
  01  SmsOptionMenu::new SmsOptionMenu()
      | Stack used (prev) :  00005B28
      | + function block  :  00000004
  <-Sub-tree of type: Function tree
    | Stack used          :  00005B2C


  ->Sub-tree of type: Function tree
                             CSTACK
    | Stack used (prev) :  00005B2C
  01  SmsListMenu::new SmsListMenu()
      | Stack used (prev) :  00005B2C
      | + function block  :  00000004
  <-Sub-tree of type: Function tree
    | Stack used          :  00005B30


  ->Sub-tree of type: Function tree
                             CSTACK
    | Stack used (prev) :  00005B30
  01  SmsListMenu::SmsListMenu()
      | Stack used (prev) :  00005B30
      | + function block  :  00000000
  <-Sub-tree of type: Function tree
    | Stack used          :  00005B30


  ->Sub-tree of type: Function tree
                             CSTACK
    | Stack used (prev) :  00005B30
  01  SmsListMenu::CreateSmsListMenu(int, int, DLG_CSM *)
      | Stack used (prev) :  00005B30
      | + function block  :  0000000C
  <-Sub-tree of type: Function tree
    | Stack used          :  00005B3C


  ->Sub-tree of type: Function tree
                             CSTACK
    | Stack used (prev) :  00005B3C
  01  SmsListMenu::GetSmsListMenuGUI(int, int, DLG_CSM *, int)
      | Stack used (prev) :  00005B3C
      | + function block  :  0000001C
  <-Sub-tree of type: Function tree
    | Stack used          :  00005B58


  ->Sub-tree of type: Function tree
                             CSTACK
    | Stack used (prev) :  00005B58
  01  SmsOptionMenu::SmsOptionMenu()
      | Stack used (prev) :  00005B58
      | + function block  :  00000000
  <-Sub-tree of type: Function tree
    | Stack used          :  00005B58


  ->Sub-tree of type: Function tree
                             CSTACK
    | Stack used (prev) :  00005B58
  01  SmsOptionMenu::CreateSmsOptionMenu(DLG_CSM *, int, int, _SDLIST *)
      | Stack used (prev) :  00005B58
      | + function block  :  00000008
  <-Sub-tree of type: Function tree
    | Stack used          :  00005B60


  ->Sub-tree of type: Function tree
                             CSTACK
    | Stack used (prev) :  00005B60
  01  SmsListMenu::ReCreateMe(void *)
      | Stack used (prev) :  00005B60
      | + function block  :  0000001C
  <-Sub-tree of type: Function tree
    | Stack used          :  00005B7C


  ->Sub-tree of type: Function tree
                             CSTACK
    | Stack used (prev) :  00005B7C
  01  TViewGUI::new TViewGUI()
      | Stack used (prev) :  00005B7C
      | + function block  :  00000004
  <-Sub-tree of type: Function tree
    | Stack used          :  00005B80


  ->Sub-tree of type: Function tree
                             CSTACK
    | Stack used (prev) :  00005B80
  01  TViewGUI::CreateTViewGUI(WSHDR *, WSHDR *)
      | Stack used (prev) :  00005B80
      | + function block  :  00000020
  <-Sub-tree of type: Function tree
    | Stack used          :  00005BA0


  ->Sub-tree of type: Function tree
                             CSTACK
    | Stack used (prev) :  00005BA0
  01  TabGUI::TabGUI()
      | Stack used (prev) :  00005BA0
      | + function block  :  00000008
  <-Sub-tree of type: Function tree
    | Stack used          :  00005BA8


  ->Sub-tree of type: Function tree
                             CSTACK
    | Stack used (prev) :  00005BA8
  01  TabGUI::~TabGUI()
      | Stack used (prev) :  00005BA8
      | + function block  :  00000000
  <-Sub-tree of type: Function tree
    | Stack used          :  00005BA8


  ->Sub-tree of type: Function tree
                             CSTACK
    | Stack used (prev) :  00005BA8
  01  TabGUI::CreateTabGUI(DLG_CSM *)
      | Stack used (prev) :  00005BA8
      | + function block  :  0000001C
  <-Sub-tree of type: Function tree
    | Stack used          :  00005BC4


  ->Sub-tree of type: Function tree
                             CSTACK
    | Stack used (prev) :  00005BC4
  01  TabGUI::ReCreateTabGUI(DLG_CSM *)
      | Stack used (prev) :  00005BC4
      | + function block  :  00000028
  <-Sub-tree of type: Function tree
    | Stack used          :  00005BEC


  ->Sub-tree of type: Function tree
                             CSTACK
    | Stack used (prev) :  00005BEC
  01  TplMenu::delete ~TplMenu(TplMenu *)
      | Stack used (prev) :  00005BEC
      | + function block  :  00000008
  <-Sub-tree of type: Function tree
    | Stack used          :  00005BF4


  ->Sub-tree of type: Function tree
                             CSTACK
    | Stack used (prev) :  00005BF4
  01  TplMenu::new TplMenu()
      | Stack used (prev) :  00005BF4
      | + function block  :  00000004
  <-Sub-tree of type: Function tree
    | Stack used          :  00005BF8


  ->Sub-tree of type: Function tree
                             CSTACK
    | Stack used (prev) :  00005BF8
  01  TplMenu::TplMenu()
      | Stack used (prev) :  00005BF8
      | + function block  :  00000000
  <-Sub-tree of type: Function tree
    | Stack used          :  00005BF8


  ->Sub-tree of type: Function tree
                             CSTACK
    | Stack used (prev) :  00005BF8
  01  TplMenu::AllocTPList()
      | Stack used (prev) :  00005BF8
      | + function block  :  00000008
  <-Sub-tree of type: Function tree
    | Stack used          :  00005C00


  ->Sub-tree of type: Function tree
                             CSTACK
    | Stack used (prev) :  00005C00
  01  TplMenu::AddToTPList(_TPLIST *)
      | Stack used (prev) :  00005C00
      | + function block  :  0000000C
  <-Sub-tree of type: Function tree
    | Stack used          :  00005C0C


  ->Sub-tree of type: Function tree
                             CSTACK
    | Stack used (prev) :  00005C0C
  01  TplMenu::FreeTPList()
      | Stack used (prev) :  00005C0C
      | + function block  :  0000000C
  <-Sub-tree of type: Function tree
    | Stack used          :  00005C18


  ->Sub-tree of type: Function tree
                             CSTACK
    | Stack used (prev) :  00005C18
  01  TplMenu::ReadTpl()
      | Stack used (prev) :  00005C18
      | + function block  :  000024F4
  <-Sub-tree of type: Function tree
    | Stack used          :  0000810C


  ->Sub-tree of type: Function tree
                             CSTACK
    | Stack used (prev) :  0000810C
  01  TplMenu::GetTpl(int)
      | Stack used (prev) :  0000810C
      | + function block  :  00000000
  <-Sub-tree of type: Function tree
    | Stack used          :  0000810C


  ->Sub-tree of type: Function tree
                             CSTACK
    | Stack used (prev) :  0000810C
  01  TplMenu::CreateTplMenu(void *)
      | Stack used (prev) :  0000810C
      | + function block  :  0000000C
  <-Sub-tree of type: Function tree
    | Stack used          :  00008118


  ->Sub-tree of type: Function tree
                             CSTACK
    | Stack used (prev) :  00008118
  01  Vibra::new Vibra()
      | Stack used (prev) :  00008118
      | + function block  :  00000004
  <-Sub-tree of type: Function tree
    | Stack used          :  0000811C


  ->Sub-tree of type: Function tree
                             CSTACK
    | Stack used (prev) :  0000811C
  01  Vibra::delete ~Vibra(Vibra *)
      | Stack used (prev) :  0000811C
      | + function block  :  00000008
  <-Sub-tree of type: Function tree
    | Stack used          :  00008124


  ->Sub-tree of type: Function tree
                             CSTACK
    | Stack used (prev) :  00008124
  01  Vibra::Vibra()
      | Stack used (prev) :  00008124
      | + function block  :  00000008
  <-Sub-tree of type: Function tree
    | Stack used          :  0000812C


  ->Sub-tree of type: Function tree
                             CSTACK
    | Stack used (prev) :  0000812C
  01  Vibra::InitThythm()
      | Stack used (prev) :  0000812C
      | + function block  :  00000014
  <-Sub-tree of type: Function tree
    | Stack used          :  00008140


  ->Sub-tree of type: Function tree
                             CSTACK
    | Stack used (prev) :  00008140
  01  Vibra::ReInitThythm()
      | Stack used (prev) :  00008140
      | + function block  :  00000008
  <-Sub-tree of type: Function tree
    | Stack used          :  00008148


  ->Sub-tree of type: Function tree
                             CSTACK
    | Stack used (prev) :  00008148
  01  Vibra::VibraStart()
      | Stack used (prev) :  00008148
      | + function block  :  00000008
  <-Sub-tree of type: Function tree
    | Stack used          :  00008150


  ->Sub-tree of type: Function tree
                             CSTACK
    | Stack used (prev) :  00008150
  01  Vibra::VibraNext()
      | Stack used (prev) :  00008150
      | + function block  :  00000008
  <-Sub-tree of type: Function tree
    | Stack used          :  00008158


  ->Sub-tree of type: Function tree
                             CSTACK
    | Stack used (prev) :  00008158
  01  Vibra::VibraStop()
      | Stack used (prev) :  00008158
      | + function block  :  00000004
  <-Sub-tree of type: Function tree
    | Stack used          :  0000815C


  ->Sub-tree of type: Function tree
                             CSTACK
    | Stack used (prev) :  0000815C
  01  operator new(unsigned int)
      | Stack used (prev) :  0000815C
      | + function block  :  00000004
  <-Sub-tree of type: Function tree
    | Stack used          :  00008160


  ->Sub-tree of type: Function tree
                             CSTACK
    | Stack used (prev) :  00008160
  01  operator new[](unsigned int)
      | Stack used (prev) :  00008160
      | + function block  :  00000004
  <-Sub-tree of type: Function tree
    | Stack used          :  00008164


  ->Sub-tree of type: Function tree
                             CSTACK
    | Stack used (prev) :  00008164
  01  operator delete(void *)
      | Stack used (prev) :  00008164
      | + function block  :  00000004
  <-Sub-tree of type: Function tree
    | Stack used          :  00008168


  ->Sub-tree of type: Function tree
                             CSTACK
    | Stack used (prev) :  00008168
  01  LoadConfigData
      | Stack used (prev) :  00008168
      | + function block  :  00000024
  <-Sub-tree of type: Function tree
    | Stack used          :  0000818C


  ->Sub-tree of type: Function tree
                             CSTACK
    | Stack used (prev) :  0000818C
  01  InitConfig
      | Stack used (prev) :  0000818C
      | + function block  :  00000008
  <-Sub-tree of type: Function tree
    | Stack used          :  00008194


  ->Sub-tree of type: Function tree
                             CSTACK
    | Stack used (prev) :  00008194
  01  main
      | Stack used (prev) :  00008194
      | + function block  :  00000004
  <-Sub-tree of type: Function tree
    | Stack used          :  00008198


  ->Sub-tree of type: Function tree
                             CSTACK
    | Stack used (prev) :  00008198
  01  char16to8(int)
      | Stack used (prev) :  00008198
      | + function block  :  00000000
  <-Sub-tree of type: Function tree
    | Stack used          :  00008198


  ->Sub-tree of type: Function tree
                             CSTACK
    | Stack used (prev) :  00008198
  01  char8to16(int)
      | Stack used (prev) :  00008198
      | + function block  :  00000000
  <-Sub-tree of type: Function tree
    | Stack used          :  00008198


  ->Sub-tree of type: Function tree
                             CSTACK
    | Stack used (prev) :  00008198
  01  ascii_2ws(WSHDR *, char const *, int)
      | Stack used (prev) :  00008198
      | + function block  :  0000000C
  <-Sub-tree of type: Function tree
    | Stack used          :  000081A4


  ->Sub-tree of type: Function tree
                             CSTACK
    | Stack used (prev) :  000081A4
  01  wstrcmp_nocase(WSHDR *, WSHDR *)
      | Stack used (prev) :  000081A4
      | + function block  :  00000020
  <-Sub-tree of type: Function tree
    | Stack used          :  000081C4


  ->Sub-tree of type: Function tree
                             CSTACK
    | Stack used (prev) :  000081C4
  01  wstrncmp_nocase(WSHDR *, WSHDR *, int)
      | Stack used (prev) :  000081C4
      | + function block  :  00000024
  <-Sub-tree of type: Function tree
    | Stack used          :  000081E8


  ->Sub-tree of type: Function tree
                             CSTACK
    | Stack used (prev) :  000081E8
  01  num_2ws(WSHDR *, char const *, int)
      | Stack used (prev) :  000081E8
      | + function block  :  0000001C
  <-Sub-tree of type: Function tree
    | Stack used          :  00008204


  ->Sub-tree of type: Function tree
                             CSTACK
    | Stack used (prev) :  00008204
  01  ws_2num(WSHDR *, char *, int)
      | Stack used (prev) :  00008204
      | + function block  :  00000004
  <-Sub-tree of type: Function tree
    | Stack used          :  00008208


  ->Sub-tree of type: Function tree
                             CSTACK
    | Stack used (prev) :  00008208
  01  str2int(char const *)
      | Stack used (prev) :  00008208
      | + function block  :  00000000
  <-Sub-tree of type: Function tree
    | Stack used          :  00008208


  ->Sub-tree of type: Function tree
                             CSTACK
    | Stack used (prev) :  00008208
  01  IsWsSmall(WSHDR *)
      | Stack used (prev) :  00008208
      | + function block  :  00000000
  <-Sub-tree of type: Function tree
    | Stack used          :  00008208


  ->Sub-tree of type: Function tree
                             CSTACK
    | Stack used (prev) :  00008208
  01  IsNum(WSHDR *)
      | Stack used (prev) :  00008208
      | + function block  :  00000000
  <-Sub-tree of type: Function tree
    | Stack used          :  00008208


  ->Sub-tree of type: Function tree
                             CSTACK
    | Stack used (prev) :  00008208
  01  w_charcmp_nocase(unsigned short *, unsigned short *, int)
      | Stack used (prev) :  00008208
      | + function block  :  0000001C
  <-Sub-tree of type: Function tree
    | Stack used          :  00008224


  ->Sub-tree of type: Function tree
                             CSTACK
    | Stack used (prev) :  00008224
  01  wstrstr(WSHDR *, WSHDR *)
      | Stack used (prev) :  00008224
      | + function block  :  0000001C
  <-Sub-tree of type: Function tree
    | Stack used          :  00008240


  ->Sub-tree of type: Function tree
                             CSTACK
    | Stack used (prev) :  00008240
  01  NumberMatch(char const *, char const *)
      | Stack used (prev) :  00008240
      | + function block  :  00000014
  <-Sub-tree of type: Function tree
    | Stack used          :  00008254


  ->Sub-tree of type: Function tree
                             CSTACK
    | Stack used (prev) :  00008254
  01  StrClearChr(char *, int)
      | Stack used (prev) :  00008254
      | + function block  :  00000000
  <-Sub-tree of type: Function tree
    | Stack used          :  00008254




                ****************************************
                *                                      *
                *      SEGMENTS IN ADDRESS ORDER       *
                *                                      *
                ****************************************


SEGMENT              SPACE    START ADDRESS   END ADDRESS     SIZE  TYPE  ALIGN
=======              =====    =============   ===========     ====  ====  =====
ELFBEGIN             CODE_AREA           00000000                     rel    0
DATA_ID              CODE_AREA      00000000 - 0000042F         430   rel    2
START                CODE_AREA           00000430                     dse    0
CODE                 CODE_AREA      00000430 - 0000B233        AE04   rel    2
DATA_C               CODE_AREA      0000B234 - 0000BEB4         C81   rel    2
INITTAB              CODE_AREA      0000BEB8 - 0000BECF          18   rel    2
DATA_Z               CODE_AREA      0000BED0 - 0000FFE3        4114   rel    2
MYSEG                CODE_AREA           0000FFE4                     dse    0
DATA_N               CODE_AREA           0000FFE4                     dse    0
CONFIG_C             CODE_AREA      0000FFE4 - 000109CB         9E8   rel    2
DATA_I               DATA_AREA      00000000 - 0000042F         430   rel    2

                ****************************************
                *                                      *
                *        END OF CROSS REFERENCE        *
                *                                      *
                ****************************************

 68 041 bytes of CODE memory
  1 072 bytes of DATA memory

Errors: none
Warnings: none

