################################################################################
#                                                                              #
#      IAR Universal Linker V4.60I/386                                         #
#                                                                              #
#           Link time     =  19/May/2008  21:34:26                             #
#           Target CPU    =  ARM                                               #
#           List file     =  D:\Pasha\elf\_MY_PROJECT_\MailClient\MailViewer\R #
#                            elease_ELKA\List\MailViewer.map                   #
#           Output file 1 =  D:\Pasha\elf\_MY_PROJECT_\MailClient\MailViewer\R #
#                            elease_ELKA\Exe\MailViewer.elf                    #
#                            Format: elf, variant: -ynpra                      #
#           Command line  =  D:\Pasha\elf\_MY_PROJECT_\MailClient\MailViewer\R #
#                            elease_ELKA\Obj\conf_loader.r79                   #
#                            D:\Pasha\elf\_MY_PROJECT_\MailClient\MailViewer\R #
#                            elease_ELKA\Obj\config_data.r79                   #
#                            D:\Pasha\elf\_MY_PROJECT_\MailClient\MailViewer\R #
#                            elease_ELKA\Obj\decode.r79                        #
#                            D:\Pasha\elf\_MY_PROJECT_\MailClient\MailViewer\R #
#                            elease_ELKA\Obj\func.r79                          #
#                            D:\Pasha\elf\_MY_PROJECT_\MailClient\MailViewer\R #
#                            elease_ELKA\Obj\main.r79                          #
#                            D:\Pasha\elf\_MY_PROJECT_\MailClient\MailViewer\R #
#                            elease_ELKA\Obj\statscreen.r79                    #
#                            -o                                                #
#                            D:\Pasha\elf\_MY_PROJECT_\MailClient\MailViewer\R #
#                            elease_ELKA\Exe\MailViewer.elf                    #
#                            -Felf -l                                          #
#                            D:\Pasha\elf\_MY_PROJECT_\MailClient\MailViewer\R #
#                            elease_ELKA\List\MailViewer.map                   #
#                            -xms                                              #
#                            "-ID:\Pasha\Embedded Workbench 4.0 Evaluation2\AR #
#                            M\LIB\"                                           #
#                            -f                                                #
#                            D:\Pasha\elf\_MY_PROJECT_\MailClient\MailViewer\t #
#                            est.xcl                                           #
#                            (-carm -V(CODE)CODE_AREA,12                       #
#                            -V(DATA)DATA_AREA,12                              #
#                            -Z(CODE_AREA)ELFBEGIN,DATA_ID,START,CODE,DATA_C,I #
#                            NITTAB,DATA_Z,DATA_N,CONFIG_C=0-FFFFFFFF          #
#                            -Z(DATA_AREA)DATA_I=0-FFFFFFFF) -ynpra            #
#                            "D:\Pasha\Embedded Workbench 4.0 Evaluation2\ARM\ #
#                            LIB\dl5tpainl8n.r79"                              #
#                            -s main                                           #
#                                                                              #
#                        Copyright 1987-2007 IAR Systems. All rights reserved. #
################################################################################





                ****************************************
                *                                      *
                *           CROSS REFERENCE            *
                *                                      *
                ****************************************

       Program entry at : CODE_AREA 00004F38  Relocatable, from module : main




                ****************************************
                *                                      *
                *            RUNTIME MODEL             *
                *                                      *
                ****************************************

  StackAlign4  = USED
  __cpu_mode   = __pcs__interwork
  __data_model = absolute
  __endian     = little
  __rt_version = 6



                ****************************************
                *                                      *
                *              MODULE MAP              *
                *                                      *
                ****************************************


  DEFINED ABSOLUTE ENTRIES
    *************************************************************************

  DEFINED ABSOLUTE ENTRIES
    *************************************************************************

  FILE NAME : D:\Pasha\elf\_MY_PROJECT_\MailClient\MailViewer\Release_ELKA\Obj\conf_loader.r79
  PROGRAM MODULE, NAME : conf_loader

  SEGMENTS IN THE MODULE
  ======================
DATA_I
  Relative segment, address: DATA_AREA 00000000 - 00000003 (0x4 bytes), align: 2
  Segment part 4.             Intra module refs:   LoadConfigData
           ENTRY                   ADDRESS         REF BY
           =====                   =======         ======
           successed_config_filename
                                   00000000        Segment part 269 (main)
    -------------------------------------------------------------------------
CODE
  Relative segment, address: CODE_AREA 0000069C - 000007CB (0x130 bytes), align: 2
  Segment part 7.             Intra module refs:   InitConfig
           ENTRY                   ADDRESS         REF BY
           =====                   =======         ======
           LoadConfigData          0000069C 
               stack 1 = 00000000 ( 00000030 )
    -------------------------------------------------------------------------
CODE
  Relative segment, address: CODE_AREA 000007CC - 000007F3 (0x28 bytes), align: 2
  Segment part 9.
           ENTRY                   ADDRESS         REF BY
           =====                   =======         ======
           InitConfig              000007CC        ReInitConfig (main)
               stack 1 = 00000000 ( 00000008 )
    -------------------------------------------------------------------------
DATA_ID
  Relative segment, address: CODE_AREA 00000000 - 00000003 (0x4 bytes), align: 2
  Segment part 5.             Intra module refs:   successed_config_filename
    -------------------------------------------------------------------------
INITTAB
  Relative segment, address: CODE_AREA 00006064 - 0000606F (0xc bytes), align: 2
  Segment part 11. ROOT.
           ENTRY                   ADDRESS         REF BY
           =====                   =======         ======
           ?init?tab?DATA_I        00006064 
    -------------------------------------------------------------------------
DATA_C
  Relative segment, address: CODE_AREA 00006060 - 00006060 (0x1 bytes), align: 0
  Segment part 2.             Intra module refs:   Segment part 5
    -------------------------------------------------------------------------
DATA_C
  Relative segment, address: CODE_AREA 000054AC - 000054EB (0x40 bytes), align: 2
  Segment part 3.             Intra module refs:   InitConfig

    *************************************************************************

  FILE NAME : D:\Pasha\elf\_MY_PROJECT_\MailClient\MailViewer\Release_ELKA\Obj\config_data.r79
  PROGRAM MODULE, NAME : config_data

  SEGMENTS IN THE MODULE
  ======================
CONFIG_C
  Relative segment, address: CODE_AREA 000061BC - 000061E7 (0x2c bytes), align: 2
  Segment part 2. ROOT.
           ENTRY                   ADDRESS         REF BY
           =====                   =======         ======
           cfghdr0                 000061BC 
    -------------------------------------------------------------------------
CONFIG_C
  Relative segment, address: CODE_AREA 000061E8 - 00006227 (0x40 bytes), align: 2
  Segment part 3. ROOT.
           ENTRY                   ADDRESS         REF BY
           =====                   =======         ======
           MAIL_LOGIN              000061E8 
    -------------------------------------------------------------------------
CONFIG_C
  Relative segment, address: CODE_AREA 00006228 - 00006253 (0x2c bytes), align: 2
  Segment part 4. ROOT.
           ENTRY                   ADDRESS         REF BY
           =====                   =======         ======
           cfghdr1                 00006228 
    -------------------------------------------------------------------------
CONFIG_C
  Relative segment, address: CODE_AREA 00006254 - 00006273 (0x20 bytes), align: 2
  Segment part 5. ROOT.
           ENTRY                   ADDRESS         REF BY
           =====                   =======         ======
           MAIL_PASS               00006254 
    -------------------------------------------------------------------------
CONFIG_C
  Relative segment, address: CODE_AREA 00006274 - 0000629F (0x2c bytes), align: 2
  Segment part 6. ROOT.
           ENTRY                   ADDRESS         REF BY
           =====                   =======         ======
           cfghdr2                 00006274 
    -------------------------------------------------------------------------
CONFIG_C
  Relative segment, address: CODE_AREA 000062A0 - 000062BF (0x20 bytes), align: 2
  Segment part 7. ROOT.
           ENTRY                   ADDRESS         REF BY
           =====                   =======         ======
           POP3_ADRESS             000062A0 
    -------------------------------------------------------------------------
CONFIG_C
  Relative segment, address: CODE_AREA 000062C0 - 000062EB (0x2c bytes), align: 2
  Segment part 8. ROOT.
           ENTRY                   ADDRESS         REF BY
           =====                   =======         ======
           cfghdr3                 000062C0 
    -------------------------------------------------------------------------
CONFIG_C
  Relative segment, address: CODE_AREA 000062EC - 000062EF (0x4 bytes), align: 2
  Segment part 9. ROOT.
           ENTRY                   ADDRESS         REF BY
           =====                   =======         ======
           POP3_PORT               000062EC 
    -------------------------------------------------------------------------
CONFIG_C
  Relative segment, address: CODE_AREA 000062F0 - 0000631B (0x2c bytes), align: 2
  Segment part 10. ROOT.
           ENTRY                   ADDRESS         REF BY
           =====                   =======         ======
           cfghdr4                 000062F0 
    -------------------------------------------------------------------------
CONFIG_C
  Relative segment, address: CODE_AREA 0000631C - 0000635B (0x40 bytes), align: 2
  Segment part 11. ROOT.
           ENTRY                   ADDRESS         REF BY
           =====                   =======         ======
           EML_PATH                0000631C        Segment part 136 (main)
                                                   Segment part 188 (main)
                                                   Segment part 197 (main)
    -------------------------------------------------------------------------
CONFIG_C
  Relative segment, address: CODE_AREA 0000635C - 00006387 (0x2c bytes), align: 2
  Segment part 12. ROOT.
           ENTRY                   ADDRESS         REF BY
           =====                   =======         ======
           cfghdr41                0000635C 
    -------------------------------------------------------------------------
CONFIG_C
  Relative segment, address: CODE_AREA 00006388 - 000063C7 (0x40 bytes), align: 2
  Segment part 13. ROOT.
           ENTRY                   ADDRESS         REF BY
           =====                   =======         ======
           SAVE_AS_FOLDER          00006388        create_save_as_dialog (main)
    -------------------------------------------------------------------------
CONFIG_C
  Relative segment, address: CODE_AREA 000063C8 - 000063F3 (0x2c bytes), align: 2
  Segment part 14. ROOT.
           ENTRY                   ADDRESS         REF BY
           =====                   =======         ======
           cfghdr5                 000063C8 
    -------------------------------------------------------------------------
CONFIG_C
  Relative segment, address: CODE_AREA 000063F4 - 000063F7 (0x4 bytes), align: 2
  Segment part 15. ROOT.
           ENTRY                   ADDRESS         REF BY
           =====                   =======         ======
           DEFAULT_ACTION          000063F4 
    -------------------------------------------------------------------------
CONFIG_C
  Relative segment, address: CODE_AREA 000063F8 - 00006437 (0x40 bytes), align: 2
  Segment part 16. ROOT.
           ENTRY                   ADDRESS         REF BY
           =====                   =======         ======
           cfgcbox1                000063F8 
    -------------------------------------------------------------------------
CONFIG_C
  Relative segment, address: CODE_AREA 00006438 - 00006463 (0x2c bytes), align: 2
  Segment part 17. ROOT.
           ENTRY                   ADDRESS         REF BY
           =====                   =======         ======
           cfghdr51                00006438 
    -------------------------------------------------------------------------
CONFIG_C
  Relative segment, address: CODE_AREA 00006464 - 00006467 (0x4 bytes), align: 2
  Segment part 18. ROOT.
           ENTRY                   ADDRESS         REF BY
           =====                   =======         ======
           LOAD_IF_LESS            00006464 
    -------------------------------------------------------------------------
CONFIG_C
  Relative segment, address: CODE_AREA 00006468 - 00006493 (0x2c bytes), align: 2
  Segment part 19. ROOT.
           ENTRY                   ADDRESS         REF BY
           =====                   =======         ======
           cfghdr6                 00006468 
    -------------------------------------------------------------------------
CONFIG_C
  Relative segment, address: CODE_AREA 00006494 - 00006497 (0x4 bytes), align: 2
  Segment part 20. ROOT.
           ENTRY                   ADDRESS         REF BY
           =====                   =======         ======
           IF_DEL_AUX              00006494 
    -------------------------------------------------------------------------
CONFIG_C
  Relative segment, address: CODE_AREA 00006498 - 000064D7 (0x40 bytes), align: 2
  Segment part 21. ROOT.
           ENTRY                   ADDRESS         REF BY
           =====                   =======         ======
           cfgcbox2                00006498 
    -------------------------------------------------------------------------
CONFIG_C
  Relative segment, address: CODE_AREA 000064D8 - 00006503 (0x2c bytes), align: 2
  Segment part 22. ROOT.
           ENTRY                   ADDRESS         REF BY
           =====                   =======         ======
           cfghdr61                000064D8 
    -------------------------------------------------------------------------
CONFIG_C
  Relative segment, address: CODE_AREA 00006504 - 00006507 (0x4 bytes), align: 2
  Segment part 23. ROOT.
           ENTRY                   ADDRESS         REF BY
           =====                   =======         ======
           DEL_AFTER_LOAD          00006504 
    -------------------------------------------------------------------------
CONFIG_C
  Relative segment, address: CODE_AREA 00006508 - 00006533 (0x2c bytes), align: 2
  Segment part 24. ROOT.
           ENTRY                   ADDRESS         REF BY
           =====                   =======         ======
           cfghdr62                00006508 
    -------------------------------------------------------------------------
CONFIG_C
  Relative segment, address: CODE_AREA 00006534 - 00006553 (0x20 bytes), align: 2
  Segment part 25. ROOT.
           ENTRY                   ADDRESS         REF BY
           =====                   =======         ======
           SMSFORWARD              00006534 
    -------------------------------------------------------------------------
CONFIG_C
  Relative segment, address: CODE_AREA 00006554 - 0000657F (0x2c bytes), align: 2
  Segment part 26. ROOT.
           ENTRY                   ADDRESS         REF BY
           =====                   =======         ======
           cfghdr7                 00006554 
    -------------------------------------------------------------------------
CONFIG_C
  Relative segment, address: CODE_AREA 00006580 - 000065BF (0x40 bytes), align: 2
  Segment part 27. ROOT.
           ENTRY                   ADDRESS         REF BY
           =====                   =======         ======
           I_UNREAD                00006580        ReInitConfig (main)
    -------------------------------------------------------------------------
CONFIG_C
  Relative segment, address: CODE_AREA 000065C0 - 000065EB (0x2c bytes), align: 2
  Segment part 28. ROOT.
           ENTRY                   ADDRESS         REF BY
           =====                   =======         ======
           cfghdr8                 000065C0 
    -------------------------------------------------------------------------
CONFIG_C
  Relative segment, address: CODE_AREA 000065EC - 0000662B (0x40 bytes), align: 2
  Segment part 29. ROOT.
           ENTRY                   ADDRESS         REF BY
           =====                   =======         ======
           I_READ                  000065EC        ReInitConfig (main)
    -------------------------------------------------------------------------
CONFIG_C
  Relative segment, address: CODE_AREA 0000662C - 00006657 (0x2c bytes), align: 2
  Segment part 30. ROOT.
           ENTRY                   ADDRESS         REF BY
           =====                   =======         ======
           cfghdr9                 0000662C 
    -------------------------------------------------------------------------
CONFIG_C
  Relative segment, address: CODE_AREA 00006658 - 00006697 (0x40 bytes), align: 2
  Segment part 31. ROOT.
           ENTRY                   ADDRESS         REF BY
           =====                   =======         ======
           I_HEADER                00006658        ReInitConfig (main)
    -------------------------------------------------------------------------
CONFIG_C
  Relative segment, address: CODE_AREA 00006698 - 000066C3 (0x2c bytes), align: 2
  Segment part 32. ROOT.
           ENTRY                   ADDRESS         REF BY
           =====                   =======         ======
           cfghdr10                00006698 
    -------------------------------------------------------------------------
CONFIG_C
  Relative segment, address: CODE_AREA 000066C4 - 00006703 (0x40 bytes), align: 2
  Segment part 33. ROOT.
           ENTRY                   ADDRESS         REF BY
           =====                   =======         ======
           I_HEADER_ATT            000066C4        ReInitConfig (main)
    -------------------------------------------------------------------------
CONFIG_C
  Relative segment, address: CODE_AREA 00006704 - 0000672F (0x2c bytes), align: 2
  Segment part 34. ROOT.
           ENTRY                   ADDRESS         REF BY
           =====                   =======         ======
           cfghdr11                00006704 
    -------------------------------------------------------------------------
CONFIG_C
  Relative segment, address: CODE_AREA 00006730 - 0000676F (0x40 bytes), align: 2
  Segment part 35. ROOT.
           ENTRY                   ADDRESS         REF BY
           =====                   =======         ======
           I_MES_UNREAD_ATT        00006730        ReInitConfig (main)
    -------------------------------------------------------------------------
CONFIG_C
  Relative segment, address: CODE_AREA 00006770 - 0000679B (0x2c bytes), align: 2
  Segment part 36. ROOT.
           ENTRY                   ADDRESS         REF BY
           =====                   =======         ======
           cfghdr12                00006770 
    -------------------------------------------------------------------------
CONFIG_C
  Relative segment, address: CODE_AREA 0000679C - 000067DB (0x40 bytes), align: 2
  Segment part 37. ROOT.
           ENTRY                   ADDRESS         REF BY
           =====                   =======         ======
           I_MES_READ_ATT          0000679C        ReInitConfig (main)
    -------------------------------------------------------------------------
CONFIG_C
  Relative segment, address: CODE_AREA 000067DC - 00006807 (0x2c bytes), align: 2
  Segment part 38. ROOT.
           ENTRY                   ADDRESS         REF BY
           =====                   =======         ======
           cfghdr13                000067DC 
    -------------------------------------------------------------------------
CONFIG_C
  Relative segment, address: CODE_AREA 00006808 - 00006847 (0x40 bytes), align: 2
  Segment part 39. ROOT.
           ENTRY                   ADDRESS         REF BY
           =====                   =======         ======
           I_MES_DOWN              00006808        ReInitConfig (main)
    -------------------------------------------------------------------------
CONFIG_C
  Relative segment, address: CODE_AREA 00006848 - 00006873 (0x2c bytes), align: 2
  Segment part 40. ROOT.
           ENTRY                   ADDRESS         REF BY
           =====                   =======         ======
           cfghdr14                00006848 
    -------------------------------------------------------------------------
CONFIG_C
  Relative segment, address: CODE_AREA 00006874 - 000068B3 (0x40 bytes), align: 2
  Segment part 41. ROOT.
           ENTRY                   ADDRESS         REF BY
           =====                   =======         ======
           I_MES_DEL               00006874        ReInitConfig (main)
    -------------------------------------------------------------------------
CONFIG_C
  Relative segment, address: CODE_AREA 000068B4 - 000068DF (0x2c bytes), align: 2
  Segment part 42. ROOT.
           ENTRY                   ADDRESS         REF BY
           =====                   =======         ======
           cfghdr15                000068B4 
    -------------------------------------------------------------------------
CONFIG_C
  Relative segment, address: CODE_AREA 000068E0 - 0000691F (0x40 bytes), align: 2
  Segment part 43. ROOT.
           ENTRY                   ADDRESS         REF BY
           =====                   =======         ======
           fontpath                000068E0 
    -------------------------------------------------------------------------
CONFIG_C
  Relative segment, address: CODE_AREA 00006920 - 0000694B (0x2c bytes), align: 2
  Segment part 44. ROOT.
           ENTRY                   ADDRESS         REF BY
           =====                   =======         ======
           cfghd67                 00006920 
    -------------------------------------------------------------------------
CONFIG_C
  Relative segment, address: CODE_AREA 0000694C - 0000694F (0x4 bytes), align: 2
  Segment part 45. ROOT.
           ENTRY                   ADDRESS         REF BY
           =====                   =======         ======
           X                       0000694C 
    -------------------------------------------------------------------------
CONFIG_C
  Relative segment, address: CODE_AREA 00006950 - 00006953 (0x4 bytes), align: 2
  Segment part 46. ROOT.
           ENTRY                   ADDRESS         REF BY
           =====                   =======         ======
           Y                       00006950 
    -------------------------------------------------------------------------
CONFIG_C
  Relative segment, address: CODE_AREA 00006954 - 0000697F (0x2c bytes), align: 2
  Segment part 47. ROOT.
           ENTRY                   ADDRESS         REF BY
           =====                   =======         ======
           cfghdr298               00006954 
    -------------------------------------------------------------------------
CONFIG_C
  Relative segment, address: CODE_AREA 00006980 - 00006983 (0x4 bytes), align: 2
  Segment part 48. ROOT.
           ENTRY                   ADDRESS         REF BY
           =====                   =======         ======
           align                   00006980 
    -------------------------------------------------------------------------
CONFIG_C
  Relative segment, address: CODE_AREA 00006984 - 000069E3 (0x60 bytes), align: 2
  Segment part 49. ROOT.
           ENTRY                   ADDRESS         REF BY
           =====                   =======         ======
           cfgcbox86               00006984 

    *************************************************************************

  FILE NAME : D:\Pasha\elf\_MY_PROJECT_\MailClient\MailViewer\Release_ELKA\Obj\decode.r79
  PROGRAM MODULE, NAME : decode

  SEGMENTS IN THE MODULE
  ======================
DATA_I
  Relative segment, address: DATA_AREA 00000004 - 00000103 (0x100 bytes), align: 2
  Segment part 15.            Intra module refs:   base64_decode
    -------------------------------------------------------------------------
CODE
  Relative segment, address: CODE_AREA 000007F4 - 00000917 (0x124 bytes), align: 2
  Segment part 22.            Intra module refs:   unmime_header
           ENTRY                   ADDRESS         REF BY
           =====                   =======         ======
           base64_decode           000007F4        ParseMailBody (main)
                                                   saveas_onkey (main)
               stack 1 = 00000000 ( 00000034 )
    -------------------------------------------------------------------------
CODE
  Relative segment, address: CODE_AREA 00000918 - 00000AAB (0x194 bytes), align: 2
  Segment part 24.            Intra module refs:   unmime_header
           ENTRY                   ADDRESS         REF BY
           =====                   =======         ======
           quoted_printable_decode
                                   00000918        ParseMailBody (main)
                                                   saveas_onkey (main)
               stack 1 = 00000000 ( 00000014 )
    -------------------------------------------------------------------------
DATA_C
  Relative segment, address: CODE_AREA 000054EC - 00005517 (0x2c bytes), align: 2
  Segment part 3.             Intra module refs:   get_charset
    -------------------------------------------------------------------------
DATA_C
  Relative segment, address: CODE_AREA 00005518 - 000055D3 (0xbc bytes), align: 2
  Segment part 6.             Intra module refs:   strip_html
    -------------------------------------------------------------------------
DATA_C
  Relative segment, address: CODE_AREA 000055D4 - 00005653 (0x80 bytes), align: 2
  Segment part 17.            Intra module refs:   koi2win
           ENTRY                   ADDRESS         REF BY
           =====                   =======         ======
           kw                      000055D4 
    -------------------------------------------------------------------------
DATA_I
  Relative segment, address: DATA_AREA 00000104 - 00000183 (0x80 bytes), align: 2
  Segment part 18.            Intra module refs:   iso885952win
           ENTRY                   ADDRESS         REF BY
           =====                   =======         ======
           iw                      00000104 
    -------------------------------------------------------------------------
DATA_C
  Relative segment, address: CODE_AREA 00005654 - 00005753 (0x100 bytes), align: 2
  Segment part 20.            Intra module refs:   unicode2win
    -------------------------------------------------------------------------
CODE
  Relative segment, address: CODE_AREA 00000AAC - 00000AEB (0x40 bytes), align: 2
  Segment part 26.            Intra module refs:   unmime_header
           ENTRY                   ADDRESS         REF BY
           =====                   =======         ======
           koi2win                 00000AAC        ParseMailBody (main)
    -------------------------------------------------------------------------
CODE
  Relative segment, address: CODE_AREA 00000AEC - 00000B2B (0x40 bytes), align: 2
  Segment part 28.            Intra module refs:   unmime_header
           ENTRY                   ADDRESS         REF BY
           =====                   =======         ======
           iso885952win            00000AEC        ParseMailBody (main)
    -------------------------------------------------------------------------
CODE
  Relative segment, address: CODE_AREA 00000B2C - 00000BE3 (0xb8 bytes), align: 2
  Segment part 30.            Intra module refs:   unmime_header
           ENTRY                   ADDRESS         REF BY
           =====                   =======         ======
           utf82win                00000B2C        ParseMailBody (main)
               stack 1 = 00000000 ( 00000004 )
    -------------------------------------------------------------------------
CODE
  Relative segment, address: CODE_AREA 00000BE4 - 00000C1F (0x3c bytes), align: 2
  Segment part 32.            Intra module refs:   strip_special
           ENTRY                   ADDRESS         REF BY
           =====                   =======         ======
           unicode2win             00000BE4 
    -------------------------------------------------------------------------
CODE
  Relative segment, address: CODE_AREA 00000C20 - 00000D27 (0x108 bytes), align: 2
  Segment part 34.            Intra module refs:   strip_html
           ENTRY                   ADDRESS         REF BY
           =====                   =======         ======
           strreplace              00000C20 
               stack 1 = 00000000 ( 0000002C )
    -------------------------------------------------------------------------
CODE
  Relative segment, address: CODE_AREA 00000D28 - 00000DDF (0xb8 bytes), align: 2
  Segment part 36.            Intra module refs:   strip_html
           ENTRY                   ADDRESS         REF BY
           =====                   =======         ======
           strip_special           00000D28 
               stack 1 = 00000000 ( 00000018 )
    -------------------------------------------------------------------------
CODE
  Relative segment, address: CODE_AREA 00000DE0 - 000010F7 (0x318 bytes), align: 2
  Segment part 38.
           ENTRY                   ADDRESS         REF BY
           =====                   =======         ======
           strip_html              00000DE0        ParseMailBody (main)
               stack 1 = 00000000 ( 00000020 )
    -------------------------------------------------------------------------
CODE
  Relative segment, address: CODE_AREA 000010F8 - 00001177 (0x80 bytes), align: 2
  Segment part 40.            Intra module refs:   unmime_header
           ENTRY                   ADDRESS         REF BY
           =====                   =======         ======
           get_charset             000010F8        InitHeaders (main)
                                                   ParseMailBody (main)
               stack 1 = 00000000 ( 0000000C )
    -------------------------------------------------------------------------
CODE
  Relative segment, address: CODE_AREA 00001178 - 0000143F (0x2c8 bytes), align: 2
  Segment part 42.
           ENTRY                   ADDRESS         REF BY
           =====                   =======         ======
           unmime_header           00001178        InitHeaders (main)
                                                   ParseMailBody (main)
                                                   create_save_as_dialog (main)
               stack 1 = 00000000 ( 00000050 )
    -------------------------------------------------------------------------
DATA_ID
  Relative segment, address: CODE_AREA 00000004 - 00000103 (0x100 bytes), align: 2
  Segment part 16.            Intra module refs:   Segment part 15
    -------------------------------------------------------------------------
DATA_ID
  Relative segment, address: CODE_AREA 00000104 - 00000183 (0x80 bytes), align: 2
  Segment part 19.            Intra module refs:   iw

    *************************************************************************

  FILE NAME : D:\Pasha\elf\_MY_PROJECT_\MailClient\MailViewer\Release_ELKA\Obj\func.r79
  PROGRAM MODULE, NAME : func

  SEGMENTS IN THE MODULE
  ======================
CODE
  Relative segment, address: CODE_AREA 00001440 - 00001443 (0x4 bytes), align: 2
  Segment part 0. ROOT.
           ENTRY                   ADDRESS         REF BY
           =====                   =======         ======
           kill_data               00001440        ElfKiller (main)
                                                   Segment part 16 (statscreen)

    *************************************************************************

  FILE NAME : D:\Pasha\elf\_MY_PROJECT_\MailClient\MailViewer\Release_ELKA\Obj\main.r79
  PROGRAM MODULE, NAME : main

  SEGMENTS IN THE MODULE
  ======================
CODE
  Relative segment, address: CODE_AREA 00001444 - 00001477 (0x34 bytes), align: 2
  Segment part 96.            Intra module refs:   CreateMailList
                                                   create_info_view
                                                   create_save_as_dialog
                                                   create_view
                                                   maincsm_oncreate
           ENTRY                   ADDRESS         REF BY
           =====                   =======         ======
           patch_header            00001444 
               stack 1 = 00000000 ( 00000008 )
    -------------------------------------------------------------------------
CODE
  Relative segment, address: CODE_AREA 00001478 - 000014BB (0x44 bytes), align: 2
  Segment part 97.            Intra module refs:   create_info_view
                                                   create_save_as_dialog
                                                   create_view
           ENTRY                   ADDRESS         REF BY
           =====                   =======         ======
           patch_input             00001478 
               stack 1 = 00000000 ( 0000000C )
    -------------------------------------------------------------------------
DATA_Z
  Relative segment, address: CODE_AREA 0000607C - 0000609B (0x20 bytes), align: 2
  Segment part 56.            Intra module refs:   Segment part 262
           ENTRY                   ADDRESS         REF BY
           =====                   =======         ======
           S_ICONS                 0000607C 
    -------------------------------------------------------------------------
CODE
  Relative segment, address: CODE_AREA 000014BC - 000014FF (0x44 bytes), align: 2
  Segment part 99.            Intra module refs:   ascii2ws
           ENTRY                   ADDRESS         REF BY
           =====                   =======         ======
           char8to16               000014BC 
    -------------------------------------------------------------------------
CODE
  Relative segment, address: CODE_AREA 00001500 - 0000153B (0x3c bytes), align: 2
  Segment part 101.           Intra module refs:   ParseMailBody
                                                   create_info_view
                                                   create_save_as_dialog
                                                   create_view
           ENTRY                   ADDRESS         REF BY
           =====                   =======         ======
           ascii2ws                00001500        method0 (statscreen)
               stack 1 = 00000000 ( 0000000C )
    -------------------------------------------------------------------------
CODE
  Relative segment, address: CODE_AREA 0000153C - 0000159B (0x60 bytes), align: 2
  Segment part 107.           Intra module refs:   ParseMailBody
           ENTRY                   ADDRESS         REF BY
           =====                   =======         ======
           delspaces               0000153C 
    -------------------------------------------------------------------------
DATA_Z
  Relative segment, address: CODE_AREA 0000609C - 0000609F (0x4 bytes), align: 2
  Segment part 64.            Intra module refs:   maillist_menu_onkey
           ENTRY                   ADDRESS         REF BY
           =====                   =======         ======
           view_mail_id            0000609C 
    -------------------------------------------------------------------------
CODE
  Relative segment, address: CODE_AREA 0000159C - 000015B7 (0x1c bytes), align: 2
  Segment part 109.           Intra module refs:   maincsm_onclose
           ENTRY                   ADDRESS         REF BY
           =====                   =======         ======
           ElfKiller               0000159C 
               stack 1 = 00000000 ( 00000004 )
    -------------------------------------------------------------------------
CODE
  Relative segment, address: CODE_AREA 000015B8 - 000015E7 (0x30 bytes), align: 2
  Segment part 111.           Intra module refs:   get_date_from_str
                                                   maincsm_onmessage
           ENTRY                   ADDRESS         REF BY
           =====                   =======         ======
           strcmp_nocase           000015B8 
    -------------------------------------------------------------------------
CODE
  Relative segment, address: CODE_AREA 000015E8 - 0000163F (0x58 bytes), align: 2
  Segment part 113.           Intra module refs:   get_cdisp_index
                                                   get_ctencoding_index
                                                   get_ctype_index
                                                   get_from_multipartheader
                                                   get_string_from_header
           ENTRY                   ADDRESS         REF BY
           =====                   =======         ======
           strncmp_nocase          000015E8        get_charset (decode)
               stack 1 = 00000000 ( 00000004 )
    -------------------------------------------------------------------------
CODE
  Relative segment, address: CODE_AREA 00001640 - 000016B3 (0x74 bytes), align: 2
  Segment part 115.           Intra module refs:   InitMailDB
                                                   delete_all_records
                                                   maincsm_onclose
           ENTRY                   ADDRESS         REF BY
           =====                   =======         ======
           FreeMailDB              00001640 
               stack 1 = 00000000 ( 0000000C )
    -------------------------------------------------------------------------
CODE
  Relative segment, address: CODE_AREA 000016B4 - 00001813 (0x160 bytes), align: 2
  Segment part 117.           Intra module refs:   maillist_menu_ghook
                                                   maincsm_onmessage
           ENTRY                   ADDRESS         REF BY
           =====                   =======         ======
           InitMailDB              000016B4 
               stack 1 = 00000000 ( 000001A8 )
    -------------------------------------------------------------------------
CODE
  Relative segment, address: CODE_AREA 00001814 - 000018F7 (0xe4 bytes), align: 2
  Segment part 119.           Intra module refs:   Segment part 271
           ENTRY                   ADDRESS         REF BY
           =====                   =======         ======
           write_mail_DB           00001814 
               stack 1 = 00000000 ( 0000011C )
    -------------------------------------------------------------------------
CODE
  Relative segment, address: CODE_AREA 000018F8 - 000018FB (0x4 bytes), align: 2
  Segment part 120.           Intra module refs:   InitMailDB
                                                   write_mail_DB
    -------------------------------------------------------------------------
CODE
  Relative segment, address: CODE_AREA 000018FC - 000018FF (0x4 bytes), align: 2
  Segment part 121.           Intra module refs:   InitMailDB
                                                   write_mail_DB
    -------------------------------------------------------------------------
CODE
  Relative segment, address: CODE_AREA 00001900 - 00001933 (0x34 bytes), align: 2
  Segment part 123.           Intra module refs:   maillist_menu_iconhndl
                                                   maillist_menu_onkey
           ENTRY                   ADDRESS         REF BY
           =====                   =======         ======
           find_mlist_ByID         00001900 
    -------------------------------------------------------------------------
CODE
  Relative segment, address: CODE_AREA 00001934 - 00001937 (0x4 bytes), align: 2
  Segment part 124.           Intra module refs:   InitMailDB
                                                   find_mlist_ByID
                                                   write_mail_DB
    -------------------------------------------------------------------------
CODE
  Relative segment, address: CODE_AREA 00001938 - 000019AB (0x74 bytes), align: 2
  Segment part 126.           Intra module refs:   InitHeaders
                                                   ParseMailBody
                                                   create_info_view
           ENTRY                   ADDRESS         REF BY
           =====                   =======         ======
           get_fsize               00001938 
               stack 1 = 00000000 ( 00000020 )
    -------------------------------------------------------------------------
CODE
  Relative segment, address: CODE_AREA 000019AC - 00001A2F (0x84 bytes), align: 2
  Segment part 128.           Intra module refs:   get_date_from_str
           ENTRY                   ADDRESS         REF BY
           =====                   =======         ======
           tdiff                   000019AC 
               stack 1 = 00000000 ( 00000010 )
    -------------------------------------------------------------------------
CODE
  Relative segment, address: CODE_AREA 00001A30 - 00001A9B (0x6c bytes), align: 2
  Segment part 130.           Intra module refs:   get_date_from_str
           ENTRY                   ADDRESS         REF BY
           =====                   =======         ======
           atoi                    00001A30 
    -------------------------------------------------------------------------
CODE
  Relative segment, address: CODE_AREA 00001A9C - 00001F7F (0x4e4 bytes), align: 2
  Segment part 132.           Intra module refs:   InitHeaders
                                                   create_info_view
           ENTRY                   ADDRESS         REF BY
           =====                   =======         ======
           get_date_from_str       00001A9C 
               stack 1 = 00000000 ( 000000AC )
    -------------------------------------------------------------------------
CODE
  Relative segment, address: CODE_AREA 00001F80 - 000021E7 (0x268 bytes), align: 2
  Segment part 134.           Intra module refs:   InitMailDB
           ENTRY                   ADDRESS         REF BY
           =====                   =======         ======
           InitHeaders             00001F80 
               stack 1 = 00000000 ( 000000AC )
    -------------------------------------------------------------------------
CODE
  Relative segment, address: CODE_AREA 000021E8 - 000021EB (0x4 bytes), align: 2
  Segment part 135.           Intra module refs:   FreeMailDB
                                                   InitHeaders
    -------------------------------------------------------------------------
CODE
  Relative segment, address: CODE_AREA 000021EC - 000021EF (0x4 bytes), align: 2
  Segment part 136.           Intra module refs:   InitHeaders
                                                   InitMailDB
                                                   write_mail_DB
    -------------------------------------------------------------------------
CODE
  Relative segment, address: CODE_AREA 000021F0 - 0000221B (0x2c bytes), align: 2
  Segment part 138.           Intra module refs:   ParseMailBody
                                                   get_from_multipartheader
                                                   get_string_from_header
           ENTRY                   ADDRESS         REF BY
           =====                   =======         ======
           cstrcpy                 000021F0 
    -------------------------------------------------------------------------
CODE
  Relative segment, address: CODE_AREA 0000221C - 00002357 (0x13c bytes), align: 2
  Segment part 140.           Intra module refs:   get_content_encoding
                                                   get_content_type
                                                   get_date
                                                   get_from
                                                   get_subject
                                                   get_to
           ENTRY                   ADDRESS         REF BY
           =====                   =======         ======
           get_string_from_header
                                   0000221C 
               stack 1 = 00000000 ( 00000018 )
    -------------------------------------------------------------------------
CODE
  Relative segment, address: CODE_AREA 00002358 - 000023D7 (0x80 bytes), align: 2
  Segment part 142.           Intra module refs:   create_view
                                                   maillist_menu_iconhndl
           ENTRY                   ADDRESS         REF BY
           =====                   =======         ======
           get_subject             00002358 
               stack 1 = 00000000 ( 00000024 )
    -------------------------------------------------------------------------
CODE
  Relative segment, address: CODE_AREA 000023D8 - 00002403 (0x2c bytes), align: 2
  Segment part 144.           Intra module refs:   InitHeaders
                                                   create_info_view
           ENTRY                   ADDRESS         REF BY
           =====                   =======         ======
           get_date                000023D8 
               stack 1 = 00000000 ( 00000008 )
    -------------------------------------------------------------------------
CODE
  Relative segment, address: CODE_AREA 00002404 - 0000242F (0x2c bytes), align: 2
  Segment part 146.           Intra module refs:   create_view
           ENTRY                   ADDRESS         REF BY
           =====                   =======         ======
           get_from                00002404 
               stack 1 = 00000000 ( 00000008 )
    -------------------------------------------------------------------------
CODE
  Relative segment, address: CODE_AREA 00002430 - 0000245B (0x2c bytes), align: 2
  Segment part 148.           Intra module refs:   create_view
           ENTRY                   ADDRESS         REF BY
           =====                   =======         ======
           get_to                  00002430 
               stack 1 = 00000000 ( 00000008 )
    -------------------------------------------------------------------------
CODE
  Relative segment, address: CODE_AREA 0000245C - 00002487 (0x2c bytes), align: 2
  Segment part 150.           Intra module refs:   InitHeaders
                                                   ParseMailBody
           ENTRY                   ADDRESS         REF BY
           =====                   =======         ======
           get_content_type        0000245C 
               stack 1 = 00000000 ( 00000008 )
    -------------------------------------------------------------------------
CODE
  Relative segment, address: CODE_AREA 00002488 - 000024B3 (0x2c bytes), align: 2
  Segment part 152.           Intra module refs:   ParseMailBody
           ENTRY                   ADDRESS         REF BY
           =====                   =======         ======
           get_content_encoding    00002488 
               stack 1 = 00000000 ( 00000008 )
    -------------------------------------------------------------------------
CODE
  Relative segment, address: CODE_AREA 000024B4 - 000025F3 (0x140 bytes), align: 2
  Segment part 154.           Intra module refs:   ParseMailBody
           ENTRY                   ADDRESS         REF BY
           =====                   =======         ======
           get_from_multipartheader
                                   000024B4 
               stack 1 = 00000000 ( 0000001C )
    -------------------------------------------------------------------------
CODE
  Relative segment, address: CODE_AREA 000025F4 - 000025F7 (0x4 bytes), align: 2
  Segment part 155.           Intra module refs:   get_from_multipartheader
                                                   get_string_from_header
    -------------------------------------------------------------------------
CODE
  Relative segment, address: CODE_AREA 000025F8 - 0000266F (0x78 bytes), align: 2
  Segment part 157.           Intra module refs:   InitHeaders
                                                   ParseMailBody
                                                   create_save_as_dialog
           ENTRY                   ADDRESS         REF BY
           =====                   =======         ======
           get_param_from_string   000025F8 
               stack 1 = 00000000 ( 00000014 )
    -------------------------------------------------------------------------
CODE
  Relative segment, address: CODE_AREA 00002670 - 00002673 (0x4 bytes), align: 2
  Segment part 159.           Intra module refs:   Segment part 83
           ENTRY                   ADDRESS         REF BY
           =====                   =======         ======
           saveas_locret           00002670 
    -------------------------------------------------------------------------
CODE
  Relative segment, address: CODE_AREA 00002674 - 00002807 (0x194 bytes), align: 2
  Segment part 161.           Intra module refs:   Segment part 83
           ENTRY                   ADDRESS         REF BY
           =====                   =======         ======
           saveas_onkey            00002674 
               stack 1 = 00000000 ( 000000D0 )
    -------------------------------------------------------------------------
CODE
  Relative segment, address: CODE_AREA 00002808 - 00002857 (0x50 bytes), align: 2
  Segment part 163.           Intra module refs:   Segment part 83
           ENTRY                   ADDRESS         REF BY
           =====                   =======         ======
           saveas_ghook            00002808 
               stack 1 = 00000000 ( 0000000C )
    -------------------------------------------------------------------------
CODE
  Relative segment, address: CODE_AREA 00002858 - 000029C3 (0x16c bytes), align: 2
  Segment part 165.           Intra module refs:   ed1_onkey
           ENTRY                   ADDRESS         REF BY
           =====                   =======         ======
           create_save_as_dialog   00002858 
               stack 1 = 00000000 ( 00000158 )
    -------------------------------------------------------------------------
CODE
  Relative segment, address: CODE_AREA 000029C4 - 000029C7 (0x4 bytes), align: 2
  Segment part 166.           Intra module refs:   InitHeaders
                                                   create_save_as_dialog
    -------------------------------------------------------------------------
CODE
  Relative segment, address: CODE_AREA 000029C8 - 000029CB (0x4 bytes), align: 2
  Segment part 168.           Intra module refs:   Segment part 85
           ENTRY                   ADDRESS         REF BY
           =====                   =======         ======
           ed1_locret              000029C8 
    -------------------------------------------------------------------------
CODE
  Relative segment, address: CODE_AREA 000029CC - 000029CF (0x4 bytes), align: 2
  Segment part 170.           Intra module refs:   Segment part 87
           ENTRY                   ADDRESS         REF BY
           =====                   =======         ======
           ed2_locret              000029CC 
    -------------------------------------------------------------------------
CODE
  Relative segment, address: CODE_AREA 000029D0 - 00002CC3 (0x2f4 bytes), align: 2
  Segment part 172.           Intra module refs:   Segment part 85
           ENTRY                   ADDRESS         REF BY
           =====                   =======         ======
           ed1_onkey               000029D0 
               stack 1 = 00000000 ( 00000018 )
    -------------------------------------------------------------------------
CODE
  Relative segment, address: CODE_AREA 00002CC4 - 00002CCB (0x8 bytes), align: 2
  Segment part 174.           Intra module refs:   Segment part 87
           ENTRY                   ADDRESS         REF BY
           =====                   =======         ======
           ed2_onkey               00002CC4 
    -------------------------------------------------------------------------
CODE
  Relative segment, address: CODE_AREA 00002CCC - 00002D67 (0x9c bytes), align: 2
  Segment part 176.           Intra module refs:   Segment part 85
           ENTRY                   ADDRESS         REF BY
           =====                   =======         ======
           ed1_ghook               00002CCC 
               stack 1 = 00000000 ( 00000010 )
    -------------------------------------------------------------------------
CODE
  Relative segment, address: CODE_AREA 00002D68 - 00002D7B (0x14 bytes), align: 2
  Segment part 178.           Intra module refs:   Segment part 87
           ENTRY                   ADDRESS         REF BY
           =====                   =======         ======
           ed2_ghook               00002D68 
               stack 1 = 00000000 ( 00000004 )
    -------------------------------------------------------------------------
CODE
  Relative segment, address: CODE_AREA 00002D7C - 00002E67 (0xec bytes), align: 2
  Segment part 180.           Intra module refs:   InitHeaders
                                                   ParseMailBody
           ENTRY                   ADDRESS         REF BY
           =====                   =======         ======
           get_ctype_index         00002D7C 
               stack 1 = 00000000 ( 0000000C )
    -------------------------------------------------------------------------
CODE
  Relative segment, address: CODE_AREA 00002E68 - 00002ED7 (0x70 bytes), align: 2
  Segment part 182.           Intra module refs:   ParseMailBody
           ENTRY                   ADDRESS         REF BY
           =====                   =======         ======
           get_cdisp_index         00002E68 
               stack 1 = 00000000 ( 0000000C )
    -------------------------------------------------------------------------
CODE
  Relative segment, address: CODE_AREA 00002ED8 - 00002F77 (0xa0 bytes), align: 2
  Segment part 184.           Intra module refs:   ParseMailBody
           ENTRY                   ADDRESS         REF BY
           =====                   =======         ======
           get_ctencoding_index    00002ED8 
               stack 1 = 00000000 ( 0000000C )
    -------------------------------------------------------------------------
DATA_C
  Relative segment, address: CODE_AREA 00005754 - 0000594F (0x1fc bytes), align: 2
  Segment part 3.             Intra module refs:   Segment part 155
                                                   Segment part 166
                                                   Segment part 187
                                                   Segment part 191
                                                   Segment part 196
                                                   get_content_type
           ENTRY                   ADDRESS         REF BY
           =====                   =======         ======
           d_eol                   000058F4 
           default_ctype           000058FC 
           default_transfere       00005930 
           eol                     00005754 
    -------------------------------------------------------------------------
DATA_C
  Relative segment, address: CODE_AREA 00005950 - 0000596B (0x1c bytes), align: 2
  Segment part 4.             Intra module refs:   get_content_encoding
    -------------------------------------------------------------------------
DATA_C
  Relative segment, address: CODE_AREA 0000596C - 000059D3 (0x68 bytes), align: 2
  Segment part 5.             Intra module refs:   saveas_onkey
    -------------------------------------------------------------------------
DATA_C
  Relative segment, address: CODE_AREA 000059D4 - 000059DB (0x8 bytes), align: 2
  Segment part 6.             Intra module refs:   Segment part 81
    -------------------------------------------------------------------------
DATA_C
  Relative segment, address: CODE_AREA 000059DC - 00005A2B (0x50 bytes), align: 2
  Segment part 8.             Intra module refs:   get_ctype_index
    -------------------------------------------------------------------------
DATA_C
  Relative segment, address: CODE_AREA 00005A2C - 00005A7F (0x54 bytes), align: 2
  Segment part 9.             Intra module refs:   PrintTimeDate
    -------------------------------------------------------------------------
DATA_C
  Relative segment, address: CODE_AREA 00005A80 - 00005A8B (0xc bytes), align: 2
  Segment part 12.            Intra module refs:   maillist_menu_iconhndl
           ENTRY                   ADDRESS         REF BY
           =====                   =======         ======
           _percent_t              00005A80 
    -------------------------------------------------------------------------
DATA_C
  Relative segment, address: CODE_AREA 00005A8C - 00005AB3 (0x28 bytes), align: 2
  Segment part 13.            Intra module refs:   About
    -------------------------------------------------------------------------
DATA_C
  Relative segment, address: CODE_AREA 00005AB4 - 00005B13 (0x60 bytes), align: 2
  Segment part 14.            Intra module refs:   Segment part 268
           ENTRY                   ADDRESS         REF BY
           =====                   =======         ======
           ipc_daemon_name         00005AFC 
           ipc_my_name             00005B08 
    -------------------------------------------------------------------------
DATA_C
  Relative segment, address: CODE_AREA 00005B14 - 00005B1B (0x8 bytes), align: 2
  Segment part 15.            Intra module refs:   Segment part 68
    -------------------------------------------------------------------------
DATA_C
  Relative segment, address: CODE_AREA 00005B1C - 00005B23 (0x8 bytes), align: 2
  Segment part 16.            Intra module refs:   Segment part 68
                                                   Segment part 72
    -------------------------------------------------------------------------
DATA_C
  Relative segment, address: CODE_AREA 00006061 - 00006061 (0x1 bytes), align: 0
  Segment part 17.            Intra module refs:   Segment part 72
    -------------------------------------------------------------------------
DATA_C
  Relative segment, address: CODE_AREA 00005B24 - 00005B2F (0xc bytes), align: 2
  Segment part 18.            Intra module refs:   Segment part 83
    -------------------------------------------------------------------------
DATA_C
  Relative segment, address: CODE_AREA 00005B30 - 00005B3B (0xc bytes), align: 2
  Segment part 19.            Intra module refs:   Segment part 85
    -------------------------------------------------------------------------
DATA_C
  Relative segment, address: CODE_AREA 00005B3C - 00005B47 (0xc bytes), align: 2
  Segment part 20.            Intra module refs:   Segment part 87
                                                   Segment part 89
    -------------------------------------------------------------------------
DATA_C
  Relative segment, address: CODE_AREA 00005B48 - 00005B4F (0x8 bytes), align: 2
  Segment part 21.            Intra module refs:   Segment part 63
    -------------------------------------------------------------------------
DATA_C
  Relative segment, address: CODE_AREA 00005B50 - 00005B5F (0x10 bytes), align: 2
  Segment part 22.            Intra module refs:   Segment part 89
    -------------------------------------------------------------------------
DATA_C
  Relative segment, address: CODE_AREA 00005B60 - 00005B6B (0xc bytes), align: 2
  Segment part 23.            Intra module refs:   Segment part 89
    -------------------------------------------------------------------------
DATA_C
  Relative segment, address: CODE_AREA 00005B6C - 00005B7B (0x10 bytes), align: 2
  Segment part 24.            Intra module refs:   Segment part 89
    -------------------------------------------------------------------------
DATA_C
  Relative segment, address: CODE_AREA 00005B7C - 00005B83 (0x8 bytes), align: 2
  Segment part 25.            Intra module refs:   Segment part 89
    -------------------------------------------------------------------------
DATA_C
  Relative segment, address: CODE_AREA 00005B84 - 00005B8F (0xc bytes), align: 2
  Segment part 26.            Intra module refs:   Segment part 89
    -------------------------------------------------------------------------
DATA_C
  Relative segment, address: CODE_AREA 00005B90 - 00005B9B (0xc bytes), align: 2
  Segment part 27.            Intra module refs:   Segment part 89
    -------------------------------------------------------------------------
DATA_C
  Relative segment, address: CODE_AREA 00005B9C - 00005BAB (0x10 bytes), align: 2
  Segment part 28.            Intra module refs:   Segment part 89
    -------------------------------------------------------------------------
DATA_C
  Relative segment, address: CODE_AREA 00005BAC - 00005BBB (0x10 bytes), align: 2
  Segment part 29.            Intra module refs:   Segment part 89
    -------------------------------------------------------------------------
DATA_C
  Relative segment, address: CODE_AREA 00005BBC - 00005BCB (0x10 bytes), align: 2
  Segment part 30.            Intra module refs:   Segment part 89
    -------------------------------------------------------------------------
DATA_C
  Relative segment, address: CODE_AREA 00005BCC - 00005BD3 (0x8 bytes), align: 2
  Segment part 31.            Intra module refs:   Segment part 89
    -------------------------------------------------------------------------
DATA_C
  Relative segment, address: CODE_AREA 00005BD4 - 00005BDF (0xc bytes), align: 2
  Segment part 32.            Intra module refs:   Segment part 63
                                                   Segment part 92
    -------------------------------------------------------------------------
CODE
  Relative segment, address: CODE_AREA 00002F78 - 0000383F (0x8c8 bytes), align: 2
  Segment part 186.           Intra module refs:   create_view
           ENTRY                   ADDRESS         REF BY
           =====                   =======         ======
           ParseMailBody           00002F78 
               stack 1 = 00000000 ( 00000174 )
    -------------------------------------------------------------------------
CODE
  Relative segment, address: CODE_AREA 00003840 - 00003843 (0x4 bytes), align: 2
  Segment part 187.           Intra module refs:   ParseMailBody
    -------------------------------------------------------------------------
CODE
  Relative segment, address: CODE_AREA 00003844 - 00003847 (0x4 bytes), align: 2
  Segment part 188.           Intra module refs:   ParseMailBody
    -------------------------------------------------------------------------
CODE
  Relative segment, address: CODE_AREA 00003848 - 00003BB7 (0x370 bytes), align: 2
  Segment part 190.           Intra module refs:   maillist_menu_onkey
           ENTRY                   ADDRESS         REF BY
           =====                   =======         ======
           create_view             00003848 
               stack 1 = 00000000 ( 00000054 )
    -------------------------------------------------------------------------
CODE
  Relative segment, address: CODE_AREA 00003BB8 - 00003BBB (0x4 bytes), align: 2
  Segment part 191.           Intra module refs:   create_view
                                                   get_cdisp_index
                                                   get_ctencoding_index
    -------------------------------------------------------------------------
CODE
  Relative segment, address: CODE_AREA 00003BBC - 00003EB3 (0x2f8 bytes), align: 2
  Segment part 193.           Intra module refs:   create_info_view
           ENTRY                   ADDRESS         REF BY
           =====                   =======         ======
           PrintTimeDate           00003BBC 
               stack 1 = 00000000 ( 00000084 )
    -------------------------------------------------------------------------
CODE
  Relative segment, address: CODE_AREA 00003EB4 - 0000436F (0x4bc bytes), align: 2
  Segment part 195.           Intra module refs:   show_info
           ENTRY                   ADDRESS         REF BY
           =====                   =======         ======
           create_info_view        00003EB4 
               stack 1 = 00000000 ( 000001E4 )
    -------------------------------------------------------------------------
CODE
  Relative segment, address: CODE_AREA 00004370 - 00004373 (0x4 bytes), align: 2
  Segment part 196.           Intra module refs:   create_info_view
    -------------------------------------------------------------------------
CODE
  Relative segment, address: CODE_AREA 00004374 - 00004377 (0x4 bytes), align: 2
  Segment part 197.           Intra module refs:   create_info_view
    -------------------------------------------------------------------------
CODE
  Relative segment, address: CODE_AREA 00004378 - 000043FF (0x88 bytes), align: 2
  Segment part 199.           Intra module refs:   maillist_menu_iconhndl
           ENTRY                   ADDRESS         REF BY
           =====                   =======         ======
           GetIconIndex            00004378 
    -------------------------------------------------------------------------
CODE
  Relative segment, address: CODE_AREA 00004400 - 00004457 (0x58 bytes), align: 2
  Segment part 201.           Intra module refs:   check_mailbox
           ENTRY                   ADDRESS         REF BY
           =====                   =======         ======
           send_req_checkmailbox   00004400        method5 (statscreen)
               stack 1 = 00000000 ( 00000004 )
    -------------------------------------------------------------------------
CODE
  Relative segment, address: CODE_AREA 00004458 - 000044AF (0x58 bytes), align: 2
  Segment part 203.
           ENTRY                   ADDRESS         REF BY
           =====                   =======         ======
           send_req_stopcheck      00004458        method5 (statscreen)
               stack 1 = 00000000 ( 00000004 )
    -------------------------------------------------------------------------
CODE
  Relative segment, address: CODE_AREA 000044B0 - 000044B3 (0x4 bytes), align: 2
  Segment part 204.           Intra module refs:   send_req_checkmailbox
                                                   send_req_stopcheck
    -------------------------------------------------------------------------
CODE
  Relative segment, address: CODE_AREA 000044B4 - 000044B7 (0x4 bytes), align: 2
  Segment part 206.           Intra module refs:   options_menu_HNDLS
           ENTRY                   ADDRESS         REF BY
           =====                   =======         ======
           check_mailbox           000044B4 
               stack 1 = 00000000 ( 00000004 )
    -------------------------------------------------------------------------
CODE
  Relative segment, address: CODE_AREA 000044B8 - 000044DB (0x24 bytes), align: 2
  Segment part 208.           Intra module refs:   set_state_delete_all
                                                   set_state_download_all
           ENTRY                   ADDRESS         REF BY
           =====                   =======         ======
           set_state_for_all       000044B8 
    -------------------------------------------------------------------------
CODE
  Relative segment, address: CODE_AREA 000044DC - 000044DF (0x4 bytes), align: 2
  Segment part 209.           Intra module refs:   set_state_for_all
    -------------------------------------------------------------------------
CODE
  Relative segment, address: CODE_AREA 000044E0 - 00004503 (0x24 bytes), align: 2
  Segment part 211.           Intra module refs:   options_menu_HNDLS
           ENTRY                   ADDRESS         REF BY
           =====                   =======         ======
           set_state_download      000044E0 
               stack 1 = 00000000 ( 00000004 )
    -------------------------------------------------------------------------
CODE
  Relative segment, address: CODE_AREA 00004504 - 0000451F (0x1c bytes), align: 2
  Segment part 213.           Intra module refs:   options_menu_HNDLS
           ENTRY                   ADDRESS         REF BY
           =====                   =======         ======
           set_state_not_download
                                   00004504 
               stack 1 = 00000000 ( 00000004 )
    -------------------------------------------------------------------------
CODE
  Relative segment, address: CODE_AREA 00004520 - 00004543 (0x24 bytes), align: 2
  Segment part 215.           Intra module refs:   options_menu_HNDLS
           ENTRY                   ADDRESS         REF BY
           =====                   =======         ======
           set_state_delete        00004520 
               stack 1 = 00000000 ( 00000004 )
    -------------------------------------------------------------------------
CODE
  Relative segment, address: CODE_AREA 00004544 - 0000455F (0x1c bytes), align: 2
  Segment part 217.           Intra module refs:   options_menu_HNDLS
           ENTRY                   ADDRESS         REF BY
           =====                   =======         ======
           set_state_not_delete    00004544 
               stack 1 = 00000000 ( 00000004 )
    -------------------------------------------------------------------------
CODE
  Relative segment, address: CODE_AREA 00004560 - 00004577 (0x18 bytes), align: 2
  Segment part 219.           Intra module refs:   options_menu_HNDLS
           ENTRY                   ADDRESS         REF BY
           =====                   =======         ======
           set_state_download_all
                                   00004560 
               stack 1 = 00000000 ( 00000004 )
    -------------------------------------------------------------------------
CODE
  Relative segment, address: CODE_AREA 00004578 - 0000458F (0x18 bytes), align: 2
  Segment part 221.           Intra module refs:   options_menu_HNDLS
           ENTRY                   ADDRESS         REF BY
           =====                   =======         ======
           set_state_delete_all    00004578 
               stack 1 = 00000000 ( 00000004 )
    -------------------------------------------------------------------------
CODE
  Relative segment, address: CODE_AREA 00004590 - 0000462B (0x9c bytes), align: 2
  Segment part 223.           Intra module refs:   options_menu_HNDLS
           ENTRY                   ADDRESS         REF BY
           =====                   =======         ======
           delete_record           00004590 
               stack 1 = 00000000 ( 00000014 )
    -------------------------------------------------------------------------
CODE
  Relative segment, address: CODE_AREA 0000462C - 0000464F (0x24 bytes), align: 2
  Segment part 225.           Intra module refs:   options_menu_HNDLS
           ENTRY                   ADDRESS         REF BY
           =====                   =======         ======
           delete_all_records      0000462C 
               stack 1 = 00000000 ( 00000004 )
    -------------------------------------------------------------------------
CODE
  Relative segment, address: CODE_AREA 00004650 - 00004667 (0x18 bytes), align: 2
  Segment part 227.           Intra module refs:   options_menu_HNDLS
           ENTRY                   ADDRESS         REF BY
           =====                   =======         ======
           show_info               00004650 
               stack 1 = 00000000 ( 00000004 )
    -------------------------------------------------------------------------
CODE
  Relative segment, address: CODE_AREA 00004668 - 00004677 (0x10 bytes), align: 2
  Segment part 229.           Intra module refs:   options_menu_HNDLS
           ENTRY                   ADDRESS         REF BY
           =====                   =======         ======
           back                    00004668 
               stack 1 = 00000000 ( 00000004 )
    -------------------------------------------------------------------------
CODE
  Relative segment, address: CODE_AREA 00004678 - 00004807 (0x190 bytes), align: 2
  Segment part 231.           Intra module refs:   maillist_menu_onkey
           ENTRY                   ADDRESS         REF BY
           =====                   =======         ======
           create_options_menu     00004678 
               stack 1 = 00000000 ( 00000054 )
    -------------------------------------------------------------------------
CODE
  Relative segment, address: CODE_AREA 00004808 - 0000488B (0x84 bytes), align: 2
  Segment part 233.           Intra module refs:   Segment part 63
           ENTRY                   ADDRESS         REF BY
           =====                   =======         ======
           maillist_menu_onkey     00004808 
               stack 1 = 00000000 ( 0000000C )
    -------------------------------------------------------------------------
CODE
  Relative segment, address: CODE_AREA 0000488C - 000048EF (0x64 bytes), align: 2
  Segment part 235.           Intra module refs:   Segment part 63
           ENTRY                   ADDRESS         REF BY
           =====                   =======         ======
           maillist_menu_ghook     0000488C 
               stack 1 = 00000000 ( 0000000C )
    -------------------------------------------------------------------------
CODE
  Relative segment, address: CODE_AREA 000048F0 - 000049D3 (0xe4 bytes), align: 2
  Segment part 237.           Intra module refs:   Segment part 63
           ENTRY                   ADDRESS         REF BY
           =====                   =======         ======
           maillist_menu_iconhndl
                                   000048F0 
               stack 1 = 00000000 ( 00000020 )
    -------------------------------------------------------------------------
CODE
  Relative segment, address: CODE_AREA 000049D4 - 000049E7 (0x14 bytes), align: 2
  Segment part 239.           Intra module refs:   Segment part 61
           ENTRY                   ADDRESS         REF BY
           =====                   =======         ======
           main_menu_ghook         000049D4 
               stack 1 = 00000000 ( 00000004 )
    -------------------------------------------------------------------------
CODE
  Relative segment, address: CODE_AREA 000049E8 - 000049FF (0x18 bytes), align: 2
  Segment part 241.           Intra module refs:   Segment part 61
           ENTRY                   ADDRESS         REF BY
           =====                   =======         ======
           main_menu_onkey         000049E8 
    -------------------------------------------------------------------------
CODE
  Relative segment, address: CODE_AREA 00004A00 - 00004A3B (0x3c bytes), align: 2
  Segment part 243.           Intra module refs:   Incoming
           ENTRY                   ADDRESS         REF BY
           =====                   =======         ======
           CreateMailList          00004A00 
               stack 1 = 00000000 ( 00000018 )
    -------------------------------------------------------------------------
CODE
  Relative segment, address: CODE_AREA 00004A3C - 00004A6B (0x30 bytes), align: 2
  Segment part 245.           Intra module refs:   mainmenu_HNDLS
           ENTRY                   ADDRESS         REF BY
           =====                   =======         ======
           Incoming                00004A3C 
               stack 1 = 00000000 ( 00000004 )
    -------------------------------------------------------------------------
CODE
  Relative segment, address: CODE_AREA 00004A6C - 00004A6F (0x4 bytes), align: 2
  Segment part 247.           Intra module refs:   mainmenu_HNDLS
           ENTRY                   ADDRESS         REF BY
           =====                   =======         ======
           Outgoing                00004A6C 
    -------------------------------------------------------------------------
CODE
  Relative segment, address: CODE_AREA 00004A70 - 00004AB7 (0x48 bytes), align: 2
  Segment part 249.           Intra module refs:   mainmenu_HNDLS
           ENTRY                   ADDRESS         REF BY
           =====                   =======         ======
           Options                 00004A70 
               stack 1 = 00000000 ( 0000011C )
    -------------------------------------------------------------------------
CODE
  Relative segment, address: CODE_AREA 00004AB8 - 00004ABB (0x4 bytes), align: 2
  Segment part 251.           Intra module refs:   mainmenu_HNDLS
           ENTRY                   ADDRESS         REF BY
           =====                   =======         ======
           StatScr                 00004AB8 
               stack 1 = 00000000 ( 00000004 )
[...]
DATA_C
  Relative segment, address: CODE_AREA 00005C80 - 00005C83 (0x4 bytes), align: 2
  Segment part 49.            Intra module refs:   Segment part 79
    -------------------------------------------------------------------------
DATA_C
  Relative segment, address: CODE_AREA 00005C84 - 00005C87 (0x4 bytes), align: 2
  Segment part 50.            Intra module refs:   Segment part 79
    -------------------------------------------------------------------------
DATA_C
  Relative segment, address: CODE_AREA 00005C88 - 00005C8B (0x4 bytes), align: 2
  Segment part 51.            Intra module refs:   Segment part 79
    -------------------------------------------------------------------------
DATA_C
  Relative segment, address: CODE_AREA 00005C8C - 00005C8F (0x4 bytes), align: 2
  Segment part 52.            Intra module refs:   Segment part 79
    -------------------------------------------------------------------------
DATA_C
  Relative segment, address: CODE_AREA 00005C90 - 00005CAF (0x20 bytes), align: 2
  Segment part 53.            Intra module refs:   get_subject
    -------------------------------------------------------------------------
DATA_C
  Relative segment, address: CODE_AREA 00005CB0 - 00005CB7 (0x8 bytes), align: 2
  Segment part 54.            Intra module refs:   get_date
    -------------------------------------------------------------------------
DATA_C
  Relative segment, address: CODE_AREA 00005CB8 - 00005CBF (0x8 bytes), align: 2
  Segment part 55.            Intra module refs:   get_from
    -------------------------------------------------------------------------
DATA_C
  Relative segment, address: CODE_AREA 00005CC0 - 00005EBF (0x200 bytes), align: 2
  Segment part 58.            Intra module refs:   char8to16
           ENTRY                   ADDRESS         REF BY
           =====                   =======         ======
           dos2unicode             00005CC0 
           koi8translation         00005E40 
           wintranslation          00005DC0 
    -------------------------------------------------------------------------
DATA_C
  Relative segment, address: CODE_AREA 00005EC0 - 00005ECB (0xc bytes), align: 2
  Segment part 59.            Intra module refs:   Segment part 120
           ENTRY                   ADDRESS         REF BY
           =====                   =======         ======
           mailer_db_name          00005EC0 
    -------------------------------------------------------------------------
DATA_C
  Relative segment, address: CODE_AREA 00005ECC - 00005EF7 (0x2c bytes), align: 2
  Segment part 90.            Intra module refs:   Segment part 63
           ENTRY                   ADDRESS         REF BY
           =====                   =======         ======
           options_menu_HNDLS      00005ECC 
    -------------------------------------------------------------------------
DATA_C
  Relative segment, address: CODE_AREA 00005EF8 - 00005F0F (0x18 bytes), align: 2
  Segment part 93.            Intra module refs:   Segment part 61
           ENTRY                   ADDRESS         REF BY
           =====                   =======         ======
           mainmenu_HNDLS          00005EF8 
    -------------------------------------------------------------------------
DATA_C
  Relative segment, address: CODE_AREA 00005F10 - 00005F13 (0x4 bytes), align: 2
  Segment part 94.            Intra module refs:   MAINCSM
           ENTRY                   ADDRESS         REF BY
           =====                   =======         ======
           minus11                 00005F10 
    -------------------------------------------------------------------------
CODE
  Relative segment, address: CODE_AREA 00004F1C - 00004F37 (0x1c bytes), align: 2
  Segment part 273.           Intra module refs:   main
           ENTRY                   ADDRESS         REF BY
           =====                   =======         ======
           UpdateCSMname           00004F1C 
               stack 1 = 00000000 ( 00000004 )
    -------------------------------------------------------------------------
CODE
  Relative segment, address: CODE_AREA 00004F38 - 00004F7B (0x44 bytes), align: 2
  Segment part 275.
           ENTRY                   ADDRESS         REF BY
           =====                   =======         ======
           main                    00004F38        Absolute parts (?ABS_ENTRY_MOD)
               stack 1 = 00000000 ( 00000030 )
    -------------------------------------------------------------------------
CODE
  Relative segment, address: CODE_AREA 00004F7C - 00005027 (0xac bytes), align: 2
  Segment part 290.           Intra module refs:   InitHeaders
                                                   ParseMailBody
                                                   get_cdisp_index
                                                   get_ctencoding_index
                                                   get_ctype_index
                                                   get_date_from_str
                                                   get_param_from_string
           ENTRY                   ADDRESS         REF BY
           =====                   =======         ======
           strstr_nocase           00004F7C        strip_html (decode)
                                                   strreplace (decode)
               stack 1 = 00000000 ( 00000008 )
    -------------------------------------------------------------------------
DATA_ID
  Relative segment, address: CODE_AREA 00000184 - 000001D7 (0x54 bytes), align: 2
  Segment part 61.            Intra module refs:   Segment part 60
    -------------------------------------------------------------------------
DATA_ID
  Relative segment, address: CODE_AREA 000001D8 - 0000026F (0x98 bytes), align: 2
  Segment part 63.            Intra module refs:   Segment part 62
    -------------------------------------------------------------------------
DATA_ID
  Relative segment, address: CODE_AREA 00000270 - 0000027B (0xc bytes), align: 2
  Segment part 66.            Intra module refs:   menusoftkeys
    -------------------------------------------------------------------------
DATA_ID
  Relative segment, address: CODE_AREA 0000027C - 00000293 (0x18 bytes), align: 2
  Segment part 68.            Intra module refs:   menu_sk
    -------------------------------------------------------------------------
DATA_ID
  Relative segment, address: CODE_AREA 00000294 - 0000029B (0x8 bytes), align: 2
  Segment part 70.            Intra module refs:   menu_skt
    -------------------------------------------------------------------------
DATA_ID
  Relative segment, address: CODE_AREA 0000029C - 000002B3 (0x18 bytes), align: 2
  Segment part 72.            Intra module refs:   menu_sk2
    -------------------------------------------------------------------------
DATA_ID
  Relative segment, address: CODE_AREA 000002B4 - 000002BB (0x8 bytes), align: 2
  Segment part 74.            Intra module refs:   menu_skt2
    -------------------------------------------------------------------------
DATA_ID
  Relative segment, address: CODE_AREA 000002BC - 0000031B (0x60 bytes), align: 2
  Segment part 77.            Intra module refs:   Segment part 76
    -------------------------------------------------------------------------
DATA_ID
  Relative segment, address: CODE_AREA 0000031C - 000003AB (0x90 bytes), align: 2
  Segment part 79.            Intra module refs:   Segment part 78
    -------------------------------------------------------------------------
DATA_ID
  Relative segment, address: CODE_AREA 000003AC - 000003B3 (0x8 bytes), align: 2
  Segment part 81.            Intra module refs:   Segment part 80
    -------------------------------------------------------------------------
DATA_ID
  Relative segment, address: CODE_AREA 000003B4 - 000003FF (0x4c bytes), align: 2
  Segment part 83.            Intra module refs:   Segment part 82
    -------------------------------------------------------------------------
DATA_ID
  Relative segment, address: CODE_AREA 00000400 - 0000044B (0x4c bytes), align: 2
  Segment part 85.            Intra module refs:   Segment part 84
    -------------------------------------------------------------------------
DATA_ID
  Relative segment, address: CODE_AREA 0000044C - 00000497 (0x4c bytes), align: 2
  Segment part 87.            Intra module refs:   Segment part 86
    -------------------------------------------------------------------------
DATA_ID
  Relative segment, address: CODE_AREA 00000498 - 000005CB (0x134 bytes), align: 2
  Segment part 89.            Intra module refs:   options_menu_ITEMS
    -------------------------------------------------------------------------
DATA_ID
  Relative segment, address: CODE_AREA 000005CC - 00000673 (0xa8 bytes), align: 2
  Segment part 92.            Intra module refs:   mainmenu_ITEMS
    -------------------------------------------------------------------------
INITTAB
  Relative segment, address: CODE_AREA 00006070 - 0000607B (0xc bytes), align: 2
  Segment part 293. ROOT.
           ENTRY                   ADDRESS         REF BY
           =====                   =======         ======
           ?init?tab?DATA_Z        00006070 

    *************************************************************************

  FILE NAME : D:\Pasha\elf\_MY_PROJECT_\MailClient\MailViewer\Release_ELKA\Obj\statscreen.r79
  PROGRAM MODULE, NAME : statscreen

  SEGMENTS IN THE MODULE
  ======================
DATA_I
  Relative segment, address: DATA_AREA 00000674 - 0000069B (0x28 bytes), align: 2
  Segment part 13.            Intra module refs:   method0
           ENTRY                   ADDRESS         REF BY
           =====                   =======         ======
           c_states                00000674 
    -------------------------------------------------------------------------
DATA_Z
  Relative segment, address: CODE_AREA 000061B8 - 000061BB (0x4 bytes), align: 2
  Segment part 15.            Intra module refs:   create_gui
           ENTRY                   ADDRESS         REF BY
           =====                   =======         ======
           stat_gui_id             000061B8        maincsm_onmessage (main)
    -------------------------------------------------------------------------
CODE
  Relative segment, address: CODE_AREA 00005028 - 000052F7 (0x2d0 bytes), align: 2
  Segment part 18.            Intra module refs:   Segment part 16
           ENTRY                   ADDRESS         REF BY
           =====                   =======         ======
           method0                 00005028 
               stack 1 = 00000000 ( 00000054 )
    -------------------------------------------------------------------------
CODE
  Relative segment, address: CODE_AREA 000052F8 - 00005317 (0x20 bytes), align: 2
  Segment part 20.            Intra module refs:   Segment part 16
           ENTRY                   ADDRESS         REF BY
           =====                   =======         ======
           method1                 000052F8 
               stack 1 = 00000000 ( 00000008 )
    -------------------------------------------------------------------------
CODE
  Relative segment, address: CODE_AREA 00005318 - 00005333 (0x1c bytes), align: 2
  Segment part 22.            Intra module refs:   Segment part 16
           ENTRY                   ADDRESS         REF BY
           =====                   =======         ======
           method2                 00005318 
               stack 1 = 00000000 ( 00000008 )
    -------------------------------------------------------------------------
CODE
  Relative segment, address: CODE_AREA 00005334 - 0000534B (0x18 bytes), align: 2
  Segment part 24.            Intra module refs:   Segment part 16
           ENTRY                   ADDRESS         REF BY
           =====                   =======         ======
           method3                 00005334 
               stack 1 = 00000000 ( 00000008 )
    -------------------------------------------------------------------------
CODE
  Relative segment, address: CODE_AREA 0000534C - 0000535F (0x14 bytes), align: 2
  Segment part 26.            Intra module refs:   Segment part 16
           ENTRY                   ADDRESS         REF BY
           =====                   =======         ======
           method4                 0000534C 
    -------------------------------------------------------------------------
CODE
  Relative segment, address: CODE_AREA 00005360 - 000053EF (0x90 bytes), align: 2
  Segment part 28.            Intra module refs:   Segment part 16
           ENTRY                   ADDRESS         REF BY
           =====                   =======         ======
           method5                 00005360 
               stack 1 = 00000000 ( 00000008 )
    -------------------------------------------------------------------------
CODE
  Relative segment, address: CODE_AREA 000053F0 - 000053F3 (0x4 bytes), align: 2
  Segment part 29.            Intra module refs:   method0
                                                   method5
    -------------------------------------------------------------------------
CODE
  Relative segment, address: CODE_AREA 000053F4 - 000053F7 (0x4 bytes), align: 2
  Segment part 30.            Intra module refs:   method0
                                                   method5
    -------------------------------------------------------------------------
CODE
  Relative segment, address: CODE_AREA 000053F8 - 000053FF (0x8 bytes), align: 2
  Segment part 32.            Intra module refs:   Segment part 16
           ENTRY                   ADDRESS         REF BY
           =====                   =======         ======
           method8                 000053F8 
    -------------------------------------------------------------------------
CODE
  Relative segment, address: CODE_AREA 00005400 - 00005407 (0x8 bytes), align: 2
  Segment part 34.            Intra module refs:   Segment part 16
           ENTRY                   ADDRESS         REF BY
           =====                   =======         ======
           method9                 00005400 
    -------------------------------------------------------------------------
DATA_C
  Relative segment, address: CODE_AREA 00005F14 - 00005F23 (0x10 bytes), align: 2
  Segment part 2.             Intra module refs:   Segment part 14
    -------------------------------------------------------------------------
DATA_C
  Relative segment, address: CODE_AREA 00005F24 - 00005F37 (0x14 bytes), align: 2
  Segment part 3.             Intra module refs:   Segment part 14
    -------------------------------------------------------------------------
DATA_C
  Relative segment, address: CODE_AREA 00005F38 - 00005F4B (0x14 bytes), align: 2
  Segment part 4.             Intra module refs:   Segment part 14
    -------------------------------------------------------------------------
DATA_C
  Relative segment, address: CODE_AREA 00005F4C - 00005F57 (0xc bytes), align: 2
  Segment part 5.             Intra module refs:   Segment part 14
    -------------------------------------------------------------------------
DATA_C
  Relative segment, address: CODE_AREA 00005F58 - 00005F6B (0x14 bytes), align: 2
  Segment part 6.             Intra module refs:   Segment part 14
    -------------------------------------------------------------------------
DATA_C
  Relative segment, address: CODE_AREA 00005F6C - 00005F77 (0xc bytes), align: 2
  Segment part 7.             Intra module refs:   Segment part 14
    -------------------------------------------------------------------------
DATA_C
  Relative segment, address: CODE_AREA 00005F78 - 00005F87 (0x10 bytes), align: 2
  Segment part 8.             Intra module refs:   Segment part 14
    -------------------------------------------------------------------------
DATA_C
  Relative segment, address: CODE_AREA 00005F88 - 00005F97 (0x10 bytes), align: 2
  Segment part 9.             Intra module refs:   Segment part 14
    -------------------------------------------------------------------------
DATA_C
  Relative segment, address: CODE_AREA 00005F98 - 00005FA7 (0x10 bytes), align: 2
  Segment part 10.            Intra module refs:   Segment part 14
    -------------------------------------------------------------------------
DATA_C
  Relative segment, address: CODE_AREA 00005FA8 - 00005FB3 (0xc bytes), align: 2
  Segment part 11.            Intra module refs:   Segment part 14
    -------------------------------------------------------------------------
DATA_C
  Relative segment, address: CODE_AREA 00005FB4 - 0000602B (0x78 bytes), align: 2
  Segment part 12.            Intra module refs:   method0
    -------------------------------------------------------------------------
DATA_C
  Relative segment, address: CODE_AREA 0000602C - 0000605F (0x34 bytes), align: 2
  Segment part 16.            Intra module refs:   create_gui
           ENTRY                   ADDRESS         REF BY
           =====                   =======         ======
           Canvas                  00006058 
           gui_methods             0000602C 
    -------------------------------------------------------------------------
CODE
  Relative segment, address: CODE_AREA 00005408 - 000054AB (0xa4 bytes), align: 2
  Segment part 36.
           ENTRY                   ADDRESS         REF BY
           =====                   =======         ======
           create_gui              00005408        Incoming (main)
                                                   StatScr (main)
                                                   maincsm_onmessage (main)
               stack 1 = 00000000 ( 00000014 )
    -------------------------------------------------------------------------
DATA_ID
  Relative segment, address: CODE_AREA 00000674 - 0000069B (0x28 bytes), align: 2
  Segment part 14.            Intra module refs:   c_states




                ****************************************
                *                                      *
                *      SEGMENTS IN ADDRESS ORDER       *
                *                                      *
                ****************************************


SEGMENT              SPACE    START ADDRESS   END ADDRESS     SIZE  TYPE  ALIGN
=======              =====    =============   ===========     ====  ====  =====
ELFBEGIN             CODE_AREA           00000000                     dse    0
DATA_ID              CODE_AREA      00000000 - 0000069B         69C   rel    2
START                CODE_AREA           0000069C                     dse    0
CODE                 CODE_AREA      0000069C - 000054AB        4E10   rel    2
DATA_C               CODE_AREA      000054AC - 00006061         BB6   rel    2
INITTAB              CODE_AREA      00006064 - 0000607B          18   rel    2
DATA_Z               CODE_AREA      0000607C - 000061BB         140   rel    2
DATA_N               CODE_AREA           000061BC                     dse    0
CONFIG_C             CODE_AREA      000061BC - 000069E3         828   rel    2
DATA_I               DATA_AREA      00000000 - 0000069B         69C   rel    2

                ****************************************
                *                                      *
                *        END OF CROSS REFERENCE        *
                *                                      *
                ****************************************

 27 106 bytes of CODE memory
  1 692 bytes of DATA memory

Errors: none
Warnings: none

