Error[e46]: Undefined external "??divu32_a" referred in main ( F:\SVN\cn\ScrTool2\Release_NEWSGOLD\Obj\main.r79 )
Error[e46]: Undefined external "??div32_a" referred in main ( F:\SVN\cn\ScrTool2\Release_NEWSGOLD\Obj\main.r79 )
Error[e46]: Undefined external "AF13" referred in main ( F:\SVN\cn\ScrTool2\Release_NEWSGOLD\Obj\main.r79 )
Error[e46]: Undefined external "AI13" referred in main ( F:\SVN\cn\ScrTool2\Release_NEWSGOLD\Obj\main.r79 )
Error[e46]: Undefined external "AT13" referred in main ( F:\SVN\cn\ScrTool2\Release_NEWSGOLD\Obj\main.r79 )
Error[e46]: Undefined external "AN13" referred in main ( F:\SVN\cn\ScrTool2\Release_NEWSGOLD\Obj\main.r79 )
Error[e46]: Undefined external "strtoul" referred in main ( F:\SVN\cn\ScrTool2\Release_NEWSGOLD\Obj\main.r79 )
################################################################################
#                                                                              #
#      IAR Universal Linker V4.60I/386                                         #
#                                                                              #
#           Link time     =  08/Jul/2010  13:52:48                             #
#           Target CPU    =  ARM                                               #
#           List file     =  F:\SVN\cn\ScrTool2\Release_NEWSGOLD\List\ScrTool_ #
#                            NSG.map                                           #
#           Output file 1 =  F:\SVN\cn\ScrTool2\Release_NEWSGOLD\exe\ScrTool_N #
#                            SG.elf                                            #
#                            Format: elf, variant: -ynpra                      #
#           Command line  =  F:\SVN\cn\ScrTool2\Release_NEWSGOLD\Obj\conf_load #
#                            er.r79                                            #
#                            F:\SVN\cn\ScrTool2\Release_NEWSGOLD\Obj\config_da #
#                            ta.r79                                            #
#                            F:\SVN\cn\ScrTool2\Release_NEWSGOLD\Obj\func.r79  #
#                            F:\SVN\cn\ScrTool2\Release_NEWSGOLD\Obj\main.r79  #
#                            -o                                                #
#                            F:\SVN\cn\ScrTool2\Release_NEWSGOLD\exe\ScrTool_N #
#                            SG.elf                                            #
#                            -Felf -l                                          #
#                            F:\SVN\cn\ScrTool2\Release_NEWSGOLD\List\ScrTool_ #
#                            NSG.map                                           #
#                            -xmsnio                                           #
#                            "-IF:\software\Embedded Workbench 4.0 Evaluation\ #
#                            ARM\LIB\"                                         #
#                            -f F:\SVN\cn\ScrTool2\test.xcl (-carm             #
#                            -V(CODE)CODE_AREA,12 -V(DATA)DATA_AREA,12         #
#                            -Z(CODE_AREA)ELFBEGIN,DATA_ID,START,CODE,DATA_C,I #
#                            NITTAB,DATA_Z,DATA_N,CONFIG_C=0-FFFFFFFF          #
#                            -Z(DATA_AREA)DATA_I=0-FFFFFFFF) -ynpra -s main    #
#                                                                              #
#                        Copyright 1987-2007 IAR Systems. All rights reserved. #
################################################################################





                ****************************************
                *                                      *
                *           CROSS REFERENCE            *
                *                                      *
                ****************************************

       Program entry at : CODE_AREA 0000395C  Relocatable, from module : main




                ****************************************
                *                                      *
                *            RUNTIME MODEL             *
                *                                      *
                ****************************************

  StackAlign4  = USED
  __cpu_mode   = __pcs__interwork
  __data_model = absolute
  __endian     = little
  __rt_version = 6



                ****************************************
                *                                      *
                *              MODULE MAP              *
                *                                      *
                ****************************************


  DEFINED ABSOLUTE ENTRIES
    *************************************************************************

  DEFINED ABSOLUTE ENTRIES
    *************************************************************************

  FILE NAME : F:\SVN\cn\ScrTool2\Release_NEWSGOLD\Obj\conf_loader.r79
  PROGRAM MODULE, NAME : conf_loader

  SEGMENTS IN THE MODULE
  ======================
DATA_I
  Relative segment, address: DATA_AREA 00000000 - 00000003 (0x4 bytes), align: 2
  Segment part 4.             Intra module refs:   LoadConfigData
           ENTRY                   ADDRESS         REF BY
           =====                   =======         ======
           cfn                     00000000        Segment part 124 (main)
    -------------------------------------------------------------------------
CODE
  Segment part 6. NOT NEEDED.
    -------------------------------------------------------------------------
CODE
  Relative segment, address: CODE_AREA 000002C4 - 000003BF (0xfc bytes), align: 2
  Segment part 7.             Intra module refs:   InitConfig
           ENTRY                   ADDRESS         REF BY
           =====                   =======         ======
           LoadConfigData          000002C4 
               stack 1 = 00000000 ( 00000024 )
    -------------------------------------------------------------------------
CODE
  Segment part 8. NOT NEEDED.
    -------------------------------------------------------------------------
CODE
  Relative segment, address: CODE_AREA 000003C0 - 000003E7 (0x28 bytes), align: 2
  Segment part 9.
           ENTRY                   ADDRESS         REF BY
           =====                   =======         ======
           InitConfig              000003C0        DaemonOnMessage (main)
                                                   main (main)
               stack 1 = 00000000 ( 00000008 )
    -------------------------------------------------------------------------
CSTACK
  Segment part 1. NOT NEEDED.
    -------------------------------------------------------------------------
DATA_ID
  Relative segment, address: CODE_AREA 00000000 - 00000003 (0x4 bytes), align: 2
  Segment part 5.             Intra module refs:   cfn
    -------------------------------------------------------------------------
DATA_ID
  Segment part 10. NOT NEEDED.
           ENTRY                   ADDRESS         REF BY
           =====                   =======         ======
           ?*?DATA_ID              
    -------------------------------------------------------------------------
INITTAB
  Relative segment, address: CODE_AREA 0000449C - 000044A7 (0xc bytes), align: 2
  Segment part 11. ROOT.
           ENTRY                   ADDRESS         REF BY
           =====                   =======         ======
           ?init?tab?DATA_I        0000449C 
    -------------------------------------------------------------------------
CONFIG_C
  Segment part 12. NOT NEEDED.
    -------------------------------------------------------------------------
DATA_C
  Relative segment, address: CODE_AREA 00004498 - 00004498 (0x1 bytes), align: 0
  Segment part 2.             Intra module refs:   Segment part 5
    -------------------------------------------------------------------------
DATA_C
  Relative segment, address: CODE_AREA 00003A34 - 00003A6B (0x38 bytes), align: 2
  Segment part 3.             Intra module refs:   InitConfig

    *************************************************************************

  FILE NAME : F:\SVN\cn\ScrTool2\Release_NEWSGOLD\Obj\config_data.r79
  PROGRAM MODULE, NAME : config_data

  SEGMENTS IN THE MODULE
  ======================
CONFIG_C
  Relative segment, address: CODE_AREA 00004680 - 000046AB (0x2c bytes), align: 2
  Segment part 2. ROOT.
           ENTRY                   ADDRESS         REF BY
           =====                   =======         ======
           cfghdr0                 00004680        LoadConfigData (conf_loader)
    -------------------------------------------------------------------------
CONFIG_C
  Relative segment, address: CODE_AREA 000046AC - 000046AF (0x4 bytes), align: 2
  Segment part 3. ROOT.
           ENTRY                   ADDRESS         REF BY
           =====                   =======         ======
           TASK_ENA                000046AC        Segment part 138 (main)
                                                   Segment part 95 (main)
    -------------------------------------------------------------------------
CONFIG_C
  Relative segment, address: CODE_AREA 000046B0 - 000046DB (0x2c bytes), align: 2
  Segment part 4. ROOT.
           ENTRY                   ADDRESS         REF BY
           =====                   =======         ======
           SCR11                   000046B0 
    -------------------------------------------------------------------------
CONFIG_C
  Relative segment, address: CODE_AREA 000046DC - 00004707 (0x2c bytes), align: 2
  Segment part 5. ROOT.
           ENTRY                   ADDRESS         REF BY
           =====                   =======         ======
           SCR1_1                  000046DC 
    -------------------------------------------------------------------------
CONFIG_C
  Relative segment, address: CODE_AREA 00004708 - 0000470B (0x4 bytes), align: 2
  Segment part 6. ROOT.
           ENTRY                   ADDRESS         REF BY
           =====                   =======         ======
           TEXT_ENA                00004708        InitShow (main)
    -------------------------------------------------------------------------
CONFIG_C
  Relative segment, address: CODE_AREA 0000470C - 00004737 (0x2c bytes), align: 2
  Segment part 7. ROOT.
           ENTRY                   ADDRESS         REF BY
           =====                   =======         ======
           SCR1_3                  0000470C 
    -------------------------------------------------------------------------
CONFIG_C
  Relative segment, address: CODE_AREA 00004738 - 00004757 (0x20 bytes), align: 2
  Segment part 8. ROOT.
           ENTRY                   ADDRESS         REF BY
           =====                   =======         ======
           TEXT_CP                 00004738        InitScreen (main)
    -------------------------------------------------------------------------
CONFIG_C
  Relative segment, address: CODE_AREA 00004758 - 00004783 (0x2c bytes), align: 2
  Segment part 9. ROOT.
           ENTRY                   ADDRESS         REF BY
           =====                   =======         ======
           SCR1_2                  00004758 
    -------------------------------------------------------------------------
CONFIG_C
  Relative segment, address: CODE_AREA 00004784 - 00004787 (0x4 bytes), align: 2
  Segment part 10. ROOT.
           ENTRY                   ADDRESS         REF BY
           =====                   =======         ======
           TEXT_X                  00004784        InitScreen (main)
    -------------------------------------------------------------------------
CONFIG_C
  Relative segment, address: CODE_AREA 00004788 - 0000478B (0x4 bytes), align: 2
  Segment part 11. ROOT.
           ENTRY                   ADDRESS         REF BY
           =====                   =======         ======
           TEXT_Y                  00004788        InitScreen (main)
    -------------------------------------------------------------------------
CONFIG_C
  Relative segment, address: CODE_AREA 0000478C - 000047B7 (0x2c bytes), align: 2
  Segment part 12. ROOT.
           ENTRY                   ADDRESS         REF BY
           =====                   =======         ======
           SCR1_4                  0000478C 
    -------------------------------------------------------------------------
CONFIG_C
  Relative segment, address: CODE_AREA 000047B8 - 000047BB (0x4 bytes), align: 2
  Segment part 13. ROOT.
           ENTRY                   ADDRESS         REF BY
           =====                   =======         ======
           TEXT_CS                 000047B8        InitShow (main)
    -------------------------------------------------------------------------
CONFIG_C
  Relative segment, address: CODE_AREA 000047BC - 000047E7 (0x2c bytes), align: 2
  Segment part 14. ROOT.
           ENTRY                   ADDRESS         REF BY
           =====                   =======         ======
           SCR1_5                  000047BC 
    -------------------------------------------------------------------------
CONFIG_C
  Relative segment, address: CODE_AREA 000047E8 - 000047EB (0x4 bytes), align: 2
  Segment part 15. ROOT.
           ENTRY                   ADDRESS         REF BY
           =====                   =======         ======
           TEXT_CB                 000047E8        InitShow (main)
    -------------------------------------------------------------------------
CONFIG_C
  Relative segment, address: CODE_AREA 000047EC - 00004817 (0x2c bytes), align: 2
  Segment part 16. ROOT.
           ENTRY                   ADDRESS         REF BY
           =====                   =======         ======
           SCR1_6                  000047EC 
    -------------------------------------------------------------------------
CONFIG_C
  Relative segment, address: CODE_AREA 00004818 - 0000481B (0x4 bytes), align: 2
  Segment part 17. ROOT.
           ENTRY                   ADDRESS         REF BY
           =====                   =======         ======
           TEXT_T                  00004818        InitShow (main)
    -------------------------------------------------------------------------
CONFIG_C
  Relative segment, address: CODE_AREA 0000481C - 00004847 (0x2c bytes), align: 2
  Segment part 18. ROOT.
           ENTRY                   ADDRESS         REF BY
           =====                   =======         ======
           SCR1_7                  0000481C 
    -------------------------------------------------------------------------
CONFIG_C
  Relative segment, address: CODE_AREA 00004848 - 0000484B (0x4 bytes), align: 2
  Segment part 19. ROOT.
           ENTRY                   ADDRESS         REF BY
           =====                   =======         ======
           TEXT_FT                 00004848        InitShow (main)
    -------------------------------------------------------------------------
CONFIG_C
  Relative segment, address: CODE_AREA 0000484C - 00004877 (0x2c bytes), align: 2
  Segment part 20. ROOT.
           ENTRY                   ADDRESS         REF BY
           =====                   =======         ======
           SCR10                   0000484C 
    -------------------------------------------------------------------------
CONFIG_C
  Relative segment, address: CODE_AREA 00004878 - 000048A3 (0x2c bytes), align: 2
  Segment part 21. ROOT.
           ENTRY                   ADDRESS         REF BY
           =====                   =======         ======
           mBAR1                   00004878 
    -------------------------------------------------------------------------
CONFIG_C
  Relative segment, address: CODE_AREA 000048A4 - 000048CF (0x2c bytes), align: 2
  Segment part 22. ROOT.
           ENTRY                   ADDRESS         REF BY
           =====                   =======         ======
           BAR_0                   000048A4 
    -------------------------------------------------------------------------
CONFIG_C
  Relative segment, address: CODE_AREA 000048D0 - 000048D3 (0x4 bytes), align: 2
  Segment part 23. ROOT.
           ENTRY                   ADDRESS         REF BY
           =====                   =======         ======
           DEST_ENA                000048D0        DrawGUI (main)
    -------------------------------------------------------------------------
CONFIG_C
  Relative segment, address: CODE_AREA 000048D4 - 000048FF (0x2c bytes), align: 2
  Segment part 24. ROOT.
           ENTRY                   ADDRESS         REF BY
           =====                   =======         ======
           SCR                     000048D4 
    -------------------------------------------------------------------------
CONFIG_C
  Relative segment, address: CODE_AREA 00004900 - 00004903 (0x4 bytes), align: 2
  Segment part 25. ROOT.
           ENTRY                   ADDRESS         REF BY
           =====                   =======         ======
           INFO_ENA                00004900        DaemonOnMessage (main)
    -------------------------------------------------------------------------
CONFIG_C
  Relative segment, address: CODE_AREA 00004904 - 00004983 (0x80 bytes), align: 2
  Segment part 26. ROOT.
           ENTRY                   ADDRESS         REF BY
           =====                   =======         ======
           BOX01                   00004904 
    -------------------------------------------------------------------------
CONFIG_C
  Relative segment, address: CODE_AREA 00004984 - 000049AF (0x2c bytes), align: 2
  Segment part 27. ROOT.
           ENTRY                   ADDRESS         REF BY
           =====                   =======         ======
           BAR_3                   00004984 
    -------------------------------------------------------------------------
CONFIG_C
  Relative segment, address: CODE_AREA 000049B0 - 000049B3 (0x4 bytes), align: 2
  Segment part 28. ROOT.
           ENTRY                   ADDRESS         REF BY
           =====                   =======         ======
           CALL_BTN                000049B0        Segment part 119 (main)
    -------------------------------------------------------------------------
CONFIG_C
  Relative segment, address: CODE_AREA 000049B4 - 00004A93 (0xe0 bytes), align: 2
  Segment part 29. ROOT.
           ENTRY                   ADDRESS         REF BY
           =====                   =======         ======
           BOX02                   000049B4 
    -------------------------------------------------------------------------
CONFIG_C
  Relative segment, address: CODE_AREA 00004A94 - 00004ABF (0x2c bytes), align: 2
  Segment part 30. ROOT.
           ENTRY                   ADDRESS         REF BY
           =====                   =======         ======
           BAR_1                   00004A94 
    -------------------------------------------------------------------------
CONFIG_C
  Relative segment, address: CODE_AREA 00004AC0 - 00004AC3 (0x4 bytes), align: 2
  Segment part 31. ROOT.
           ENTRY                   ADDRESS         REF BY
           =====                   =======         ======
           REFRESH                 00004AC0        DaemonOnMessage (main)
    -------------------------------------------------------------------------
CONFIG_C
  Relative segment, address: CODE_AREA 00004AC4 - 00004AEF (0x2c bytes), align: 2
  Segment part 32. ROOT.
           ENTRY                   ADDRESS         REF BY
           =====                   =======         ======
           BAR_2                   00004AC4 
    -------------------------------------------------------------------------
CONFIG_C
  Relative segment, address: CODE_AREA 00004AF0 - 00004AF3 (0x4 bytes), align: 2
  Segment part 33. ROOT.
           ENTRY                   ADDRESS         REF BY
           =====                   =======         ======
           AUTO_CLOSE              00004AF0        DrawGUI (main)
    -------------------------------------------------------------------------
CONFIG_C
  Relative segment, address: CODE_AREA 00004AF4 - 00004B1F (0x2c bytes), align: 2
  Segment part 34. ROOT.
           ENTRY                   ADDRESS         REF BY
           =====                   =======         ======
           BAR_5                   00004AF4 
    -------------------------------------------------------------------------
CONFIG_C
  Relative segment, address: CODE_AREA 00004B20 - 00004B23 (0x4 bytes), align: 2
  Segment part 35. ROOT.
           ENTRY                   ADDRESS         REF BY
           =====                   =======         ======
           MODE_KBD                00004B20        DaemonKeyHook (main)
    -------------------------------------------------------------------------
CONFIG_C
  Relative segment, address: CODE_AREA 00004B24 - 00004B83 (0x60 bytes), align: 2
  Segment part 36. ROOT.
           ENTRY                   ADDRESS         REF BY
           =====                   =======         ======
           BOX03                   00004B24 
    -------------------------------------------------------------------------
CONFIG_C
  Relative segment, address: CODE_AREA 00004B84 - 00004BAF (0x2c bytes), align: 2
  Segment part 37. ROOT.
           ENTRY                   ADDRESS         REF BY
           =====                   =======         ======
           BAR_7                   00004B84 
    -------------------------------------------------------------------------
CONFIG_C
  Relative segment, address: CODE_AREA 00004BB0 - 00004BB3 (0x4 bytes), align: 2
  Segment part 38. ROOT.
           ENTRY                   ADDRESS         REF BY
           =====                   =======         ======
           OFFSET                  00004BB0        DrawGUI (main)
    -------------------------------------------------------------------------
CONFIG_C
  Relative segment, address: CODE_AREA 00004BB4 - 00004BDF (0x2c bytes), align: 2
  Segment part 39. ROOT.
           ENTRY                   ADDRESS         REF BY
           =====                   =======         ======
           PSize                   00004BB4 
    -------------------------------------------------------------------------
CONFIG_C
  Relative segment, address: CODE_AREA 00004BE0 - 00004BE3 (0x4 bytes), align: 2
  Segment part 40. ROOT.
           ENTRY                   ADDRESS         REF BY
           =====                   =======         ======
           PicSize                 00004BE0        DrawGUI (main)
    -------------------------------------------------------------------------
CONFIG_C
  Relative segment, address: CODE_AREA 00004BE4 - 00004C0F (0x2c bytes), align: 2
  Segment part 41. ROOT.
           ENTRY                   ADDRESS         REF BY
           =====                   =======         ======
           BAR_8                   00004BE4 
    -------------------------------------------------------------------------
CONFIG_C
  Relative segment, address: CODE_AREA 00004C10 - 00004C13 (0x4 bytes), align: 2
  Segment part 42. ROOT.
           ENTRY                   ADDRESS         REF BY
           =====                   =======         ======
           ATEXT_CS                00004C10        DrawGUI (main)
    -------------------------------------------------------------------------
CONFIG_C
  Relative segment, address: CODE_AREA 00004C14 - 00004C3F (0x2c bytes), align: 2
  Segment part 43. ROOT.
           ENTRY                   ADDRESS         REF BY
           =====                   =======         ======
           BAR_9                   00004C14 
    -------------------------------------------------------------------------
CONFIG_C
  Relative segment, address: CODE_AREA 00004C40 - 00004C43 (0x4 bytes), align: 2
  Segment part 44. ROOT.
           ENTRY                   ADDRESS         REF BY
           =====                   =======         ======
           ATEXT_FT                00004C40        DrawGUI (main)
    -------------------------------------------------------------------------
CONFIG_C
  Relative segment, address: CODE_AREA 00004C44 - 00004C6F (0x2c bytes), align: 2
  Segment part 45. ROOT.
           ENTRY                   ADDRESS         REF BY
           =====                   =======         ======
           BAR_A                   00004C44 
    -------------------------------------------------------------------------
CONFIG_C
  Relative segment, address: CODE_AREA 00004C70 - 00004C73 (0x4 bytes), align: 2
  Segment part 46. ROOT.
           ENTRY                   ADDRESS         REF BY
           =====                   =======         ======
           PBDCol                  00004C70        DrawGUI (main)
    -------------------------------------------------------------------------
CONFIG_C
  Relative segment, address: CODE_AREA 00004C74 - 00004C9F (0x2c bytes), align: 2
  Segment part 47. ROOT.
           ENTRY                   ADDRESS         REF BY
           =====                   =======         ======
           BAR_B                   00004C74 
    -------------------------------------------------------------------------
CONFIG_C
  Relative segment, address: CODE_AREA 00004CA0 - 00004CA3 (0x4 bytes), align: 2
  Segment part 48. ROOT.
           ENTRY                   ADDRESS         REF BY
           =====                   =======         ======
           PBGCol                  00004CA0        DrawGUI (main)
    -------------------------------------------------------------------------
CONFIG_C
  Relative segment, address: CODE_AREA 00004CA4 - 00004CCF (0x2c bytes), align: 2
  Segment part 49. ROOT.
           ENTRY                   ADDRESS         REF BY
           =====                   =======         ======
           BAR_C                   00004CA4 
    -------------------------------------------------------------------------
CONFIG_C
  Relative segment, address: CODE_AREA 00004CD0 - 00004CD3 (0x4 bytes), align: 2
  Segment part 50. ROOT.
           ENTRY                   ADDRESS         REF BY
           =====                   =======         ======
           BBDCol                  00004CD0        DrawGUI (main)
    -------------------------------------------------------------------------
CONFIG_C
  Relative segment, address: CODE_AREA 00004CD4 - 00004CFF (0x2c bytes), align: 2
  Segment part 51. ROOT.
           ENTRY                   ADDRESS         REF BY
           =====                   =======         ======
           BAR_J                   00004CD4 
    -------------------------------------------------------------------------
CONFIG_C
  Relative segment, address: CODE_AREA 00004D00 - 00004D03 (0x4 bytes), align: 2
  Segment part 52. ROOT.
           ENTRY                   ADDRESS         REF BY
           =====                   =======         ======
           SHOW_EXT                00004D00        FindBCFGFile (main)
    -------------------------------------------------------------------------
CONFIG_C
  Relative segment, address: CODE_AREA 00004D04 - 00004D2F (0x2c bytes), align: 2
  Segment part 53. ROOT.
           ENTRY                   ADDRESS         REF BY
           =====                   =======         ======
           mBAR0                   00004D04 
    -------------------------------------------------------------------------
CONFIG_C
  Relative segment, address: CODE_AREA 00004D30 - 00004D5B (0x2c bytes), align: 2
  Segment part 54. ROOT.
           ENTRY                   ADDRESS         REF BY
           =====                   =======         ======
           mMENU1                  00004D30 
    -------------------------------------------------------------------------
CONFIG_C
  Relative segment, address: CODE_AREA 00004D5C - 00004D87 (0x2c bytes), align: 2
  Segment part 55. ROOT.
           ENTRY                   ADDRESS         REF BY
           =====                   =======         ======
           BAR_I                   00004D5C 
    -------------------------------------------------------------------------
CONFIG_C
  Relative segment, address: CODE_AREA 00004D88 - 00004DBB (0x34 bytes), align: 2
  Segment part 56. ROOT.
           ENTRY                   ADDRESS         REF BY
           =====                   =======         ======
           AITO                    00004D88        InitMenu (main)
    -------------------------------------------------------------------------
CONFIG_C
  Relative segment, address: CODE_AREA 00004DBC - 00004DE7 (0x2c bytes), align: 2
  Segment part 57. ROOT.
           ENTRY                   ADDRESS         REF BY
           =====                   =======         ======
           BAR_H                   00004DBC 
    -------------------------------------------------------------------------
CONFIG_C
  Relative segment, address: CODE_AREA 00004DE8 - 00004E1B (0x34 bytes), align: 2
  Segment part 58. ROOT.
           ENTRY                   ADDRESS         REF BY
           =====                   =======         ======
           AIRT                    00004DE8        InitMenu (main)
    -------------------------------------------------------------------------
CONFIG_C
  Relative segment, address: CODE_AREA 00004E1C - 00004E47 (0x2c bytes), align: 2
  Segment part 59. ROOT.
           ENTRY                   ADDRESS         REF BY
           =====                   =======         ======
           BAR_G                   00004E1C 
    -------------------------------------------------------------------------
CONFIG_C
  Relative segment, address: CODE_AREA 00004E48 - 00004E7B (0x34 bytes), align: 2
  Segment part 60. ROOT.
           ENTRY                   ADDRESS         REF BY
           =====                   =======         ======
           AILK                    00004E48        InitMenu (main)
    -------------------------------------------------------------------------
CONFIG_C
  Relative segment, address: CODE_AREA 00004E7C - 00004EA7 (0x2c bytes), align: 2
  Segment part 61. ROOT.
           ENTRY                   ADDRESS         REF BY
           =====                   =======         ======
           BAR_E                   00004E7C 
    -------------------------------------------------------------------------
CONFIG_C
  Relative segment, address: CODE_AREA 00004EA8 - 00004EDB (0x34 bytes), align: 2
  Segment part 62. ROOT.
           ENTRY                   ADDRESS         REF BY
           =====                   =======         ======
           AIST                    00004EA8        InitMenu (main)
    -------------------------------------------------------------------------
CONFIG_C
  Relative segment, address: CODE_AREA 00004EDC - 00004F07 (0x2c bytes), align: 2
  Segment part 63. ROOT.
           ENTRY                   ADDRESS         REF BY
           =====                   =======         ======
           BAR_F                   00004EDC 
    -------------------------------------------------------------------------
CONFIG_C
  Relative segment, address: CODE_AREA 00004F08 - 00004F3B (0x34 bytes), align: 2
  Segment part 64. ROOT.
           ENTRY                   ADDRESS         REF BY
           =====                   =======         ======
           AINO                    00004F08        DrawGUI (main)
    -------------------------------------------------------------------------
CONFIG_C
  Relative segment, address: CODE_AREA 00004F3C - 00004F67 (0x2c bytes), align: 2
  Segment part 65. ROOT.
           ENTRY                   ADDRESS         REF BY
           =====                   =======         ======
           mMENU0                  00004F3C 
    -------------------------------------------------------------------------
CONFIG_C
  Relative segment, address: CODE_AREA 00004F68 - 00004F93 (0x2c bytes), align: 2
  Segment part 66. ROOT.
           ENTRY                   ADDRESS         REF BY
           =====                   =======         ======
           mAPP1                   00004F68 
    -------------------------------------------------------------------------
CONFIG_C
  Relative segment, address: CODE_AREA 00004F94 - 00004FBF (0x2c bytes), align: 2
  Segment part 67. ROOT.
           ENTRY                   ADDRESS         REF BY
           =====                   =======         ======
           mA041                   00004F94 
    -------------------------------------------------------------------------
CONFIG_C
  Relative segment, address: CODE_AREA 00004FC0 - 00004FEB (0x2c bytes), align: 2
  Segment part 68. ROOT.
           ENTRY                   ADDRESS         REF BY
           =====                   =======         ======
           A04_4                   00004FC0 
    -------------------------------------------------------------------------
CONFIG_C
  Relative segment, address: CODE_AREA 00004FEC - 00004FEF (0x4 bytes), align: 2
  Segment part 69. ROOT.
           ENTRY                   ADDRESS         REF BY
           =====                   =======         ======
           AT04                    00004FEC        InitMenu (main)
    -------------------------------------------------------------------------
CONFIG_C
  Relative segment, address: CODE_AREA 00004FF0 - 0000506F (0x80 bytes), align: 2
  Segment part 70. ROOT.
           ENTRY                   ADDRESS         REF BY
           =====                   =======         ======
           BOX05                   00004FF0 
    -------------------------------------------------------------------------
CONFIG_C
  Relative segment, address: CODE_AREA 00005070 - 0000509B (0x2c bytes), align: 2
  Segment part 71. ROOT.
           ENTRY                   ADDRESS         REF BY
           =====                   =======         ======
           A04_1                   00005070 
    -------------------------------------------------------------------------
CONFIG_C
  Relative segment, address: CODE_AREA 0000509C - 000050BB (0x20 bytes), align: 2
  Segment part 72. ROOT.
           ENTRY                   ADDRESS         REF BY
           =====                   =======         ======
           AN04                    0000509C        InitMenu (main)
    -------------------------------------------------------------------------
CONFIG_C
  Relative segment, address: CODE_AREA 000050BC - 000050E7 (0x2c bytes), align: 2
  Segment part 73. ROOT.
           ENTRY                   ADDRESS         REF BY
           =====                   =======         ======
           A04_2                   000050BC 
    -------------------------------------------------------------------------
CONFIG_C
  Relative segment, address: CODE_AREA 000050E8 - 0000511B (0x34 bytes), align: 2
  Segment part 74. ROOT.
           ENTRY                   ADDRESS         REF BY
           =====                   =======         ======
           AI04                    000050E8        InitMenu (main)
    -------------------------------------------------------------------------
CONFIG_C
  Relative segment, address: CODE_AREA 0000511C - 00005147 (0x2c bytes), align: 2
  Segment part 75. ROOT.
           ENTRY                   ADDRESS         REF BY
           =====                   =======         ======
           A04_3                   0000511C 
    -------------------------------------------------------------------------
CONFIG_C
  Relative segment, address: CODE_AREA 00005148 - 0000517B (0x34 bytes), align: 2
  Segment part 76. ROOT.
           ENTRY                   ADDRESS         REF BY
           =====                   =======         ======
           AF04                    00005148        InitMenu (main)
    -------------------------------------------------------------------------
CONFIG_C
  Relative segment, address: CODE_AREA 0000517C - 000051A7 (0x2c bytes), align: 2
  Segment part 77. ROOT.
           ENTRY                   ADDRESS         REF BY
           =====                   =======         ======
           mA040                   0000517C 
    -------------------------------------------------------------------------
CONFIG_C
  Relative segment, address: CODE_AREA 000051A8 - 000051D3 (0x2c bytes), align: 2
  Segment part 78. ROOT.
           ENTRY                   ADDRESS         REF BY
           =====                   =======         ======
           mA051                   000051A8 
    -------------------------------------------------------------------------
CONFIG_C
  Relative segment, address: CODE_AREA 000051D4 - 000051FF (0x2c bytes), align: 2
  Segment part 79. ROOT.
           ENTRY                   ADDRESS         REF BY
           =====                   =======         ======
           A05_4                   000051D4 
    -------------------------------------------------------------------------
CONFIG_C
  Relative segment, address: CODE_AREA 00005200 - 00005203 (0x4 bytes), align: 2
  Segment part 80. ROOT.
           ENTRY                   ADDRESS         REF BY
           =====                   =======         ======
           AT05                    00005200        InitMenu (main)
    -------------------------------------------------------------------------
CONFIG_C
  Relative segment, address: CODE_AREA 00005204 - 00005283 (0x80 bytes), align: 2
  Segment part 81. ROOT.
           ENTRY                   ADDRESS         REF BY
           =====                   =======         ======
           BOX06                   00005204 
    -------------------------------------------------------------------------
CONFIG_C
  Relative segment, address: CODE_AREA 00005284 - 000052AF (0x2c bytes), align: 2
  Segment part 82. ROOT.
           ENTRY                   ADDRESS         REF BY
           =====                   =======         ======
           A05_1                   00005284 
    -------------------------------------------------------------------------
CONFIG_C
  Relative segment, address: CODE_AREA 000052B0 - 000052CF (0x20 bytes), align: 2
  Segment part 83. ROOT.
           ENTRY                   ADDRESS         REF BY
           =====                   =======         ======
           AN05                    000052B0        InitMenu (main)
    -------------------------------------------------------------------------
CONFIG_C
  Relative segment, address: CODE_AREA 000052D0 - 000052FB (0x2c bytes), align: 2
  Segment part 84. ROOT.
           ENTRY                   ADDRESS         REF BY
           =====                   =======         ======
           A05_2                   000052D0 
    -------------------------------------------------------------------------
CONFIG_C
  Relative segment, address: CODE_AREA 000052FC - 0000532F (0x34 bytes), align: 2
  Segment part 85. ROOT.
           ENTRY                   ADDRESS         REF BY
           =====                   =======         ======
           AI05                    000052FC        InitMenu (main)
    -------------------------------------------------------------------------
CONFIG_C
  Relative segment, address: CODE_AREA 00005330 - 0000535B (0x2c bytes), align: 2
  Segment part 86. ROOT.
           ENTRY                   ADDRESS         REF BY
           =====                   =======         ======
           A05_3                   00005330 
    -------------------------------------------------------------------------
CONFIG_C
  Relative segment, address: CODE_AREA 0000535C - 0000538F (0x34 bytes), align: 2
  Segment part 87. ROOT.
           ENTRY                   ADDRESS         REF BY
           =====                   =======         ======
           AF05                    0000535C        InitMenu (main)
    -------------------------------------------------------------------------
CONFIG_C
  Relative segment, address: CODE_AREA 00005390 - 000053BB (0x2c bytes), align: 2
  Segment part 88. ROOT.
           ENTRY                   ADDRESS         REF BY
           =====                   =======         ======
           mA050                   00005390 
    -------------------------------------------------------------------------
CONFIG_C
  Relative segment, address: CODE_AREA 000053BC - 000053E7 (0x2c bytes), align: 2
  Segment part 89. ROOT.
           ENTRY                   ADDRESS         REF BY
           =====                   =======         ======
           mA061                   000053BC 
    -------------------------------------------------------------------------
CONFIG_C
  Relative segment, address: CODE_AREA 000053E8 - 00005413 (0x2c bytes), align: 2
  Segment part 90. ROOT.
           ENTRY                   ADDRESS         REF BY
           =====                   =======         ======
           A06_4                   000053E8 
    -------------------------------------------------------------------------
CONFIG_C
  Relative segment, address: CODE_AREA 00005414 - 00005417 (0x4 bytes), align: 2
  Segment part 91. ROOT.
           ENTRY                   ADDRESS         REF BY
           =====                   =======         ======
           AT06                    00005414        InitMenu (main)
    -------------------------------------------------------------------------
CONFIG_C
  Relative segment, address: CODE_AREA 00005418 - 00005497 (0x80 bytes), align: 2
  Segment part 92. ROOT.
           ENTRY                   ADDRESS         REF BY
           =====                   =======         ======
           BOX07                   00005418 
    -------------------------------------------------------------------------
CONFIG_C
  Relative segment, address: CODE_AREA 00005498 - 000054C3 (0x2c bytes), align: 2
  Segment part 93. ROOT.
           ENTRY                   ADDRESS         REF BY
           =====                   =======         ======
           A06_1                   00005498 
    -------------------------------------------------------------------------
CONFIG_C
  Relative segment, address: CODE_AREA 000054C4 - 000054E3 (0x20 bytes), align: 2
  Segment part 94. ROOT.
           ENTRY                   ADDRESS         REF BY
           =====                   =======         ======
           AN06                    000054C4        InitMenu (main)
    -------------------------------------------------------------------------
CONFIG_C
  Relative segment, address: CODE_AREA 000054E4 - 0000550F (0x2c bytes), align: 2
  Segment part 95. ROOT.
           ENTRY                   ADDRESS         REF BY
           =====                   =======         ======
           A06_2                   000054E4 
    -------------------------------------------------------------------------
CONFIG_C
  Relative segment, address: CODE_AREA 00005510 - 00005543 (0x34 bytes), align: 2
  Segment part 96. ROOT.
           ENTRY                   ADDRESS         REF BY
           =====                   =======         ======
           AI06                    00005510        InitMenu (main)
    -------------------------------------------------------------------------
CONFIG_C
  Relative segment, address: CODE_AREA 00005544 - 0000556F (0x2c bytes), align: 2
  Segment part 97. ROOT.
           ENTRY                   ADDRESS         REF BY
           =====                   =======         ======
           A06_3                   00005544 
    -------------------------------------------------------------------------
CONFIG_C
  Relative segment, address: CODE_AREA 00005570 - 000055A3 (0x34 bytes), align: 2
  Segment part 98. ROOT.
           ENTRY                   ADDRESS         REF BY
           =====                   =======         ======
           AF06                    00005570        InitMenu (main)
    -------------------------------------------------------------------------
CONFIG_C
  Relative segment, address: CODE_AREA 000055A4 - 000055CF (0x2c bytes), align: 2
  Segment part 99. ROOT.
           ENTRY                   ADDRESS         REF BY
           =====                   =======         ======
           mA060                   000055A4 
    -------------------------------------------------------------------------
CONFIG_C
  Relative segment, address: CODE_AREA 000055D0 - 000055FB (0x2c bytes), align: 2
  Segment part 100. ROOT.
           ENTRY                   ADDRESS         REF BY
           =====                   =======         ======
           mA071                   000055D0 
    -------------------------------------------------------------------------
CONFIG_C
  Relative segment, address: CODE_AREA 000055FC - 00005627 (0x2c bytes), align: 2
  Segment part 101. ROOT.
           ENTRY                   ADDRESS         REF BY
           =====                   =======         ======
           A07_4                   000055FC 
    -------------------------------------------------------------------------
CONFIG_C
  Relative segment, address: CODE_AREA 00005628 - 0000562B (0x4 bytes), align: 2
  Segment part 102. ROOT.
           ENTRY                   ADDRESS         REF BY
           =====                   =======         ======
           AT07                    00005628        InitMenu (main)
    -------------------------------------------------------------------------
CONFIG_C
  Relative segment, address: CODE_AREA 0000562C - 000056AB (0x80 bytes), align: 2
  Segment part 103. ROOT.
           ENTRY                   ADDRESS         REF BY
           =====                   =======         ======
           BOX08                   0000562C 
    -------------------------------------------------------------------------
CONFIG_C
  Relative segment, address: CODE_AREA 000056AC - 000056D7 (0x2c bytes), align: 2
  Segment part 104. ROOT.
           ENTRY                   ADDRESS         REF BY
           =====                   =======         ======
           A07_1                   000056AC 
    -------------------------------------------------------------------------
CONFIG_C
  Relative segment, address: CODE_AREA 000056D8 - 000056F7 (0x20 bytes), align: 2
  Segment part 105. ROOT.
           ENTRY                   ADDRESS         REF BY
           =====                   =======         ======
           AN07                    000056D8        InitMenu (main)
    -------------------------------------------------------------------------
CONFIG_C
  Relative segment, address: CODE_AREA 000056F8 - 00005723 (0x2c bytes), align: 2
  Segment part 106. ROOT.
           ENTRY                   ADDRESS         REF BY
           =====                   =======         ======
           A07_2                   000056F8 
    -------------------------------------------------------------------------
CONFIG_C
  Relative segment, address: CODE_AREA 00005724 - 00005757 (0x34 bytes), align: 2
  Segment part 107. ROOT.
           ENTRY                   ADDRESS         REF BY
           =====                   =======         ======
           AI07                    00005724        InitMenu (main)
    -------------------------------------------------------------------------
CONFIG_C
  Relative segment, address: CODE_AREA 00005758 - 00005783 (0x2c bytes), align: 2
  Segment part 108. ROOT.
           ENTRY                   ADDRESS         REF BY
           =====                   =======         ======
           A07_3                   00005758 
    -------------------------------------------------------------------------
CONFIG_C
  Relative segment, address: CODE_AREA 00005784 - 000057B7 (0x34 bytes), align: 2
  Segment part 109. ROOT.
           ENTRY                   ADDRESS         REF BY
           =====                   =======         ======
           AF07                    00005784        InitMenu (main)
    -------------------------------------------------------------------------
CONFIG_C
  Relative segment, address: CODE_AREA 000057B8 - 000057E3 (0x2c bytes), align: 2
  Segment part 110. ROOT.
           ENTRY                   ADDRESS         REF BY
           =====                   =======         ======
           mA070                   000057B8 
    -------------------------------------------------------------------------
CONFIG_C
  Relative segment, address: CODE_AREA 000057E4 - 0000580F (0x2c bytes), align: 2
  Segment part 111. ROOT.
           ENTRY                   ADDRESS         REF BY
           =====                   =======         ======
           mA081                   000057E4 
    -------------------------------------------------------------------------
CONFIG_C
  Relative segment, address: CODE_AREA 00005810 - 0000583B (0x2c bytes), align: 2
  Segment part 112. ROOT.
           ENTRY                   ADDRESS         REF BY
           =====                   =======         ======
           A08_4                   00005810 
    -------------------------------------------------------------------------
CONFIG_C
  Relative segment, address: CODE_AREA 0000583C - 0000583F (0x4 bytes), align: 2
  Segment part 113. ROOT.
           ENTRY                   ADDRESS         REF BY
           =====                   =======         ======
           AT08                    0000583C        InitMenu (main)
    -------------------------------------------------------------------------
CONFIG_C
  Relative segment, address: CODE_AREA 00005840 - 000058BF (0x80 bytes), align: 2
  Segment part 114. ROOT.
           ENTRY                   ADDRESS         REF BY
           =====                   =======         ======
           BOXA08                  00005840 
    -------------------------------------------------------------------------
CONFIG_C
  Relative segment, address: CODE_AREA 000058C0 - 000058EB (0x2c bytes), align: 2
  Segment part 115. ROOT.
           ENTRY                   ADDRESS         REF BY
           =====                   =======         ======
           A08_1                   000058C0 
    -------------------------------------------------------------------------
CONFIG_C
  Relative segment, address: CODE_AREA 000058EC - 0000590B (0x20 bytes), align: 2
  Segment part 116. ROOT.
           ENTRY                   ADDRESS         REF BY
           =====                   =======         ======
           AN08                    000058EC        InitMenu (main)
    -------------------------------------------------------------------------
CONFIG_C
  Relative segment, address: CODE_AREA 0000590C - 00005937 (0x2c bytes), align: 2
  Segment part 117. ROOT.
           ENTRY                   ADDRESS         REF BY
           =====                   =======         ======
           A08_2                   0000590C 
    -------------------------------------------------------------------------
CONFIG_C
  Relative segment, address: CODE_AREA 00005938 - 0000596B (0x34 bytes), align: 2
  Segment part 118. ROOT.
           ENTRY                   ADDRESS         REF BY
           =====                   =======         ======
           AI08                    00005938        InitMenu (main)
    -------------------------------------------------------------------------
CONFIG_C
  Relative segment, address: CODE_AREA 0000596C - 00005997 (0x2c bytes), align: 2
  Segment part 119. ROOT.
           ENTRY                   ADDRESS         REF BY
           =====                   =======         ======
           A08_3                   0000596C 
    -------------------------------------------------------------------------
CONFIG_C
  Relative segment, address: CODE_AREA 00005998 - 000059CB (0x34 bytes), align: 2
  Segment part 120. ROOT.
           ENTRY                   ADDRESS         REF BY
           =====                   =======         ======
           AF08                    00005998        InitMenu (main)
    -------------------------------------------------------------------------
CONFIG_C
  Relative segment, address: CODE_AREA 000059CC - 000059F7 (0x2c bytes), align: 2
  Segment part 121. ROOT.
           ENTRY                   ADDRESS         REF BY
           =====                   =======         ======
           mA080                   000059CC 
    -------------------------------------------------------------------------
CONFIG_C
  Relative segment, address: CODE_AREA 000059F8 - 00005A23 (0x2c bytes), align: 2
  Segment part 122. ROOT.
           ENTRY                   ADDRESS         REF BY
           =====                   =======         ======
           mA091                   000059F8 
    -------------------------------------------------------------------------
CONFIG_C
  Relative segment, address: CODE_AREA 00005A24 - 00005A4F (0x2c bytes), align: 2
  Segment part 123. ROOT.
           ENTRY                   ADDRESS         REF BY
           =====                   =======         ======
           A09_4                   00005A24 
    -------------------------------------------------------------------------
CONFIG_C
  Relative segment, address: CODE_AREA 00005A50 - 00005A53 (0x4 bytes), align: 2
  Segment part 124. ROOT.
           ENTRY                   ADDRESS         REF BY
           =====                   =======         ======
           AT09                    00005A50        InitMenu (main)
    -------------------------------------------------------------------------
CONFIG_C
  Relative segment, address: CODE_AREA 00005A54 - 00005AD3 (0x80 bytes), align: 2
  Segment part 125. ROOT.
           ENTRY                   ADDRESS         REF BY
           =====                   =======         ======
           BOX09                   00005A54 
    -------------------------------------------------------------------------
CONFIG_C
  Relative segment, address: CODE_AREA 00005AD4 - 00005AFF (0x2c bytes), align: 2
  Segment part 126. ROOT.
           ENTRY                   ADDRESS         REF BY
           =====                   =======         ======
           A09_1                   00005AD4 
    -------------------------------------------------------------------------
CONFIG_C
  Relative segment, address: CODE_AREA 00005B00 - 00005B1F (0x20 bytes), align: 2
  Segment part 127. ROOT.
           ENTRY                   ADDRESS         REF BY
           =====                   =======         ======
           AN09                    00005B00        InitMenu (main)
    -------------------------------------------------------------------------
CONFIG_C
  Relative segment, address: CODE_AREA 00005B20 - 00005B4B (0x2c bytes), align: 2
  Segment part 128. ROOT.
           ENTRY                   ADDRESS         REF BY
           =====                   =======         ======
           A09_2                   00005B20 
    -------------------------------------------------------------------------
CONFIG_C
  Relative segment, address: CODE_AREA 00005B4C - 00005B7F (0x34 bytes), align: 2
  Segment part 129. ROOT.
           ENTRY                   ADDRESS         REF BY
           =====                   =======         ======
           AI09                    00005B4C        InitMenu (main)
    -------------------------------------------------------------------------
CONFIG_C
  Relative segment, address: CODE_AREA 00005B80 - 00005BAB (0x2c bytes), align: 2
  Segment part 130. ROOT.
           ENTRY                   ADDRESS         REF BY
           =====                   =======         ======
           A09_3                   00005B80 
    -------------------------------------------------------------------------
CONFIG_C
  Relative segment, address: CODE_AREA 00005BAC - 00005BDF (0x34 bytes), align: 2
  Segment part 131. ROOT.
           ENTRY                   ADDRESS         REF BY
           =====                   =======         ======
           AF09                    00005BAC        InitMenu (main)
    -------------------------------------------------------------------------
CONFIG_C
  Relative segment, address: CODE_AREA 00005BE0 - 00005C0B (0x2c bytes), align: 2
  Segment part 132. ROOT.
           ENTRY                   ADDRESS         REF BY
           =====                   =======         ======
           mA090                   00005BE0 
    -------------------------------------------------------------------------
CONFIG_C
  Relative segment, address: CODE_AREA 00005C0C - 00005C37 (0x2c bytes), align: 2
  Segment part 133. ROOT.
           ENTRY                   ADDRESS         REF BY
           =====                   =======         ======
           mA101                   00005C0C 
    -------------------------------------------------------------------------
CONFIG_C
  Relative segment, address: CODE_AREA 00005C38 - 00005C63 (0x2c bytes), align: 2
  Segment part 134. ROOT.
           ENTRY                   ADDRESS         REF BY
           =====                   =======         ======
           A10_4                   00005C38 
    -------------------------------------------------------------------------
CONFIG_C
  Relative segment, address: CODE_AREA 00005C64 - 00005C67 (0x4 bytes), align: 2
  Segment part 135. ROOT.
           ENTRY                   ADDRESS         REF BY
           =====                   =======         ======
           AT10                    00005C64        InitMenu (main)
    -------------------------------------------------------------------------
CONFIG_C
  Relative segment, address: CODE_AREA 00005C68 - 00005CE7 (0x80 bytes), align: 2
  Segment part 136. ROOT.
           ENTRY                   ADDRESS         REF BY
           =====                   =======         ======
           BOX10                   00005C68 
    -------------------------------------------------------------------------
CONFIG_C
  Relative segment, address: CODE_AREA 00005CE8 - 00005D13 (0x2c bytes), align: 2
  Segment part 137. ROOT.
           ENTRY                   ADDRESS         REF BY
           =====                   =======         ======
           A10_1                   00005CE8 
    -------------------------------------------------------------------------
CONFIG_C
  Relative segment, address: CODE_AREA 00005D14 - 00005D33 (0x20 bytes), align: 2
  Segment part 138. ROOT.
           ENTRY                   ADDRESS         REF BY
           =====                   =======         ======
           AN10                    00005D14        InitMenu (main)
    -------------------------------------------------------------------------
CONFIG_C
  Relative segment, address: CODE_AREA 00005D34 - 00005D5F (0x2c bytes), align: 2
  Segment part 139. ROOT.
           ENTRY                   ADDRESS         REF BY
           =====                   =======         ======
           A10_2                   00005D34 
    -------------------------------------------------------------------------
CONFIG_C
  Relative segment, address: CODE_AREA 00005D60 - 00005D93 (0x34 bytes), align: 2
  Segment part 140. ROOT.
           ENTRY                   ADDRESS         REF BY
           =====                   =======         ======
           AI10                    00005D60        InitMenu (main)
    -------------------------------------------------------------------------
CONFIG_C
  Relative segment, address: CODE_AREA 00005D94 - 00005DBF (0x2c bytes), align: 2
  Segment part 141. ROOT.
           ENTRY                   ADDRESS         REF BY
           =====                   =======         ======
           A10_3                   00005D94 
    -------------------------------------------------------------------------
CONFIG_C
  Relative segment, address: CODE_AREA 00005DC0 - 00005DF3 (0x34 bytes), align: 2
  Segment part 142. ROOT.
           ENTRY                   ADDRESS         REF BY
           =====                   =======         ======
           AF10                    00005DC0        InitMenu (main)
    -------------------------------------------------------------------------
CONFIG_C
  Relative segment, address: CODE_AREA 00005DF4 - 00005E1F (0x2c bytes), align: 2
  Segment part 143. ROOT.
           ENTRY                   ADDRESS         REF BY
           =====                   =======         ======
           mA100                   00005DF4 
    -------------------------------------------------------------------------
CONFIG_C
  Relative segment, address: CODE_AREA 00005E20 - 00005E4B (0x2c bytes), align: 2
  Segment part 144. ROOT.
           ENTRY                   ADDRESS         REF BY
           =====                   =======         ======
           mA111                   00005E20 
    -------------------------------------------------------------------------
CONFIG_C
  Relative segment, address: CODE_AREA 00005E4C - 00005E77 (0x2c bytes), align: 2
  Segment part 145. ROOT.
           ENTRY                   ADDRESS         REF BY
           =====                   =======         ======
           A11_4                   00005E4C 
    -------------------------------------------------------------------------
CONFIG_C
  Relative segment, address: CODE_AREA 00005E78 - 00005E7B (0x4 bytes), align: 2
  Segment part 146. ROOT.
           ENTRY                   ADDRESS         REF BY
           =====                   =======         ======
           AT11                    00005E78        InitMenu (main)
    -------------------------------------------------------------------------
CONFIG_C
  Relative segment, address: CODE_AREA 00005E7C - 00005EFB (0x80 bytes), align: 2
  Segment part 147. ROOT.
           ENTRY                   ADDRESS         REF BY
           =====                   =======         ======
           BOX11                   00005E7C 
    -------------------------------------------------------------------------
CONFIG_C
  Relative segment, address: CODE_AREA 00005EFC - 00005F27 (0x2c bytes), align: 2
  Segment part 148. ROOT.
           ENTRY                   ADDRESS         REF BY
           =====                   =======         ======
           A11_1                   00005EFC 
    -------------------------------------------------------------------------
CONFIG_C
  Relative segment, address: CODE_AREA 00005F28 - 00005F47 (0x20 bytes), align: 2
  Segment part 149. ROOT.
           ENTRY                   ADDRESS         REF BY
           =====                   =======         ======
           AN11                    00005F28        InitMenu (main)
    -------------------------------------------------------------------------
CONFIG_C
  Relative segment, address: CODE_AREA 00005F48 - 00005F73 (0x2c bytes), align: 2
  Segment part 150. ROOT.
           ENTRY                   ADDRESS         REF BY
           =====                   =======         ======
           A11_2                   00005F48 
    -------------------------------------------------------------------------
CONFIG_C
  Relative segment, address: CODE_AREA 00005F74 - 00005FA7 (0x34 bytes), align: 2
  Segment part 151. ROOT.
           ENTRY                   ADDRESS         REF BY
           =====                   =======         ======
           AI11                    00005F74        InitMenu (main)
    -------------------------------------------------------------------------
CONFIG_C
  Relative segment, address: CODE_AREA 00005FA8 - 00005FD3 (0x2c bytes), align: 2
  Segment part 152. ROOT.
           ENTRY                   ADDRESS         REF BY
           =====                   =======         ======
           A11_3                   00005FA8 
    -------------------------------------------------------------------------
CONFIG_C
  Relative segment, address: CODE_AREA 00005FD4 - 00006007 (0x34 bytes), align: 2
  Segment part 153. ROOT.
           ENTRY                   ADDRESS         REF BY
           =====                   =======         ======
           AF11                    00005FD4        InitMenu (main)
    -------------------------------------------------------------------------
CONFIG_C
  Relative segment, address: CODE_AREA 00006008 - 00006033 (0x2c bytes), align: 2
  Segment part 154. ROOT.
           ENTRY                   ADDRESS         REF BY
           =====                   =======         ======
           mA110                   00006008 
    -------------------------------------------------------------------------
CONFIG_C
  Relative segment, address: CODE_AREA 00006034 - 0000605F (0x2c bytes), align: 2
  Segment part 155. ROOT.
           ENTRY                   ADDRESS         REF BY
           =====                   =======         ======
           mA121                   00006034 
    -------------------------------------------------------------------------
CONFIG_C
  Relative segment, address: CODE_AREA 00006060 - 0000608B (0x2c bytes), align: 2
  Segment part 156. ROOT.
           ENTRY                   ADDRESS         REF BY
           =====                   =======         ======
           A12_4                   00006060 
    -------------------------------------------------------------------------
CONFIG_C
  Relative segment, address: CODE_AREA 0000608C - 0000608F (0x4 bytes), align: 2
  Segment part 157. ROOT.
           ENTRY                   ADDRESS         REF BY
           =====                   =======         ======
           AT12                    0000608C        InitMenu (main)
    -------------------------------------------------------------------------
CONFIG_C
  Relative segment, address: CODE_AREA 00006090 - 0000610F (0x80 bytes), align: 2
  Segment part 158. ROOT.
           ENTRY                   ADDRESS         REF BY
           =====                   =======         ======
           BOX12                   00006090 
    -------------------------------------------------------------------------
CONFIG_C
  Relative segment, address: CODE_AREA 00006110 - 0000613B (0x2c bytes), align: 2
  Segment part 159. ROOT.
           ENTRY                   ADDRESS         REF BY
           =====                   =======         ======
           A12_1                   00006110 
    -------------------------------------------------------------------------
CONFIG_C
  Relative segment, address: CODE_AREA 0000613C - 0000615B (0x20 bytes), align: 2
  Segment part 160. ROOT.
           ENTRY                   ADDRESS         REF BY
           =====                   =======         ======
           AN12                    0000613C        InitMenu (main)
    -------------------------------------------------------------------------
CONFIG_C
  Relative segment, address: CODE_AREA 0000615C - 00006187 (0x2c bytes), align: 2
  Segment part 161. ROOT.
           ENTRY                   ADDRESS         REF BY
           =====                   =======         ======
           A12_2                   0000615C 
    -------------------------------------------------------------------------
CONFIG_C
  Relative segment, address: CODE_AREA 00006188 - 000061BB (0x34 bytes), align: 2
  Segment part 162. ROOT.
           ENTRY                   ADDRESS         REF BY
           =====                   =======         ======
           AI12                    00006188        InitMenu (main)
    -------------------------------------------------------------------------
CONFIG_C
  Relative segment, address: CODE_AREA 000061BC - 000061E7 (0x2c bytes), align: 2
  Segment part 163. ROOT.
           ENTRY                   ADDRESS         REF BY
           =====                   =======         ======
           A12_3                   000061BC 
    -------------------------------------------------------------------------
CONFIG_C
  Relative segment, address: CODE_AREA 000061E8 - 0000621B (0x34 bytes), align: 2
  Segment part 164. ROOT.
           ENTRY                   ADDRESS         REF BY
           =====                   =======         ======
           AF12                    000061E8        InitMenu (main)
    -------------------------------------------------------------------------
CONFIG_C
  Relative segment, address: CODE_AREA 0000621C - 00006247 (0x2c bytes), align: 2
  Segment part 165. ROOT.
           ENTRY                   ADDRESS         REF BY
           =====                   =======         ======
           mA120                   0000621C 
    -------------------------------------------------------------------------
CONFIG_C
  Relative segment, address: CODE_AREA 00006248 - 00006273 (0x2c bytes), align: 2
  Segment part 166. ROOT.
           ENTRY                   ADDRESS         REF BY
           =====                   =======         ======
           SCR1                    00006248 
    -------------------------------------------------------------------------
CONFIG_C
  Relative segment, address: CODE_AREA 00006274 - 0000629F (0x2c bytes), align: 2
  Segment part 167. ROOT.
           ENTRY                   ADDRESS         REF BY
           =====                   =======         ======
           SCR21                   00006274 
    -------------------------------------------------------------------------
CONFIG_C
  Relative segment, address: CODE_AREA 000062A0 - 000062CB (0x2c bytes), align: 2
  Segment part 168. ROOT.
           ENTRY                   ADDRESS         REF BY
           =====                   =======         ======
           SCR2_1                  000062A0 
    -------------------------------------------------------------------------
CONFIG_C
  Relative segment, address: CODE_AREA 000062CC - 000062CF (0x4 bytes), align: 2
  Segment part 169. ROOT.
           ENTRY                   ADDRESS         REF BY
           =====                   =======         ======
           TEMP_ENA                000062CC        InitShow (main)
    -------------------------------------------------------------------------
CONFIG_C
  Relative segment, address: CODE_AREA 000062D0 - 000062FB (0x2c bytes), align: 2
  Segment part 170. ROOT.
           ENTRY                   ADDRESS         REF BY
           =====                   =======         ======
           SCR2_2                  000062D0 
    -------------------------------------------------------------------------
CONFIG_C
  Relative segment, address: CODE_AREA 000062FC - 000062FF (0x4 bytes), align: 2
  Segment part 171. ROOT.
           ENTRY                   ADDRESS         REF BY
           =====                   =======         ======
           TEMP_X                  000062FC        InitScreen (main)
    -------------------------------------------------------------------------
CONFIG_C
  Relative segment, address: CODE_AREA 00006300 - 00006303 (0x4 bytes), align: 2
  Segment part 172. ROOT.
           ENTRY                   ADDRESS         REF BY
           =====                   =======         ======
           TEMP_Y                  00006300        InitScreen (main)
    -------------------------------------------------------------------------
CONFIG_C
  Relative segment, address: CODE_AREA 00006304 - 0000632F (0x2c bytes), align: 2
  Segment part 173. ROOT.
           ENTRY                   ADDRESS         REF BY
           =====                   =======         ======
           SCR2_3                  00006304 
    -------------------------------------------------------------------------
CONFIG_C
  Relative segment, address: CODE_AREA 00006330 - 00006333 (0x4 bytes), align: 2
  Segment part 174. ROOT.
           ENTRY                   ADDRESS         REF BY
           =====                   =======         ======
           TEMP_CS                 00006330        InitShow (main)
    -------------------------------------------------------------------------
CONFIG_C
  Relative segment, address: CODE_AREA 00006334 - 0000635F (0x2c bytes), align: 2
  Segment part 175. ROOT.
           ENTRY                   ADDRESS         REF BY
           =====                   =======         ======
           SCR2_4                  00006334 
    -------------------------------------------------------------------------
CONFIG_C
  Relative segment, address: CODE_AREA 00006360 - 00006363 (0x4 bytes), align: 2
  Segment part 176. ROOT.
           ENTRY                   ADDRESS         REF BY
           =====                   =======         ======
           TEMP_CB                 00006360        InitShow (main)
    -------------------------------------------------------------------------
CONFIG_C
  Relative segment, address: CODE_AREA 00006364 - 0000638F (0x2c bytes), align: 2
  Segment part 177. ROOT.
           ENTRY                   ADDRESS         REF BY
           =====                   =======         ======
           SCR2_5                  00006364 
    -------------------------------------------------------------------------
CONFIG_C
  Relative segment, address: CODE_AREA 00006390 - 00006393 (0x4 bytes), align: 2
  Segment part 178. ROOT.
           ENTRY                   ADDRESS         REF BY
           =====                   =======         ======
           TEMP_T                  00006390        InitShow (main)
    -------------------------------------------------------------------------
CONFIG_C
  Relative segment, address: CODE_AREA 00006394 - 000063BF (0x2c bytes), align: 2
  Segment part 179. ROOT.
           ENTRY                   ADDRESS         REF BY
           =====                   =======         ======
           SCR2_6                  00006394 
    -------------------------------------------------------------------------
CONFIG_C
  Relative segment, address: CODE_AREA 000063C0 - 000063C3 (0x4 bytes), align: 2
  Segment part 180. ROOT.
           ENTRY                   ADDRESS         REF BY
           =====                   =======         ======
           TEMP_FT                 000063C0        InitShow (main)
    -------------------------------------------------------------------------
CONFIG_C
  Relative segment, address: CODE_AREA 000063C4 - 000063EF (0x2c bytes), align: 2
  Segment part 181. ROOT.
           ENTRY                   ADDRESS         REF BY
           =====                   =======         ======
           SCR20                   000063C4 
    -------------------------------------------------------------------------
CONFIG_C
  Relative segment, address: CODE_AREA 000063F0 - 0000641B (0x2c bytes), align: 2
  Segment part 182. ROOT.
           ENTRY                   ADDRESS         REF BY
           =====                   =======         ======
           SCR31                   000063F0 
    -------------------------------------------------------------------------
CONFIG_C
  Relative segment, address: CODE_AREA 0000641C - 00006447 (0x2c bytes), align: 2
  Segment part 183. ROOT.
           ENTRY                   ADDRESS         REF BY
           =====                   =======         ======
           SCR3_1                  0000641C 
    -------------------------------------------------------------------------
CONFIG_C
  Relative segment, address: CODE_AREA 00006448 - 0000644B (0x4 bytes), align: 2
  Segment part 184. ROOT.
           ENTRY                   ADDRESS         REF BY
           =====                   =======         ======
           VOLT_ENA                00006448        InitShow (main)
    -------------------------------------------------------------------------
CONFIG_C
  Relative segment, address: CODE_AREA 0000644C - 00006477 (0x2c bytes), align: 2
  Segment part 185. ROOT.
           ENTRY                   ADDRESS         REF BY
           =====                   =======         ======
           SCR3_2                  0000644C 
    -------------------------------------------------------------------------
CONFIG_C
  Relative segment, address: CODE_AREA 00006478 - 0000647B (0x4 bytes), align: 2
  Segment part 186. ROOT.
           ENTRY                   ADDRESS         REF BY
           =====                   =======         ======
           VOLT_M                  00006478        InitScreen (main)
    -------------------------------------------------------------------------
CONFIG_C
  Relative segment, address: CODE_AREA 0000647C - 000064BB (0x40 bytes), align: 2
  Segment part 187. ROOT.
           ENTRY                   ADDRESS         REF BY
           =====                   =======         ======
           BOX33                   0000647C 
    -------------------------------------------------------------------------
CONFIG_C
  Relative segment, address: CODE_AREA 000064BC - 000064E7 (0x2c bytes), align: 2
  Segment part 188. ROOT.
           ENTRY                   ADDRESS         REF BY
           =====                   =======         ======
           SCR3_3                  000064BC 
    -------------------------------------------------------------------------
CONFIG_C
  Relative segment, address: CODE_AREA 000064E8 - 000064EB (0x4 bytes), align: 2
  Segment part 189. ROOT.
           ENTRY                   ADDRESS         REF BY
           =====                   =======         ======
           VOLT_X                  000064E8        InitScreen (main)
    -------------------------------------------------------------------------
CONFIG_C
  Relative segment, address: CODE_AREA 000064EC - 000064EF (0x4 bytes), align: 2
  Segment part 190. ROOT.
           ENTRY                   ADDRESS         REF BY
           =====                   =======         ======
           VOLT_Y                  000064EC        InitScreen (main)
    -------------------------------------------------------------------------
CONFIG_C
  Relative segment, address: CODE_AREA 000064F0 - 0000651B (0x2c bytes), align: 2
  Segment part 191. ROOT.
           ENTRY                   ADDRESS         REF BY
           =====                   =======         ======
           SCR3_4                  000064F0 
    -------------------------------------------------------------------------
CONFIG_C
  Relative segment, address: CODE_AREA 0000651C - 0000651F (0x4 bytes), align: 2
  Segment part 192. ROOT.
           ENTRY                   ADDRESS         REF BY
           =====                   =======         ======
           VOLT_CS                 0000651C        InitShow (main)
    -------------------------------------------------------------------------
CONFIG_C
  Relative segment, address: CODE_AREA 00006520 - 0000654B (0x2c bytes), align: 2
  Segment part 193. ROOT.
           ENTRY                   ADDRESS         REF BY
           =====                   =======         ======
           SCR3_5                  00006520 
    -------------------------------------------------------------------------
CONFIG_C
  Relative segment, address: CODE_AREA 0000654C - 0000654F (0x4 bytes), align: 2
  Segment part 194. ROOT.
           ENTRY                   ADDRESS         REF BY
[...]
                    : indirect calls (Is not an interrupt and is not flagged
                    : as not overlayable)
                             CSTACK
    | Stack used (prev) :  00000000
  01  MENU_DRAW
      | Stack used (prev) :  00000000
      | + function block  :  0000001C
  <-Sub-tree of type: Indirectly called function tree that does not make
                    : indirect calls (Is not an interrupt and is not flagged
                    : as not overlayable)
    | Stack used          :  0000001C


  ->Sub-tree of type: Indirectly called function tree that does not make
                    : indirect calls (Is not an interrupt and is not flagged
                    : as not overlayable)
                             CSTACK
    | Stack used (prev) :  00000000
  01  MENU_ONKEY
      | Stack used (prev) :  00000000
      | + function block  :  00000018
  <-Sub-tree of type: Indirectly called function tree that does not make
                    : indirect calls (Is not an interrupt and is not flagged
                    : as not overlayable)
    | Stack used          :  00000018


  ->Sub-tree of type: Indirectly called function tree that does not make
                    : indirect calls (Is not an interrupt and is not flagged
                    : as not overlayable)
                             CSTACK
    | Stack used (prev) :  00000000
  01  DrawGUI
      | Stack used (prev) :  00000000
      | + function block  :  000000B8
  <-Sub-tree of type: Indirectly called function tree that does not make
                    : indirect calls (Is not an interrupt and is not flagged
                    : as not overlayable)
    | Stack used          :  000000B8


  ->Sub-tree of type: Indirectly called function tree that does not make
                    : indirect calls (Is not an interrupt and is not flagged
                    : as not overlayable)
                             CSTACK
    | Stack used (prev) :  00000000
  01  TaskRedraw
      | Stack used (prev) :  00000000
      | + function block  :  00000004
  <-Sub-tree of type: Indirectly called function tree that does not make
                    : indirect calls (Is not an interrupt and is not flagged
                    : as not overlayable)
    | Stack used          :  00000004


  ->Sub-tree of type: Indirectly called function tree that does not make
                    : indirect calls (Is not an interrupt and is not flagged
                    : as not overlayable)
                             CSTACK
    | Stack used (prev) :  00000000
  01  TaskCreate
      | Stack used (prev) :  00000000
      | + function block  :  00000014
  <-Sub-tree of type: Indirectly called function tree that does not make
                    : indirect calls (Is not an interrupt and is not flagged
                    : as not overlayable)
    | Stack used          :  00000014


  ->Sub-tree of type: Indirectly called function tree that does not make
                    : indirect calls (Is not an interrupt and is not flagged
                    : as not overlayable)
                             CSTACK
    | Stack used (prev) :  00000000
  01  TaskClose
      | Stack used (prev) :  00000000
      | + function block  :  00000010
  <-Sub-tree of type: Indirectly called function tree that does not make
                    : indirect calls (Is not an interrupt and is not flagged
                    : as not overlayable)
    | Stack used          :  00000010


  ->Sub-tree of type: Indirectly called function tree that does not make
                    : indirect calls (Is not an interrupt and is not flagged
                    : as not overlayable)
                             CSTACK
    | Stack used (prev) :  00000000
  01  TaskFocus
      | Stack used (prev) :  00000000
      | + function block  :  00000000
  <-Sub-tree of type: Indirectly called function tree that does not make
                    : indirect calls (Is not an interrupt and is not flagged
                    : as not overlayable)
    | Stack used          :  00000000


  ->Sub-tree of type: Indirectly called function tree that does not make
                    : indirect calls (Is not an interrupt and is not flagged
                    : as not overlayable)
                             CSTACK
    | Stack used (prev) :  00000000
  01  TaskUnfus
      | Stack used (prev) :  00000000
      | + function block  :  00000000
  <-Sub-tree of type: Indirectly called function tree that does not make
                    : indirect calls (Is not an interrupt and is not flagged
                    : as not overlayable)
    | Stack used          :  00000000


  ->Sub-tree of type: Indirectly called function tree that does not make
                    : indirect calls (Is not an interrupt and is not flagged
                    : as not overlayable)
                             CSTACK
    | Stack used (prev) :  00000000
  01  TaskKeypress
      | Stack used (prev) :  00000000
      | + function block  :  00000004
  <-Sub-tree of type: Indirectly called function tree that does not make
                    : indirect calls (Is not an interrupt and is not flagged
                    : as not overlayable)
    | Stack used          :  00000004


  ->Sub-tree of type: Indirectly called function tree that does not make
                    : indirect calls (Is not an interrupt and is not flagged
                    : as not overlayable)
                             CSTACK
    | Stack used (prev) :  00000000
  01  TaskMethod8
      | Stack used (prev) :  00000000
      | + function block  :  00000000
  <-Sub-tree of type: Indirectly called function tree that does not make
                    : indirect calls (Is not an interrupt and is not flagged
                    : as not overlayable)
    | Stack used          :  00000000


  ->Sub-tree of type: Indirectly called function tree that does not make
                    : indirect calls (Is not an interrupt and is not flagged
                    : as not overlayable)
                             CSTACK
    | Stack used (prev) :  00000000
  01  TaskMethod9
      | Stack used (prev) :  00000000
      | + function block  :  00000000
  <-Sub-tree of type: Indirectly called function tree that does not make
                    : indirect calls (Is not an interrupt and is not flagged
                    : as not overlayable)
    | Stack used          :  00000000


  ->Sub-tree of type: Indirectly called function tree that does not make
                    : indirect calls (Is not an interrupt and is not flagged
                    : as not overlayable)
                             CSTACK
    | Stack used (prev) :  00000000
  01  TaskOnCreate
      | Stack used (prev) :  00000000
      | + function block  :  00000028
  <-Sub-tree of type: Indirectly called function tree that does not make
                    : indirect calls (Is not an interrupt and is not flagged
                    : as not overlayable)
    | Stack used          :  00000028


  ->Sub-tree of type: Indirectly called function tree that does not make
                    : indirect calls (Is not an interrupt and is not flagged
                    : as not overlayable)
                             CSTACK
    | Stack used (prev) :  00000000
  01  TaskKiller
      | Stack used (prev) :  00000000
      | + function block  :  00000000
  <-Sub-tree of type: Indirectly called function tree that does not make
                    : indirect calls (Is not an interrupt and is not flagged
                    : as not overlayable)
    | Stack used          :  00000000


  ->Sub-tree of type: Indirectly called function tree that does not make
                    : indirect calls (Is not an interrupt and is not flagged
                    : as not overlayable)
                             CSTACK
    | Stack used (prev) :  00000000
  01  TaskOnClose
      | Stack used (prev) :  00000000
      | + function block  :  00000004
  <-Sub-tree of type: Indirectly called function tree that does not make
                    : indirect calls (Is not an interrupt and is not flagged
                    : as not overlayable)
    | Stack used          :  00000004


  ->Sub-tree of type: Indirectly called function tree that does not make
                    : indirect calls (Is not an interrupt and is not flagged
                    : as not overlayable)
                             CSTACK
    | Stack used (prev) :  00000000
  01  TaskOnMessage
      | Stack used (prev) :  00000000
      | + function block  :  00000000
  <-Sub-tree of type: Indirectly called function tree that does not make
                    : indirect calls (Is not an interrupt and is not flagged
                    : as not overlayable)
    | Stack used          :  00000000


  ->Sub-tree of type: Indirectly called function tree that does not make
                    : indirect calls (Is not an interrupt and is not flagged
                    : as not overlayable)
                             CSTACK
    | Stack used (prev) :  00000000
  01  DaemonKeyHook
      | Stack used (prev) :  00000000
      | + function block  :  0000000C
  <-Sub-tree of type: Indirectly called function tree that does not make
                    : indirect calls (Is not an interrupt and is not flagged
                    : as not overlayable)
    | Stack used          :  0000000C


  ->Sub-tree of type: Indirectly called function tree that does not make
                    : indirect calls (Is not an interrupt and is not flagged
                    : as not overlayable)
                             CSTACK
    | Stack used (prev) :  00000000
  01  TimerProc
      | Stack used (prev) :  00000000
      | + function block  :  00000004
  <-Sub-tree of type: Indirectly called function tree that does not make
                    : indirect calls (Is not an interrupt and is not flagged
                    : as not overlayable)
    | Stack used          :  00000004


  ->Sub-tree of type: Indirectly called function tree that does not make
                    : indirect calls (Is not an interrupt and is not flagged
                    : as not overlayable)
                             CSTACK
    | Stack used (prev) :  00000000
  01  DaemonOnMessage
      | Stack used (prev) :  00000000
      | + function block  :  00000074
  <-Sub-tree of type: Indirectly called function tree that does not make
                    : indirect calls (Is not an interrupt and is not flagged
                    : as not overlayable)
    | Stack used          :  00000074


  ->Sub-tree of type: Indirectly called function tree that does not make
                    : indirect calls (Is not an interrupt and is not flagged
                    : as not overlayable)
                             CSTACK
    | Stack used (prev) :  00000000
  01  DaemonOnCreate
      | Stack used (prev) :  00000000
      | + function block  :  00000020
  <-Sub-tree of type: Indirectly called function tree that does not make
                    : indirect calls (Is not an interrupt and is not flagged
                    : as not overlayable)
    | Stack used          :  00000020


  ->Sub-tree of type: Indirectly called function tree that does not make
                    : indirect calls (Is not an interrupt and is not flagged
                    : as not overlayable)
                             CSTACK
    | Stack used (prev) :  00000000
  01  Destructor
      | Stack used (prev) :  00000000
      | + function block  :  00000004
  <-Sub-tree of type: Indirectly called function tree that does not make
                    : indirect calls (Is not an interrupt and is not flagged
                    : as not overlayable)
    | Stack used          :  00000004


  ->Sub-tree of type: Indirectly called function tree that does not make
                    : indirect calls (Is not an interrupt and is not flagged
                    : as not overlayable)
                             CSTACK
    | Stack used (prev) :  00000000
  01  DaemonOnClose
      | Stack used (prev) :  00000000
      | + function block  :  0000000C
  <-Sub-tree of type: Indirectly called function tree that does not make
                    : indirect calls (Is not an interrupt and is not flagged
                    : as not overlayable)
    | Stack used          :  0000000C


  ->Sub-tree of type: Function tree
                             CSTACK
    | Stack used (prev) :  000000B8
  01  LoadConfigData
      | Stack used (prev) :  000000B8
      | + function block  :  00000024
  <-Sub-tree of type: Function tree
    | Stack used          :  000000DC


  ->Sub-tree of type: Function tree
                             CSTACK
    | Stack used (prev) :  000000DC
  01  InitConfig
      | Stack used (prev) :  000000DC
      | + function block  :  00000008
  <-Sub-tree of type: Function tree
    | Stack used          :  000000E4


  ->Sub-tree of type: Function tree
                             CSTACK
    | Stack used (prev) :  000000E4
  01  RunAPP
      | Stack used (prev) :  000000E4
      | + function block  :  0000000C
  <-Sub-tree of type: Function tree
    | Stack used          :  000000F0


  ->Sub-tree of type: Function tree
                             CSTACK
    | Stack used (prev) :  000000F0
  01  GetLDate
      | Stack used (prev) :  000000F0
      | + function block  :  00000028
  <-Sub-tree of type: Function tree
    | Stack used          :  00000118


  ->Sub-tree of type: Function tree
                             CSTACK
    | Stack used (prev) :  00000118
  01  GetLunar
      | Stack used (prev) :  00000118
      | + function block  :  00000084
  <-Sub-tree of type: Function tree
    | Stack used          :  0000019C


  ->Sub-tree of type: Function tree
                             CSTACK
    | Stack used (prev) :  0000019C
  01  PixlsWidth
      | Stack used (prev) :  0000019C
      | + function block  :  00000014
  <-Sub-tree of type: Function tree
    | Stack used          :  000001B0


  ->Sub-tree of type: Function tree
                             CSTACK
    | Stack used (prev) :  000001B0
  01  strcmp_nocase
      | Stack used (prev) :  000001B0
      | + function block  :  00000000
  <-Sub-tree of type: Function tree
    | Stack used          :  000001B0


  ->Sub-tree of type: Function tree
                             CSTACK
    | Stack used (prev) :  000001B0
  01  PlayMusic
      | Stack used (prev) :  000001B0
      | + function block  :  000000F4
  <-Sub-tree of type: Function tree
    | Stack used          :  000002A4


  ->Sub-tree of type: Function tree
                             CSTACK
    | Stack used (prev) :  000002A4
  01  MidStr
      | Stack used (prev) :  000002A4
      | + function block  :  00000118
  <-Sub-tree of type: Function tree
    | Stack used          :  000003BC


  ->Sub-tree of type: Function tree
                             CSTACK
    | Stack used (prev) :  000003BC
  01  FindBCFGFile
      | Stack used (prev) :  000003BC
      | + function block  :  000003E4
  <-Sub-tree of type: Function tree
    | Stack used          :  000007A0


  ->Sub-tree of type: Function tree
                             CSTACK
    | Stack used (prev) :  000007A0
  01  SetIDS
      | Stack used (prev) :  000007A0
      | + function block  :  0000000C
  <-Sub-tree of type: Function tree
    | Stack used          :  000007AC


  ->Sub-tree of type: Function tree
                             CSTACK
    | Stack used (prev) :  000007AC
  01  InitShow
      | Stack used (prev) :  000007AC
      | + function block  :  0000003C
  <-Sub-tree of type: Function tree
    | Stack used          :  000007E8


  ->Sub-tree of type: Function tree
                             CSTACK
    | Stack used (prev) :  000007E8
  01  FillScreen
      | Stack used (prev) :  000007E8
      | + function block  :  00000018
  <-Sub-tree of type: Function tree
    | Stack used          :  00000800


  ->Sub-tree of type: Function tree
                             CSTACK
    | Stack used (prev) :  00000800
  01  InitScreen
      | Stack used (prev) :  00000800
      | + function block  :  0000008C
  <-Sub-tree of type: Function tree
    | Stack used          :  0000088C


  ->Sub-tree of type: Function tree
                             CSTACK
    | Stack used (prev) :  0000088C
  01  APP_TRAF
      | Stack used (prev) :  0000088C
      | + function block  :  00000008
  <-Sub-tree of type: Function tree
    | Stack used          :  00000894


  ->Sub-tree of type: Function tree
                             CSTACK
    | Stack used (prev) :  00000894
  01  InitMenu
      | Stack used (prev) :  00000894
      | + function block  :  00000014
  <-Sub-tree of type: Function tree
    | Stack used          :  000008A8


  ->Sub-tree of type: Function tree
                             CSTACK
    | Stack used (prev) :  000008A8
  01  BuildGUI
      | Stack used (prev) :  000008A8
      | + function block  :  00000040
  <-Sub-tree of type: Function tree
    | Stack used          :  000008E8


  ->Sub-tree of type: Function tree
                             CSTACK
    | Stack used (prev) :  000008E8
  01  RunDIR
      | Stack used (prev) :  000008E8
      | + function block  :  00000074
  <-Sub-tree of type: Function tree
    | Stack used          :  0000095C


  ->Sub-tree of type: Function tree
                             CSTACK
    | Stack used (prev) :  0000095C
  01  DoIt
      | Stack used (prev) :  0000095C
      | + function block  :  00000008
  <-Sub-tree of type: Function tree
    | Stack used          :  00000964


  ->Sub-tree of type: Function tree
                             CSTACK
    | Stack used (prev) :  00000964
  01  main
      | Stack used (prev) :  00000964
      | + function block  :  0000003C
  <-Sub-tree of type: Function tree
    | Stack used          :  000009A0




                ****************************************
                *                                      *
                *      SEGMENTS IN ADDRESS ORDER       *
                *                                      *
                ****************************************


SEGMENT              SPACE    START ADDRESS   END ADDRESS     SIZE  TYPE  ALIGN
=======              =====    =============   ===========     ====  ====  =====
ELFBEGIN             CODE_AREA           00000000                     rel    0
DATA_ID              CODE_AREA      00000000 - 000002C3         2C4   rel    2
START                CODE_AREA           000002C4                     dse    0
CODE                 CODE_AREA      000002C4 - 00003A33        3770   rel    2
DATA_C               CODE_AREA      00003A34 - 0000449A         A67   rel    2
INITTAB              CODE_AREA      0000449C - 000044B3          18   rel    2
DATA_Z               CODE_AREA      000044B4 - 0000467D         1CA   rel    2
DATA_N               CODE_AREA           0000467E                     dse    0
CONFIG_C             CODE_AREA      00004680 - 000082DB        3C5C   rel    2
DATA_I               DATA_AREA      00000000 - 000002C3         2C4   rel    2

                ****************************************
                *                                      *
                *        END OF CROSS REFERENCE        *
                *                                      *
                ****************************************

 33 497 bytes of CODE memory
    708 bytes of DATA memory

Errors: 7
Warnings: none

