Warning[w6]: Type conflict for external/entry "PNG_HEADER", in module main against external/entry in module config_data2; types have different type attributes
  /* In module main: */
  int PNG_HEADER;
  /* In module config_data2: */
  int const PNG_HEADER;
Warning[w6]: Type conflict for external/entry "PNG_SOFTKEY", in module main against external/entry in module config_data2; types have different type attributes
  /* In module main: */
  int PNG_SOFTKEY;
  /* In module config_data2: */
  int const PNG_SOFTKEY;
Warning[w6]: Type conflict for external/entry "awayMsg", in module main against external/entry in module config_data2; types have different type attributes
  /* In module main: */
  char awayMsg[256];
  /* In module config_data2: */
  char (const awayMsg)[256];
Warning[w6]: Type conflict for external/entry "PASS", in module auth against external/entry in module configs; types have different type attributes
  /* In module auth: */
  char (const PASS)[];
  /* In module configs: */
  char PASS[9];
Warning[w6]: Type conflict for external/entry "UIN", in module auth against external/entry in module configs; types have different type attributes
  /* In module auth: */
  unsigned int const UIN;
  /* In module configs: */
  unsigned int UIN;
Warning[w6]: Type conflict for external/entry "ProcessPacket", in module auth against external/entry in module main; function return types are different; different basic types
  /* In module auth: */
  /* Function, args 1, attr 0 */
  void (__atpcs __interwork ProcessPacket)(struct /* Elements: 2, Bytes: 16392 */
                                           { 
                                             PKT pkt;
                                             char data[16384];
                                           } *);
    typedef struct __Unnamed_1_130 PKT;
  /* In module main: */
  /* Function, args 1, attr 0 */
  int (__atpcs __interwork ProcessPacket)(TPKT *);
    typedef struct __Unnamed_1_128 TPKT;
################################################################################
#                                                                              #
#      IAR Universal Linker V4.60I/386                                         #
#                                                                              #
#           Link time     =  10/Dec/2010  22:12:09                             #
#           Target CPU    =  ARM                                               #
#           List file     =  D:\pasha\elf\_MY_PROJECT_\naticq_mod2\Release\Lis #
#                            t\NATICQ.map                                      #
#           Output file 1 =  D:\pasha\elf\_MY_PROJECT_\naticq_mod2\Release\Exe #
#                            \NATICQ.elf                                       #
#                            Format: elf, variant: -ynpra                      #
#           Command line  =  D:\pasha\elf\_MY_PROJECT_\naticq_mod2\Release\Obj #
#                            \addon.r79                                        #
#                            D:\pasha\elf\_MY_PROJECT_\naticq_mod2\Release\Obj #
#                            \cl_work.r79                                      #
#                            D:\pasha\elf\_MY_PROJECT_\naticq_mod2\Release\Obj #
#                            \conf_loader.r79                                  #
#                            D:\pasha\elf\_MY_PROJECT_\naticq_mod2\Release\Obj #
#                            \config_data2.r79                                 #
#                            D:\pasha\elf\_MY_PROJECT_\naticq_mod2\Release\Obj #
#                            \configs.r79                                      #
#                            D:\pasha\elf\_MY_PROJECT_\naticq_mod2\Release\Obj #
#                            \func.r79                                         #
#                            D:\pasha\elf\_MY_PROJECT_\naticq_mod2\Release\Obj #
#                            \history.r79                                      #
#                            D:\pasha\elf\_MY_PROJECT_\naticq_mod2\Release\Obj #
#                            \main.r79                                         #
#                            D:\pasha\elf\_MY_PROJECT_\naticq_mod2\Release\Obj #
#                            \mainmenu.r79                                     #
#                            D:\pasha\elf\_MY_PROJECT_\naticq_mod2\Release\Obj #
#                            \manage_cl.r79                                    #
#                            D:\pasha\elf\_MY_PROJECT_\naticq_mod2\Release\Obj #
#                            \player_tags.r79                                  #
#                            D:\pasha\elf\_MY_PROJECT_\naticq_mod2\Release\Obj #
#                            \screen_save.r79                                  #
#                            D:\pasha\elf\_MY_PROJECT_\naticq_mod2\Release\Obj #
#                            \select_smile.r79                                 #
#                            D:\pasha\elf\_MY_PROJECT_\naticq_mod2\Release\Obj #
#                            \smiles_loader.r79                                #
#                            D:\pasha\elf\_MY_PROJECT_\naticq_mod2\Release\Obj #
#                            \status_change.r79                                #
#                            D:\pasha\elf\_MY_PROJECT_\naticq_mod2\ScreenShot. #
#                            r79                                               #
#                            D:\pasha\elf\_MY_PROJECT_\naticq_mod2\auth.r79    #
#                            D:\pasha\elf\_MY_PROJECT_\naticq_mod2\print.r79   #
#                            D:\pasha\elf\_MY_PROJECT_\naticq_mod2\strings.r79 #
#                            -o                                                #
#                            D:\pasha\elf\_MY_PROJECT_\naticq_mod2\Release\Exe #
#                            \NATICQ.elf                                       #
#                            -Felf -l                                          #
#                            D:\pasha\elf\_MY_PROJECT_\naticq_mod2\Release\Lis #
#                            t\NATICQ.map                                      #
#                            -xmsn -f                                          #
#                            D:\pasha\elf\_MY_PROJECT_\naticq_mod2/test.xcl    #
#                            (-carm -V(CODE)CODE_AREA,12                       #
#                            -V(DATA)DATA_AREA,12                              #
#                            -Z(CODE_AREA)ELFBEGIN,DATA_ID,START,CODE,DATA_C,I #
#                            NITTAB,DATA_Z,DATA_N,CONFIG_C=0-FFFFFFFF          #
#                            -Z(DATA_AREA)DATA_I=0-FFFFFFFF) -ynpra            #
#                            "D:\pasha\Embedded Workbench 4.0 Evaluation2\ARM\ #
#                            LIB\dl5tpainl8n.r79"                              #
#                            -s main                                           #
#                                                                              #
#                        Copyright 1987-2007 IAR Systems. All rights reserved. #
################################################################################





                ****************************************
                *                                      *
                *           CROSS REFERENCE            *
                *                                      *
                ****************************************

       Program entry at : CODE_AREA 0000D5B0  Relocatable, from module : main




                ****************************************
                *                                      *
                *            RUNTIME MODEL             *
                *                                      *
                ****************************************

  StackAlign4  = USED
  StackAlign8  = USED
  __cpu_mode   = __pcs__interwork
  __data_model = absolute
  __endian     = little
  __rt_version = 6



                ****************************************
                *                                      *
                *              MODULE MAP              *
                *                                      *
                ****************************************


  DEFINED ABSOLUTE ENTRIES
    *************************************************************************

  DEFINED ABSOLUTE ENTRIES
    *************************************************************************

  FILE NAME : D:\pasha\elf\_MY_PROJECT_\naticq_mod2\Release\Obj\addon.r79
  PROGRAM MODULE, NAME : addon

  SEGMENTS IN THE MODULE
  ======================
CODE
  Relative segment, address: CODE_AREA 000003BC - 0000058F (0x1d4 bytes), align: 2
  Segment part 24.            Intra module refs:   CheckComand2
           ENTRY                   ADDRESS         REF BY
           =====                   =======         ======
           start                   000003BC 
               stack 1 = 00000000 ( 00000010 )
    -------------------------------------------------------------------------
CODE
  Relative segment, address: CODE_AREA 00000590 - 00000BBB (0x62c bytes), align: 2
  Segment part 26.
           ENTRY                   ADDRESS         REF BY
           =====                   =======         ======
           CheckComand2            00000590        CheckComand (main)
               stack 1 = 00000000 ( 000004D8 )
    -------------------------------------------------------------------------
DATA_I
  Relative segment, address: DATA_AREA 00000000 - 00000007 (0x8 bytes), align: 2
  Segment part 19.            Intra module refs:   DoScreen
           ENTRY                   ADDRESS         REF BY
           =====                   =======         ======
           screen                  00000000        I_OnRedraw (main)
                                                   I_onClose (main)
                                                   MM_OnRedraw (mainmenu)
                                                   MM_onClose (mainmenu)
                                                   method0 (screen_save)
                                                   method2 (screen_save)
    -------------------------------------------------------------------------
CODE
  Relative segment, address: CODE_AREA 00000BBC - 00000C2F (0x74 bytes), align: 2
  Segment part 28.
           ENTRY                   ADDRESS         REF BY
           =====                   =======         ======
           DoScreen                00000BBC        I_onCreate (main)
                                                   MM_onCreate (mainmenu)
                                                   method1 (screen_save)
               stack 1 = 00000000 ( 00000018 )
    -------------------------------------------------------------------------
DATA_I
  Relative segment, address: DATA_AREA 00000008 - 0000000F (0x8 bytes), align: 2
  Segment part 21.            Intra module refs:   DoScreen2
           ENTRY                   ADDRESS         REF BY
           =====                   =======         ======
           screen2                 00000008        Segment part 132 (status_change)
                                                   Segment part 144 (status_change)
                                                   Segment part 58 (status_change)
                                                   Segment part 68 (status_change)
    -------------------------------------------------------------------------
CODE
  Relative segment, address: CODE_AREA 00000C30 - 00000CA3 (0x74 bytes), align: 2
  Segment part 30.
           ENTRY                   ADDRESS         REF BY
           =====                   =======         ======
           DoScreen2               00000C30        SC_onCreate (status_change)
                                                   XS_onCreate (status_change)
               stack 1 = 00000000 ( 00000018 )
    -------------------------------------------------------------------------
CODE
  Relative segment, address: CODE_AREA 00000CA4 - 00000CA7 (0x4 bytes), align: 2
  Segment part 31.            Intra module refs:   DoScreen
                                                   DoScreen2
    -------------------------------------------------------------------------
DATA_ID
  Relative segment, address: CODE_AREA 00000000 - 00000007 (0x8 bytes), align: 2
  Segment part 20.            Intra module refs:   screen
    -------------------------------------------------------------------------
DATA_ID
  Relative segment, address: CODE_AREA 00000008 - 0000000F (0x8 bytes), align: 2
  Segment part 22.            Intra module refs:   screen2
    -------------------------------------------------------------------------
INITTAB
  Relative segment, address: CODE_AREA 0001E4CC - 0001E4D7 (0xc bytes), align: 2
  Segment part 38. ROOT.
           ENTRY                   ADDRESS         REF BY
           =====                   =======         ======
           ?init?tab?DATA_I        0001E4CC 
    -------------------------------------------------------------------------
DATA_C
  Relative segment, address: CODE_AREA 0001E4C4 - 0001E4C4 (0x1 bytes), align: 0
  Segment part 2.             Intra module refs:   Segment part 20
                                                   Segment part 22
    -------------------------------------------------------------------------
DATA_C
  Relative segment, address: CODE_AREA 0001616C - 0001618B (0x20 bytes), align: 2
  Segment part 3.             Intra module refs:   start
    -------------------------------------------------------------------------
DATA_C
  Relative segment, address: CODE_AREA 0001618C - 00016203 (0x78 bytes), align: 2
  Segment part 7.             Intra module refs:   CheckComand2

    *************************************************************************

  FILE NAME : D:\pasha\elf\_MY_PROJECT_\naticq_mod2\Release\Obj\cl_work.r79
  PROGRAM MODULE, NAME : cl_work

  SEGMENTS IN THE MODULE
  ======================
CODE
  Relative segment, address: CODE_AREA 00000CA8 - 00000CCB (0x24 bytes), align: 2
  Segment part 5.             Intra module refs:   FillAllOffline
           ENTRY                   ADDRESS         REF BY
           =====                   =======         ======
           FreeXText               00000CA8        CreateEditChat (main)
                                                   ProcessPacket (main)
               stack 1 = 00000000 ( 00000008 )
    -------------------------------------------------------------------------
CODE
  Relative segment, address: CODE_AREA 00000CCC - 00000D33 (0x68 bytes), align: 2
  Segment part 7.
           ENTRY                   ADDRESS         REF BY
           =====                   =======         ======
           FreeCLIST               00000CCC        maincsm_onclose (main)
               stack 1 = 00000000 ( 00000008 )
    -------------------------------------------------------------------------
CODE
  Relative segment, address: CODE_AREA 00000D34 - 00000DC3 (0x90 bytes), align: 2
  Segment part 9.
           ENTRY                   ADDRESS         REF BY
           =====                   =======         ======
           FillAllOffline          00000D34        maincsm_onmessage (main)
               stack 1 = 00000000 ( 00000010 )
    -------------------------------------------------------------------------
CODE
  Relative segment, address: CODE_AREA 00000DC4 - 00000DEF (0x2c bytes), align: 2
  Segment part 11.            Intra module refs:   LoadLocalCL
           ENTRY                   ADDRESS         REF BY
           =====                   =======         ======
           FindContactByUin        00000DC4        ChangeAutoMsg (main)
                                                   ChangeShowXstatus (main)
                                                   ChangeSoundContact (main)
                                                   ChangeVibraContact (main)
                                                   ClOnKey (main)
                                                   DrawIconInfo (main)
                                                   FindContactLOGQByAck (main)
                                                   I_DrawList (main)
                                                   I_OnKey (main)
                                                   ProcessPacket (main)
                                                   RqtXText (main)
                                                   addIconBar (main)
                                                   get_answer (main)
                                                   maincsm_onmessage (main)
    -------------------------------------------------------------------------
CODE
  Relative segment, address: CODE_AREA 00000DF0 - 00000E1F (0x30 bytes), align: 2
  Segment part 13.
           ENTRY                   ADDRESS         REF BY
           =====                   =======         ======
           FindGroupByID           00000DF0        ClOnKey (main)
                                                   ProcessPacket (main)
                                                   maincsm_onmessage (main)
    -------------------------------------------------------------------------
DATA_C
  Relative segment, address: CODE_AREA 00016204 - 0001620F (0xc bytes), align: 2
  Segment part 2.             Intra module refs:   LoadLocalCL
    -------------------------------------------------------------------------
DATA_C
  Relative segment, address: CODE_AREA 00016210 - 0001630F (0x100 bytes), align: 2
  Segment part 3.             Intra module refs:   FindContactByNS
    -------------------------------------------------------------------------
CODE
  Relative segment, address: CODE_AREA 00000E20 - 00000FA3 (0x184 bytes), align: 2
  Segment part 15.            Intra module refs:   CountContacts
                                                   FindContactByContact
                                                   FindContactByN
           ENTRY                   ADDRESS         REF BY
           =====                   =======         ======
           FindContactByNS         00000E20 
               stack 1 = 00000000 ( 00000020 )
    -------------------------------------------------------------------------
CODE
  Relative segment, address: CODE_AREA 00000FA4 - 00000FD3 (0x30 bytes), align: 2
  Segment part 17.
           ENTRY                   ADDRESS         REF BY
           =====                   =======         ======
           CountContacts           00000FA4        ClOnKey (main)
                                                   DrawList (main)
                                                   RecountMenu (main)
               stack 1 = 00000000 ( 00000008 )
    -------------------------------------------------------------------------
CODE
  Relative segment, address: CODE_AREA 00000FD4 - 0000102F (0x5c bytes), align: 2
  Segment part 19.
           ENTRY                   ADDRESS         REF BY
           =====                   =======         ======
           FindContactByN          00000FD4        ClOnKey (main)
                                                   DrawList (main)
                                                   maincsm_onmessage (main)
               stack 1 = 00000000 ( 00000008 )
    -------------------------------------------------------------------------
CODE
  Relative segment, address: CODE_AREA 00001030 - 00001097 (0x68 bytes), align: 2
  Segment part 21.
           ENTRY                   ADDRESS         REF BY
           =====                   =======         ======
           FindContactByContact    00001030        RecountMenu (main)
               stack 1 = 00000000 ( 0000000C )
    -------------------------------------------------------------------------
CODE
  Relative segment, address: CODE_AREA 00001098 - 0000109B (0x4 bytes), align: 2
  Segment part 22.            Intra module refs:   FindContactByContact
                                                   FindContactByN
    -------------------------------------------------------------------------
CODE
  Relative segment, address: CODE_AREA 0000109C - 000010CF (0x34 bytes), align: 2
  Segment part 24.            Intra module refs:   ChangeContactPos
           ENTRY                   ADDRESS         REF BY
           =====                   =======         ======
           SwapContacts            0000109C 
    -------------------------------------------------------------------------
CODE
  Relative segment, address: CODE_AREA 000010D0 - 0000114F (0x80 bytes), align: 2
  Segment part 26.            Intra module refs:   FillAllOffline
           ENTRY                   ADDRESS         REF BY
           =====                   =======         ======
           ChangeContactPos        000010D0        AddMsgToChat (main)
                                                   AddStringToLog (main)
                                                   CreateEditChat (main)
                                                   ProcessPacket (main)
               stack 1 = 00000000 ( 0000000C )
    -------------------------------------------------------------------------
CODE
  Relative segment, address: CODE_AREA 00001150 - 000011E7 (0x98 bytes), align: 2
  Segment part 28.            Intra module refs:   AddContactOrGroup
                                                   ChangeContactPos
           ENTRY                   ADDRESS         REF BY
           =====                   =======         ======
           CompareContacts         00001150 
               stack 1 = 00000000 ( 00000010 )
    -------------------------------------------------------------------------
CODE
  Relative segment, address: CODE_AREA 000011E8 - 0000125F (0x78 bytes), align: 2
  Segment part 30.            Intra module refs:   AddContact
                                                   AddGroup
                                                   ResortCL
           ENTRY                   ADDRESS         REF BY
           =====                   =======         ======
           AddContactOrGroup       000011E8 
               stack 1 = 00000000 ( 00000010 )
    -------------------------------------------------------------------------
CODE
  Relative segment, address: CODE_AREA 00001260 - 000012CF (0x70 bytes), align: 2
  Segment part 32.
           ENTRY                   ADDRESS         REF BY
           =====                   =======         ======
           ResortCL                00001260        ChangeShowGroupsMode (mainmenu)
                                                   maincsm_onmessage (main)
               stack 1 = 00000000 ( 00000014 )
    -------------------------------------------------------------------------
CODE
  Relative segment, address: CODE_AREA 000012D0 - 0000132F (0x60 bytes), align: 2
  Segment part 34.            Intra module refs:   LoadLocalCL
           ENTRY                   ADDRESS         REF BY
           =====                   =======         ======
           AddContact              000012D0        ProcessPacket (main)
                                                   maincsm_onmessage (main)
               stack 1 = 00000000 ( 00000018 )
    -------------------------------------------------------------------------
CODE
  Relative segment, address: CODE_AREA 00001330 - 00001393 (0x64 bytes), align: 2
  Segment part 36.
           ENTRY                   ADDRESS         REF BY
           =====                   =======         ======
           AddGroup                00001330        ProcessPacket (main)
                                                   maincsm_onmessage (main)
               stack 1 = 00000000 ( 00000010 )
    -------------------------------------------------------------------------
CODE
  Relative segment, address: CODE_AREA 00001394 - 00001397 (0x4 bytes), align: 2
  Segment part 37.            Intra module refs:   AddGroup
                                                   CompareContacts
                                                   FindContactByNS
                                                   ResortCL
    -------------------------------------------------------------------------
CODE
  Relative segment, address: CODE_AREA 00001398 - 0000139B (0x4 bytes), align: 2
  Segment part 38.            Intra module refs:   AddContact
                                                   AddGroup
                                                   FillAllOffline
                                                   FindContactByNS
                                                   FindContactByUin
                                                   FindGroupByID
                                                   FreeCLIST
                                                   ResortCL
    -------------------------------------------------------------------------
CODE
  Relative segment, address: CODE_AREA 0000139C - 0000152F (0x194 bytes), align: 2
  Segment part 40.
           ENTRY                   ADDRESS         REF BY
           =====                   =======         ======
           LoadLocalCL             0000139C        maincsm_onmessage (main)
               stack 1 = 00000000 ( 00000184 )

    *************************************************************************

  FILE NAME : D:\pasha\elf\_MY_PROJECT_\naticq_mod2\Release\Obj\conf_loader.r79
  PROGRAM MODULE, NAME : conf_loader

  SEGMENTS IN THE MODULE
  ======================
CODE
  Relative segment, address: CODE_AREA 00001530 - 0000159B (0x6c bytes), align: 2
  Segment part 13.            Intra module refs:   InitConfig
           ENTRY                   ADDRESS         REF BY
           =====                   =======         ======
           LoadConfigData          00001530 
               stack 1 = 00000000 ( 00000018 )
    -------------------------------------------------------------------------
DATA_I
  Relative segment, address: DATA_AREA 00000010 - 00000013 (0x4 bytes), align: 2
  Segment part 6.             Intra module refs:   InitConfig
           ENTRY                   ADDRESS         REF BY
           =====                   =======         ======
           config_path             00000010 
    -------------------------------------------------------------------------
CODE
  Relative segment, address: CODE_AREA 0000159C - 000015EB (0x50 bytes), align: 2
  Segment part 15.
           ENTRY                   ADDRESS         REF BY
           =====                   =======         ======
           InitConfig              0000159C        UpdateConfig (configs)
               stack 1 = 00000000 ( 00000090 )
    -------------------------------------------------------------------------
DATA_I
  Relative segment, address: DATA_AREA 00000014 - 00000017 (0x4 bytes), align: 2
  Segment part 8.             Intra module refs:   LoadConfigData2
           ENTRY                   ADDRESS         REF BY
           =====                   =======         ======
           suc_config_name_mod     00000014        EditConfigMod (mainmenu)
                                                   Segment part 301 (main)
                                                   Segment part 622 (main)
    -------------------------------------------------------------------------
CODE
  Relative segment, address: CODE_AREA 000015EC - 00001717 (0x12c bytes), align: 2
  Segment part 17.            Intra module refs:   InitConfig2
           ENTRY                   ADDRESS         REF BY
           =====                   =======         ======
           LoadConfigData2         000015EC 
               stack 1 = 00000000 ( 00000030 )
    -------------------------------------------------------------------------
CODE
  Relative segment, address: CODE_AREA 00001718 - 0000173F (0x28 bytes), align: 2
  Segment part 19.
           ENTRY                   ADDRESS         REF BY
           =====                   =======         ======
           InitConfig2             00001718        UpdateConfig (configs)
               stack 1 = 00000000 ( 00000008 )
    -------------------------------------------------------------------------
DATA_ID
  Relative segment, address: CODE_AREA 00000010 - 00000013 (0x4 bytes), align: 2
  Segment part 7.             Intra module refs:   config_path
    -------------------------------------------------------------------------
DATA_ID
  Relative segment, address: CODE_AREA 00000014 - 00000017 (0x4 bytes), align: 2
  Segment part 9.             Intra module refs:   suc_config_name_mod
    -------------------------------------------------------------------------
DATA_C
  Relative segment, address: CODE_AREA 00016310 - 0001631B (0xc bytes), align: 2
  Segment part 2.             Intra module refs:   Segment part 7
    -------------------------------------------------------------------------
DATA_C
  Relative segment, address: CODE_AREA 0001E4C5 - 0001E4C5 (0x1 bytes), align: 0
  Segment part 3.             Intra module refs:   Segment part 9
    -------------------------------------------------------------------------
DATA_C
  Relative segment, address: CODE_AREA 0001631C - 0001632B (0x10 bytes), align: 2
  Segment part 4.             Intra module refs:   InitConfig
    -------------------------------------------------------------------------
DATA_C
  Relative segment, address: CODE_AREA 0001632C - 00016363 (0x38 bytes), align: 2
  Segment part 5.             Intra module refs:   InitConfig2

    *************************************************************************

  FILE NAME : D:\pasha\elf\_MY_PROJECT_\naticq_mod2\Release\Obj\config_data2.r79
  PROGRAM MODULE, NAME : config_data2

  SEGMENTS IN THE MODULE
  ======================
DATA_C
  Relative segment, address: CODE_AREA 00016364 - 0001638F (0x2c bytes), align: 2
  Segment part 2. ROOT.
           ENTRY                   ADDRESS         REF BY
           =====                   =======         ======
           cfghdr0                 00016364        LoadConfigData2 (conf_loader)
    -------------------------------------------------------------------------
DATA_C
  Relative segment, address: CODE_AREA 00016390 - 000163BB (0x2c bytes), align: 2
  Segment part 3. ROOT.
           ENTRY                   ADDRESS         REF BY
           =====                   =======         ======
           cfghdr31                00016390 
    -------------------------------------------------------------------------
DATA_C
  Relative segment, address: CODE_AREA 000163BC - 000163E7 (0x2c bytes), align: 2
  Segment part 4. ROOT.
           ENTRY                   ADDRESS         REF BY
           =====                   =======         ======
           cfghdr4_2               000163BC 
    -------------------------------------------------------------------------
DATA_C
  Relative segment, address: CODE_AREA 000163E8 - 000163EB (0x4 bytes), align: 2
  Segment part 5. ROOT.
           ENTRY                   ADDRESS         REF BY
           =====                   =======         ======
           DEVELOP_IF_MOD          000163E8        UpdateConfig (configs)
    -------------------------------------------------------------------------
DATA_C
  Relative segment, address: CODE_AREA 000163EC - 0001642B (0x40 bytes), align: 2
  Segment part 6. ROOT.
           ENTRY                   ADDRESS         REF BY
           =====                   =======         ======
           cfgcbox15_1             000163EC 
    -------------------------------------------------------------------------
DATA_C
  Relative segment, address: CODE_AREA 0001642C - 00016457 (0x2c bytes), align: 2
  Segment part 7. ROOT.
           ENTRY                   ADDRESS         REF BY
           =====                   =======         ======
           cfghdr6_10              0001642C 
    -------------------------------------------------------------------------
DATA_C
  Relative segment, address: CODE_AREA 00016458 - 0001645B (0x4 bytes), align: 2
  Segment part 8. ROOT.
           ENTRY                   ADDRESS         REF BY
           =====                   =======         ======
           HISTORY_SAVE_TYPE       00016458        OpenLogfile (main)
                                                   Segment part 40 (history)
    -------------------------------------------------------------------------
DATA_C
  Relative segment, address: CODE_AREA 0001645C - 0001649B (0x40 bytes), align: 2
  Segment part 9. ROOT.
           ENTRY                   ADDRESS         REF BY
           =====                   =======         ======
           cfgcbox6_9              0001645C 
    -------------------------------------------------------------------------
DATA_C
  Relative segment, address: CODE_AREA 0001649C - 000164C7 (0x2c bytes), align: 2
  Segment part 10. ROOT.
           ENTRY                   ADDRESS         REF BY
           =====                   =======         ======
           cfghdr6_7               0001649C 
    -------------------------------------------------------------------------
DATA_C
  Relative segment, address: CODE_AREA 000164C8 - 000164CB (0x4 bytes), align: 2
  Segment part 11. ROOT.
           ENTRY                   ADDRESS         REF BY
           =====                   =======         ======
           HISTORY_BUFFER_MOD      000164C8        UpdateConfig (configs)
    -------------------------------------------------------------------------
DATA_C
  Relative segment, address: CODE_AREA 000164CC - 0001652B (0x60 bytes), align: 2
  Segment part 12. ROOT.
           ENTRY                   ADDRESS         REF BY
           =====                   =======         ======
           cfgcbox6_7              000164CC 
    -------------------------------------------------------------------------
DATA_C
  Relative segment, address: CODE_AREA 0001652C - 00016557 (0x2c bytes), align: 2
  Segment part 13. ROOT.
           ENTRY                   ADDRESS         REF BY
           =====                   =======         ======
           cfghdr30                0001652C 
    -------------------------------------------------------------------------
DATA_C
  Relative segment, address: CODE_AREA 00016558 - 00016583 (0x2c bytes), align: 2
  Segment part 14. ROOT.
           ENTRY                   ADDRESS         REF BY
           =====                   =======         ======
           cfghdrI_1               00016558 
    -------------------------------------------------------------------------
DATA_C
  Relative segment, address: CODE_AREA 00016584 - 000165AF (0x2c bytes), align: 2
  Segment part 15. ROOT.
           ENTRY                   ADDRESS         REF BY
           =====                   =======         ======
           cfghdrI_4               00016584 
    -------------------------------------------------------------------------
DATA_C
  Relative segment, address: CODE_AREA 000165B0 - 000165B3 (0x4 bytes), align: 2
  Segment part 16. ROOT.
           ENTRY                   ADDRESS         REF BY
           =====                   =======         ======
           MAXLOGMSG               000165B0        AddStringToLog (main)
    -------------------------------------------------------------------------
DATA_C
  Relative segment, address: CODE_AREA 000165B4 - 000165DF (0x2c bytes), align: 2
  Segment part 17. ROOT.
           ENTRY                   ADDRESS         REF BY
           =====                   =======         ======
           cfghdrI_2               000165B4 
    -------------------------------------------------------------------------
DATA_C
  Relative segment, address: CODE_AREA 000165E0 - 000165E3 (0x4 bytes), align: 2
  Segment part 18. ROOT.
           ENTRY                   ADDRESS         REF BY
           =====                   =======         ======
           VIEW_MODE               000165E0        Segment part 541 (main)
                                                   Segment part 562 (main)
    -------------------------------------------------------------------------
DATA_C
  Relative segment, address: CODE_AREA 000165E4 - 0001660F (0x2c bytes), align: 2
  Segment part 19. ROOT.
           ENTRY                   ADDRESS         REF BY
           =====                   =======         ======
           cfghdrI_3               000165E4 
    -------------------------------------------------------------------------
DATA_C
  Relative segment, address: CODE_AREA 00016610 - 00016613 (0x4 bytes), align: 2
  Segment part 20. ROOT.
           ENTRY                   ADDRESS         REF BY
           =====                   =======         ======
           LINE_MODE               00016610        DrawList (main)
    -------------------------------------------------------------------------
DATA_C
  Relative segment, address: CODE_AREA 00016614 - 0001663F (0x2c bytes), align: 2
  Segment part 21. ROOT.
           ENTRY                   ADDRESS         REF BY
           =====                   =======         ======
           cfghdrI_7               00016614 
    -------------------------------------------------------------------------
DATA_C
  Relative segment, address: CODE_AREA 00016640 - 00016643 (0x4 bytes), align: 2
  Segment part 22. ROOT.
           ENTRY                   ADDRESS         REF BY
           =====                   =======         ======
           SOFT_MODE               00016640        Segment part 116 (mainmenu)
                                                   Segment part 559 (main)
    -------------------------------------------------------------------------
DATA_C
  Relative segment, address: CODE_AREA 00016644 - 000166A3 (0x60 bytes), align: 2
  Segment part 23. ROOT.
           ENTRY                   ADDRESS         REF BY
           =====                   =======         ======
           cfgcboxI_8              00016644 
    -------------------------------------------------------------------------
DATA_C
  Relative segment, address: CODE_AREA 000166A4 - 000166CF (0x2c bytes), align: 2
  Segment part 24. ROOT.
           ENTRY                   ADDRESS         REF BY
           =====                   =======         ======
           cfghdrI_5               000166A4 
    -------------------------------------------------------------------------
DATA_C
  Relative segment, address: CODE_AREA 000166D0 - 000166D3 (0x4 bytes), align: 2
  Segment part 25. ROOT.
           ENTRY                   ADDRESS         REF BY
           =====                   =======         ======
           ShowStatusToIconBar     000166D0        addIconBar (main)
    -------------------------------------------------------------------------
DATA_C
  Relative segment, address: CODE_AREA 000166D4 - 000166FF (0x2c bytes), align: 2
  Segment part 26. ROOT.
           ENTRY                   ADDRESS         REF BY
           =====                   =======         ======
           cfghdrI_6               000166D4 
    -------------------------------------------------------------------------
DATA_C
  Relative segment, address: CODE_AREA 00016700 - 00016703 (0x4 bytes), align: 2
  Segment part 27. ROOT.
           ENTRY                   ADDRESS         REF BY
           =====                   =======         ======
           PingToIconBar           00016700        addIconBar (main)
    -------------------------------------------------------------------------
DATA_C
  Relative segment, address: CODE_AREA 00016704 - 0001672F (0x2c bytes), align: 2
  Segment part 28. ROOT.
           ENTRY                   ADDRESS         REF BY
           =====                   =======         ======
           cfghdrI_8               00016704 
    -------------------------------------------------------------------------
DATA_C
  Relative segment, address: CODE_AREA 00016730 - 00016733 (0x4 bytes), align: 2
  Segment part 29. ROOT.
           ENTRY                   ADDRESS         REF BY
           =====                   =======         ======
           ShowProcessSend         00016730        Segment part 543 (main)
    -------------------------------------------------------------------------
DATA_C
  Relative segment, address: CODE_AREA 00016734 - 000167B3 (0x80 bytes), align: 2
  Segment part 30. ROOT.
           ENTRY                   ADDRESS         REF BY
           =====                   =======         ======
           cfgcboxI_9              00016734 
    -------------------------------------------------------------------------
DATA_C
  Relative segment, address: CODE_AREA 000167B4 - 000167DF (0x2c bytes), align: 2
  Segment part 31. ROOT.
           ENTRY                   ADDRESS         REF BY
           =====                   =======         ======
           cfghdr6_8               000167B4 
    -------------------------------------------------------------------------
DATA_C
  Relative segment, address: CODE_AREA 000167E0 - 000167E3 (0x4 bytes), align: 2
  Segment part 32. ROOT.
           ENTRY                   ADDRESS         REF BY
           =====                   =======         ======
           SHOW_ACTIVE             000167E0        Segment part 443 (main)
                                                   Segment part 691 (main)
    -------------------------------------------------------------------------
DATA_C
  Relative segment, address: CODE_AREA 000167E4 - 00016823 (0x40 bytes), align: 2
  Segment part 33. ROOT.
           ENTRY                   ADDRESS         REF BY
           =====                   =======         ======
           cfgcbox6_8              000167E4 
    -------------------------------------------------------------------------
DATA_C
  Relative segment, address: CODE_AREA 00016824 - 0001684F (0x2c bytes), align: 2
  Segment part 34. ROOT.
           ENTRY                   ADDRESS         REF BY
           =====                   =======         ======
           cfghdrI_10              00016824 
    -------------------------------------------------------------------------
DATA_C
  Relative segment, address: CODE_AREA 00016850 - 00016853 (0x4 bytes), align: 2
  Segment part 35. ROOT.
           ENTRY                   ADDRESS         REF BY
           =====                   =======         ======
           SelBoldActiveChat       00016850        DrawList (main)
    -------------------------------------------------------------------------
DATA_C
  Relative segment, address: CODE_AREA 00016854 - 00016893 (0x40 bytes), align: 2
  Segment part 36. ROOT.
           ENTRY                   ADDRESS         REF BY
           =====                   =======         ======
           cfgcboxI_11             00016854 
    -------------------------------------------------------------------------
DATA_C
  Relative segment, address: CODE_AREA 00016894 - 000168BF (0x2c bytes), align: 2
  Segment part 37. ROOT.
           ENTRY                   ADDRESS         REF BY
           =====                   =======         ======
           cfghdrI_9               00016894 
    -------------------------------------------------------------------------
DATA_C
  Relative segment, address: CODE_AREA 000168C0 - 000168C3 (0x4 bytes), align: 2
  Segment part 38. ROOT.
           ENTRY                   ADDRESS         REF BY
           =====                   =======         ======
           IllByONCantact          000168C0        ProcessPacket (main)
    -------------------------------------------------------------------------
DATA_C
  Relative segment, address: CODE_AREA 000168C4 - 000168EF (0x2c bytes), align: 2
  Segment part 39. ROOT.
           ENTRY                   ADDRESS         REF BY
           =====                   =======         ======
           cfghdr_s1               000168C4 
    -------------------------------------------------------------------------
DATA_C
  Relative segment, address: CODE_AREA 000168F0 - 0001691B (0x2c bytes), align: 2
  Segment part 40. ROOT.
           ENTRY                   ADDRESS         REF BY
           =====                   =======         ======
           cfghdrs1_s1             000168F0 
    -------------------------------------------------------------------------
DATA_C
  Relative segment, address: CODE_AREA 0001691C - 0001691F (0x4 bytes), align: 2
  Segment part 41. ROOT.
           ENTRY                   ADDRESS         REF BY
           =====                   =======         ======
           ON_OFF_TIME             0001691C        ProcessPacket (main)
    -------------------------------------------------------------------------
DATA_C
  Relative segment, address: CODE_AREA 00016920 - 0001694B (0x2c bytes), align: 2
  Segment part 42. ROOT.
           ENTRY                   ADDRESS         REF BY
           =====                   =======         ======
           cfghdrHead_1            00016920 
    -------------------------------------------------------------------------
DATA_C
  Relative segment, address: CODE_AREA 0001694C - 0001694F (0x4 bytes), align: 2
  Segment part 43. ROOT.
           ENTRY                   ADDRESS         REF BY
           =====                   =======         ======
           HEAD_STATUS             0001694C        DrawHeader (main)
    -------------------------------------------------------------------------
DATA_C
  Relative segment, address: CODE_AREA 00016950 - 0001697B (0x2c bytes), align: 2
  Segment part 44. ROOT.
           ENTRY                   ADDRESS         REF BY
           =====                   =======         ======
           cfghdrHead_2            00016950 
    -------------------------------------------------------------------------
DATA_C
  Relative segment, address: CODE_AREA 0001697C - 0001697F (0x4 bytes), align: 2
  Segment part 45. ROOT.
           ENTRY                   ADDRESS         REF BY
           =====                   =======         ======
           HEAD_XSTATUS            0001697C        DrawHeader (main)
    -------------------------------------------------------------------------
DATA_C
  Relative segment, address: CODE_AREA 00016980 - 000169AB (0x2c bytes), align: 2
  Segment part 46. ROOT.
           ENTRY                   ADDRESS         REF BY
           =====                   =======         ======
           cfghdrHead_3            00016980 
    -------------------------------------------------------------------------
DATA_C
  Relative segment, address: CODE_AREA 000169AC - 000169AF (0x4 bytes), align: 2
  Segment part 47. ROOT.
           ENTRY                   ADDRESS         REF BY
           =====                   =======         ======
           HEAD_PRIVATE            000169AC        DrawHeader (main)
    -------------------------------------------------------------------------
DATA_C
  Relative segment, address: CODE_AREA 000169B0 - 000169DB (0x2c bytes), align: 2
  Segment part 48. ROOT.
           ENTRY                   ADDRESS         REF BY
           =====                   =======         ======
           cfghdrHead_4            000169B0 
    -------------------------------------------------------------------------
DATA_C
  Relative segment, address: CODE_AREA 000169DC - 000169DF (0x4 bytes), align: 2
  Segment part 49. ROOT.
           ENTRY                   ADDRESS         REF BY
           =====                   =======         ======
           HEAD_PING               000169DC        DrawHeader (main)
    -------------------------------------------------------------------------
DATA_C
  Relative segment, address: CODE_AREA 000169E0 - 00016A3F (0x60 bytes), align: 2
  Segment part 50. ROOT.
           ENTRY                   ADDRESS         REF BY
           =====                   =======         ======
           cfgcboxs15              000169E0 
    -------------------------------------------------------------------------
DATA_C
  Relative segment, address: CODE_AREA 00016A40 - 00016A6B (0x2c bytes), align: 2
  Segment part 51. ROOT.
           ENTRY                   ADDRESS         REF BY
           =====                   =======         ======
           cfghdrs1_15             00016A40 
    -------------------------------------------------------------------------
DATA_C
  Relative segment, address: CODE_AREA 00016A6C - 00016A6F (0x4 bytes), align: 2
  Segment part 52. ROOT.
           ENTRY                   ADDRESS         REF BY
           =====                   =======         ======
           ShowTraff               00016A6C 
    -------------------------------------------------------------------------
DATA_C
  Relative segment, address: CODE_AREA 00016A70 - 00016A9B (0x2c bytes), align: 2
  Segment part 53. ROOT.
           ENTRY                   ADDRESS         REF BY
           =====                   =======         ======
           cfghdrs1_11             00016A70 
    -------------------------------------------------------------------------
DATA_C
  Relative segment, address: CODE_AREA 00016A9C - 00016A9F (0x4 bytes), align: 2
  Segment part 54. ROOT.
           ENTRY                   ADDRESS         REF BY
           =====                   =======         ======
           isShowCont              00016A9C        DrawHeader (main)
    -------------------------------------------------------------------------
DATA_C
  Relative segment, address: CODE_AREA 00016AA0 - 00016ACB (0x2c bytes), align: 2
  Segment part 55. ROOT.
           ENTRY                   ADDRESS         REF BY
           =====                   =======         ======
           cfghdrs1_12             00016AA0 
    -------------------------------------------------------------------------
DATA_C
  Relative segment, address: CODE_AREA 00016ACC - 00016ACF (0x4 bytes), align: 2
  Segment part 56. ROOT.
           ENTRY                   ADDRESS         REF BY
           =====                   =======         ======
           isShowUnread            00016ACC        DrawHeader (main)
    -------------------------------------------------------------------------
DATA_C
  Relative segment, address: CODE_AREA 00016AD0 - 00016AFB (0x2c bytes), align: 2
  Segment part 57. ROOT.
           ENTRY                   ADDRESS         REF BY
           =====                   =======         ======
           cfghdrs1_4              00016AD0 
    -------------------------------------------------------------------------
DATA_C
  Relative segment, address: CODE_AREA 00016AFC - 00016AFF (0x4 bytes), align: 2
  Segment part 58. ROOT.
           ENTRY                   ADDRESS         REF BY
           =====                   =======         ======
           isShowV                 00016AFC        DrawHeader (main)
    -------------------------------------------------------------------------
DATA_C
  Relative segment, address: CODE_AREA 00016B00 - 00016B2B (0x2c bytes), align: 2
  Segment part 59. ROOT.
           ENTRY                   ADDRESS         REF BY
           =====                   =======         ======
           cfghdrs1_5              00016B00 
    -------------------------------------------------------------------------
DATA_C
  Relative segment, address: CODE_AREA 00016B2C - 00016B2F (0x4 bytes), align: 2
  Segment part 60. ROOT.
           ENTRY                   ADDRESS         REF BY
           =====                   =======         ======
           isShowS                 00016B2C        DrawHeader (main)
    -------------------------------------------------------------------------
DATA_C
  Relative segment, address: CODE_AREA 00016B30 - 00016B5B (0x2c bytes), align: 2
  Segment part 61. ROOT.
           ENTRY                   ADDRESS         REF BY
           =====                   =======         ======
           cfghdrs1_6              00016B30 
    -------------------------------------------------------------------------
DATA_C
  Relative segment, address: CODE_AREA 00016B5C - 00016B5F (0x4 bytes), align: 2
  Segment part 62. ROOT.
           ENTRY                   ADDRESS         REF BY
           =====                   =======         ======
           isShowA                 00016B5C        DrawHeader (main)
    -------------------------------------------------------------------------
DATA_C
  Relative segment, address: CODE_AREA 00016B60 - 00016B8B (0x2c bytes), align: 2
  Segment part 63. ROOT.
           ENTRY                   ADDRESS         REF BY
           =====                   =======         ======
           cfghdrs1_7              00016B60 
    -------------------------------------------------------------------------
DATA_C
  Relative segment, address: CODE_AREA 00016B8C - 00016B8F (0x4 bytes), align: 2
  Segment part 64. ROOT.
           ENTRY                   ADDRESS         REF BY
           =====                   =======         ======
           isShowR                 00016B8C        DrawHeader (main)
    -------------------------------------------------------------------------
DATA_C
  Relative segment, address: CODE_AREA 00016B90 - 00016BBB (0x2c bytes), align: 2
  Segment part 65. ROOT.
           ENTRY                   ADDRESS         REF BY
           =====                   =======         ======
           cfghdrs1_9              00016B90 
    -------------------------------------------------------------------------
DATA_C
  Relative segment, address: CODE_AREA 00016BBC - 00016BBF (0x4 bytes), align: 2
  Segment part 66. ROOT.
           ENTRY                   ADDRESS         REF BY
           =====                   =======         ======
           isShowBat               00016BBC 
    -------------------------------------------------------------------------
DATA_C
  Relative segment, address: CODE_AREA 00016BC0 - 00016BEB (0x2c bytes), align: 2
  Segment part 67. ROOT.
           ENTRY                   ADDRESS         REF BY
           =====                   =======         ======
           cfghdr_s0               00016BC0 
    -------------------------------------------------------------------------
DATA_C
  Relative segment, address: CODE_AREA 00016BEC - 00016C17 (0x2c bytes), align: 2
  Segment part 68. ROOT.
           ENTRY                   ADDRESS         REF BY
           =====                   =======         ======
           cfghdrCl_1              00016BEC 
    -------------------------------------------------------------------------
DATA_C
  Relative segment, address: CODE_AREA 00016C18 - 00016C43 (0x2c bytes), align: 2
  Segment part 69. ROOT.
           ENTRY                   ADDRESS         REF BY
           =====                   =======         ======
           cfghdrrCl_2             00016C18 
    -------------------------------------------------------------------------
DATA_C
  Relative segment, address: CODE_AREA 00016C44 - 00016C47 (0x4 bytes), align: 2
  Segment part 70. ROOT.
           ENTRY                   ADDRESS         REF BY
           =====                   =======         ======
           CLBackgrClr             00016C44        DrawContactList (main)
    -------------------------------------------------------------------------
DATA_C
  Relative segment, address: CODE_AREA 00016C48 - 00016C73 (0x2c bytes), align: 2
  Segment part 71. ROOT.
           ENTRY                   ADDRESS         REF BY
           =====                   =======         ======
           cfghdrrCl_3             00016C48 
    -------------------------------------------------------------------------
DATA_C
  Relative segment, address: CODE_AREA 00016C74 - 00016C77 (0x4 bytes), align: 2
  Segment part 72. ROOT.
           ENTRY                   ADDRESS         REF BY
           =====                   =======         ======
           SoftBackgrClr           00016C74        Segment part 515 (main)
    -------------------------------------------------------------------------
DATA_C
  Relative segment, address: CODE_AREA 00016C78 - 00016CA3 (0x2c bytes), align: 2
  Segment part 73. ROOT.
           ENTRY                   ADDRESS         REF BY
           =====                   =======         ======
           cfghdrrCl_4             00016C78 
    -------------------------------------------------------------------------
DATA_C
  Relative segment, address: CODE_AREA 00016CA4 - 00016CA7 (0x4 bytes), align: 2
  Segment part 74. ROOT.
           ENTRY                   ADDRESS         REF BY
           =====                   =======         ======
           SoftFontClr             00016CA4        Segment part 516 (main)
    -------------------------------------------------------------------------
DATA_C
  Relative segment, address: CODE_AREA 00016CA8 - 00016CD3 (0x2c bytes), align: 2
  Segment part 75. ROOT.
           ENTRY                   ADDRESS         REF BY
           =====                   =======         ======
           cfghdrrCl_5             00016CA8 
    -------------------------------------------------------------------------
DATA_C
  Relative segment, address: CODE_AREA 00016CD4 - 00016CD7 (0x4 bytes), align: 2
  Segment part 76. ROOT.
           ENTRY                   ADDRESS         REF BY
           =====                   =======         ======
           HeadBackgrClr           00016CD4        DrawHeader (main)
    -------------------------------------------------------------------------
DATA_C
  Relative segment, address: CODE_AREA 00016CD8 - 00016D03 (0x2c bytes), align: 2
  Segment part 77. ROOT.
           ENTRY                   ADDRESS         REF BY
           =====                   =======         ======
           cfghdrrCl_6             00016CD8 
    -------------------------------------------------------------------------
DATA_C
  Relative segment, address: CODE_AREA 00016D04 - 00016D07 (0x4 bytes), align: 2
  Segment part 78. ROOT.
           ENTRY                   ADDRESS         REF BY
           =====                   =======         ======
           HeadFontClr             00016D04        DrawHeader (main)
    -------------------------------------------------------------------------
DATA_C
  Relative segment, address: CODE_AREA 00016D08 - 00016D33 (0x2c bytes), align: 2
  Segment part 79. ROOT.
           ENTRY                   ADDRESS         REF BY
           =====                   =======         ======
           cfghdrrCl_7             00016D08 
    -------------------------------------------------------------------------
DATA_C
  Relative segment, address: CODE_AREA 00016D34 - 00016D37 (0x4 bytes), align: 2
  Segment part 80. ROOT.
           ENTRY                   ADDRESS         REF BY
           =====                   =======         ======
           ScrollBarClr            00016D34        DrawScrollBar (main)
    -------------------------------------------------------------------------
DATA_C
  Relative segment, address: CODE_AREA 00016D38 - 00016D63 (0x2c bytes), align: 2
  Segment part 81. ROOT.
           ENTRY                   ADDRESS         REF BY
           =====                   =======         ======
           cfghdrrCl_8             00016D38 
    -------------------------------------------------------------------------
DATA_C
  Relative segment, address: CODE_AREA 00016D64 - 00016D67 (0x4 bytes), align: 2
  Segment part 82. ROOT.
           ENTRY                   ADDRESS         REF BY
           =====                   =======         ======
           ClCursorClr             00016D64        DrawList (main)
    -------------------------------------------------------------------------
DATA_C
  Relative segment, address: CODE_AREA 00016D68 - 00016D93 (0x2c bytes), align: 2
  Segment part 83. ROOT.
           ENTRY                   ADDRESS         REF BY
           =====                   =======         ======
           cfghdrrCl_9             00016D68 
    -------------------------------------------------------------------------
DATA_C
  Relative segment, address: CODE_AREA 00016D94 - 00016D97 (0x4 bytes), align: 2
  Segment part 84. ROOT.
           ENTRY                   ADDRESS         REF BY
           =====                   =======         ======
           ClCursorBordClr         00016D94        DrawList (main)
    -------------------------------------------------------------------------
DATA_C
  Relative segment, address: CODE_AREA 00016D98 - 00016DC3 (0x2c bytes), align: 2
  Segment part 85. ROOT.
           ENTRY                   ADDRESS         REF BY
           =====                   =======         ======
           cfghdrrCl_10            00016D98 
    -------------------------------------------------------------------------
DATA_C
  Relative segment, address: CODE_AREA 00016DC4 - 00016DC7 (0x4 bytes), align: 2
  Segment part 86. ROOT.
           ENTRY                   ADDRESS         REF BY
           =====                   =======         ======
           ActiveClr               00016DC4        DrawList (main)
    -------------------------------------------------------------------------
DATA_C
  Relative segment, address: CODE_AREA 00016DC8 - 00016DF3 (0x2c bytes), align: 2
  Segment part 87. ROOT.
           ENTRY                   ADDRESS         REF BY
           =====                   =======         ======
           cfghdrrCl_11            00016DC8 
    -------------------------------------------------------------------------
DATA_C
  Relative segment, address: CODE_AREA 00016DF4 - 00016DF7 (0x4 bytes), align: 2
  Segment part 88. ROOT.
           ENTRY                   ADDRESS         REF BY
           =====                   =======         ======
           NotActiveClr            00016DF4        DrawList (main)
    -------------------------------------------------------------------------
DATA_C
  Relative segment, address: CODE_AREA 00016DF8 - 00016E23 (0x2c bytes), align: 2
  Segment part 89. ROOT.
           ENTRY                   ADDRESS         REF BY
           =====                   =======         ======
           cfghdrrCl_16            00016DF8 
    -------------------------------------------------------------------------
DATA_C
  Relative segment, address: CODE_AREA 00016E24 - 00016E27 (0x4 bytes), align: 2
  Segment part 90. ROOT.
           ENTRY                   ADDRESS         REF BY
           =====                   =======         ======
           GroupClr                00016E24        DrawList (main)
    -------------------------------------------------------------------------
DATA_C
  Relative segment, address: CODE_AREA 00016E28 - 00016E53 (0x2c bytes), align: 2
  Segment part 91. ROOT.
           ENTRY                   ADDRESS         REF BY
           =====                   =======         ======
           cfghdrrCl_17            00016E28 
    -------------------------------------------------------------------------
DATA_C
  Relative segment, address: CODE_AREA 00016E54 - 00016E57 (0x4 bytes), align: 2
  Segment part 92. ROOT.
           ENTRY                   ADDRESS         REF BY
           =====                   =======         ======
           CLDescricpClr           00016E54        DrawList (main)
    -------------------------------------------------------------------------
DATA_C
  Relative segment, address: CODE_AREA 00016E58 - 00016E83 (0x2c bytes), align: 2
  Segment part 93. ROOT.
           ENTRY                   ADDRESS         REF BY
           =====                   =======         ======
           cfghdrrCl_12            00016E58 
    -------------------------------------------------------------------------
DATA_C
  Relative segment, address: CODE_AREA 00016E84 - 00016E87 (0x4 bytes), align: 2
  Segment part 94. ROOT.
           ENTRY                   ADDRESS         REF BY
           =====                   =======         ======
           AddInfoClr              00016E84 
    -------------------------------------------------------------------------
DATA_C
  Relative segment, address: CODE_AREA 00016E88 - 00016EB3 (0x2c bytes), align: 2
  Segment part 95. ROOT.
           ENTRY                   ADDRESS         REF BY
           =====                   =======         ======
           cfghdrrCl_13            00016E88 
    -------------------------------------------------------------------------
DATA_C
  Relative segment, address: CODE_AREA 00016EB4 - 00016EB7 (0x4 bytes), align: 2
  Segment part 96. ROOT.
           ENTRY                   ADDRESS         REF BY
           =====                   =======         ======
           FontInfoClr             00016EB4        DrawSoftInfo (main)
    -------------------------------------------------------------------------
DATA_C
  Relative segment, address: CODE_AREA 00016EB8 - 00016EE3 (0x2c bytes), align: 2
  Segment part 97. ROOT.
           ENTRY                   ADDRESS         REF BY
           =====                   =======         ======
           cfghdrrCl_14            00016EB8 
    -------------------------------------------------------------------------
DATA_C
  Relative segment, address: CODE_AREA 00016EE4 - 00016EE7 (0x4 bytes), align: 2
  Segment part 98. ROOT.
           ENTRY                   ADDRESS         REF BY
           =====                   =======         ======
           UnAckedClr              00016EE4        DrawList (main)
    -------------------------------------------------------------------------
DATA_C
  Relative segment, address: CODE_AREA 00016EE8 - 00016F13 (0x2c bytes), align: 2
  Segment part 99. ROOT.
           ENTRY                   ADDRESS         REF BY
           =====                   =======         ======
           cfghdrrCl_15            00016EE8 
    -------------------------------------------------------------------------
DATA_C
  Relative segment, address: CODE_AREA 00016F14 - 00016F17 (0x4 bytes), align: 2
  Segment part 100. ROOT.
           ENTRY                   ADDRESS         REF BY
           =====                   =======         ======
           SendClr                 00016F14        DrawList (main)
    -------------------------------------------------------------------------
DATA_C
  Relative segment, address: CODE_AREA 00016F18 - 00016F43 (0x2c bytes), align: 2
  Segment part 101. ROOT.
           ENTRY                   ADDRESS         REF BY
           =====                   =======         ======
           cfghdrCl_0              00016F18 
    -------------------------------------------------------------------------
DATA_C
  Relative segment, address: CODE_AREA 00016F44 - 00016F6F (0x2c bytes), align: 2
  Segment part 102. ROOT.
           ENTRY                   ADDRESS         REF BY
           =====                   =======         ======
           cfghdrM_1               00016F44 
    -------------------------------------------------------------------------
DATA_C
  Relative segment, address: CODE_AREA 00016F70 - 00016F9B (0x2c bytes), align: 2
  Segment part 103. ROOT.
           ENTRY                   ADDRESS         REF BY
           =====                   =======         ======
           cfghdrrM_4              00016F70 
    -------------------------------------------------------------------------
DATA_C
  Relative segment, address: CODE_AREA 00016F9C - 00016F9F (0x4 bytes), align: 2
  Segment part 104. ROOT.
           ENTRY                   ADDRESS         REF BY
           =====                   =======         ======
           MMBackgrClr             00016F9C        I_OnRedraw (main)
                                                   MM_OnRedraw (mainmenu)
                                                   Segment part 133 (status_change)
                                                   Segment part 59 (status_change)
    -------------------------------------------------------------------------
DATA_C
  Relative segment, address: CODE_AREA 00016FA0 - 00016FCB (0x2c bytes), align: 2
  Segment part 105. ROOT.
           ENTRY                   ADDRESS         REF BY
           =====                   =======         ======
           cfghdrrM_5              00016FA0 
    -------------------------------------------------------------------------
DATA_C
  Relative segment, address: CODE_AREA 00016FCC - 00016FCF (0x4 bytes), align: 2
  Segment part 106. ROOT.
           ENTRY                   ADDRESS         REF BY
           =====                   =======         ======
           MMBackgrBordClr         00016FCC        I_OnRedraw (main)
                                                   MM_OnRedraw (mainmenu)
                                                   Segment part 134 (status_change)
                                                   Segment part 60 (status_change)
    -------------------------------------------------------------------------
DATA_C
  Relative segment, address: CODE_AREA 00016FD0 - 00016FFB (0x2c bytes), align: 2
  Segment part 107. ROOT.
           ENTRY                   ADDRESS         REF BY
           =====                   =======         ======
           cfghdrrM_2              00016FD0 
    -------------------------------------------------------------------------
DATA_C
  Relative segment, address: CODE_AREA 00016FFC - 00016FFF (0x4 bytes), align: 2
  Segment part 108. ROOT.
           ENTRY                   ADDRESS         REF BY
           =====                   =======         ======
           MMCursorBGClr           00016FFC        I_DrawList (main)
                                                   MM_DrawList (mainmenu)
                                                   Segment part 122 (status_change)
                                                   Segment part 49 (status_change)
    -------------------------------------------------------------------------
DATA_C
  Relative segment, address: CODE_AREA 00017000 - 0001702B (0x2c bytes), align: 2
  Segment part 109. ROOT.
           ENTRY                   ADDRESS         REF BY
           =====                   =======         ======
           cfghdrrM_3              00017000 
    -------------------------------------------------------------------------
DATA_C
  Relative segment, address: CODE_AREA 0001702C - 0001702F (0x4 bytes), align: 2
  Segment part 110. ROOT.
           ENTRY                   ADDRESS         REF BY
           =====                   =======         ======
           MMCursorClr             0001702C        I_DrawList (main)
                                                   MM_DrawList (mainmenu)
                                                   Segment part 123 (status_change)
                                                   Segment part 50 (status_change)
    -------------------------------------------------------------------------
DATA_C
  Relative segment, address: CODE_AREA 00017030 - 0001705B (0x2c bytes), align: 2
  Segment part 111. ROOT.
           ENTRY                   ADDRESS         REF BY
           =====                   =======         ======
           cfghdrM_6               00017030 
    -------------------------------------------------------------------------
DATA_C
  Relative segment, address: CODE_AREA 0001705C - 00017063 (0x8 bytes), align: 2
  Segment part 112. ROOT.
           ENTRY                   ADDRESS         REF BY
           =====                   =======         ======
           MMRect                  0001705C        MM_onCreate (mainmenu)
    -------------------------------------------------------------------------
DATA_C
  Relative segment, address: CODE_AREA 00017064 - 0001708F (0x2c bytes), align: 2
  Segment part 113. ROOT.
           ENTRY                   ADDRESS         REF BY
           =====                   =======         ======
           cfghdrM_7               00017064 
    -------------------------------------------------------------------------
DATA_C
  Relative segment, address: CODE_AREA 00017090 - 00017097 (0x8 bytes), align: 2
  Segment part 114. ROOT.
           ENTRY                   ADDRESS         REF BY
           =====                   =======         ======
           SRect                   00017090        SC_onCreate (status_change)
    -------------------------------------------------------------------------
DATA_C
  Relative segment, address: CODE_AREA 00017098 - 000170C3 (0x2c bytes), align: 2
  Segment part 115. ROOT.
           ENTRY                   ADDRESS         REF BY
           =====                   =======         ======
           cfghdrM_8               00017098 
    -------------------------------------------------------------------------
DATA_C
  Relative segment, address: CODE_AREA 000170C4 - 000170CB (0x8 bytes), align: 2
  Segment part 116. ROOT.
           ENTRY                   ADDRESS         REF BY
           =====                   =======         ======
           XSRect                  000170C4        XS_onCreate (status_change)
    -------------------------------------------------------------------------
DATA_C
  Relative segment, address: CODE_AREA 000170CC - 000170F7 (0x2c bytes), align: 2
  Segment part 117. ROOT.
           ENTRY                   ADDRESS         REF BY
           =====                   =======         ======
           cfghdrM_9               000170CC 
    -------------------------------------------------------------------------
DATA_C
  Relative segment, address: CODE_AREA 000170F8 - 000170FB (0x4 bytes), align: 2
  Segment part 118. ROOT.
           ENTRY                   ADDRESS         REF BY
           =====                   =======         ======
           ShowNumbMenu            000170F8        MM_DrawList (mainmenu)
                                                   SC_DrawList (status_change)
    -------------------------------------------------------------------------
DATA_C
  Relative segment, address: CODE_AREA 000170FC - 00017127 (0x2c bytes), align: 2
  Segment part 119. ROOT.
           ENTRY                   ADDRESS         REF BY
           =====                   =======         ======
           cfghdrM_0               000170FC 
    -------------------------------------------------------------------------
DATA_C
  Relative segment, address: CODE_AREA 00017128 - 00017153 (0x2c bytes), align: 2
  Segment part 120. ROOT.
           ENTRY                   ADDRESS         REF BY
           =====                   =======         ======
           cfghdr_e1               00017128 
    -------------------------------------------------------------------------
DATA_C
  Relative segment, address: CODE_AREA 00017154 - 0001717F (0x2c bytes), align: 2
  Segment part 121. ROOT.
           ENTRY                   ADDRESS         REF BY
           =====                   =======         ======
           cfghdr23                00017154 
    -------------------------------------------------------------------------
DATA_C
  Relative segment, address: CODE_AREA 00017180 - 000171FF (0x80 bytes), align: 2
  Segment part 122. ROOT.
           ENTRY                   ADDRESS         REF BY
           =====                   =======         ======
           fontpath2               00017180        Segment part 648 (main)
    -------------------------------------------------------------------------
DATA_C
  Relative segment, address: CODE_AREA 00017200 - 0001722B (0x2c bytes), align: 2
  Segment part 123. ROOT.
           ENTRY                   ADDRESS         REF BY
           =====                   =======         ======
           cfghdr24                00017200 
    -------------------------------------------------------------------------
DATA_C
  Relative segment, address: CODE_AREA 0001722C - 000172AB (0x80 bytes), align: 2
  Segment part 124. ROOT.
           ENTRY                   ADDRESS         REF BY
           =====                   =======         ======
           fontpath3               0001722C        Segment part 649 (main)
    -------------------------------------------------------------------------
DATA_C
  Relative segment, address: CODE_AREA 000172AC - 000172D7 (0x2c bytes), align: 2
  Segment part 125. ROOT.
           ENTRY                   ADDRESS         REF BY
           =====                   =======         ======
           cfghdre1_2              000172AC 
    -------------------------------------------------------------------------
DATA_C
  Relative segment, address: CODE_AREA 000172D8 - 00017357 (0x80 bytes), align: 2
  Segment part 126. ROOT.
           ENTRY                   ADDRESS         REF BY
           =====                   =======         ======
           fontpath4               000172D8        Segment part 650 (main)
    -------------------------------------------------------------------------
DATA_C
  Relative segment, address: CODE_AREA 00017358 - 00017383 (0x2c bytes), align: 2
  Segment part 127. ROOT.
           ENTRY                   ADDRESS         REF BY
           =====                   =======         ======
           cfghdr_e1_3             00017358 
    -------------------------------------------------------------------------
DATA_C
  Relative segment, address: CODE_AREA 00017384 - 00017387 (0x4 bytes), align: 2
  Segment part 128. ROOT.
           ENTRY                   ADDRESS         REF BY
           =====                   =======         ======
           PNG_HEADER              00017384        Segment part 521 (main)
                                                   Segment part 654 (main)
    -------------------------------------------------------------------------
DATA_C
  Relative segment, address: CODE_AREA 00017388 - 000173B3 (0x2c bytes), align: 2
  Segment part 129. ROOT.
           ENTRY                   ADDRESS         REF BY
           =====                   =======         ======
           cfghdr_e1_4             00017388 
    -------------------------------------------------------------------------
DATA_C
  Relative segment, address: CODE_AREA 000173B4 - 000173B7 (0x4 bytes), align: 2
  Segment part 130. ROOT.
           ENTRY                   ADDRESS         REF BY
           =====                   =======         ======
           PNG_SOFTKEY             000173B4        Segment part 513 (main)
                                                   Segment part 653 (main)
    -------------------------------------------------------------------------
DATA_C
  Relative segment, address: CODE_AREA 000173B8 - 000173E3 (0x2c bytes), align: 2
  Segment part 131. ROOT.
           ENTRY                   ADDRESS         REF BY
           =====                   =======         ======
           cfghdr_e0               000173B8 
[...]
                                                   MM_DrawList (mainmenu)
                                                   PrintMessage (main)
                                                   SC_DrawList (status_change)
                                                   XS_DrawList (status_change)
               stack 1 = 00000000 ( 0000024C )
    -------------------------------------------------------------------------
CODE
  Relative segment, address: CODE_AREA 00015AF8 - 00015B0F (0x18 bytes), align: 2
  Segment part 81.
           ENTRY                   ADDRESS         REF BY
           =====                   =======         ======
           SetCanvasFlag           00015AF8        DrawHeader (main)
                                                   I_onCreate (main)
                                                   MM_onCreate (mainmenu)
                                                   MM_onFocus (mainmenu)
                                                   SC_onCreate (status_change)
                                                   XS_onCreate (status_change)
                                                   main (main)
                                                   maincsm_onmessage (main)
                                                   method0 (main)
                                                   onCreate (history)
    -------------------------------------------------------------------------
CODE
  Relative segment, address: CODE_AREA 00015B10 - 00015B6B (0x5c bytes), align: 2
  Segment part 83.
           ENTRY                   ADDRESS         REF BY
           =====                   =======         ======
           PrintLibInit            00015B10        main (main)
                                                   maincsm_onmessage (main)
               stack 1 = 00000000 ( 00000004 )
    -------------------------------------------------------------------------
CODE
  Relative segment, address: CODE_AREA 00015B6C - 00015B6F (0x4 bytes), align: 2
  Segment part 84.            Intra module refs:   CalcScroll
                                                   PrintLibInit
                                                   SetScrollEdgeDelay
    -------------------------------------------------------------------------
CODE
  Relative segment, address: CODE_AREA 00015B70 - 00015B73 (0x4 bytes), align: 2
  Segment part 85.            Intra module refs:   PrintField
                                                   PrintLibInit
                                                   SetCanvasFlag
    -------------------------------------------------------------------------
CODE
  Relative segment, address: CODE_AREA 00015B74 - 00015B77 (0x4 bytes), align: 2
  Segment part 86.            Intra module refs:   PrintLibInit
    -------------------------------------------------------------------------
CODE
  Relative segment, address: CODE_AREA 00015B78 - 00015B7B (0x4 bytes), align: 2
  Segment part 87.            Intra module refs:   CalcChrWidth
                                                   CalcStrWidth
                                                   PrintLibInit
    -------------------------------------------------------------------------
CODE
  Relative segment, address: CODE_AREA 00015B7C - 00015C0F (0x94 bytes), align: 2
  Segment part 89.
           ENTRY                   ADDRESS         REF BY
           =====                   =======         ======
           FontPathInit            00015B7C        main (main)
                                                   maincsm_onmessage (main)
               stack 1 = 00000000 ( 0000001C )
    -------------------------------------------------------------------------
CODE
  Relative segment, address: CODE_AREA 00015C10 - 00015C13 (0x4 bytes), align: 2
  Segment part 90.            Intra module refs:   FontPathInit
                                                   PrintLibInit
    -------------------------------------------------------------------------
CODE
  Relative segment, address: CODE_AREA 00015C14 - 00015C8B (0x78 bytes), align: 2
  Segment part 92.
           ENTRY                   ADDRESS         REF BY
           =====                   =======         ======
           PrintLibFree            00015C14        maincsm_onclose (main)
               stack 1 = 00000000 ( 00000014 )
    -------------------------------------------------------------------------
CODE
  Relative segment, address: CODE_AREA 00015C8C - 00015C8F (0x4 bytes), align: 2
  Segment part 93.            Intra module refs:   FontPathInit
                                                   PrintLibFree
                                                   PrintLibInit
    -------------------------------------------------------------------------
CODE
  Relative segment, address: CODE_AREA 00015C90 - 00015C93 (0x4 bytes), align: 2
  Segment part 94.            Intra module refs:   FontPathInit
                                                   PrintLibFree
                                                   PrintLibInit
                                                   PrintText
    -------------------------------------------------------------------------
CODE
  Relative segment, address: CODE_AREA 00015C94 - 00015CD7 (0x44 bytes), align: 2
  Segment part 96.
           ENTRY                   ADDRESS         REF BY
           =====                   =======         ======
           SetFontColor            00015C94        DrawAbout (mainmenu)
                                                   DrawHeader (main)
                                                   DrawJustNow (main)
                                                   DrawList (history)
                                                   DrawList (main)
                                                   DrawSoftInfo (main)
                                                   DrawSoftKeys (main)
                                                   I_DrawList (main)
                                                   MM_DrawList (mainmenu)
                                                   PrintMessage (main)
                                                   SC_DrawList (status_change)
                                                   XS_DrawList (status_change)
               stack 1 = 00000000 ( 0000000C )
    -------------------------------------------------------------------------
CODE
  Relative segment, address: CODE_AREA 00015CD8 - 00015CDB (0x4 bytes), align: 2
  Segment part 97.            Intra module refs:   PrintField
                                                   PrintLibInit
                                                   SetFontColor
    -------------------------------------------------------------------------
CODE
  Relative segment, address: CODE_AREA 00015CDC - 00015CDF (0x4 bytes), align: 2
  Segment part 98.            Intra module refs:   PrintField
                                                   SetFontColor
    -------------------------------------------------------------------------
CODE
  Relative segment, address: CODE_AREA 00015CE0 - 00015CE3 (0x4 bytes), align: 2
  Segment part 99.            Intra module refs:   PrintField
                                                   SetFontColor
    -------------------------------------------------------------------------
CODE
  Relative segment, address: CODE_AREA 00015CE4 - 00015CE7 (0x4 bytes), align: 2
  Segment part 100.           Intra module refs:   PrintField
                                                   SetFontColor

    *************************************************************************

  FILE NAME : D:\pasha\elf\_MY_PROJECT_\naticq_mod2\strings.r79
  PROGRAM MODULE, NAME : strings

  SEGMENTS IN THE MODULE
  ======================
CODE
  Relative segment, address: CODE_AREA 00015CE8 - 00015D3F (0x58 bytes), align: 2
  Segment part 5.
           ENTRY                   ADDRESS         REF BY
           =====                   =======         ======
           MakeGlobalString        00015CE8        StatusToIMGHDR (main)
                                                   setup_ICONS (main)
               stack 1 = 00000000 ( 00000018 )
    -------------------------------------------------------------------------
CODE
  Relative segment, address: CODE_AREA 00015D40 - 00015D6F (0x30 bytes), align: 2
  Segment part 7.
           ENTRY                   ADDRESS         REF BY
           =====                   =======         ======
           strcmp_nocase           00015D40        CheckComand (main)
                                                   CompareContacts (cl_work)
                                                   maincsm_onmessage (main)
    -------------------------------------------------------------------------
DATA_C
  Relative segment, address: CODE_AREA 0001E11C - 0001E373 (0x258 bytes), align: 2
  Segment part 2.             Intra module refs:   char16to8
           ENTRY                   ADDRESS         REF BY
           =====                   =======         ======
           unicode2char            0001E11C 
    -------------------------------------------------------------------------
DATA_C
  Relative segment, address: CODE_AREA 0001E374 - 0001E473 (0x100 bytes), align: 2
  Segment part 3.             Intra module refs:   char8to16
           ENTRY                   ADDRESS         REF BY
           =====                   =======         ======
           win2unicode             0001E374 
    -------------------------------------------------------------------------
CODE
  Relative segment, address: CODE_AREA 00015D70 - 00015D8F (0x20 bytes), align: 2
  Segment part 9.             Intra module refs:   ascii2ws
           ENTRY                   ADDRESS         REF BY
           =====                   =======         ======
           char8to16               00015D70        EditXStatus (status_change)
                                                   ParseAnswer (main)
                                                   ParseXStatusText (main)
                                                   ed_options_handler (main)
    -------------------------------------------------------------------------
CODE
  Relative segment, address: CODE_AREA 00015D90 - 00015DD3 (0x44 bytes), align: 2
  Segment part 11.            Intra module refs:   convWS_to_ANSI
           ENTRY                   ADDRESS         REF BY
           =====                   =======         ======
           char16to8               00015D90        ExtractAnswer (main)
                                                   IsUrl (main)
                                                   acgd_onkey (manage_cl)
                                                   edit_xstatus_onkey (status_change)
                                                   input_awaymsg_onkey (main)
                                                   wstrstr (main)
    -------------------------------------------------------------------------
CODE
  Relative segment, address: CODE_AREA 00015DD4 - 00015E0B (0x38 bytes), align: 2
  Segment part 13.
           ENTRY                   ADDRESS         REF BY
           =====                   =======         ======
           ascii2ws                00015DD4        AddMsgToChat (main)
                                                   CmdMenuItemHandler (main)
                                                   CmdMenuKeyHook (main)
                                                   CreateAddContactGrpDialog (manage_cl)
                                                   CreateEditChat (main)
                                                   EditXStatus (status_change)
                                                   InputAwayMsg (main)
                                                   RenderPage (select_smile)
                                                   acgd_ghook (manage_cl)
                                                   ed_options_handler (main)
                                                   edchat_onkey (main)
                                                   show_off_contact (main)
                                                   show_on_contact (main)
                                                   show_pp_sender (main)
               stack 1 = 00000000 ( 0000000C )
    -------------------------------------------------------------------------
CODE
  Relative segment, address: CODE_AREA 00015E0C - 00015E5B (0x50 bytes), align: 2
  Segment part 15.
           ENTRY                   ADDRESS         REF BY
           =====                   =======         ======
           convWS_to_ANSI          00015E0C        GetTags (player_tags)
               stack 1 = 00000000 ( 00000014 )

    *************************************************************************

  FILE NAME : D:\pasha\Embedded Workbench 4.0 Evaluation2\ARM\LIB\dl5tpainl8n.r79
  LIBRARY MODULE, NAME : ?errno

  SEGMENTS IN THE MODULE
  ======================
DATA_Z
  Relative segment, address: CODE_AREA 00025598 - 0002559F (0x8 bytes), align: 2
  Segment part 2.             Intra module refs:   _Geterrno
           ENTRY                   ADDRESS         REF BY
           =====                   =======         ======
           _Errno                  0002559C 
           _Tls_setup__Errno       00025598 
    -------------------------------------------------------------------------
CODE
  Relative segment, address: CODE_AREA 00015E5C - 00015E7F (0x24 bytes), align: 2
  Segment part 4.
           ENTRY                   ADDRESS         REF BY
           =====                   =======         ======
           _Geterrno               00015E5C        _Stoul (?xstoul)
               stack 1 = 00000000 ( 00000008 )

    -------------------------------------------------------------------------
  LIBRARY MODULE, NAME : ?memchr

  SEGMENTS IN THE MODULE
  ======================
CODE
  Relative segment, address: CODE_AREA 00015E80 - 00015EAF (0x30 bytes), align: 2
  Segment part 5.
           ENTRY                   ADDRESS         REF BY
           =====                   =======         ======
           _Memchr                 00015E80        _Stoul (?xstoul)

    -------------------------------------------------------------------------
  LIBRARY MODULE, NAME : ?strtoul

  SEGMENTS IN THE MODULE
  ======================
CODE
  Relative segment, address: CODE_AREA 00015EB0 - 00015EBF (0x10 bytes), align: 2
  Segment part 3.
           ENTRY                   ADDRESS         REF BY
           =====                   =======         ======
           strtoul                 00015EB0        CheckComand2 (addon)
                                                   initTags (player_tags)
               stack 1 = 00000000 ( 00000008 )

    -------------------------------------------------------------------------
  LIBRARY MODULE, NAME : ?xstoul

  SEGMENTS IN THE MODULE
  ======================
DATA_C
  Relative segment, address: CODE_AREA 0001E474 - 0001E4C3 (0x50 bytes), align: 2
  Segment part 2.             Intra module refs:   _Stoul
    -------------------------------------------------------------------------
CODE
  Relative segment, address: CODE_AREA 00015EC0 - 0001606F (0x1b0 bytes), align: 2
  Segment part 4.
           ENTRY                   ADDRESS         REF BY
           =====                   =======         ======
           _Stoul                  00015EC0        strtoul (?strtoul)
               stack 1 = 00000000 ( 00000030 )

    -------------------------------------------------------------------------
  LIBRARY MODULE, NAME : ?div_module

  SEGMENTS IN THE MODULE
  ======================
CODE
  Relative segment, address: CODE_AREA 00016070 - 0001607B (0xc bytes), align: 2
  Segment part 5.
           ENTRY                   ADDRESS         REF BY
           =====                   =======         ======
           ??divu32_a              00016070        _Stoul (?xstoul)
    -------------------------------------------------------------------------
CODE
  Relative segment, address: CODE_AREA 0001607C - 00016093 (0x18 bytes), align: 2
  Segment part 11.
           ENTRY                   ADDRESS         REF BY
           =====                   =======         ======
           ??div32_a               0001607C        DrawLoadScreen (main)
                                                   DrawMMScrollBar (mainmenu)
                                                   DrawScrollBar (main)
                                                   DrawXScrollBar (status_change)
    -------------------------------------------------------------------------
CODE
  Relative segment, address: CODE_AREA 00016094 - 0001616B (0xd8 bytes), align: 2
  Segment part 12.            Intra module refs:   ??div32_a
                                                   ??divu32_a




                ****************************************
                *                                      *
                *            MODULE SUMMARY            *
                *                                      *
                ****************************************

Module              CODE   DATA
------              ----   ----
                   (Rel)  (Rel)
?div_module          252
?errno                44
?memchr               48
?strtoul              16
?xstoul              512
ScreenShot           416
addon              2 453     16
  + shared            12
auth                 436     28
cl_work            2 452
conf_loader          621      8
config_data2      24 144
configs            2 191      3
  + shared            12
func                   4
history            3 987      7
main              85 133    432
mainmenu           5 464    188
manage_cl          2 861     84
player_tags        1 356     20
print              5 541
screen_save        2 032
select_smile       2 048
smiles_loader      2 180
status_change      7 549    168
strings            1 228
N/A (alignment)
------           -------    ---
Total:           152 992    954


                ****************************************
                *                                      *
                *      SEGMENTS IN ADDRESS ORDER       *
                *                                      *
                ****************************************


SEGMENT              SPACE    START ADDRESS   END ADDRESS     SIZE  TYPE  ALIGN
=======              =====    =============   ===========     ====  ====  =====
ELFBEGIN             CODE_AREA           00000000                     rel    0
DATA_ID              CODE_AREA      00000000 - 000003B9         3BA   rel    2
START                CODE_AREA           000003BA                     dse    0
CODE                 CODE_AREA      000003BC - 0001616B       15DB0   rel    2
DATA_C               CODE_AREA      0001616C - 0001E4CB        8360   rel    2
INITTAB              CODE_AREA      0001E4CC - 0001E4E3          18   rel    2
DATA_Z               CODE_AREA      0001E4E4 - 000255A1        70BE   rel    2
CONFIG_C             CODE_AREA           000255A2                     dse    0
DATA_I               DATA_AREA      00000000 - 000003B9         3BA   rel    2

                ****************************************
                *                                      *
                *        END OF CROSS REFERENCE        *
                *                                      *
                ****************************************

 152 992 bytes of CODE memory
     954 bytes of DATA memory

Errors: none
Warnings: 6

