Warning[w6]: Type conflict for external/entry "PASS", in module auth against external/entry in module configs; types have different type attributes
  /* In module auth: */
  char (const PASS)[];
  /* In module configs: */
  char PASS[9];
Warning[w6]: Type conflict for external/entry "UIN", in module auth against external/entry in module configs; types have different type attributes
  /* In module auth: */
  unsigned int const UIN;
  /* In module configs: */
  unsigned int UIN;
Warning[w6]: Type conflict for external/entry "ProcessPacket", in module auth against external/entry in module main; function return types are different; different basic types
  /* In module auth: */
  /* Function, args 1, attr 0 */
  void (__atpcs __interwork ProcessPacket)(struct /* Elements: 2, Bytes: 16392 */
                                           { 
                                             PKT pkt;
                                             char data[16384];
                                           } *);
    typedef struct __Unnamed_3_134 PKT;
  /* In module main: */
  /* Function, args 1, attr 0 */
  int (__atpcs __interwork ProcessPacket)(TPKT *);
    typedef struct __Unnamed_3_132 TPKT;
################################################################################
#                                                                              #
#      IAR Universal Linker V4.60I/386                                         #
#                                                                              #
#           Link time     =  19/Dec/2010  16:45:32                             #
#           Target CPU    =  ARM                                               #
#           List file     =  D:\pasha\elf\_MY_PROJECT_\naticq_mod\Release\List #
#                            \NATICQ.map                                       #
#           Output file 1 =  D:\pasha\elf\_MY_PROJECT_\naticq_mod\Release\Exe\ #
#                            NATICQ.elf                                        #
#                            Format: elf, variant: -ynpra                      #
#           Command line  =  D:\pasha\elf\_MY_PROJECT_\naticq_mod\Release\Obj\ #
#                            IMB.r79                                           #
#                            D:\pasha\elf\_MY_PROJECT_\naticq_mod\Release\Obj\ #
#                            ScreenShot.r79                                    #
#                            D:\pasha\elf\_MY_PROJECT_\naticq_mod\Release\Obj\ #
#                            addon.r79                                         #
#                            D:\pasha\elf\_MY_PROJECT_\naticq_mod\Release\Obj\ #
#                            cl_work.r79                                       #
#                            D:\pasha\elf\_MY_PROJECT_\naticq_mod\Release\Obj\ #
#                            conf_loader.r79                                   #
#                            D:\pasha\elf\_MY_PROJECT_\naticq_mod\Release\Obj\ #
#                            configs.r79                                       #
#                            D:\pasha\elf\_MY_PROJECT_\naticq_mod\Release\Obj\ #
#                            func.r79                                          #
#                            D:\pasha\elf\_MY_PROJECT_\naticq_mod\Release\Obj\ #
#                            history.r79                                       #
#                            D:\pasha\elf\_MY_PROJECT_\naticq_mod\Release\Obj\ #
#                            main.r79                                          #
#                            D:\pasha\elf\_MY_PROJECT_\naticq_mod\Release\Obj\ #
#                            mainmenu.r79                                      #
#                            D:\pasha\elf\_MY_PROJECT_\naticq_mod\Release\Obj\ #
#                            manage_cl.r79                                     #
#                            D:\pasha\elf\_MY_PROJECT_\naticq_mod\Release\Obj\ #
#                            player_tags.r79                                   #
#                            D:\pasha\elf\_MY_PROJECT_\naticq_mod\Release\Obj\ #
#                            screen_save.r79                                   #
#                            D:\pasha\elf\_MY_PROJECT_\naticq_mod\Release\Obj\ #
#                            select_smile.r79                                  #
#                            D:\pasha\elf\_MY_PROJECT_\naticq_mod\Release\Obj\ #
#                            smiles_loader.r79                                 #
#                            D:\pasha\elf\_MY_PROJECT_\naticq_mod\Release\Obj\ #
#                            status_change.r79                                 #
#                            D:\pasha\elf\_MY_PROJECT_\naticq_mod\auth.r79     #
#                            D:\pasha\elf\_MY_PROJECT_\naticq_mod\print.r79    #
#                            D:\pasha\elf\_MY_PROJECT_\naticq_mod\strings.r79  #
#                            -o                                                #
#                            D:\pasha\elf\_MY_PROJECT_\naticq_mod\Release\Exe\ #
#                            NATICQ.elf                                        #
#                            -Felf -l                                          #
#                            D:\pasha\elf\_MY_PROJECT_\naticq_mod\Release\List #
#                            \NATICQ.map                                       #
#                            -xmsn -f                                          #
#                            D:\pasha\elf\_MY_PROJECT_\naticq_mod/test.xcl     #
#                            (-carm -V(CODE)CODE_AREA,12                       #
#                            -V(DATA)DATA_AREA,12                              #
#                            -Z(CODE_AREA)ELFBEGIN,DATA_ID,START,CODE,DATA_C,I #
#                            NITTAB,DATA_Z,DATA_N,CONFIG_C=0-FFFFFFFF          #
#                            -Z(DATA_AREA)DATA_I=0-FFFFFFFF) -ynpra            #
#                            "D:\pasha\Embedded Workbench 4.0 Evaluation2\ARM\ #
#                            LIB\dl5tpainl8n.r79"                              #
#                            -s main                                           #
#                                                                              #
#                        Copyright 1987-2007 IAR Systems. All rights reserved. #
################################################################################





                ****************************************
                *                                      *
                *           CROSS REFERENCE            *
                *                                      *
                ****************************************

       Program entry at : CODE_AREA 0000B6E4  Relocatable, from module : main




                ****************************************
                *                                      *
                *            RUNTIME MODEL             *
                *                                      *
                ****************************************

  StackAlign4  = USED
  StackAlign8  = USED
  __cpu_mode   = __pcs__interwork
  __data_model = absolute
  __endian     = little
  __rt_version = 6



                ****************************************
                *                                      *
                *              MODULE MAP              *
                *                                      *
                ****************************************


  DEFINED ABSOLUTE ENTRIES
    *************************************************************************

  DEFINED ABSOLUTE ENTRIES
    *************************************************************************

  FILE NAME : D:\pasha\elf\_MY_PROJECT_\naticq_mod\Release\Obj\IMB.r79
  PROGRAM MODULE, NAME : IMB

  SEGMENTS IN THE MODULE
  ======================
CODE
  Relative segment, address: CODE_AREA 000002B0 - 0000031B (0x6c bytes), align: 2
  Segment part 0. ROOT.
           ENTRY                   ADDRESS         REF BY
           =====                   =======         ======
           ExecuteIMB              000002B0        aa (auth)

    *************************************************************************

  FILE NAME : D:\pasha\elf\_MY_PROJECT_\naticq_mod\Release\Obj\ScreenShot.r79
  PROGRAM MODULE, NAME : ScreenShot

  SEGMENTS IN THE MODULE
  ======================
CODE
  Relative segment, address: CODE_AREA 0000031C - 00000377 (0x5c bytes), align: 2
  Segment part 4.             Intra module refs:   DrawScreenShot
           ENTRY                   ADDRESS         REF BY
           =====                   =======         ======
           DrwImg2                 0000031C 
               stack 1 = 00000000 ( 00000040 )
    -------------------------------------------------------------------------
CODE
  Relative segment, address: CODE_AREA 00000378 - 00000487 (0x110 bytes), align: 2
  Segment part 6.
           ENTRY                   ADDRESS         REF BY
           =====                   =======         ======
           DrawScreenShot          00000378        show_on_contact (main)
                                                   show_pp_sender (main)
               stack 1 = 00000000 ( 0000002C )
    -------------------------------------------------------------------------
DATA_C
  Relative segment, address: CODE_AREA 0001284C - 00012853 (0x8 bytes), align: 2
  Segment part 2.             Intra module refs:   DrawScreenShot

    *************************************************************************

  FILE NAME : D:\pasha\elf\_MY_PROJECT_\naticq_mod\Release\Obj\addon.r79
  PROGRAM MODULE, NAME : addon

  SEGMENTS IN THE MODULE
  ======================
CODE
  Relative segment, address: CODE_AREA 00000488 - 000004AF (0x28 bytes), align: 2
  Segment part 21.
           ENTRY                   ADDRESS         REF BY
           =====                   =======         ======
           get_file_size           00000488        UpdateConfig (configs)
               stack 1 = 00000000 ( 00000030 )
    -------------------------------------------------------------------------
CODE
  Relative segment, address: CODE_AREA 000004B0 - 00000683 (0x1d4 bytes), align: 2
  Segment part 23.            Intra module refs:   CheckComand2
           ENTRY                   ADDRESS         REF BY
           =====                   =======         ======
           start                   000004B0 
               stack 1 = 00000000 ( 00000010 )
    -------------------------------------------------------------------------
CODE
  Relative segment, address: CODE_AREA 00000684 - 00000DF3 (0x770 bytes), align: 2
  Segment part 25.
           ENTRY                   ADDRESS         REF BY
           =====                   =======         ======
           CheckComand2            00000684        CheckComand (main)
               stack 1 = 00000000 ( 000004D8 )
    -------------------------------------------------------------------------
DATA_C
  Relative segment, address: CODE_AREA 00012854 - 00012873 (0x20 bytes), align: 2
  Segment part 2.             Intra module refs:   start
    -------------------------------------------------------------------------
DATA_C
  Relative segment, address: CODE_AREA 00012874 - 000128FF (0x8c bytes), align: 2
  Segment part 6.             Intra module refs:   CheckComand2

    *************************************************************************

  FILE NAME : D:\pasha\elf\_MY_PROJECT_\naticq_mod\Release\Obj\cl_work.r79
  PROGRAM MODULE, NAME : cl_work

  SEGMENTS IN THE MODULE
  ======================
CODE
  Relative segment, address: CODE_AREA 00000DF4 - 00000E17 (0x24 bytes), align: 2
  Segment part 5.             Intra module refs:   FillAllOffline
           ENTRY                   ADDRESS         REF BY
           =====                   =======         ======
           FreeXText               00000DF4        CreateEditChat (main)
                                                   ProcessPacket (main)
                                                   contactlist_menu_onkey (main)
               stack 1 = 00000000 ( 00000008 )
    -------------------------------------------------------------------------
CODE
  Relative segment, address: CODE_AREA 00000E18 - 00000E7F (0x68 bytes), align: 2
  Segment part 7.
           ENTRY                   ADDRESS         REF BY
           =====                   =======         ======
           FreeCLIST               00000E18        maincsm_onclose (main)
               stack 1 = 00000000 ( 00000008 )
    -------------------------------------------------------------------------
CODE
  Relative segment, address: CODE_AREA 00000E80 - 00000F0F (0x90 bytes), align: 2
  Segment part 9.
           ENTRY                   ADDRESS         REF BY
           =====                   =======         ======
           FillAllOffline          00000E80        maincsm_onmessage (main)
               stack 1 = 00000000 ( 00000010 )
    -------------------------------------------------------------------------
CODE
  Relative segment, address: CODE_AREA 00000F10 - 00000F3B (0x2c bytes), align: 2
  Segment part 11.            Intra module refs:   LoadLocalCL
           ENTRY                   ADDRESS         REF BY
           =====                   =======         ======
           FindContactByUin        00000F10        ChangeAutoMsg (main)
                                                   ChangeShowXstatus (main)
                                                   ChangeSoundContact (main)
                                                   ChangeVibraContact (main)
                                                   FindContactLOGQByAck (main)
                                                   ProcessPacket (main)
                                                   addIconBar (main)
                                                   contact_keyhook (main)
                                                   contacthandler (main)
                                                   contactlist_menu_onkey (main)
                                                   get_answer (main)
                                                   maincsm_onmessage (main)
    -------------------------------------------------------------------------
CODE
  Relative segment, address: CODE_AREA 00000F3C - 00000F6B (0x30 bytes), align: 2
  Segment part 13.
           ENTRY                   ADDRESS         REF BY
           =====                   =======         ======
           FindGroupByID           00000F3C        ProcessPacket (main)
                                                   contactlist_menu_onkey (main)
                                                   maincsm_onmessage (main)
    -------------------------------------------------------------------------
DATA_C
  Relative segment, address: CODE_AREA 00012900 - 0001290B (0xc bytes), align: 2
  Segment part 2.             Intra module refs:   LoadLocalCL
    -------------------------------------------------------------------------
DATA_C
  Relative segment, address: CODE_AREA 0001290C - 00012A0B (0x100 bytes), align: 2
  Segment part 3.             Intra module refs:   FindContactByNS
    -------------------------------------------------------------------------
CODE
  Relative segment, address: CODE_AREA 00000F6C - 000010EF (0x184 bytes), align: 2
  Segment part 15.            Intra module refs:   CountContacts
                                                   FindContactByContact
                                                   FindContactByN
           ENTRY                   ADDRESS         REF BY
           =====                   =======         ======
           FindContactByNS         00000F6C 
               stack 1 = 00000000 ( 00000020 )
    -------------------------------------------------------------------------
CODE
  Relative segment, address: CODE_AREA 000010F0 - 0000111F (0x30 bytes), align: 2
  Segment part 17.
           ENTRY                   ADDRESS         REF BY
           =====                   =======         ======
           CountContacts           000010F0        RecountMenu (main)
                                                   contactlist_menu_onkey (main)
                                                   create_contactlist_menu (main)
               stack 1 = 00000000 ( 00000008 )
    -------------------------------------------------------------------------
CODE
  Relative segment, address: CODE_AREA 00001120 - 0000117B (0x5c bytes), align: 2
  Segment part 19.
           ENTRY                   ADDRESS         REF BY
           =====                   =======         ======
           FindContactByN          00001120        ProcessPacket (main)
                                                   contactlist_menu_iconhndl (main)
                                                   contactlist_menu_onkey (main)
                                                   maincsm_onmessage (main)
               stack 1 = 00000000 ( 00000008 )
    -------------------------------------------------------------------------
CODE
  Relative segment, address: CODE_AREA 0000117C - 000011E3 (0x68 bytes), align: 2
  Segment part 21.
           ENTRY                   ADDRESS         REF BY
           =====                   =======         ======
           FindContactByContact    0000117C        RecountMenu (main)
               stack 1 = 00000000 ( 0000000C )
    -------------------------------------------------------------------------
CODE
  Relative segment, address: CODE_AREA 000011E4 - 000011E7 (0x4 bytes), align: 2
  Segment part 22.            Intra module refs:   FindContactByContact
                                                   FindContactByN
    -------------------------------------------------------------------------
CODE
  Relative segment, address: CODE_AREA 000011E8 - 0000121B (0x34 bytes), align: 2
  Segment part 24.            Intra module refs:   ChangeContactPos
           ENTRY                   ADDRESS         REF BY
           =====                   =======         ======
           SwapContacts            000011E8 
    -------------------------------------------------------------------------
CODE
  Relative segment, address: CODE_AREA 0000121C - 0000129B (0x80 bytes), align: 2
  Segment part 26.            Intra module refs:   FillAllOffline
           ENTRY                   ADDRESS         REF BY
           =====                   =======         ======
           ChangeContactPos        0000121C        AddMsgToChat (main)
                                                   AddStringToLog (main)
                                                   CreateEditChat (main)
                                                   ProcessPacket (main)
               stack 1 = 00000000 ( 0000000C )
    -------------------------------------------------------------------------
CODE
  Relative segment, address: CODE_AREA 0000129C - 00001333 (0x98 bytes), align: 2
  Segment part 28.            Intra module refs:   AddContactOrGroup
                                                   ChangeContactPos
           ENTRY                   ADDRESS         REF BY
           =====                   =======         ======
           CompareContacts         0000129C 
               stack 1 = 00000000 ( 00000010 )
    -------------------------------------------------------------------------
CODE
  Relative segment, address: CODE_AREA 00001334 - 000013AB (0x78 bytes), align: 2
  Segment part 30.            Intra module refs:   AddContact
                                                   AddGroup
                                                   ResortCL
           ENTRY                   ADDRESS         REF BY
           =====                   =======         ======
           AddContactOrGroup       00001334 
               stack 1 = 00000000 ( 00000010 )
    -------------------------------------------------------------------------
CODE
  Relative segment, address: CODE_AREA 000013AC - 0000141B (0x70 bytes), align: 2
  Segment part 32.
           ENTRY                   ADDRESS         REF BY
           =====                   =======         ======
           ResortCL                000013AC        ChangeShowGroupsMode (mainmenu)
                                                   maincsm_onmessage (main)
               stack 1 = 00000000 ( 00000014 )
    -------------------------------------------------------------------------
CODE
  Relative segment, address: CODE_AREA 0000141C - 0000147B (0x60 bytes), align: 2
  Segment part 34.            Intra module refs:   LoadLocalCL
           ENTRY                   ADDRESS         REF BY
           =====                   =======         ======
           AddContact              0000141C        ProcessPacket (main)
                                                   maincsm_onmessage (main)
               stack 1 = 00000000 ( 00000018 )
    -------------------------------------------------------------------------
CODE
  Relative segment, address: CODE_AREA 0000147C - 000014DF (0x64 bytes), align: 2
  Segment part 36.
           ENTRY                   ADDRESS         REF BY
           =====                   =======         ======
           AddGroup                0000147C        ProcessPacket (main)
                                                   maincsm_onmessage (main)
               stack 1 = 00000000 ( 00000010 )
    -------------------------------------------------------------------------
CODE
  Relative segment, address: CODE_AREA 000014E0 - 000014E3 (0x4 bytes), align: 2
  Segment part 37.            Intra module refs:   AddGroup
                                                   CompareContacts
                                                   FindContactByNS
                                                   ResortCL
    -------------------------------------------------------------------------
CODE
  Relative segment, address: CODE_AREA 000014E4 - 000014E7 (0x4 bytes), align: 2
  Segment part 38.            Intra module refs:   AddContact
                                                   AddGroup
                                                   FillAllOffline
                                                   FindContactByNS
                                                   FindContactByUin
                                                   FindGroupByID
                                                   FreeCLIST
                                                   ResortCL
    -------------------------------------------------------------------------
CODE
  Relative segment, address: CODE_AREA 000014E8 - 0000167B (0x194 bytes), align: 2
  Segment part 40.
           ENTRY                   ADDRESS         REF BY
           =====                   =======         ======
           LoadLocalCL             000014E8        maincsm_onmessage (main)
               stack 1 = 00000000 ( 00000184 )

    *************************************************************************

  FILE NAME : D:\pasha\elf\_MY_PROJECT_\naticq_mod\Release\Obj\conf_loader.r79
  PROGRAM MODULE, NAME : conf_loader

  SEGMENTS IN THE MODULE
  ======================
CODE
  Relative segment, address: CODE_AREA 0000167C - 000016E7 (0x6c bytes), align: 2
  Segment part 9.             Intra module refs:   InitConfig
           ENTRY                   ADDRESS         REF BY
           =====                   =======         ======
           LoadConfigData          0000167C 
               stack 1 = 00000000 ( 00000018 )
    -------------------------------------------------------------------------
DATA_I
  Relative segment, address: DATA_AREA 00000000 - 00000003 (0x4 bytes), align: 2
  Segment part 4.             Intra module refs:   InitConfig
           ENTRY                   ADDRESS         REF BY
           =====                   =======         ======
           config_path             00000000 
    -------------------------------------------------------------------------
CODE
  Relative segment, address: CODE_AREA 000016E8 - 00001737 (0x50 bytes), align: 2
  Segment part 11.
           ENTRY                   ADDRESS         REF BY
           =====                   =======         ======
           InitConfig              000016E8        UpdateConfig (configs)
               stack 1 = 00000000 ( 00000090 )
    -------------------------------------------------------------------------
DATA_ID
  Relative segment, address: CODE_AREA 00000000 - 00000003 (0x4 bytes), align: 2
  Segment part 5.             Intra module refs:   config_path
    -------------------------------------------------------------------------
INITTAB
  Relative segment, address: CODE_AREA 00014E54 - 00014E5F (0xc bytes), align: 2
  Segment part 13. ROOT.
           ENTRY                   ADDRESS         REF BY
           =====                   =======         ======
           ?init?tab?DATA_I        00014E54 
    -------------------------------------------------------------------------
DATA_C
  Relative segment, address: CODE_AREA 00012A0C - 00012A17 (0xc bytes), align: 2
  Segment part 2.             Intra module refs:   Segment part 5
    -------------------------------------------------------------------------
DATA_C
  Relative segment, address: CODE_AREA 00012A18 - 00012A27 (0x10 bytes), align: 2
  Segment part 3.             Intra module refs:   InitConfig

    *************************************************************************

  FILE NAME : D:\pasha\elf\_MY_PROJECT_\naticq_mod\Release\Obj\configs.r79
  PROGRAM MODULE, NAME : configs

  SEGMENTS IN THE MODULE
  ======================
DATA_I
  Relative segment, address: DATA_AREA 000002AC - 000002AE (0x3 bytes), align: 0
  Segment part 5.             Intra module refs:   UpdateConfig
           ENTRY                   ADDRESS         REF BY
           =====                   =======         ======
           per_s                   000002AC        CheckComand2 (addon)
    -------------------------------------------------------------------------
CODE
  Relative segment, address: CODE_AREA 00001738 - 0000212B (0x9f4 bytes), align: 2
  Segment part 8.
           ENTRY                   ADDRESS         REF BY
           =====                   =======         ======
           UpdateConfig            00001738        main (main)
                                                   maincsm_onmessage (main)
               stack 1 = 00000000 ( 00000024 )
    -------------------------------------------------------------------------
DATA_Z
  Relative segment, address: CODE_AREA 00014E6C - 000158C7 (0xa5c bytes), align: 2
  Segment part 4.             Intra module refs:   Segment part 15
                                                   UpdateConfig
           ENTRY                   ADDRESS         REF BY
           =====                   =======         ======
           ACK_COLOR               0001511C        Segment part 387 (main)
                                                   Segment part 610 (main)
           ADDITION_UIN            00014FB8        addIconBar (main)
           AUTO_ENGADE             00015024        AutoAwayMSG (mainmenu)
                                                   Segment part 199 (main)
                                                   Segment part 311 (main)
                                                   st_onkey (status_change)
           ActionResh              00014F54        contactlist_menu_onkey (main)
           Auto_Status             00015014        Segment part 169 (main)
                                                   Segment part 531 (main)
           BGPBcolor               0001518C        method0 (main)
           CsmAdr                  00015390        initTags (player_tags)
           DEVELOP_IF              000150C8        ProcessPacket (main)
           DEVELOP_IF_MOD          00014F3C 
           ED_FONT_SIZE            00015104        Segment part 383 (main)
                                                   Segment part 621 (main)
           ED_H_FONT_SIZE          00015108        Segment part 394 (main)
                                                   Segment part 608 (main)
           ED_X_FONT_SIZE          0001510C        Segment part 384 (main)
                                                   Segment part 620 (main)
           ENA_AUTO_XTXT           00015124        ProcessPacket (main)
           FIRST_LETTER            000150D4        CreateEditChat (main)
           HISTORY_BUFFER          00015130        Segment part 320 (main)
                                                   Segment part 373 (main)
                                                   Segment part 460 (main)
           HISTORY_BUFFER_MOD      00014F44 
           HISTORY_SAVE_TYPE       00014F40        OpenLogfile (main)
                                                   Segment part 31 (history)
           HISTORY_TYPE            000150DC        OpenLogfile (main)
                                                   Segment part 30 (history)
           HIST_PATH               00015788        OpenLogfile (main)
                                                   Segment part 29 (history)
           ICON_PATH               000156C8        Segment part 268 (main)
           IDLEICON_X              000150E4        maincsm_onmessage (main)
           IDLEICON_XX             00014FA4        maincsm_onmessage (main)
           IDLEICON_Y              000150E8        maincsm_onmessage (main)
           IDLEICON_YX             00014FA8        maincsm_onmessage (main)
           ILL_DISP_RECV           00015134        ProcessPacket (main)
           ILL_DISP_SEND           00015140        ProcessPacket (main)
           ILL_KEYS_RECV           00015138        ProcessPacket (main)
           ILL_KEYS_SEND           00015144        ProcessPacket (main)
           ILL_OFF_FADE            00015154        IlluminationOff (main)
           ILL_RECV_FADE           00015150        ProcessPacket (main)
           ILL_RECV_TMR            0001513C        ProcessPacket (main)
           ILL_SEND_FADE           0001514C 
           ILL_SEND_TMR            00015148        ProcessPacket (main)
           I_COLOR                 000150EC        Segment part 391 (main)
                                                   Segment part 609 (main)
           I_str                   0001549C        Segment part 433 (main)
                                                   Segment part 632 (main)
                                                   Segment part 636 (main)
           IsInvertSoftKey         000150B0        Segment part 498 (main)
           IsMultiBuffer           000150AC        Segment part 576 (main)
                                                   Segment part 599 (main)
           IsOnNAStatus            00015018        away_timer (main)
           IsOpenBrowser           000150A8        edchat_onkey (main)
           IsShowInfo              000150B4        method0 (main)
           IsShowLoopback          000150A4        maincsm_onmessage (main)
           Is_Online_On            00015008        maincsm_onmessage (main)
           Is_Unread_On            00014FFC        maincsm_onmessage (main)
           LOG_ALL                 000150CC        Add2History (history)
           LOG_STATCH              000150D0        LogStatusChange (history)
           LOG_XTXT                0001512C        AddStringToLog (main)
           LongLeftAction          00014F50        edchat_onkey (main)
           LongRightAction         00014F4C        edchat_onkey (main)
           LongVolDownAction       00014F5C        edchat_onkey (main)
           LongVolUpAction         00014F58        edchat_onkey (main)
           NAStatusTime            0001501C        away_timer (main)
           NATICQ_HOST             000157C8        create_connect (main)
           NATICQ_PORT             0001515C        GetPort (main)
           NOT_LOG_SAME_XTXT       00015128        AddStringToLog (main)
           NumStatusToIconBar      00014FB0        Segment part 446 (main)
                                                   Segment part 544 (main)
           NumXStatusToIconBar     00014FB4        addIconBar (main)
           ON_OFF_TIME             00015068        ProcessPacket (main)
           O_ED_FONT_SIZE          00015110        Segment part 382 (main)
                                                   Segment part 616 (main)
           O_ED_H_FONT_SIZE        00015114        Segment part 393 (main)
                                                   Segment part 613 (main)
           O_ED_X_FONT_SIZE        00015118        Segment part 379 (main)
                                                   Segment part 619 (main)
           O_I_COLOR               000150F8        Segment part 389 (main)
                                                   Segment part 611 (main)
           O_TO_COLOR              000150FC        Segment part 388 (main)
                                                   Segment part 612 (main)
           O_X_COLOR               00015100        Segment part 381 (main)
                                                   Segment part 617 (main)
           PASS                    000154BC        Segment part 482 (main)
                                                   Segment part 529 (main)
                                                   aa (auth)
           PBRECT                  00014E6C        method0 (main)
           PBcolor                 00015188        method0 (main)
           Pause_Time              00014FEC        upTime (main)
           Ping_X                  00014FF0        DrawPing (main)
           Ping_Y                  00014FF4        DrawPing (main)
           PopupBGCl               0001517C        Segment part 447 (main)
           PopupFont               00015060        Segment part 445 (main)
           PopupMsgCl              00015184        show_pp_sender (main)
           PopupMsgString          00015368        ProcessPacket (main)
           PopupOnlineCl           00015180        show_on_contact (main)
           PopupOnlineString       00015374        ProcessPacket (main)
           PopupShow               0001505C        ProcessPacket (main)
           RECONNECT_TIME          00015160        Segment part 341 (main)
                                                   Segment part 535 (main)
           Reset_timer             0001503C        my_keyhook (main)
           SHOW_ACTIVE             000150C0        Segment part 463 (main)
                                                   Segment part 596 (main)
           SMILE_FILE              00015648        Segment part 16 (smiles_loader)
           SMILE_PATH              00015708        ProcessNextSmile (smiles_loader)
           SORT_CLIST              000150D8        CompareContacts (cl_work)
           ShowStatusIcon          00014F9C        Segment part 546 (main)
           ShowTraff               0001506C        UpdateCLheader (main)
           SmBGcolor               00015170        method0 (select_smile)
           SmFontColor             00015178        RenderPage (select_smile)
           SmSelectColor           00015174        RenderPage (select_smile)
           TEMPLATES_PATH          00015688        LoadLocalCL (cl_work)
                                                   Segment part 264 (main)
                                                   Segment part 414 (main)
                                                   Segment part 598 (main)
                                                   Segment part 78 (status_change)
           TIME_OR_MSG             00015064        Segment part 284 (main)
                                                   Segment part 458 (main)
           TO_COLOR                000150F0        Segment part 390 (main)
                                                   Segment part 614 (main)
           UIN                     000150B8        Draw5 (screen_save)
                                                   FindContactByNS (cl_work)
                                                   Segment part 221 (main)
                                                   Segment part 32 (history)
                                                   Segment part 354 (main)
                                                   Segment part 509 (main)
                                                   Segment part 554 (main)
                                                   Segment part 640 (main)
                                                   ab (auth)
           UNACK_COLOR             00015120        Segment part 392 (main)
                                                   Segment part 615 (main)
           VIBR_ON_CONNECT         000150BC        Segment part 455 (main)
                                                   Segment part 540 (main)
           VIBR_TYPE               000150C4        CheckComand2 (addon)
                                                   Segment part 234 (main)
                                                   Segment part 462 (main)
           Vibra_cc                00015098        Remind_Timer2 (main)
           XSTATUSES_PATH          00015748        Segment part 27 (smiles_loader)
           X_COLOR                 000150F4        Segment part 380 (main)
                                                   Segment part 618 (main)
           addonuin                00014E74        Segment part 481 (main)
           auto_x                  00015034        DrawAutoMSG (main)
           auto_y                  00015038        DrawAutoMSG (main)
           automsgcount            00015028        Segment part 366 (main)
                                                   Segment part 439 (main)
                                                   Segment part 461 (main)
           awayHelloMsg            00015250        CheckComand (main)
           awayMsg                 00015268        Segment part 206 (main)
                                                   Segment part 440 (main)
           bgrColor                0001516D        Segment part 558 (main)
           extended_sounds         00014F48        Segment part 365 (main)
                                                   Segment part 457 (main)
           fontColor               0001516C        Segment part 559 (main)
           fonto                   00014FC4        Segment part 193 (main)
                                                   Segment part 269 (main)
                                                   Segment part 561 (main)
           fontpath                00015210        Segment part 557 (main)
           ignor_list              0001539C        Segment part 364 (main)
                                                   Segment part 438 (main)
           ind_set_xstatus         00014FAC        Segment part 222 (main)
                                                   xst_onkey (status_change)
           isAutoStatusOn          00015020        away_timer (main)
                                                   st_onkey (status_change)
           isLogStatusChange       000150A0        Segment part 327 (main)
                                                   Segment part 456 (main)
           isScreenSaverEna        00015058        ScreenSaverTimer (main)
           isShowA                 00015088        UpdateCLheader (main)
           isShowBat               00015094        UpdateCLheader (main)
           isShowCont              00015070        UpdateCLheader (main)
           isShowI                 00015078        UpdateCLheader (main)
           isShowR                 00015084        UpdateCLheader (main)
           isShowS                 00015080        UpdateCLheader (main)
           isShowTime              00015090        UpdateCLheader (main)
           isShowTmXs              0001508C        UpdateCLheader (main)
           isShowUnread            00015074        UpdateCLheader (main)
           isShowV                 0001507C        UpdateCLheader (main)
           isVolDownButton         00014F64        contactlist_menu_onkey (main)
           isVolUpButton           00014F60        contactlist_menu_onkey (main)
           longAct_0               00014F68        LongPressAction (main)
           longAct_1               00014F6C        LongPressAction (main)
           longAct_10              00014F90        LongPressAction (main)
           longAct_11              00014F94        LongPressAction (main)
           longAct_2               00014F70        LongPressAction (main)
           longAct_3               00014F74        LongPressAction (main)
           longAct_4               00014F78        LongPressAction (main)
           longAct_5               00014F7C        LongPressAction (main)
           longAct_6               00014F80        LongPressAction (main)
           longAct_7               00014F84        LongPressAction (main)
           longAct_8               00014F88        LongPressAction (main)
           longAct_9               00014F8C        LongPressAction (main)
           longAct_RB              00014F98        LongPressAction (main)
           main_lenght             00014FD4        AddToMain (main)
           main_msg_timer          00014FD0        ProcessPacket (main)
           msg_d_x                 00014FC8        maincsm_onmessage (main)
           msg_d_y                 00014FCC        maincsm_onmessage (main)
           onlineTime_x            00014FE4        DrawOnlineTime (main)
           onlineTime_y            00014FE8        DrawOnlineTime (main)
           online_x                0001500C        maincsm_onmessage (main)
           online_y                00015010        maincsm_onmessage (main)
           ping_time_config        00014FF8        get_answer (main)
           pingsnd                 000151D0        get_answer (main)
           playing                 00015380        set_my_xstatus2 (main)
           screenSaverTime         00015054        ScreenSaverTimer (main)
           showAwayIdle            00015030        Segment part 191 (main)
                                                   Segment part 532 (main)
           show_add_state          00014FBC        addIconBar (main)
           show_add_xstate         00014FC0        addIconBar (main)
           show_send_info          0001509C        CheckComand (main)
           show_xstatus            00014FA0        maincsm_onmessage (main)
           sndGlobal               00015548        ProcessPacket (main)
           sndGlobal2              00015588        ProcessPacket (main)
           sndMsg                  000155C8        get_answer (main)
           sndMsg2                 00015190        get_answer (main)
           sndMsgSent              00015608        get_answer (main)
           sndSrvMsg               00015508        ProcessPacket (main)
           sndStartup              000154C8        get_answer (main)
           sndVolume               00015158        Play (main)
           spaco1                  00014FDC        Segment part 192 (main)
                                                   Segment part 533 (main)
           spaco2                  00014FE0        maincsm_onmessage (main)
           status_1                00015040        AutoChangeStatus_timer (main)
           status_2                00015044        AutoChangeStatus_timer (main)
           status_3                00015048        AutoChangeStatus_timer (main)
           status_4                0001504C        AutoChangeStatus_timer (main)
           status_5                00015050        AutoChangeStatus_timer (main)
           suc_config_name         00015848        EditConfig (mainmenu)
                                                   Segment part 312 (main)
                                                   Segment part 555 (main)
           suc_config_name_mod     00015888        EditConfigMod (mainmenu)
                                                   Segment part 313 (main)
                                                   Segment part 534 (main)
           temp_chars              00015164 
           temp_lines              00015168 
           time_zone               0001502C        init_time_zone (main)
           tm_status_1             00014F14        AutoChangeStatus_timer (main)
           tm_status_2             00014F1C        AutoChangeStatus_timer (main)
           tm_status_3             00014F24        AutoChangeStatus_timer (main)
           tm_status_4             00014F2C        AutoChangeStatus_timer (main)
           tm_status_5             00014F34        AutoChangeStatus_timer (main)
           unread_X                00015000        maincsm_onmessage (main)
           unread_Y                00015004        maincsm_onmessage (main)
           use_cutter              00014FD8        AddToMain (main)
           vibraPower              000150E0        Segment part 231 (main)
    -------------------------------------------------------------------------
CODE
  Relative segment, address: CODE_AREA 0000212C - 00002163 (0x38 bytes), align: 2
  Segment part 10.            Intra module refs:   LoadUIN
           ENTRY                   ADDRESS         REF BY
           =====                   =======         ======
           FreeUINS                0000212C 
               stack 1 = 00000000 ( 00000008 )
    -------------------------------------------------------------------------
CODE
  Relative segment, address: CODE_AREA 00002164 - 000022A3 (0x140 bytes), align: 2
  Segment part 12.            Intra module refs:   ParseUINS
           ENTRY                   ADDRESS         REF BY
           =====                   =======         ======
           LoadUIN                 00002164 
               stack 1 = 00000000 ( 0000014C )
    -------------------------------------------------------------------------
CODE
  Relative segment, address: CODE_AREA 000022A4 - 00002387 (0xe4 bytes), align: 2
  Segment part 14.
           ENTRY                   ADDRESS         REF BY
           =====                   =======         ======
           ParseUINS               000022A4        DrawList (main)
                                                   maincsm_oncreate (main)
               stack 1 = 00000000 ( 00000024 )
    -------------------------------------------------------------------------
CODE
  Relative segment, address: CODE_AREA 00002388 - 0000238B (0x4 bytes), align: 2
  Segment part 15.            Intra module refs:   FreeUINS
                                                   LoadUIN
                                                   ParseUINS
    -------------------------------------------------------------------------
DATA_ID
  Relative segment, address: CODE_AREA 000002AC - 000002AE (0x3 bytes), align: 0
  Segment part 6.             Intra module refs:   per_s
    -------------------------------------------------------------------------
INITTAB
  Relative segment, address: CODE_AREA 00014E60 - 00014E6B (0xc bytes), align: 2
  Segment part 21. ROOT.
           ENTRY                   ADDRESS         REF BY
           =====                   =======         ======
           ?init?tab?DATA_Z        00014E60 
    -------------------------------------------------------------------------
DATA_C
  Relative segment, address: CODE_AREA 00012A28 - 00012ADF (0xb8 bytes), align: 2
  Segment part 2.             Intra module refs:   UpdateConfig
    -------------------------------------------------------------------------
DATA_C
  Relative segment, address: CODE_AREA 00012AE0 - 00012AEB (0xc bytes), align: 2
  Segment part 3.             Intra module refs:   LoadUIN

    *************************************************************************

  FILE NAME : D:\pasha\elf\_MY_PROJECT_\naticq_mod\Release\Obj\func.r79
  PROGRAM MODULE, NAME : func

Absolute parts
           ENTRY                   ADDRESS         REF BY
           =====                   =======         ======
           PickingOff              AD888888 
  SEGMENTS IN THE MODULE
  ======================
ELFBEGIN
  Relative segment, address: CODE_AREA 00000000, align: 0
  Segment part 0. ROOT.
           ENTRY                   ADDRESS         REF BY
           =====                   =======         ======
           ELF_BEGIN               00000000        ElfKiller (main)
    -------------------------------------------------------------------------
CODE
  Relative segment, address: CODE_AREA 0000238C - 0000238F (0x4 bytes), align: 2
  Segment part 1. ROOT.
           ENTRY                   ADDRESS         REF BY
           =====                   =======         ======
           kill_data               0000238C        ElfKiller (main)
                                                   Segment part 13 (main)
                                                   Segment part 17 (screen_save)
                                                   Segment part 2 (select_smile)

    *************************************************************************

  FILE NAME : D:\pasha\elf\_MY_PROJECT_\naticq_mod\Release\Obj\history.r79
  PROGRAM MODULE, NAME : history

  SEGMENTS IN THE MODULE
  ======================
CODE
  Relative segment, address: CODE_AREA 00002390 - 000024F3 (0x164 bytes), align: 2
  Segment part 15.            Intra module refs:   Add2History
           LOCAL                   ADDRESS         
           =====                   =======         
           do_logwrite             00002390 
               stack 1 = 00000000 ( 0000014C )
    -------------------------------------------------------------------------
CODE
  Relative segment, address: CODE_AREA 000024F4 - 0000258B (0x98 bytes), align: 2
  Segment part 17.            Intra module refs:   LogStatusChange
           ENTRY                   ADDRESS         REF BY
           =====                   =======         ======
           Add2History             000024F4        AddStringToLog (main)
               stack 1 = 00000000 ( 0000001C )
    -------------------------------------------------------------------------
CODE
  Relative segment, address: CODE_AREA 0000258C - 000025CB (0x40 bytes), align: 2
  Segment part 19.            Intra module refs:   AddFirstLOGQ
           ENTRY                   ADDRESS         REF BY
           =====                   =======         ======
           ActivateLastX           0000258C 
    -------------------------------------------------------------------------
CODE
  Relative segment, address: CODE_AREA 000025CC - 0000260B (0x40 bytes), align: 2
  Segment part 21.            Intra module refs:   GetHistory
           ENTRY                   ADDRESS         REF BY
           =====                   =======         ======
           AddFirstLOGQ            000025CC 
               stack 1 = 00000000 ( 00000004 )
    -------------------------------------------------------------------------
CODE
  Relative segment, address: CODE_AREA 0000260C - 00002633 (0x28 bytes), align: 2
  Segment part 23.            Intra module refs:   CheckLOGQ
           ENTRY                   ADDRESS         REF BY
           =====                   =======         ======
           DeleteLOGQ              0000260C 
               stack 1 = 00000000 ( 00000008 )
    -------------------------------------------------------------------------
CODE
  Relative segment, address: CODE_AREA 00002634 - 0000269B (0x68 bytes), align: 2
  Segment part 25.            Intra module refs:   GetHistory
           ENTRY                   ADDRESS         REF BY
           =====                   =======         ======
           CheckLOGQ               00002634 
               stack 1 = 00000000 ( 00000008 )
    -------------------------------------------------------------------------
CODE
  Relative segment, address: CODE_AREA 0000269C - 0000294B (0x2b0 bytes), align: 2
  Segment part 27.
           ENTRY                   ADDRESS         REF BY
           =====                   =======         ======
           GetHistory              0000269C        AddStringToLog (main)
                                                   ProcessPacket (main)
                                                   contactlist_menu_onkey (main)
               stack 1 = 00000000 ( 000000C4 )
    -------------------------------------------------------------------------
CODE
  Relative segment, address: CODE_AREA 0000294C - 0000294F (0x4 bytes), align: 2
  Segment part 28.            Intra module refs:   GetHistory
                                                   do_logwrite
    -------------------------------------------------------------------------
CODE
  Relative segment, address: CODE_AREA 00002950 - 00002953 (0x4 bytes), align: 2
  Segment part 29.            Intra module refs:   GetHistory
                                                   do_logwrite
    -------------------------------------------------------------------------
CODE
  Relative segment, address: CODE_AREA 00002954 - 00002957 (0x4 bytes), align: 2
  Segment part 30.            Intra module refs:   GetHistory
                                                   do_logwrite
    -------------------------------------------------------------------------
CODE
  Relative segment, address: CODE_AREA 00002958 - 0000295B (0x4 bytes), align: 2
  Segment part 31.            Intra module refs:   GetHistory
                                                   do_logwrite
    -------------------------------------------------------------------------
CODE
  Relative segment, address: CODE_AREA 0000295C - 0000295F (0x4 bytes), align: 2
  Segment part 32.            Intra module refs:   GetHistory
                                                   do_logwrite
    -------------------------------------------------------------------------
CODE
  Relative segment, address: CODE_AREA 00002960 - 000029E7 (0x88 bytes), align: 2
  Segment part 34.            Intra module refs:   LogStatusChange
           ENTRY                   ADDRESS         REF BY
           =====                   =======         ======
           GetStatusById           00002960 
               stack 1 = 00000000 ( 00000004 )
    -------------------------------------------------------------------------
CODE
  Relative segment, address: CODE_AREA 000029E8 - 00002AB3 (0xcc bytes), align: 2
  Segment part 36.
           ENTRY                   ADDRESS         REF BY
           =====                   =======         ======
           LogStatusChange         000029E8        ProcessPacket (main)
               stack 1 = 00000000 ( 000000FC )
    -------------------------------------------------------------------------
DATA_C
  Relative segment, address: CODE_AREA 00012AEC - 00012B67 (0x7c bytes), align: 2
  Segment part 2.             Intra module refs:   Segment part 28
    -------------------------------------------------------------------------
DATA_C
  Relative segment, address: CODE_AREA 00012B68 - 00012B83 (0x1c bytes), align: 2
  Segment part 4.             Intra module refs:   Add2History
    -------------------------------------------------------------------------
DATA_C
  Relative segment, address: CODE_AREA 00012B84 - 00012BB3 (0x30 bytes), align: 2
  Segment part 7.             Intra module refs:   GetStatusById
    -------------------------------------------------------------------------
DATA_C
  Relative segment, address: CODE_AREA 00012BB4 - 00012BC7 (0x14 bytes), align: 2
  Segment part 11.            Intra module refs:   LogStatusChange
    -------------------------------------------------------------------------
DATA_C
  Relative segment, address: CODE_AREA 00012BC8 - 00012BE3 (0x1c bytes), align: 2
  Segment part 12.            Intra module refs:   LogStatusChange

    *************************************************************************

  FILE NAME : D:\pasha\elf\_MY_PROJECT_\naticq_mod\Release\Obj\main.r79
  PROGRAM MODULE, NAME : main

  SEGMENTS IN THE MODULE
  ======================
CODE
  Relative segment, address: CODE_AREA 00002AB4 - 00002AE3 (0x30 bytes), align: 2
  Segment part 155.           Intra module refs:   CreateContactMenu
                                                   CreateEditChat
                                                   DispCmdMenu
                                                   InputAwayMsg
                                                   create_contactlist_menu
                                                   ec_menu
           ENTRY                   ADDRESS         REF BY
           =====                   =======         ======
           patch_header            00002AB4 
               stack 1 = 00000000 ( 00000008 )
    -------------------------------------------------------------------------
CODE
  Relative segment, address: CODE_AREA 00002AE4 - 00002B73 (0x90 bytes), align: 2
  Segment part 157.           Intra module refs:   Segment part 158
                                                   Segment part 562
           ENTRY                   ADDRESS         REF BY
           =====                   =======         ======
           Pinger2                 00002AE4 
               stack 1 = 00000000 ( 00000010 )
    -------------------------------------------------------------------------
CODE
  Relative segment, address: CODE_AREA 00002B74 - 00002B77 (0x4 bytes), align: 2
  Segment part 158.           Intra module refs:   Pinger2
    -------------------------------------------------------------------------
CODE
  Relative segment, address: CODE_AREA 00002B78 - 00002B7B (0x4 bytes), align: 2
  Segment part 159.           Intra module refs:   Pinger2
    -------------------------------------------------------------------------
CODE
  Relative segment, address: CODE_AREA 00002B7C - 00002BAB (0x30 bytes), align: 2
  Segment part 161.           Intra module refs:   SendAnswer
                                                   create_connect
                                                   get_answer
                                                   maincsm_onmessage
           ENTRY                   ADDRESS         REF BY
           =====                   =======         ======
           SMART_REDRAW            00002B7C 
               stack 1 = 00000000 ( 00000008 )
    -------------------------------------------------------------------------
CODE
  Relative segment, address: CODE_AREA 00002BAC - 00002C2F (0x84 bytes), align: 2
  Segment part 163.           Intra module refs:   main
           ENTRY                   ADDRESS         REF BY
           =====                   =======         ======
           ScreenSaverTimer        00002BAC 
               stack 1 = 00000000 ( 00000010 )
    -------------------------------------------------------------------------
CODE
  Relative segment, address: CODE_AREA 00002C30 - 00002C53 (0x24 bytes), align: 2
  Segment part 165.           Intra module refs:   ProcessPacket
           ENTRY                   ADDRESS         REF BY
           =====                   =======         ======
           FreeXText2              00002C30 
               stack 1 = 00000000 ( 00000008 )
    -------------------------------------------------------------------------
CODE
  Relative segment, address: CODE_AREA 00002C54 - 00002DFF (0x1ac bytes), align: 2
  Segment part 167.           Intra module refs:   input_awaymsg_onkey
                                                   main
           ENTRY                   ADDRESS         REF BY
           =====                   =======         ======
           away_timer              00002C54        AutoAwayMSG (mainmenu)
                                                   st_onkey (status_change)
               stack 1 = 00000000 ( 00000034 )
    -------------------------------------------------------------------------
CODE
  Relative segment, address: CODE_AREA 00002E00 - 00002E03 (0x4 bytes), align: 2
  Segment part 168.           Intra module refs:   away_timer
    -------------------------------------------------------------------------
CODE
  Relative segment, address: CODE_AREA 00002E04 - 00002E07 (0x4 bytes), align: 2
  Segment part 169.           Intra module refs:   away_timer
    -------------------------------------------------------------------------
CODE
  Relative segment, address: CODE_AREA 00002E08 - 00002F6B (0x164 bytes), align: 2
  Segment part 171.           Intra module refs:   main
                                                   maincsm_onmessage
           ENTRY                   ADDRESS         REF BY
           =====                   =======         ======
           init_time_zone          00002E08 
               stack 1 = 00000000 ( 00000004 )
    -------------------------------------------------------------------------
CODE
  Relative segment, address: CODE_AREA 00002F6C - 0000339B (0x430 bytes), align: 2
  Segment part 173.           Intra module refs:   main
           ENTRY                   ADDRESS         REF BY
           =====                   =======         ======
           AutoChangeStatus_timer
                                   00002F6C 
               stack 1 = 00000000 ( 00000014 )
    -------------------------------------------------------------------------
CODE
  Relative segment, address: CODE_AREA 0000339C - 000033E7 (0x4c bytes), align: 2
  Segment part 175.           Intra module refs:   maincsm_onmessage
           ENTRY                   ADDRESS         REF BY
           =====                   =======         ======
           DrawPing                0000339C 
               stack 1 = 00000000 ( 0000000C )
    -------------------------------------------------------------------------
CODE
  Relative segment, address: CODE_AREA 000033E8 - 0000342B (0x44 bytes), align: 2
  Segment part 177.           Intra module refs:   Segment part 180
           ENTRY                   ADDRESS         REF BY
           =====                   =======         ======
           Remind_Timer2           000033E8 
               stack 1 = 00000000 ( 00000008 )
    -------------------------------------------------------------------------
CODE
  Relative segment, address: CODE_AREA 0000342C - 0000344B (0x20 bytes), align: 2
  Segment part 179.           Intra module refs:   ProcessPacket
           ENTRY                   ADDRESS         REF BY
           =====                   =======         ======
           Reminder_timer          0000342C 
               stack 1 = 00000000 ( 00000004 )
    -------------------------------------------------------------------------
CODE
  Relative segment, address: CODE_AREA 0000344C - 0000344F (0x4 bytes), align: 2
  Segment part 180.           Intra module refs:   Remind_Timer2
                                                   Reminder_timer
    -------------------------------------------------------------------------
CODE
  Relative segment, address: CODE_AREA 00003450 - 0000348F (0x40 bytes), align: 2
  Segment part 182.           Intra module refs:   upTime
           ENTRY                   ADDRESS         REF BY
           =====                   =======         ======
           UptimeMinHour           00003450 
    -------------------------------------------------------------------------
CODE
  Relative segment, address: CODE_AREA 00003490 - 0000352F (0xa0 bytes), align: 2
  Segment part 184.           Intra module refs:   main
           ENTRY                   ADDRESS         REF BY
           =====                   =======         ======
           upTime                  00003490 
               stack 1 = 00000000 ( 00000014 )
    -------------------------------------------------------------------------
CODE
  Relative segment, address: CODE_AREA 00003530 - 00003533 (0x4 bytes), align: 2
  Segment part 185.           Intra module refs:   upTime
    -------------------------------------------------------------------------
CODE
  Relative segment, address: CODE_AREA 00003534 - 00003537 (0x4 bytes), align: 2
  Segment part 186.           Intra module refs:   upTime
    -------------------------------------------------------------------------
CODE
  Relative segment, address: CODE_AREA 00003538 - 000035CF (0x98 bytes), align: 2
  Segment part 188.           Intra module refs:   maincsm_onmessage
           ENTRY                   ADDRESS         REF BY
           =====                   =======         ======
           DrawOnlineTime          00003538 
               stack 1 = 00000000 ( 00000014 )
    -------------------------------------------------------------------------
CODE
  Relative segment, address: CODE_AREA 000035D0 - 0000365F (0x90 bytes), align: 2
  Segment part 190.           Intra module refs:   maincsm_onmessage
           ENTRY                   ADDRESS         REF BY
           =====                   =======         ======
           DrawAutoMSG             000035D0 
               stack 1 = 00000000 ( 0000004C )
    -------------------------------------------------------------------------
CODE
  Relative segment, address: CODE_AREA 00003660 - 00003663 (0x4 bytes), align: 2
  Segment part 191.           Intra module refs:   DrawAutoMSG
    -------------------------------------------------------------------------
CODE
  Relative segment, address: CODE_AREA 00003664 - 00003667 (0x4 bytes), align: 2
  Segment part 192.           Intra module refs:   DrawAutoMSG
                                                   DrawOnlineTime
                                                   DrawPing
    -------------------------------------------------------------------------
CODE
  Relative segment, address: CODE_AREA 00003668 - 0000366B (0x4 bytes), align: 2
  Segment part 193.           Intra module refs:   DrawAutoMSG
                                                   DrawOnlineTime
                                                   DrawPing
    -------------------------------------------------------------------------
CODE
  Relative segment, address: CODE_AREA 0000366C - 0000366F (0x4 bytes), align: 2
  Segment part 194.           Intra module refs:   DrawAutoMSG
                                                   DrawPing
    -------------------------------------------------------------------------
CODE
  Relative segment, address: CODE_AREA 00003670 - 00003773 (0x104 bytes), align: 2
  Segment part 196.           Intra module refs:   Segment part 7
           ENTRY                   ADDRESS         REF BY
           =====                   =======         ======
           input_awaymsg_onkey     00003670 
               stack 1 = 00000000 ( 0000004C )
    -------------------------------------------------------------------------
CODE
  Relative segment, address: CODE_AREA 00003774 - 00003777 (0x4 bytes), align: 2
  Segment part 197.           Intra module refs:   AutoChangeStatus_timer
                                                   DrawAutoMSG
                                                   DrawOnlineTime
                                                   Pinger2
                                                   Remind_Timer2
                                                   ScreenSaverTimer
                                                   UptimeMinHour
                                                   away_timer
                                                   input_awaymsg_onkey
                                                   upTime
    -------------------------------------------------------------------------
CODE
  Relative segment, address: CODE_AREA 00003778 - 0000377B (0x4 bytes), align: 2
  Segment part 198.           Intra module refs:   DrawOnlineTime
                                                   away_timer
                                                   input_awaymsg_onkey
    -------------------------------------------------------------------------
CODE
  Relative segment, address: CODE_AREA 0000377C - 0000377F (0x4 bytes), align: 2
  Segment part 199.           Intra module refs:   away_timer
                                                   input_awaymsg_onkey
    -------------------------------------------------------------------------
CODE
  Relative segment, address: CODE_AREA 00003780 - 000037C3 (0x44 bytes), align: 2
  Segment part 201.           Intra module refs:   Segment part 7
           ENTRY                   ADDRESS         REF BY
           =====                   =======         ======
           input_awaymsg_ghook     00003780 
               stack 1 = 00000000 ( 00000004 )
    -------------------------------------------------------------------------
CODE
  Relative segment, address: CODE_AREA 000037C4 - 000037C7 (0x4 bytes), align: 2
  Segment part 203.           Intra module refs:   Segment part 7
           ENTRY                   ADDRESS         REF BY
           =====                   =======         ======
           input_awaymsg_locret    000037C4 
    -------------------------------------------------------------------------
DATA_C
  Relative segment, address: CODE_AREA 00012BE4 - 00012D6F (0x18c bytes), align: 2
  Segment part 2.             Intra module refs:   init_time_zone
    -------------------------------------------------------------------------
DATA_C
  Relative segment, address: CODE_AREA 00012D70 - 00012D8F (0x20 bytes), align: 2
  Segment part 3.             Intra module refs:   DrawOnlineTime
    -------------------------------------------------------------------------
DATA_C
  Relative segment, address: CODE_AREA 00012D90 - 00012D9F (0x10 bytes), align: 2
  Segment part 4.             Intra module refs:   DrawAutoMSG
    -------------------------------------------------------------------------
DATA_C
  Relative segment, address: CODE_AREA 00012DA0 - 00012DAB (0xc bytes), align: 2
  Segment part 5.             Intra module refs:   Segment part 112
    -------------------------------------------------------------------------
DATA_C
  Relative segment, address: CODE_AREA 00012DAC - 00012E03 (0x58 bytes), align: 2
  Segment part 7.             Intra module refs:   InputAwayMsg
           ENTRY                   ADDRESS         REF BY
           =====                   =======         ======
           input_awaymsg_desc      00012DAC 
           input_awaymsg_hdr       00012DF0 
    -------------------------------------------------------------------------
DATA_C
  Relative segment, address: CODE_AREA 00012E04 - 00012E13 (0x10 bytes), align: 2
  Segment part 10.            Intra module refs:   LoadTemplates
    -------------------------------------------------------------------------
DATA_C
  Relative segment, address: CODE_AREA 00012E14 - 00012E4F (0x3c bytes), align: 2
  Segment part 11.            Intra module refs:   CreateCLFile
    -------------------------------------------------------------------------
DATA_C
  Relative segment, address: CODE_AREA 00012E50 - 00012E5B (0xc bytes), align: 2
  Segment part 12.            Intra module refs:   new_redraw
    -------------------------------------------------------------------------
CODE
  Relative segment, address: CODE_AREA 000037C8 - 00003903 (0x13c bytes), align: 2
  Segment part 205.           Intra module refs:   LongPressActionOnChat
                                                   contactlist_menu_onkey
           ENTRY                   ADDRESS         REF BY
           =====                   =======         ======
           InputAwayMsg            000037C8 
               stack 1 = 00000000 ( 0000004C )
    -------------------------------------------------------------------------
CODE
  Relative segment, address: CODE_AREA 00003904 - 00003907 (0x4 bytes), align: 2
  Segment part 206.           Intra module refs:   InputAwayMsg
                                                   input_awaymsg_onkey
    -------------------------------------------------------------------------
CODE
  Relative segment, address: CODE_AREA 00003908 - 0000394B (0x44 bytes), align: 2
  Segment part 208.           Intra module refs:   main
                                                   maincsm_onmessage
           ENTRY                   ADDRESS         REF BY
           =====                   =======         ======
           setup_ICONS             00003908 
               stack 1 = 00000000 ( 0000000C )
    -------------------------------------------------------------------------
CODE
  Relative segment, address: CODE_AREA 0000394C - 00003977 (0x2c bytes), align: 2
  Segment part 210.           Intra module refs:   maincsm_onclose
                                                   maincsm_onmessage
           ENTRY                   ADDRESS         REF BY
           =====                   =======         ======
           free_ICONS              0000394C 
               stack 1 = 00000000 ( 00000010 )
    -------------------------------------------------------------------------
CODE
  Relative segment, address: CODE_AREA 00003978 - 0000397B (0x4 bytes), align: 2
  Segment part 211.           Intra module refs:   free_ICONS
                                                   setup_ICONS
    -------------------------------------------------------------------------
CODE
  Relative segment, address: CODE_AREA 0000397C - 000039B3 (0x38 bytes), align: 2
  Segment part 213.           Intra module refs:   IlluminationOn
           ENTRY                   ADDRESS         REF BY
           =====                   =======         ======
           IlluminationOff         0000397C 
               stack 1 = 00000000 ( 00000008 )
    -------------------------------------------------------------------------
CODE
  Relative segment, address: CODE_AREA 000039B4 - 00003A2B (0x78 bytes), align: 2
  Segment part 215.           Intra module refs:   ProcessPacket
           ENTRY                   ADDRESS         REF BY
           =====                   =======         ======
           IlluminationOn          000039B4 
               stack 1 = 00000000 ( 00000018 )
    -------------------------------------------------------------------------
CODE
  Relative segment, address: CODE_AREA 00003A2C - 00003C8F (0x264 bytes), align: 2
  Segment part 217.           Intra module refs:   Enter
                                                   main
           ENTRY                   ADDRESS         REF BY
           =====                   =======         ======
           ReadDefSettings         00003A2C 
               stack 1 = 00000000 ( 000000B4 )
    -------------------------------------------------------------------------
CODE
  Relative segment, address: CODE_AREA 00003C90 - 00003EF7 (0x268 bytes), align: 2
  Segment part 219.           Intra module refs:   Segment part 308
                                                   Segment part 499
                                                   maincsm_onclose
           ENTRY                   ADDRESS         REF BY
           =====                   =======         ======
           WriteDefSettings        00003C90        Segment part 64 (status_change)
                                                   Segment part 78 (mainmenu)
               stack 1 = 00000000 ( 000000B0 )
    -------------------------------------------------------------------------
CODE
  Relative segment, address: CODE_AREA 00003EF8 - 00003EFB (0x4 bytes), align: 2
  Segment part 220.           Intra module refs:   ReadDefSettings
                                                   WriteDefSettings
    -------------------------------------------------------------------------
CODE
  Relative segment, address: CODE_AREA 00003EFC - 00003EFF (0x4 bytes), align: 2
  Segment part 221.           Intra module refs:   ReadDefSettings
                                                   WriteDefSettings
    -------------------------------------------------------------------------
CODE
  Relative segment, address: CODE_AREA 00003F00 - 00003F03 (0x4 bytes), align: 2
  Segment part 222.           Intra module refs:   ReadDefSettings
                                                   WriteDefSettings
    -------------------------------------------------------------------------
CODE
  Relative segment, address: CODE_AREA 00003F04 - 00004033 (0x130 bytes), align: 2
  Segment part 224.           Intra module refs:   ProcessPacket
                                                   get_answer
           ENTRY                   ADDRESS         REF BY
           =====                   =======         ======
           Play                    00003F04 
               stack 1 = 00000000 ( 000000EC )
    -------------------------------------------------------------------------
CODE
  Relative segment, address: CODE_AREA 00004034 - 00004097 (0x64 bytes), align: 2
  Segment part 226.           Intra module refs:   ProcessPacket
                                                   maincsm_onmessage
                                                   stop_vibra
           ENTRY                   ADDRESS         REF BY
           =====                   =======         ======
           start_vibra             00004034        CheckComand2 (addon)
               stack 1 = 00000000 ( 00000008 )
    -------------------------------------------------------------------------
CODE
  Relative segment, address: CODE_AREA 00004098 - 000040EF (0x58 bytes), align: 2
  Segment part 228.           Intra module refs:   start_vibra
           ENTRY                   ADDRESS         REF BY
           =====                   =======         ======
           stop_vibra              00004098 
               stack 1 = 00000000 ( 00000004 )
    -------------------------------------------------------------------------
CODE
  Relative segment, address: CODE_AREA 000040F0 - 0000412B (0x3c bytes), align: 2
  Segment part 230.           Intra module refs:   Remind_Timer2
                                                   stop_vibra2
           ENTRY                   ADDRESS         REF BY
           =====                   =======         ======
           start_vibra2            000040F0 
               stack 1 = 00000000 ( 00000004 )
    -------------------------------------------------------------------------
CODE
  Relative segment, address: CODE_AREA 0000412C - 0000412F (0x4 bytes), align: 2
  Segment part 231.           Intra module refs:   start_vibra
                                                   start_vibra2
    -------------------------------------------------------------------------
CODE
  Relative segment, address: CODE_AREA 00004130 - 00004187 (0x58 bytes), align: 2
[...]
                                                   DrawPing (main)
                                                   maincsm_onmessage (main)
               stack 1 = 00000000 ( 00000040 )
    -------------------------------------------------------------------------
CODE
  Relative segment, address: CODE_AREA 00011D2C - 00011D2F (0x4 bytes), align: 2
  Segment part 57.            Intra module refs:   CalcChrWidth
                                                   CalcStrWidth
                                                   Char2Img
                                                   FontH
                                                   InitDynVar
                                                   PrintField
    -------------------------------------------------------------------------
CODE
  Relative segment, address: CODE_AREA 00011D30 - 00011D33 (0x4 bytes), align: 2
  Segment part 58.            Intra module refs:   Char2Img
                                                   PrintField
    -------------------------------------------------------------------------
CODE
  Relative segment, address: CODE_AREA 00011D34 - 00011D37 (0x4 bytes), align: 2
  Segment part 59.            Intra module refs:   CalcChrWidth
                                                   CalcStrWidth
                                                   FreeDynVar
                                                   InitDynVar
                                                   PrintField
    -------------------------------------------------------------------------
CODE
  Relative segment, address: CODE_AREA 00011D38 - 00011D3B (0x4 bytes), align: 2
  Segment part 62.            Intra module refs:   ClearField
                                                   PrintField
    -------------------------------------------------------------------------
CODE
  Relative segment, address: CODE_AREA 00011D3C - 00011EAF (0x174 bytes), align: 2
  Segment part 72.            Intra module refs:   PrintScrollField
           ENTRY                   ADDRESS         REF BY
           =====                   =======         ======
           CalcScroll              00011D3C 
               stack 1 = 00000000 ( 00000028 )
    -------------------------------------------------------------------------
CODE
  Relative segment, address: CODE_AREA 00011EB0 - 00011F6F (0xc0 bytes), align: 2
  Segment part 74.            Intra module refs:   PrintText
           ENTRY                   ADDRESS         REF BY
           =====                   =======         ======
           PrintScrollField        00011EB0 
               stack 1 = 00000000 ( 00000044 )
    -------------------------------------------------------------------------
CODE
  Relative segment, address: CODE_AREA 00011F70 - 000121FF (0x290 bytes), align: 2
  Segment part 76.
           ENTRY                   ADDRESS         REF BY
           =====                   =======         ======
           PrintText               00011F70        new_redraw (main)
               stack 1 = 00000000 ( 0000024C )
    -------------------------------------------------------------------------
CODE
  Relative segment, address: CODE_AREA 00012200 - 0001224F (0x50 bytes), align: 2
  Segment part 78.
           ENTRY                   ADDRESS         REF BY
           =====                   =======         ======
           PrintLibInit            00012200        main (main)
                                                   maincsm_onmessage (main)
               stack 1 = 00000000 ( 00000004 )
    -------------------------------------------------------------------------
CODE
  Relative segment, address: CODE_AREA 00012250 - 00012253 (0x4 bytes), align: 2
  Segment part 79.            Intra module refs:   CalcScroll
                                                   PrintLibInit
    -------------------------------------------------------------------------
CODE
  Relative segment, address: CODE_AREA 00012254 - 00012257 (0x4 bytes), align: 2
  Segment part 80.            Intra module refs:   PrintLibInit
    -------------------------------------------------------------------------
CODE
  Relative segment, address: CODE_AREA 00012258 - 0001225B (0x4 bytes), align: 2
  Segment part 81.            Intra module refs:   CalcChrWidth
                                                   CalcStrWidth
                                                   PrintLibInit
    -------------------------------------------------------------------------
CODE
  Relative segment, address: CODE_AREA 0001225C - 000122EF (0x94 bytes), align: 2
  Segment part 83.
           ENTRY                   ADDRESS         REF BY
           =====                   =======         ======
           FontPathInit            0001225C        main (main)
                                                   maincsm_onmessage (main)
               stack 1 = 00000000 ( 0000001C )
    -------------------------------------------------------------------------
CODE
  Relative segment, address: CODE_AREA 000122F0 - 000122F3 (0x4 bytes), align: 2
  Segment part 84.            Intra module refs:   FontPathInit
                                                   PrintLibInit
    -------------------------------------------------------------------------
CODE
  Relative segment, address: CODE_AREA 000122F4 - 0001236B (0x78 bytes), align: 2
  Segment part 86.
           ENTRY                   ADDRESS         REF BY
           =====                   =======         ======
           PrintLibFree            000122F4        maincsm_onclose (main)
               stack 1 = 00000000 ( 00000014 )
    -------------------------------------------------------------------------
CODE
  Relative segment, address: CODE_AREA 0001236C - 0001236F (0x4 bytes), align: 2
  Segment part 87.            Intra module refs:   FontPathInit
                                                   PrintLibFree
                                                   PrintLibInit
    -------------------------------------------------------------------------
CODE
  Relative segment, address: CODE_AREA 00012370 - 00012373 (0x4 bytes), align: 2
  Segment part 88.            Intra module refs:   FontPathInit
                                                   PrintLibFree
                                                   PrintLibInit
                                                   PrintText
    -------------------------------------------------------------------------
CODE
  Relative segment, address: CODE_AREA 00012374 - 000123B7 (0x44 bytes), align: 2
  Segment part 90.
           ENTRY                   ADDRESS         REF BY
           =====                   =======         ======
           SetFontColor            00012374        main (main)
                                                   maincsm_onmessage (main)
               stack 1 = 00000000 ( 0000000C )
    -------------------------------------------------------------------------
CODE
  Relative segment, address: CODE_AREA 000123B8 - 000123BB (0x4 bytes), align: 2
  Segment part 91.            Intra module refs:   PrintField
                                                   PrintLibInit
                                                   SetFontColor
    -------------------------------------------------------------------------
CODE
  Relative segment, address: CODE_AREA 000123BC - 000123BF (0x4 bytes), align: 2
  Segment part 92.            Intra module refs:   PrintField
                                                   SetFontColor
    -------------------------------------------------------------------------
CODE
  Relative segment, address: CODE_AREA 000123C0 - 000123C3 (0x4 bytes), align: 2
  Segment part 93.            Intra module refs:   PrintField
                                                   SetFontColor
    -------------------------------------------------------------------------
CODE
  Relative segment, address: CODE_AREA 000123C4 - 000123C7 (0x4 bytes), align: 2
  Segment part 94.            Intra module refs:   PrintField
                                                   SetFontColor

    *************************************************************************

  FILE NAME : D:\pasha\elf\_MY_PROJECT_\naticq_mod\strings.r79
  PROGRAM MODULE, NAME : strings

  SEGMENTS IN THE MODULE
  ======================
CODE
  Relative segment, address: CODE_AREA 000123C8 - 0001241F (0x58 bytes), align: 2
  Segment part 5.
           ENTRY                   ADDRESS         REF BY
           =====                   =======         ======
           MakeGlobalString        000123C8        setup_ICONS (main)
               stack 1 = 00000000 ( 00000018 )
    -------------------------------------------------------------------------
CODE
  Relative segment, address: CODE_AREA 00012420 - 0001244F (0x30 bytes), align: 2
  Segment part 7.
           ENTRY                   ADDRESS         REF BY
           =====                   =======         ======
           strcmp_nocase           00012420        CompareContacts (cl_work)
                                                   maincsm_onmessage (main)
    -------------------------------------------------------------------------
DATA_C
  Relative segment, address: CODE_AREA 00014AA4 - 00014CFB (0x258 bytes), align: 2
  Segment part 2.             Intra module refs:   char16to8
           ENTRY                   ADDRESS         REF BY
           =====                   =======         ======
           unicode2char            00014AA4 
    -------------------------------------------------------------------------
DATA_C
  Relative segment, address: CODE_AREA 00014CFC - 00014DFB (0x100 bytes), align: 2
  Segment part 3.             Intra module refs:   char8to16
           ENTRY                   ADDRESS         REF BY
           =====                   =======         ======
           win2unicode             00014CFC 
    -------------------------------------------------------------------------
CODE
  Relative segment, address: CODE_AREA 00012450 - 0001246F (0x20 bytes), align: 2
  Segment part 9.             Intra module refs:   ascii2ws
           ENTRY                   ADDRESS         REF BY
           =====                   =======         ======
           char8to16               00012450        EditXStatus (status_change)
                                                   ParseAnswer (main)
                                                   ParseXStatusText (main)
                                                   ed_options_handler (main)
    -------------------------------------------------------------------------
CODE
  Relative segment, address: CODE_AREA 00012470 - 000124B3 (0x44 bytes), align: 2
  Segment part 11.            Intra module refs:   convWS_to_ANSI
           ENTRY                   ADDRESS         REF BY
           =====                   =======         ======
           char16to8               00012470        ExtractAnswer (main)
                                                   IsUrl (main)
                                                   acgd_onkey (manage_cl)
                                                   edit_xstatus_onkey (status_change)
                                                   input_awaymsg_onkey (main)
                                                   wstrstr (main)
    -------------------------------------------------------------------------
CODE
  Relative segment, address: CODE_AREA 000124B4 - 000124EB (0x38 bytes), align: 2
  Segment part 13.
           ENTRY                   ADDRESS         REF BY
           =====                   =======         ======
           ascii2ws                000124B4        AddMsgToChat (main)
                                                   CmdMenuItemHandler (main)
                                                   CreateAddContactGrpDialog (manage_cl)
                                                   CreateEditChat (main)
                                                   EditXStatus (status_change)
                                                   InputAwayMsg (main)
                                                   RenderPage (select_smile)
                                                   acgd_ghook (manage_cl)
                                                   ed_options_handler (main)
                                                   edchat_onkey (main)
                                                   show_on_contact (main)
                                                   show_pp_sender (main)
               stack 1 = 00000000 ( 0000000C )
    -------------------------------------------------------------------------
CODE
  Relative segment, address: CODE_AREA 000124EC - 0001253B (0x50 bytes), align: 2
  Segment part 15.
           ENTRY                   ADDRESS         REF BY
           =====                   =======         ======
           convWS_to_ANSI          000124EC        GetTags (player_tags)
               stack 1 = 00000000 ( 00000014 )

    *************************************************************************

  FILE NAME : D:\pasha\Embedded Workbench 4.0 Evaluation2\ARM\LIB\dl5tpainl8n.r79
  LIBRARY MODULE, NAME : ?errno

  SEGMENTS IN THE MODULE
  ======================
DATA_Z
  Relative segment, address: CODE_AREA 0001C0B8 - 0001C0BF (0x8 bytes), align: 2
  Segment part 2.             Intra module refs:   _Geterrno
           ENTRY                   ADDRESS         REF BY
           =====                   =======         ======
           _Errno                  0001C0BC 
           _Tls_setup__Errno       0001C0B8 
    -------------------------------------------------------------------------
CODE
  Relative segment, address: CODE_AREA 0001253C - 0001255F (0x24 bytes), align: 2
  Segment part 4.
           ENTRY                   ADDRESS         REF BY
           =====                   =======         ======
           _Geterrno               0001253C        _Stoul (?xstoul)
               stack 1 = 00000000 ( 00000008 )

    -------------------------------------------------------------------------
  LIBRARY MODULE, NAME : ?memchr

  SEGMENTS IN THE MODULE
  ======================
CODE
  Relative segment, address: CODE_AREA 00012560 - 0001258F (0x30 bytes), align: 2
  Segment part 5.
           ENTRY                   ADDRESS         REF BY
           =====                   =======         ======
           _Memchr                 00012560        _Stoul (?xstoul)

    -------------------------------------------------------------------------
  LIBRARY MODULE, NAME : ?strtoul

  SEGMENTS IN THE MODULE
  ======================
CODE
  Relative segment, address: CODE_AREA 00012590 - 0001259F (0x10 bytes), align: 2
  Segment part 3.
           ENTRY                   ADDRESS         REF BY
           =====                   =======         ======
           strtoul                 00012590        CheckComand2 (addon)
                                                   ParseUINS (configs)
                                                   initTags (player_tags)
               stack 1 = 00000000 ( 00000008 )

    -------------------------------------------------------------------------
  LIBRARY MODULE, NAME : ?xstoul

  SEGMENTS IN THE MODULE
  ======================
DATA_C
  Relative segment, address: CODE_AREA 00014DFC - 00014E4B (0x50 bytes), align: 2
  Segment part 2.             Intra module refs:   _Stoul
    -------------------------------------------------------------------------
CODE
  Relative segment, address: CODE_AREA 000125A0 - 0001274F (0x1b0 bytes), align: 2
  Segment part 4.
           ENTRY                   ADDRESS         REF BY
           =====                   =======         ======
           _Stoul                  000125A0        strtoul (?strtoul)
               stack 1 = 00000000 ( 00000030 )

    -------------------------------------------------------------------------
  LIBRARY MODULE, NAME : ?div_module

  SEGMENTS IN THE MODULE
  ======================
CODE
  Relative segment, address: CODE_AREA 00012750 - 0001275B (0xc bytes), align: 2
  Segment part 5.
           ENTRY                   ADDRESS         REF BY
           =====                   =======         ======
           ??divu32_a              00012750        _Stoul (?xstoul)
    -------------------------------------------------------------------------
CODE
  Relative segment, address: CODE_AREA 0001275C - 00012773 (0x18 bytes), align: 2
  Segment part 11.
           ENTRY                   ADDRESS         REF BY
           =====                   =======         ======
           ??div32_a               0001275C        method0 (main)
    -------------------------------------------------------------------------
CODE
  Relative segment, address: CODE_AREA 00012774 - 0001284B (0xd8 bytes), align: 2
  Segment part 12.            Intra module refs:   ??div32_a
                                                   ??divu32_a




                ****************************************
                *                                      *
                *            MODULE SUMMARY            *
                *                                      *
                ****************************************

Module              CODE   DATA
------              ----   ----
                   (Rel)  (Rel)
?div_module          252
?errno                44
?memchr               48
?strtoul              16
?xstoul              512
IMB                  108
ScreenShot           372
addon              2 584
auth                 440     28
cl_work            2 452
conf_loader          220      4
  + shared            12
configs            6 007      3
  + shared            12
func                   4
history            2 076
main              75 597    340
mainmenu           2 516     88
manage_cl          2 861     84
player_tags        1 336     20
print              5 321
screen_save        2 060      4
select_smile       1 936
smiles_loader      2 276
status_change      4 589    116
strings            1 228
N/A (alignment)
------           -------    ---
Total:           114 879    687


                ****************************************
                *                                      *
                *      SEGMENTS IN ADDRESS ORDER       *
                *                                      *
                ****************************************


SEGMENT              SPACE    START ADDRESS   END ADDRESS     SIZE  TYPE  ALIGN
=======              =====    =============   ===========     ====  ====  =====
ELFBEGIN             CODE_AREA           00000000                     rel    0
DATA_ID              CODE_AREA      00000000 - 000002AE         2AF   rel    2
START                CODE_AREA           000002AF                     dse    0
CODE                 CODE_AREA      000002B0 - 0001284B       1259C   rel    2
DATA_C               CODE_AREA      0001284C - 00014E51        2606   rel    2
INITTAB              CODE_AREA      00014E54 - 00014E6B          18   rel    2
DATA_Z               CODE_AREA      00014E6C - 0001C0C1        7256   rel    2
DATA_I               DATA_AREA      00000000 - 000002AE         2AF   rel    2

                ****************************************
                *                                      *
                *        END OF CROSS REFERENCE        *
                *                                      *
                ****************************************

 114 879 bytes of CODE memory
     687 bytes of DATA memory

Errors: none
Warnings: 3

