################################################################################
#                                                                              #
#      IAR Universal Linker V4.60I/386                                         #
#                                                                              #
#           Link time     =  27/Mar/2009  23:25:44                             #
#           Target CPU    =  ARM                                               #
#           List file     =  D:\pasha\elf\_MY_PROJECT_\_NATICQ2\check_smiles\R #
#                            elease_ELKA\List\diRa.map                         #
#           Output file 1 =  D:\pasha\elf\_MY_PROJECT_\_NATICQ2\check_smiles\R #
#                            elease_ELKA\Exe\diRa.elf                          #
#                            Format: elf, variant: -ynpra                      #
#           Command line  =  D:\pasha\elf\_MY_PROJECT_\_NATICQ2\check_smiles\R #
#                            elease_ELKA\Obj\Swi.r79                           #
#                            D:\pasha\elf\_MY_PROJECT_\_NATICQ2\check_smiles\R #
#                            elease_ELKA\Obj\conf_loader.r79                   #
#                            D:\pasha\elf\_MY_PROJECT_\_NATICQ2\check_smiles\R #
#                            elease_ELKA\Obj\config_data.r79                   #
#                            D:\pasha\elf\_MY_PROJECT_\_NATICQ2\check_smiles\R #
#                            elease_ELKA\Obj\main.r79                          #
#                            D:\pasha\elf\_MY_PROJECT_\_NATICQ2\check_smiles\R #
#                            elease_ELKA\Obj\readimg.r79                       #
#                            D:\pasha\elf\_MY_PROJECT_\_NATICQ2\check_smiles\R #
#                            elease_ELKA\Obj\smiles_loader.r79                 #
#                            D:\pasha\elf\_MY_PROJECT_\_NATICQ2\check_smiles\R #
#                            elease_ELKA\Obj\strings.r79                       #
#                            -o                                                #
#                            D:\pasha\elf\_MY_PROJECT_\_NATICQ2\check_smiles\R #
#                            elease_ELKA\Exe\diRa.elf                          #
#                            -Felf -l                                          #
#                            D:\pasha\elf\_MY_PROJECT_\_NATICQ2\check_smiles\R #
#                            elease_ELKA\List\diRa.map                         #
#                            -xms -f                                           #
#                            D:\pasha\elf\_MY_PROJECT_\_NATICQ2\check_smiles/t #
#                            est.xcl                                           #
#                            (-carm -V(CODE)CODE_AREA,12                       #
#                            -V(DATA)DATA_AREA,12                              #
#                            -Z(CODE_AREA)ELFBEGIN,DATA_ID,START,CODE,DATA_C,I #
#                            NITTAB,DATA_Z,DATA_N,MYSEG,CONFIG_C=0-FFFFFFFF    #
#                            -Z(DATA_AREA)DATA_I=0-FFFFFFFF) -ynpra -s main    #
#                                                                              #
#                        Copyright 1987-2007 IAR Systems. All rights reserved. #
################################################################################





                ****************************************
                *                                      *
                *           CROSS REFERENCE            *
                *                                      *
                ****************************************

       Program entry at : CODE_AREA 0000096C  Relocatable, from module : main




                ****************************************
                *                                      *
                *            RUNTIME MODEL             *
                *                                      *
                ****************************************

  StackAlign4  = USED
  __cpu_mode   = __pcs__interwork
  __data_model = absolute
  __endian     = little
  __rt_version = 6



                ****************************************
                *                                      *
                *              MODULE MAP              *
                *                                      *
                ****************************************


  DEFINED ABSOLUTE ENTRIES
    *************************************************************************

  DEFINED ABSOLUTE ENTRIES
    *************************************************************************

  FILE NAME : D:\pasha\elf\_MY_PROJECT_\_NATICQ2\check_smiles\Release_ELKA\Obj\Swi.r79
  PROGRAM MODULE, NAME : Swi

  SEGMENTS IN THE MODULE
  ======================
CODE
  Relative segment, address: CODE_AREA 00000250 - 00000573 (0x324 bytes), align: 2
  Segment part 0. ROOT.
           ENTRY                   ADDRESS         REF BY
           =====                   =======         ======
           kill_data               00000250        Killer (main)
           seqkill                 00000254 
           ?call_ctors             00000258 
           strlen                  0000025C 
           strchr                  0000027C 
           strrchr                 000002A8 
           strcpy                  000002E0 
           strcat                  000002FC 
           memcmp                  00000328 
           strcmp                  00000358 
           stricmp                 0000037C 
           strncmp                 000003A8 
           strnicmp                000003D8 
           memcpy                  00000410 
           movsw                   0000045C 
           movsd                   00000478 
           memset                  00000494 
           memsetw                 000004EC        CreateImgr (readimg)
           memsetd                 0000050C 
           memmov                  0000052C 
           iszero                  00000554 
    -------------------------------------------------------------------------
ELFBEGIN
  Relative segment, address: CODE_AREA 00000000, align: 0
  Segment part 1. ROOT.
           ENTRY                   ADDRESS         REF BY
           =====                   =======         ======
           ELF_BEGIN               00000000        Killer (main)

    *************************************************************************

  FILE NAME : D:\pasha\elf\_MY_PROJECT_\_NATICQ2\check_smiles\Release_ELKA\Obj\conf_loader.r79
  PROGRAM MODULE, NAME : conf_loader

  SEGMENTS IN THE MODULE
  ======================
DATA_I
  Relative segment, address: DATA_AREA 00000000 - 00000003 (0x4 bytes), align: 2
  Segment part 4.             Intra module refs:   LoadConfigData
           ENTRY                   ADDRESS         REF BY
           =====                   =======         ======
           successed_config_filename
                                   00000000 
    -------------------------------------------------------------------------
CODE
  Relative segment, address: CODE_AREA 00000574 - 000005E3 (0x70 bytes), align: 2
  Segment part 7.             Intra module refs:   LoadConfigData
           ENTRY                   ADDRESS         REF BY
           =====                   =======         ======
           SaveConfigData          00000574 
               stack 1 = 00000000 ( 00000018 )
    -------------------------------------------------------------------------
CODE
  Relative segment, address: CODE_AREA 000005E4 - 000006C3 (0xe0 bytes), align: 2
  Segment part 9.             Intra module refs:   InitConfig
           ENTRY                   ADDRESS         REF BY
           =====                   =======         ======
           LoadConfigData          000005E4 
               stack 1 = 00000000 ( 00000028 )
    -------------------------------------------------------------------------
CODE
  Relative segment, address: CODE_AREA 000006C4 - 000006EB (0x28 bytes), align: 2
  Segment part 11.
           ENTRY                   ADDRESS         REF BY
           =====                   =======         ======
           InitConfig              000006C4        main (main)
               stack 1 = 00000000 ( 00000008 )
    -------------------------------------------------------------------------
DATA_ID
  Relative segment, address: CODE_AREA 00000000 - 00000003 (0x4 bytes), align: 2
  Segment part 5.             Intra module refs:   successed_config_filename
    -------------------------------------------------------------------------
INITTAB
  Relative segment, address: CODE_AREA 0000199C - 000019A7 (0xc bytes), align: 2
  Segment part 13. ROOT.
           ENTRY                   ADDRESS         REF BY
           =====                   =======         ======
           ?init?tab?DATA_I        0000199C 
    -------------------------------------------------------------------------
DATA_C
  Relative segment, address: CODE_AREA 00001998 - 00001998 (0x1 bytes), align: 0
  Segment part 2.             Intra module refs:   Segment part 5
    -------------------------------------------------------------------------
DATA_C
  Relative segment, address: CODE_AREA 0000172C - 00001763 (0x38 bytes), align: 2
  Segment part 3.             Intra module refs:   InitConfig

    *************************************************************************

  FILE NAME : D:\pasha\elf\_MY_PROJECT_\_NATICQ2\check_smiles\Release_ELKA\Obj\config_data.r79
  PROGRAM MODULE, NAME : config_data

  SEGMENTS IN THE MODULE
  ======================
CONFIG_C
  Relative segment, address: CODE_AREA 00001AD8 - 00001B03 (0x2c bytes), align: 2
  Segment part 2. ROOT.
           ENTRY                   ADDRESS         REF BY
           =====                   =======         ======
           cfghdr0                 00001AD8        LoadConfigData (conf_loader)
    -------------------------------------------------------------------------
CONFIG_C
  Relative segment, address: CODE_AREA 00001B04 - 00001B07 (0x4 bytes), align: 2
  Segment part 3. ROOT.
           ENTRY                   ADDRESS         REF BY
           =====                   =======         ======
           UIN                     00001B04 
    -------------------------------------------------------------------------
CONFIG_C
  Relative segment, address: CODE_AREA 00001B08 - 00001B33 (0x2c bytes), align: 2
  Segment part 4. ROOT.
           ENTRY                   ADDRESS         REF BY
           =====                   =======         ======
           cfghdr1                 00001B08 
    -------------------------------------------------------------------------
CONFIG_C
  Relative segment, address: CODE_AREA 00001B34 - 00001B3F (0xc bytes), align: 2
  Segment part 5. ROOT.
           ENTRY                   ADDRESS         REF BY
           =====                   =======         ======
           PASS                    00001B34 
    -------------------------------------------------------------------------
CONFIG_C
  Relative segment, address: CODE_AREA 00001B40 - 00001B6B (0x2c bytes), align: 2
  Segment part 6. ROOT.
           ENTRY                   ADDRESS         REF BY
           =====                   =======         ======
           cfghdr2                 00001B40 
    -------------------------------------------------------------------------
CONFIG_C
  Relative segment, address: CODE_AREA 00001B6C - 00001B97 (0x2c bytes), align: 2
  Segment part 7. ROOT.
           ENTRY                   ADDRESS         REF BY
           =====                   =======         ======
           cfghdr2_1               00001B6C 
    -------------------------------------------------------------------------
CONFIG_C
  Relative segment, address: CODE_AREA 00001B98 - 00001C17 (0x80 bytes), align: 2
  Segment part 8. ROOT.
           ENTRY                   ADDRESS         REF BY
           =====                   =======         ======
           NATICQ_HOST             00001B98 
    -------------------------------------------------------------------------
CONFIG_C
  Relative segment, address: CODE_AREA 00001C18 - 00001C43 (0x2c bytes), align: 2
  Segment part 9. ROOT.
           ENTRY                   ADDRESS         REF BY
           =====                   =======         ======
           cfghdr2_2               00001C18 
    -------------------------------------------------------------------------
CONFIG_C
  Relative segment, address: CODE_AREA 00001C44 - 00001C47 (0x4 bytes), align: 2
  Segment part 10. ROOT.
           ENTRY                   ADDRESS         REF BY
           =====                   =======         ======
           NATICQ_PORT             00001C44 
    -------------------------------------------------------------------------
CONFIG_C
  Relative segment, address: CODE_AREA 00001C48 - 00001C73 (0x2c bytes), align: 2
  Segment part 11. ROOT.
           ENTRY                   ADDRESS         REF BY
           =====                   =======         ======
           cfghdr2_3               00001C48 
    -------------------------------------------------------------------------
CONFIG_C
  Relative segment, address: CODE_AREA 00001C74 - 00001C77 (0x4 bytes), align: 2
  Segment part 12. ROOT.
           ENTRY                   ADDRESS         REF BY
           =====                   =======         ======
           RECONNECT_TIME          00001C74 
    -------------------------------------------------------------------------
CONFIG_C
  Relative segment, address: CODE_AREA 00001C78 - 00001CA3 (0x2c bytes), align: 2
  Segment part 13. ROOT.
           ENTRY                   ADDRESS         REF BY
           =====                   =======         ======
           cfghdr2_4               00001C78 
    -------------------------------------------------------------------------
CONFIG_C
  Relative segment, address: CODE_AREA 00001CA4 - 00001CE3 (0x40 bytes), align: 2
  Segment part 14. ROOT.
           ENTRY                   ADDRESS         REF BY
           =====                   =======         ======
           HIST_PATH               00001CA4 
    -------------------------------------------------------------------------
CONFIG_C
  Relative segment, address: CODE_AREA 00001CE4 - 00001D0F (0x2c bytes), align: 2
  Segment part 15. ROOT.
           ENTRY                   ADDRESS         REF BY
           =====                   =======         ======
           cfghdr2_5               00001CE4 
    -------------------------------------------------------------------------
CONFIG_C
  Relative segment, address: CODE_AREA 00001D10 - 00001D4F (0x40 bytes), align: 2
  Segment part 16. ROOT.
           ENTRY                   ADDRESS         REF BY
           =====                   =======         ======
           SMILE_FILE              00001D10        Segment part 47 (smiles_loader)
    -------------------------------------------------------------------------
CONFIG_C
  Relative segment, address: CODE_AREA 00001D50 - 00001D7B (0x2c bytes), align: 2
  Segment part 17. ROOT.
           ENTRY                   ADDRESS         REF BY
           =====                   =======         ======
           cfghdr2_6               00001D50 
    -------------------------------------------------------------------------
CONFIG_C
  Relative segment, address: CODE_AREA 00001D7C - 00001DBB (0x40 bytes), align: 2
  Segment part 18. ROOT.
           ENTRY                   ADDRESS         REF BY
           =====                   =======         ======
           SMILE_PATH              00001D7C        ProcessNextSmile (smiles_loader)
    -------------------------------------------------------------------------
CONFIG_C
  Relative segment, address: CODE_AREA 00001DBC - 00001DE7 (0x2c bytes), align: 2
  Segment part 19. ROOT.
           ENTRY                   ADDRESS         REF BY
           =====                   =======         ======
           cfghdr2_7               00001DBC 
    -------------------------------------------------------------------------
CONFIG_C
  Relative segment, address: CODE_AREA 00001DE8 - 00001E27 (0x40 bytes), align: 2
  Segment part 20. ROOT.
           ENTRY                   ADDRESS         REF BY
           =====                   =======         ======
           ICON_PATH               00001DE8        LoadImages (smiles_loader)
    -------------------------------------------------------------------------
CONFIG_C
  Relative segment, address: CODE_AREA 00001E28 - 00001E53 (0x2c bytes), align: 2
  Segment part 21. ROOT.
           ENTRY                   ADDRESS         REF BY
           =====                   =======         ======
           cfghdr2_8               00001E28 
    -------------------------------------------------------------------------
CONFIG_C
  Relative segment, address: CODE_AREA 00001E54 - 00001E93 (0x40 bytes), align: 2
  Segment part 22. ROOT.
           ENTRY                   ADDRESS         REF BY
           =====                   =======         ======
           XSTATUSES_PATH          00001E54 
    -------------------------------------------------------------------------
CONFIG_C
  Relative segment, address: CODE_AREA 00001E94 - 00001EBF (0x2c bytes), align: 2
  Segment part 23. ROOT.
           ENTRY                   ADDRESS         REF BY
           =====                   =======         ======
           cfghdr2_9               00001E94 
    -------------------------------------------------------------------------
CONFIG_C
  Relative segment, address: CODE_AREA 00001EC0 - 00001EFF (0x40 bytes), align: 2
  Segment part 24. ROOT.
           ENTRY                   ADDRESS         REF BY
           =====                   =======         ======
           TEMPLATES_PATH          00001EC0 
    -------------------------------------------------------------------------
CONFIG_C
  Relative segment, address: CODE_AREA 00001F00 - 00001F2B (0x2c bytes), align: 2
  Segment part 25. ROOT.
           ENTRY                   ADDRESS         REF BY
           =====                   =======         ======
           cfghdr3                 00001F00 
    -------------------------------------------------------------------------
CONFIG_C
  Relative segment, address: CODE_AREA 00001F2C - 00001F57 (0x2c bytes), align: 2
  Segment part 26. ROOT.
           ENTRY                   ADDRESS         REF BY
           =====                   =======         ======
           cfghdr4                 00001F2C 
    -------------------------------------------------------------------------
CONFIG_C
  Relative segment, address: CODE_AREA 00001F58 - 00001F83 (0x2c bytes), align: 2
  Segment part 27. ROOT.
           ENTRY                   ADDRESS         REF BY
           =====                   =======         ======
           cfghdr4_1               00001F58 
    -------------------------------------------------------------------------
CONFIG_C
  Relative segment, address: CODE_AREA 00001F84 - 00001F87 (0x4 bytes), align: 2
  Segment part 28. ROOT.
           ENTRY                   ADDRESS         REF BY
           =====                   =======         ======
           IDLEICON_X              00001F84 
    -------------------------------------------------------------------------
CONFIG_C
  Relative segment, address: CODE_AREA 00001F88 - 00001F8B (0x4 bytes), align: 2
  Segment part 29. ROOT.
           ENTRY                   ADDRESS         REF BY
           =====                   =======         ======
           IDLEICON_Y              00001F88 
    -------------------------------------------------------------------------
CONFIG_C
  Relative segment, address: CODE_AREA 00001F8C - 00001FB7 (0x2c bytes), align: 2
  Segment part 30. ROOT.
           ENTRY                   ADDRESS         REF BY
           =====                   =======         ======
           cfghdr4_2               00001F8C 
    -------------------------------------------------------------------------
CONFIG_C
  Relative segment, address: CODE_AREA 00001FB8 - 00001FBB (0x4 bytes), align: 2
  Segment part 31. ROOT.
           ENTRY                   ADDRESS         REF BY
           =====                   =======         ======
           DEVELOP_IF              00001FB8 
    -------------------------------------------------------------------------
CONFIG_C
  Relative segment, address: CODE_AREA 00001FBC - 0000201B (0x60 bytes), align: 2
  Segment part 32. ROOT.
           ENTRY                   ADDRESS         REF BY
           =====                   =======         ======
           cfgcbox4_2              00001FBC 
    -------------------------------------------------------------------------
CONFIG_C
  Relative segment, address: CODE_AREA 0000201C - 00002047 (0x2c bytes), align: 2
  Segment part 33. ROOT.
           ENTRY                   ADDRESS         REF BY
           =====                   =======         ======
           cfghdr4_4               0000201C 
    -------------------------------------------------------------------------
CONFIG_C
  Relative segment, address: CODE_AREA 00002048 - 0000204B (0x4 bytes), align: 2
  Segment part 34. ROOT.
           ENTRY                   ADDRESS         REF BY
           =====                   =======         ======
           FIRST_LETTER            00002048 
    -------------------------------------------------------------------------
CONFIG_C
  Relative segment, address: CODE_AREA 0000204C - 0000208B (0x40 bytes), align: 2
  Segment part 35. ROOT.
           ENTRY                   ADDRESS         REF BY
           =====                   =======         ======
           cfgcbox4_4              0000204C 
    -------------------------------------------------------------------------
CONFIG_C
  Relative segment, address: CODE_AREA 0000208C - 000020B7 (0x2c bytes), align: 2
  Segment part 36. ROOT.
           ENTRY                   ADDRESS         REF BY
           =====                   =======         ======
           cfghdr4_9               0000208C 
    -------------------------------------------------------------------------
CONFIG_C
  Relative segment, address: CODE_AREA 000020B8 - 000020BB (0x4 bytes), align: 2
  Segment part 37. ROOT.
           ENTRY                   ADDRESS         REF BY
           =====                   =======         ======
           IsBufferMenu            000020B8 
    -------------------------------------------------------------------------
CONFIG_C
  Relative segment, address: CODE_AREA 000020BC - 000020FB (0x40 bytes), align: 2
  Segment part 38. ROOT.
           ENTRY                   ADDRESS         REF BY
           =====                   =======         ======
           cfgcbox4_9              000020BC 
    -------------------------------------------------------------------------
CONFIG_C
  Relative segment, address: CODE_AREA 000020FC - 00002127 (0x2c bytes), align: 2
  Segment part 39. ROOT.
           ENTRY                   ADDRESS         REF BY
           =====                   =======         ======
           cfghdr4_5               000020FC 
    -------------------------------------------------------------------------
CONFIG_C
  Relative segment, address: CODE_AREA 00002128 - 00002153 (0x2c bytes), align: 2
  Segment part 40. ROOT.
           ENTRY                   ADDRESS         REF BY
           =====                   =======         ======
           cfghdr4_5_1             00002128 
    -------------------------------------------------------------------------
CONFIG_C
  Relative segment, address: CODE_AREA 00002154 - 00002157 (0x4 bytes), align: 2
  Segment part 41. ROOT.
           ENTRY                   ADDRESS         REF BY
           =====                   =======         ======
           I_COLOR                 00002154 
    -------------------------------------------------------------------------
CONFIG_C
  Relative segment, address: CODE_AREA 00002158 - 00002183 (0x2c bytes), align: 2
  Segment part 42. ROOT.
           ENTRY                   ADDRESS         REF BY
           =====                   =======         ======
           cfghdr4_5_2             00002158 
    -------------------------------------------------------------------------
CONFIG_C
  Relative segment, address: CODE_AREA 00002184 - 00002187 (0x4 bytes), align: 2
  Segment part 43. ROOT.
           ENTRY                   ADDRESS         REF BY
           =====                   =======         ======
           TO_COLOR                00002184 
    -------------------------------------------------------------------------
CONFIG_C
  Relative segment, address: CODE_AREA 00002188 - 000021B3 (0x2c bytes), align: 2
  Segment part 44. ROOT.
           ENTRY                   ADDRESS         REF BY
           =====                   =======         ======
           cfghdr4_5_3             00002188 
    -------------------------------------------------------------------------
CONFIG_C
  Relative segment, address: CODE_AREA 000021B4 - 000021B7 (0x4 bytes), align: 2
  Segment part 45. ROOT.
           ENTRY                   ADDRESS         REF BY
           =====                   =======         ======
           X_COLOR                 000021B4 
    -------------------------------------------------------------------------
CONFIG_C
  Relative segment, address: CODE_AREA 000021B8 - 000021E3 (0x2c bytes), align: 2
  Segment part 46. ROOT.
           ENTRY                   ADDRESS         REF BY
           =====                   =======         ======
           cfghdr4_5_4             000021B8 
    -------------------------------------------------------------------------
CONFIG_C
  Relative segment, address: CODE_AREA 000021E4 - 000021E7 (0x4 bytes), align: 2
  Segment part 47. ROOT.
           ENTRY                   ADDRESS         REF BY
           =====                   =======         ======
           ED_FONT_SIZE            000021E4 
    -------------------------------------------------------------------------
CONFIG_C
  Relative segment, address: CODE_AREA 000021E8 - 00002213 (0x2c bytes), align: 2
  Segment part 48. ROOT.
           ENTRY                   ADDRESS         REF BY
           =====                   =======         ======
           cfghdr4_5_5             000021E8 
    -------------------------------------------------------------------------
CONFIG_C
  Relative segment, address: CODE_AREA 00002214 - 00002217 (0x4 bytes), align: 2
  Segment part 49. ROOT.
           ENTRY                   ADDRESS         REF BY
           =====                   =======         ======
           ED_H_FONT_SIZE          00002214 
    -------------------------------------------------------------------------
CONFIG_C
  Relative segment, address: CODE_AREA 00002218 - 00002243 (0x2c bytes), align: 2
  Segment part 50. ROOT.
           ENTRY                   ADDRESS         REF BY
           =====                   =======         ======
           cfghdr4_5_6             00002218 
    -------------------------------------------------------------------------
CONFIG_C
  Relative segment, address: CODE_AREA 00002244 - 00002247 (0x4 bytes), align: 2
  Segment part 51. ROOT.
           ENTRY                   ADDRESS         REF BY
           =====                   =======         ======
           ED_X_FONT_SIZE          00002244 
    -------------------------------------------------------------------------
CONFIG_C
  Relative segment, address: CODE_AREA 00002248 - 00002273 (0x2c bytes), align: 2
  Segment part 52. ROOT.
           ENTRY                   ADDRESS         REF BY
           =====                   =======         ======
           cfghdr4_5_7             00002248 
    -------------------------------------------------------------------------
CONFIG_C
  Relative segment, address: CODE_AREA 00002274 - 00002277 (0x4 bytes), align: 2
  Segment part 53. ROOT.
           ENTRY                   ADDRESS         REF BY
           =====                   =======         ======
           O_I_COLOR               00002274 
    -------------------------------------------------------------------------
CONFIG_C
  Relative segment, address: CODE_AREA 00002278 - 000022A3 (0x2c bytes), align: 2
  Segment part 54. ROOT.
           ENTRY                   ADDRESS         REF BY
           =====                   =======         ======
           cfghdr4_5_8             00002278 
    -------------------------------------------------------------------------
CONFIG_C
  Relative segment, address: CODE_AREA 000022A4 - 000022A7 (0x4 bytes), align: 2
  Segment part 55. ROOT.
           ENTRY                   ADDRESS         REF BY
           =====                   =======         ======
           O_TO_COLOR              000022A4 
    -------------------------------------------------------------------------
CONFIG_C
  Relative segment, address: CODE_AREA 000022A8 - 000022D3 (0x2c bytes), align: 2
  Segment part 56. ROOT.
           ENTRY                   ADDRESS         REF BY
           =====                   =======         ======
           cfghdr4_5_9             000022A8 
    -------------------------------------------------------------------------
CONFIG_C
  Relative segment, address: CODE_AREA 000022D4 - 000022D7 (0x4 bytes), align: 2
  Segment part 57. ROOT.
           ENTRY                   ADDRESS         REF BY
           =====                   =======         ======
           O_X_COLOR               000022D4 
    -------------------------------------------------------------------------
CONFIG_C
  Relative segment, address: CODE_AREA 000022D8 - 00002303 (0x2c bytes), align: 2
  Segment part 58. ROOT.
           ENTRY                   ADDRESS         REF BY
           =====                   =======         ======
           cfghdr4_5_10            000022D8 
    -------------------------------------------------------------------------
CONFIG_C
  Relative segment, address: CODE_AREA 00002304 - 00002307 (0x4 bytes), align: 2
  Segment part 59. ROOT.
           ENTRY                   ADDRESS         REF BY
           =====                   =======         ======
           O_ED_FONT_SIZE          00002304 
    -------------------------------------------------------------------------
CONFIG_C
  Relative segment, address: CODE_AREA 00002308 - 00002333 (0x2c bytes), align: 2
  Segment part 60. ROOT.
           ENTRY                   ADDRESS         REF BY
           =====                   =======         ======
           cfghdr4_5_11            00002308 
    -------------------------------------------------------------------------
CONFIG_C
  Relative segment, address: CODE_AREA 00002334 - 00002337 (0x4 bytes), align: 2
  Segment part 61. ROOT.
           ENTRY                   ADDRESS         REF BY
           =====                   =======         ======
           O_ED_H_FONT_SIZE        00002334 
    -------------------------------------------------------------------------
CONFIG_C
  Relative segment, address: CODE_AREA 00002338 - 00002363 (0x2c bytes), align: 2
  Segment part 62. ROOT.
           ENTRY                   ADDRESS         REF BY
           =====                   =======         ======
           cfghdr4_5_12            00002338 
    -------------------------------------------------------------------------
CONFIG_C
  Relative segment, address: CODE_AREA 00002364 - 00002367 (0x4 bytes), align: 2
  Segment part 63. ROOT.
           ENTRY                   ADDRESS         REF BY
           =====                   =======         ======
           O_ED_X_FONT_SIZE        00002364 
    -------------------------------------------------------------------------
CONFIG_C
  Relative segment, address: CODE_AREA 00002368 - 00002393 (0x2c bytes), align: 2
  Segment part 64. ROOT.
           ENTRY                   ADDRESS         REF BY
           =====                   =======         ======
           cfghdr4_5_13            00002368 
    -------------------------------------------------------------------------
CONFIG_C
  Relative segment, address: CODE_AREA 00002394 - 00002397 (0x4 bytes), align: 2
  Segment part 65. ROOT.
           ENTRY                   ADDRESS         REF BY
           =====                   =======         ======
           ACK_COLOR               00002394 
    -------------------------------------------------------------------------
CONFIG_C
  Relative segment, address: CODE_AREA 00002398 - 000023C3 (0x2c bytes), align: 2
  Segment part 66. ROOT.
           ENTRY                   ADDRESS         REF BY
           =====                   =======         ======
           cfghdr4_5_14            00002398 
    -------------------------------------------------------------------------
CONFIG_C
  Relative segment, address: CODE_AREA 000023C4 - 000023C7 (0x4 bytes), align: 2
  Segment part 67. ROOT.
           ENTRY                   ADDRESS         REF BY
           =====                   =======         ======
           UNACK_COLOR             000023C4 
    -------------------------------------------------------------------------
CONFIG_C
  Relative segment, address: CODE_AREA 000023C8 - 000023F3 (0x2c bytes), align: 2
  Segment part 68. ROOT.
           ENTRY                   ADDRESS         REF BY
           =====                   =======         ======
           cfghdr4_6               000023C8 
    -------------------------------------------------------------------------
CONFIG_C
  Relative segment, address: CODE_AREA 000023F4 - 0000241F (0x2c bytes), align: 2
  Segment part 69. ROOT.
           ENTRY                   ADDRESS         REF BY
           =====                   =======         ======
           cfghdr4_7               000023F4 
    -------------------------------------------------------------------------
CONFIG_C
  Relative segment, address: CODE_AREA 00002420 - 0000244B (0x2c bytes), align: 2
  Segment part 70. ROOT.
           ENTRY                   ADDRESS         REF BY
           =====                   =======         ======
           cfghdr4_7_1             00002420 
    -------------------------------------------------------------------------
CONFIG_C
  Relative segment, address: CODE_AREA 0000244C - 0000244F (0x4 bytes), align: 2
  Segment part 71. ROOT.
           ENTRY                   ADDRESS         REF BY
           =====                   =======         ======
           ILL_DISP_RECV           0000244C 
    -------------------------------------------------------------------------
CONFIG_C
  Relative segment, address: CODE_AREA 00002450 - 0000247B (0x2c bytes), align: 2
  Segment part 72. ROOT.
           ENTRY                   ADDRESS         REF BY
           =====                   =======         ======
           cfghdr4_7_2             00002450 
    -------------------------------------------------------------------------
CONFIG_C
  Relative segment, address: CODE_AREA 0000247C - 0000247F (0x4 bytes), align: 2
  Segment part 73. ROOT.
           ENTRY                   ADDRESS         REF BY
           =====                   =======         ======
           ILL_KEYS_RECV           0000247C 
    -------------------------------------------------------------------------
CONFIG_C
  Relative segment, address: CODE_AREA 00002480 - 000024AB (0x2c bytes), align: 2
  Segment part 74. ROOT.
           ENTRY                   ADDRESS         REF BY
           =====                   =======         ======
           cfghdr4_7_3             00002480 
    -------------------------------------------------------------------------
CONFIG_C
  Relative segment, address: CODE_AREA 000024AC - 000024AF (0x4 bytes), align: 2
  Segment part 75. ROOT.
           ENTRY                   ADDRESS         REF BY
           =====                   =======         ======
           ILL_RECV_TMR            000024AC 
    -------------------------------------------------------------------------
CONFIG_C
  Relative segment, address: CODE_AREA 000024B0 - 000024DB (0x2c bytes), align: 2
  Segment part 76. ROOT.
           ENTRY                   ADDRESS         REF BY
           =====                   =======         ======
           cfghdr4_7_4             000024B0 
    -------------------------------------------------------------------------
CONFIG_C
  Relative segment, address: CODE_AREA 000024DC - 000024DF (0x4 bytes), align: 2
  Segment part 77. ROOT.
           ENTRY                   ADDRESS         REF BY
           =====                   =======         ======
           ILL_RECV_FADE           000024DC 
    -------------------------------------------------------------------------
CONFIG_C
  Relative segment, address: CODE_AREA 000024E0 - 0000250B (0x2c bytes), align: 2
  Segment part 78. ROOT.
           ENTRY                   ADDRESS         REF BY
           =====                   =======         ======
           cfghdr4_7_5             000024E0 
    -------------------------------------------------------------------------
CONFIG_C
  Relative segment, address: CODE_AREA 0000250C - 0000250F (0x4 bytes), align: 2
  Segment part 79. ROOT.
           ENTRY                   ADDRESS         REF BY
           =====                   =======         ======
           ILL_DISP_SEND           0000250C 
    -------------------------------------------------------------------------
CONFIG_C
  Relative segment, address: CODE_AREA 00002510 - 0000253B (0x2c bytes), align: 2
  Segment part 80. ROOT.
           ENTRY                   ADDRESS         REF BY
           =====                   =======         ======
           cfghdr4_7_6             00002510 
    -------------------------------------------------------------------------
CONFIG_C
  Relative segment, address: CODE_AREA 0000253C - 0000253F (0x4 bytes), align: 2
  Segment part 81. ROOT.
           ENTRY                   ADDRESS         REF BY
           =====                   =======         ======
           ILL_KEYS_SEND           0000253C 
    -------------------------------------------------------------------------
CONFIG_C
  Relative segment, address: CODE_AREA 00002540 - 0000256B (0x2c bytes), align: 2
  Segment part 82. ROOT.
           ENTRY                   ADDRESS         REF BY
           =====                   =======         ======
           cfghdr4_7_7             00002540 
    -------------------------------------------------------------------------
CONFIG_C
  Relative segment, address: CODE_AREA 0000256C - 0000256F (0x4 bytes), align: 2
  Segment part 83. ROOT.
           ENTRY                   ADDRESS         REF BY
           =====                   =======         ======
           ILL_SEND_TMR            0000256C 
    -------------------------------------------------------------------------
CONFIG_C
  Relative segment, address: CODE_AREA 00002570 - 0000259B (0x2c bytes), align: 2
  Segment part 84. ROOT.
           ENTRY                   ADDRESS         REF BY
           =====                   =======         ======
           cfghdr4_7_8             00002570 
    -------------------------------------------------------------------------
CONFIG_C
  Relative segment, address: CODE_AREA 0000259C - 0000259F (0x4 bytes), align: 2
  Segment part 85. ROOT.
           ENTRY                   ADDRESS         REF BY
           =====                   =======         ======
           ILL_SEND_FADE           0000259C 
    -------------------------------------------------------------------------
CONFIG_C
  Relative segment, address: CODE_AREA 000025A0 - 000025CB (0x2c bytes), align: 2
  Segment part 86. ROOT.
           ENTRY                   ADDRESS         REF BY
           =====                   =======         ======
           cfghdr4_7_9             000025A0 
    -------------------------------------------------------------------------
CONFIG_C
  Relative segment, address: CODE_AREA 000025CC - 000025CF (0x4 bytes), align: 2
  Segment part 87. ROOT.
           ENTRY                   ADDRESS         REF BY
           =====                   =======         ======
           ILL_OFF_FADE            000025CC 
    -------------------------------------------------------------------------
CONFIG_C
  Relative segment, address: CODE_AREA 000025D0 - 000025FB (0x2c bytes), align: 2
  Segment part 88. ROOT.
           ENTRY                   ADDRESS         REF BY
           =====                   =======         ======
           cfghdrI_9               000025D0 
    -------------------------------------------------------------------------
CONFIG_C
  Relative segment, address: CODE_AREA 000025FC - 000025FF (0x4 bytes), align: 2
  Segment part 89. ROOT.
           ENTRY                   ADDRESS         REF BY
           =====                   =======         ======
           IllByONCantact          000025FC 
    -------------------------------------------------------------------------
CONFIG_C
  Relative segment, address: CODE_AREA 00002600 - 0000262B (0x2c bytes), align: 2
  Segment part 90. ROOT.
           ENTRY                   ADDRESS         REF BY
           =====                   =======         ======
           cfghdr4_8               00002600 
    -------------------------------------------------------------------------
CONFIG_C
  Relative segment, address: CODE_AREA 0000262C - 00002657 (0x2c bytes), align: 2
  Segment part 91. ROOT.
           ENTRY                   ADDRESS         REF BY
           =====                   =======         ======
           cfghdr5                 0000262C 
    -------------------------------------------------------------------------
CONFIG_C
  Relative segment, address: CODE_AREA 00002658 - 00002683 (0x2c bytes), align: 2
  Segment part 92. ROOT.
           ENTRY                   ADDRESS         REF BY
           =====                   =======         ======
           cfghdrCL_1              00002658 
    -------------------------------------------------------------------------
CONFIG_C
  Relative segment, address: CODE_AREA 00002684 - 000026AF (0x2c bytes), align: 2
  Segment part 93. ROOT.
           ENTRY                   ADDRESS         REF BY
           =====                   =======         ======
           cfghdr4_3               00002684 
    -------------------------------------------------------------------------
CONFIG_C
  Relative segment, address: CODE_AREA 000026B0 - 000026B3 (0x4 bytes), align: 2
  Segment part 94. ROOT.
           ENTRY                   ADDRESS         REF BY
           =====                   =======         ======
           SORT_CLIST              000026B0 
    -------------------------------------------------------------------------
CONFIG_C
  Relative segment, address: CODE_AREA 000026B4 - 000026F3 (0x40 bytes), align: 2
  Segment part 95. ROOT.
           ENTRY                   ADDRESS         REF BY
           =====                   =======         ======
           cfgcbox4_3              000026B4 
    -------------------------------------------------------------------------
CONFIG_C
  Relative segment, address: CODE_AREA 000026F4 - 0000271F (0x2c bytes), align: 2
  Segment part 96. ROOT.
           ENTRY                   ADDRESS         REF BY
           =====                   =======         ======
           cfghdrI_2               000026F4 
    -------------------------------------------------------------------------
CONFIG_C
  Relative segment, address: CODE_AREA 00002720 - 00002723 (0x4 bytes), align: 2
  Segment part 97. ROOT.
           ENTRY                   ADDRESS         REF BY
           =====                   =======         ======
           VIEW_MODE               00002720 
    -------------------------------------------------------------------------
CONFIG_C
  Relative segment, address: CODE_AREA 00002724 - 0000274F (0x2c bytes), align: 2
  Segment part 98. ROOT.
           ENTRY                   ADDRESS         REF BY
           =====                   =======         ======
           cfghdrI_3               00002724 
    -------------------------------------------------------------------------
CONFIG_C
  Relative segment, address: CODE_AREA 00002750 - 00002753 (0x4 bytes), align: 2
  Segment part 99. ROOT.
           ENTRY                   ADDRESS         REF BY
           =====                   =======         ======
           LINE_MODE               00002750 
    -------------------------------------------------------------------------
CONFIG_C
  Relative segment, address: CODE_AREA 00002754 - 0000277F (0x2c bytes), align: 2
  Segment part 100. ROOT.
           ENTRY                   ADDRESS         REF BY
           =====                   =======         ======
           cfghdrI_7               00002754 
    -------------------------------------------------------------------------
CONFIG_C
  Relative segment, address: CODE_AREA 00002780 - 00002783 (0x4 bytes), align: 2
  Segment part 101. ROOT.
           ENTRY                   ADDRESS         REF BY
           =====                   =======         ======
           SOFT_MODE               00002780 
    -------------------------------------------------------------------------
CONFIG_C
  Relative segment, address: CODE_AREA 00002784 - 000027AF (0x2c bytes), align: 2
  Segment part 102. ROOT.
           ENTRY                   ADDRESS         REF BY
           =====                   =======         ======
           cfghdrI_11              00002784 
    -------------------------------------------------------------------------
CONFIG_C
  Relative segment, address: CODE_AREA 000027B0 - 000027B3 (0x4 bytes), align: 2
  Segment part 103. ROOT.
           ENTRY                   ADDRESS         REF BY
           =====                   =======         ======
           ShowStatusToIconBar     000027B0 
    -------------------------------------------------------------------------
CONFIG_C
  Relative segment, address: CODE_AREA 000027B4 - 000027DF (0x2c bytes), align: 2
  Segment part 104. ROOT.
           ENTRY                   ADDRESS         REF BY
           =====                   =======         ======
           cfghdrI_8               000027B4 
    -------------------------------------------------------------------------
CONFIG_C
  Relative segment, address: CODE_AREA 000027E0 - 000027E3 (0x4 bytes), align: 2
  Segment part 105. ROOT.
           ENTRY                   ADDRESS         REF BY
           =====                   =======         ======
           ShowProcessSend         000027E0 
    -------------------------------------------------------------------------
CONFIG_C
  Relative segment, address: CODE_AREA 000027E4 - 00002863 (0x80 bytes), align: 2
  Segment part 106. ROOT.
           ENTRY                   ADDRESS         REF BY
           =====                   =======         ======
           cfgcboxI_9              000027E4 
    -------------------------------------------------------------------------
CONFIG_C
  Relative segment, address: CODE_AREA 00002864 - 0000288F (0x2c bytes), align: 2
  Segment part 107. ROOT.
           ENTRY                   ADDRESS         REF BY
           =====                   =======         ======
           cfghdr6_8               00002864 
    -------------------------------------------------------------------------
CONFIG_C
  Relative segment, address: CODE_AREA 00002890 - 00002893 (0x4 bytes), align: 2
  Segment part 108. ROOT.
           ENTRY                   ADDRESS         REF BY
           =====                   =======         ======
           SHOW_ACTIVE             00002890 
    -------------------------------------------------------------------------
CONFIG_C
  Relative segment, address: CODE_AREA 00002894 - 000028D3 (0x40 bytes), align: 2
  Segment part 109. ROOT.
           ENTRY                   ADDRESS         REF BY
           =====                   =======         ======
           cfgcbox6_8              00002894 
    -------------------------------------------------------------------------
CONFIG_C
  Relative segment, address: CODE_AREA 000028D4 - 000028FF (0x2c bytes), align: 2
  Segment part 110. ROOT.
           ENTRY                   ADDRESS         REF BY
           =====                   =======         ======
           cfghdrI_10              000028D4 
    -------------------------------------------------------------------------
CONFIG_C
  Relative segment, address: CODE_AREA 00002900 - 00002903 (0x4 bytes), align: 2
  Segment part 111. ROOT.
           ENTRY                   ADDRESS         REF BY
           =====                   =======         ======
           SelBoldActiveChat       00002900 
    -------------------------------------------------------------------------
CONFIG_C
  Relative segment, address: CODE_AREA 00002904 - 00002943 (0x40 bytes), align: 2
  Segment part 112. ROOT.
           ENTRY                   ADDRESS         REF BY
           =====                   =======         ======
           cfgcboxI_11             00002904 
    -------------------------------------------------------------------------
CONFIG_C
  Relative segment, address: CODE_AREA 00002944 - 0000296F (0x2c bytes), align: 2
  Segment part 113. ROOT.
           ENTRY                   ADDRESS         REF BY
           =====                   =======         ======
           cfghdrI_12              00002944 
    -------------------------------------------------------------------------
CONFIG_C
  Relative segment, address: CODE_AREA 00002970 - 00002973 (0x4 bytes), align: 2
  Segment part 114. ROOT.
           ENTRY                   ADDRESS         REF BY
           =====                   =======         ======
           isLogStatusChange       00002970 
    -------------------------------------------------------------------------
CONFIG_C
  Relative segment, address: CODE_AREA 00002974 - 0000299F (0x2c bytes), align: 2
  Segment part 115. ROOT.
           ENTRY                   ADDRESS         REF BY
           =====                   =======         ======
           cfghdrI_13              00002974 
    -------------------------------------------------------------------------
CONFIG_C
  Relative segment, address: CODE_AREA 000029A0 - 000029A3 (0x4 bytes), align: 2
  Segment part 116. ROOT.
           ENTRY                   ADDRESS         REF BY
           =====                   =======         ======
           BlinkIconByOnline       000029A0 
    -------------------------------------------------------------------------
CONFIG_C
  Relative segment, address: CODE_AREA 000029A4 - 000029CF (0x2c bytes), align: 2
  Segment part 117. ROOT.
           ENTRY                   ADDRESS         REF BY
           =====                   =======         ======
           cfghdr_s1               000029A4 
    -------------------------------------------------------------------------
CONFIG_C
  Relative segment, address: CODE_AREA 000029D0 - 000029FB (0x2c bytes), align: 2
  Segment part 118. ROOT.
           ENTRY                   ADDRESS         REF BY
           =====                   =======         ======
           cfghdrs1_s1             000029D0 
    -------------------------------------------------------------------------
CONFIG_C
  Relative segment, address: CODE_AREA 000029FC - 000029FF (0x4 bytes), align: 2
  Segment part 119. ROOT.
           ENTRY                   ADDRESS         REF BY
           =====                   =======         ======
           ON_OFF_TIME             000029FC 
    -------------------------------------------------------------------------
CONFIG_C
  Relative segment, address: CODE_AREA 00002A00 - 00002A2B (0x2c bytes), align: 2
  Segment part 120. ROOT.
           ENTRY                   ADDRESS         REF BY
           =====                   =======         ======
           cfghdrHead_1            00002A00 
    -------------------------------------------------------------------------
CONFIG_C
  Relative segment, address: CODE_AREA 00002A2C - 00002A2F (0x4 bytes), align: 2
  Segment part 121. ROOT.
           ENTRY                   ADDRESS         REF BY
           =====                   =======         ======
           HEAD_STATUS             00002A2C 
    -------------------------------------------------------------------------
CONFIG_C
  Relative segment, address: CODE_AREA 00002A30 - 00002A5B (0x2c bytes), align: 2
  Segment part 122. ROOT.
           ENTRY                   ADDRESS         REF BY
           =====                   =======         ======
           cfghdrHead_2            00002A30 
    -------------------------------------------------------------------------
CONFIG_C
  Relative segment, address: CODE_AREA 00002A5C - 00002A5F (0x4 bytes), align: 2
  Segment part 123. ROOT.
           ENTRY                   ADDRESS         REF BY
           =====                   =======         ======
           HEAD_XSTATUS            00002A5C 
    -------------------------------------------------------------------------
CONFIG_C
  Relative segment, address: CODE_AREA 00002A60 - 00002A8B (0x2c bytes), align: 2
  Segment part 124. ROOT.
           ENTRY                   ADDRESS         REF BY
           =====                   =======         ======
           cfghdrHead_3            00002A60 
    -------------------------------------------------------------------------
CONFIG_C
  Relative segment, address: CODE_AREA 00002A8C - 00002A8F (0x4 bytes), align: 2
  Segment part 125. ROOT.
           ENTRY                   ADDRESS         REF BY
           =====                   =======         ======
           HEAD_PRIVATE            00002A8C 
    -------------------------------------------------------------------------
CONFIG_C
  Relative segment, address: CODE_AREA 00002A90 - 00002ABB (0x2c bytes), align: 2
  Segment part 126. ROOT.
           ENTRY                   ADDRESS         REF BY
           =====                   =======         ======
           cfghdrs1_11             00002A90 
    -------------------------------------------------------------------------
CONFIG_C
  Relative segment, address: CODE_AREA 00002ABC - 00002ABF (0x4 bytes), align: 2
  Segment part 127. ROOT.
           ENTRY                   ADDRESS         REF BY
           =====                   =======         ======
           isShowCont              00002ABC 
    -------------------------------------------------------------------------
CONFIG_C
  Relative segment, address: CODE_AREA 00002AC0 - 00002AEB (0x2c bytes), align: 2
  Segment part 128. ROOT.
           ENTRY                   ADDRESS         REF BY
           =====                   =======         ======
           cfghdrs1_12             00002AC0 
    -------------------------------------------------------------------------
CONFIG_C
  Relative segment, address: CODE_AREA 00002AEC - 00002AEF (0x4 bytes), align: 2
  Segment part 129. ROOT.
           ENTRY                   ADDRESS         REF BY
           =====                   =======         ======
           isShowUnread            00002AEC 
    -------------------------------------------------------------------------
CONFIG_C
  Relative segment, address: CODE_AREA 00002AF0 - 00002B1B (0x2c bytes), align: 2
  Segment part 130. ROOT.
           ENTRY                   ADDRESS         REF BY
           =====                   =======         ======
           cfghdrs1_4              00002AF0 
    -------------------------------------------------------------------------
CONFIG_C
  Relative segment, address: CODE_AREA 00002B1C - 00002B1F (0x4 bytes), align: 2
  Segment part 131. ROOT.
           ENTRY                   ADDRESS         REF BY
           =====                   =======         ======
           isShowV                 00002B1C 
    -------------------------------------------------------------------------
CONFIG_C
  Relative segment, address: CODE_AREA 00002B20 - 00002B4B (0x2c bytes), align: 2
  Segment part 132. ROOT.
           ENTRY                   ADDRESS         REF BY
           =====                   =======         ======
           cfghdrs1_5              00002B20 
    -------------------------------------------------------------------------
CONFIG_C
  Relative segment, address: CODE_AREA 00002B4C - 00002B4F (0x4 bytes), align: 2
  Segment part 133. ROOT.
           ENTRY                   ADDRESS         REF BY
           =====                   =======         ======
           isShowS                 00002B4C 
    -------------------------------------------------------------------------
CONFIG_C
  Relative segment, address: CODE_AREA 00002B50 - 00002B7B (0x2c bytes), align: 2
  Segment part 134. ROOT.
           ENTRY                   ADDRESS         REF BY
           =====                   =======         ======
           cfghdrs1_9              00002B50 
    -------------------------------------------------------------------------
CONFIG_C
  Relative segment, address: CODE_AREA 00002B7C - 00002B7F (0x4 bytes), align: 2
  Segment part 135. ROOT.
           ENTRY                   ADDRESS         REF BY
           =====                   =======         ======
           isShowBat               00002B7C 
    -------------------------------------------------------------------------
CONFIG_C
  Relative segment, address: CODE_AREA 00002B80 - 00002BAB (0x2c bytes), align: 2
  Segment part 136. ROOT.
           ENTRY                   ADDRESS         REF BY
           =====                   =======         ======
           cfghdrs1_10             00002B80 
    -------------------------------------------------------------------------
CONFIG_C
  Relative segment, address: CODE_AREA 00002BAC - 00002BAF (0x4 bytes), align: 2
  Segment part 137. ROOT.
           ENTRY                   ADDRESS         REF BY
           =====                   =======         ======
           isShowA                 00002BAC 
    -------------------------------------------------------------------------
CONFIG_C
  Relative segment, address: CODE_AREA 00002BB0 - 00002BDB (0x2c bytes), align: 2
  Segment part 138. ROOT.
           ENTRY                   ADDRESS         REF BY
           =====                   =======         ======
           cfghdrs1_13             00002BB0 
    -------------------------------------------------------------------------
CONFIG_C
  Relative segment, address: CODE_AREA 00002BDC - 00002BDF (0x4 bytes), align: 2
  Segment part 139. ROOT.
           ENTRY                   ADDRESS         REF BY
           =====                   =======         ======
           isShowVr                00002BDC 
    -------------------------------------------------------------------------
CONFIG_C
  Relative segment, address: CODE_AREA 00002BE0 - 00002C0B (0x2c bytes), align: 2
  Segment part 140. ROOT.
           ENTRY                   ADDRESS         REF BY
           =====                   =======         ======
           cfghdr_s0               00002BE0 
    -------------------------------------------------------------------------
CONFIG_C
  Relative segment, address: CODE_AREA 00002C0C - 00002C37 (0x2c bytes), align: 2
  Segment part 141. ROOT.
           ENTRY                   ADDRESS         REF BY
           =====                   =======         ======
           cfghdrCl_1              00002C0C 
    -------------------------------------------------------------------------
CONFIG_C
  Relative segment, address: CODE_AREA 00002C38 - 00002C63 (0x2c bytes), align: 2
  Segment part 142. ROOT.
           ENTRY                   ADDRESS         REF BY
           =====                   =======         ======
           cfghdrrCl_2             00002C38 
    -------------------------------------------------------------------------
CONFIG_C
  Relative segment, address: CODE_AREA 00002C64 - 00002C67 (0x4 bytes), align: 2
  Segment part 143. ROOT.
           ENTRY                   ADDRESS         REF BY
           =====                   =======         ======
           CLBackgrClr             00002C64 
    -------------------------------------------------------------------------
CONFIG_C
  Relative segment, address: CODE_AREA 00002C68 - 00002C93 (0x2c bytes), align: 2
  Segment part 144. ROOT.
           ENTRY                   ADDRESS         REF BY
           =====                   =======         ======
           cfghdrrCl_3             00002C68 
    -------------------------------------------------------------------------
CONFIG_C
  Relative segment, address: CODE_AREA 00002C94 - 00002C97 (0x4 bytes), align: 2
  Segment part 145. ROOT.
           ENTRY                   ADDRESS         REF BY
           =====                   =======         ======
           SoftBackgrClr           00002C94 
    -------------------------------------------------------------------------
CONFIG_C
  Relative segment, address: CODE_AREA 00002C98 - 00002CC3 (0x2c bytes), align: 2
  Segment part 146. ROOT.
           ENTRY                   ADDRESS         REF BY
           =====                   =======         ======
           cfghdrrCl_4             00002C98 
    -------------------------------------------------------------------------
CONFIG_C
  Relative segment, address: CODE_AREA 00002CC4 - 00002CC7 (0x4 bytes), align: 2
  Segment part 147. ROOT.
           ENTRY                   ADDRESS         REF BY
           =====                   =======         ======
           SoftFontClr             00002CC4 
    -------------------------------------------------------------------------
CONFIG_C
  Relative segment, address: CODE_AREA 00002CC8 - 00002CF3 (0x2c bytes), align: 2
  Segment part 148. ROOT.
           ENTRY                   ADDRESS         REF BY
           =====                   =======         ======
           cfghdrrCl_5             00002CC8 
    -------------------------------------------------------------------------
CONFIG_C
  Relative segment, address: CODE_AREA 00002CF4 - 00002CF7 (0x4 bytes), align: 2
  Segment part 149. ROOT.
           ENTRY                   ADDRESS         REF BY
           =====                   =======         ======
           HeadBackgrClr           00002CF4 
    -------------------------------------------------------------------------
CONFIG_C
  Relative segment, address: CODE_AREA 00002CF8 - 00002D23 (0x2c bytes), align: 2
  Segment part 150. ROOT.
           ENTRY                   ADDRESS         REF BY
           =====                   =======         ======
           cfghdrrCl_6             00002CF8 
    -------------------------------------------------------------------------
CONFIG_C
  Relative segment, address: CODE_AREA 00002D24 - 00002D27 (0x4 bytes), align: 2
  Segment part 151. ROOT.
           ENTRY                   ADDRESS         REF BY
           =====                   =======         ======
           HeadFontClr             00002D24 
    -------------------------------------------------------------------------
CONFIG_C
  Relative segment, address: CODE_AREA 00002D28 - 00002D53 (0x2c bytes), align: 2
  Segment part 152. ROOT.
           ENTRY                   ADDRESS         REF BY
           =====                   =======         ======
           cfghdrrCl_7             00002D28 
    -------------------------------------------------------------------------
CONFIG_C
  Relative segment, address: CODE_AREA 00002D54 - 00002D57 (0x4 bytes), align: 2
  Segment part 153. ROOT.
           ENTRY                   ADDRESS         REF BY
           =====                   =======         ======
           ScrollBarClr            00002D54 
    -------------------------------------------------------------------------
CONFIG_C
  Relative segment, address: CODE_AREA 00002D58 - 00002D83 (0x2c bytes), align: 2
  Segment part 154. ROOT.
           ENTRY                   ADDRESS         REF BY
           =====                   =======         ======
           cfghdrrCl_8             00002D58 
    -------------------------------------------------------------------------
CONFIG_C
  Relative segment, address: CODE_AREA 00002D84 - 00002D87 (0x4 bytes), align: 2
  Segment part 155. ROOT.
           ENTRY                   ADDRESS         REF BY
           =====                   =======         ======
           ClCursorClr             00002D84 
    -------------------------------------------------------------------------
CONFIG_C
  Relative segment, address: CODE_AREA 00002D88 - 00002DB3 (0x2c bytes), align: 2
  Segment part 156. ROOT.
           ENTRY                   ADDRESS         REF BY
           =====                   =======         ======
           cfghdrrCl_9             00002D88 
    -------------------------------------------------------------------------
CONFIG_C
  Relative segment, address: CODE_AREA 00002DB4 - 00002DB7 (0x4 bytes), align: 2
  Segment part 157. ROOT.
           ENTRY                   ADDRESS         REF BY
           =====                   =======         ======
           ClCursorBordClr         00002DB4 
    -------------------------------------------------------------------------
CONFIG_C
  Relative segment, address: CODE_AREA 00002DB8 - 00002DE3 (0x2c bytes), align: 2
  Segment part 158. ROOT.
           ENTRY                   ADDRESS         REF BY
           =====                   =======         ======
           cfghdrrCl_16            00002DB8 
    -------------------------------------------------------------------------
CONFIG_C
  Relative segment, address: CODE_AREA 00002DE4 - 00002DE7 (0x4 bytes), align: 2
  Segment part 159. ROOT.
           ENTRY                   ADDRESS         REF BY
           =====                   =======         ======
           GroupClr                00002DE4 
    -------------------------------------------------------------------------
CONFIG_C
  Relative segment, address: CODE_AREA 00002DE8 - 00002E13 (0x2c bytes), align: 2
  Segment part 160. ROOT.
           ENTRY                   ADDRESS         REF BY
           =====                   =======         ======
           cfghdrrCl_17            00002DE8 
    -------------------------------------------------------------------------
CONFIG_C
  Relative segment, address: CODE_AREA 00002E14 - 00002E17 (0x4 bytes), align: 2
  Segment part 161. ROOT.
           ENTRY                   ADDRESS         REF BY
           =====                   =======         ======
           CLDescriptClr           00002E14 
    -------------------------------------------------------------------------
CONFIG_C
  Relative segment, address: CODE_AREA 00002E18 - 00002E43 (0x2c bytes), align: 2
  Segment part 162. ROOT.
           ENTRY                   ADDRESS         REF BY
           =====                   =======         ======
           cfghdrrCl_14            00002E18 
    -------------------------------------------------------------------------
CONFIG_C
  Relative segment, address: CODE_AREA 00002E44 - 00002E47 (0x4 bytes), align: 2
  Segment part 163. ROOT.
           ENTRY                   ADDRESS         REF BY
           =====                   =======         ======
           UnAckedClr              00002E44 
    -------------------------------------------------------------------------
CONFIG_C
  Relative segment, address: CODE_AREA 00002E48 - 00002E73 (0x2c bytes), align: 2
  Segment part 164. ROOT.
           ENTRY                   ADDRESS         REF BY
           =====                   =======         ======
           cfghdrrCl_15            00002E48 
    -------------------------------------------------------------------------
CONFIG_C
  Relative segment, address: CODE_AREA 00002E74 - 00002E77 (0x4 bytes), align: 2
  Segment part 165. ROOT.
           ENTRY                   ADDRESS         REF BY
           =====                   =======         ======
           SendClr                 00002E74 
    -------------------------------------------------------------------------
CONFIG_C
  Relative segment, address: CODE_AREA 00002E78 - 00002EA3 (0x2c bytes), align: 2
  Segment part 166. ROOT.
           ENTRY                   ADDRESS         REF BY
           =====                   =======         ======
           cfghdrC2_1              00002E78 
    -------------------------------------------------------------------------
CONFIG_C
  Relative segment, address: CODE_AREA 00002EA4 - 00002ECF (0x2c bytes), align: 2
  Segment part 167. ROOT.
           ENTRY                   ADDRESS         REF BY
           =====                   =======         ======
           cfghdrrCl_10            00002EA4 
    -------------------------------------------------------------------------
CONFIG_C
  Relative segment, address: CODE_AREA 00002ED0 - 00002ED3 (0x4 bytes), align: 2
  Segment part 168. ROOT.
           ENTRY                   ADDRESS         REF BY
           =====                   =======         ======
           ActiveClr               00002ED0 
    -------------------------------------------------------------------------
CONFIG_C
  Relative segment, address: CODE_AREA 00002ED4 - 00002EFF (0x2c bytes), align: 2
  Segment part 169. ROOT.
           ENTRY                   ADDRESS         REF BY
           =====                   =======         ======
           cfghdrrCl_11            00002ED4 
    -------------------------------------------------------------------------
CONFIG_C
  Relative segment, address: CODE_AREA 00002F00 - 00002F03 (0x4 bytes), align: 2
  Segment part 170. ROOT.
           ENTRY                   ADDRESS         REF BY
           =====                   =======         ======
           NotActiveClr            00002F00 
    -------------------------------------------------------------------------
CONFIG_C
  Relative segment, address: CODE_AREA 00002F04 - 00002F2F (0x2c bytes), align: 2
  Segment part 171. ROOT.
           ENTRY                   ADDRESS         REF BY
           =====                   =======         ======
           cfghdrrCl_12            00002F04 
    -------------------------------------------------------------------------
CONFIG_C
  Relative segment, address: CODE_AREA 00002F30 - 00002F33 (0x4 bytes), align: 2
  Segment part 172. ROOT.
           ENTRY                   ADDRESS         REF BY
           =====                   =======         ======
           CLColorSelCont          00002F30 
    -------------------------------------------------------------------------
CONFIG_C
  Relative segment, address: CODE_AREA 00002F34 - 00002F5F (0x2c bytes), align: 2
  Segment part 173. ROOT.
           ENTRY                   ADDRESS         REF BY
           =====                   =======         ======
           cfghdrsC2_1             00002F34 
    -------------------------------------------------------------------------
CONFIG_C
  Relative segment, address: CODE_AREA 00002F60 - 00002F63 (0x4 bytes), align: 2
  Segment part 174. ROOT.
           ENTRY                   ADDRESS         REF BY
           =====                   =======         ======
           isIndividualColor       00002F60 
    -------------------------------------------------------------------------
CONFIG_C
  Relative segment, address: CODE_AREA 00002F64 - 00002F8F (0x2c bytes), align: 2
  Segment part 175. ROOT.
           ENTRY                   ADDRESS         REF BY
           =====                   =======         ======
           cfghdrrC2_2             00002F64 
    -------------------------------------------------------------------------
CONFIG_C
  Relative segment, address: CODE_AREA 00002F90 - 00002F93 (0x4 bytes), align: 2
  Segment part 176. ROOT.
           ENTRY                   ADDRESS         REF BY
           =====                   =======         ======
           CLColorsOnline          00002F90 
    -------------------------------------------------------------------------
CONFIG_C
  Relative segment, address: CODE_AREA 00002F94 - 00002FBF (0x2c bytes), align: 2
  Segment part 177. ROOT.
           ENTRY                   ADDRESS         REF BY
           =====                   =======         ======
           cfghdrrC2_3             00002F94 
    -------------------------------------------------------------------------
CONFIG_C
  Relative segment, address: CODE_AREA 00002FC0 - 00002FC3 (0x4 bytes), align: 2
  Segment part 178. ROOT.
           ENTRY                   ADDRESS         REF BY
           =====                   =======         ======
           CLColorsAway            00002FC0 
    -------------------------------------------------------------------------
CONFIG_C
  Relative segment, address: CODE_AREA 00002FC4 - 00002FEF (0x2c bytes), align: 2
  Segment part 179. ROOT.
           ENTRY                   ADDRESS         REF BY
           =====                   =======         ======
           cfghdrrC2_4             00002FC4 
    -------------------------------------------------------------------------
CONFIG_C
  Relative segment, address: CODE_AREA 00002FF0 - 00002FF3 (0x4 bytes), align: 2
  Segment part 180. ROOT.
           ENTRY                   ADDRESS         REF BY
           =====                   =======         ======
           CLColorsNA              00002FF0 
    -------------------------------------------------------------------------
CONFIG_C
  Relative segment, address: CODE_AREA 00002FF4 - 0000301F (0x2c bytes), align: 2
  Segment part 181. ROOT.
           ENTRY                   ADDRESS         REF BY
           =====                   =======         ======
           cfghdrrC2_5             00002FF4 
    -------------------------------------------------------------------------
CONFIG_C
  Relative segment, address: CODE_AREA 00003020 - 00003023 (0x4 bytes), align: 2
  Segment part 182. ROOT.
           ENTRY                   ADDRESS         REF BY
           =====                   =======         ======
           CLColorsOccupied        00003020 
    -------------------------------------------------------------------------
CONFIG_C
  Relative segment, address: CODE_AREA 00003024 - 0000304F (0x2c bytes), align: 2
  Segment part 183. ROOT.
           ENTRY                   ADDRESS         REF BY
           =====                   =======         ======
           cfghdrrC2_6             00003024 
    -------------------------------------------------------------------------
CONFIG_C
  Relative segment, address: CODE_AREA 00003050 - 00003053 (0x4 bytes), align: 2
  Segment part 184. ROOT.
           ENTRY                   ADDRESS         REF BY
           =====                   =======         ======
           CLColorsDND             00003050 
    -------------------------------------------------------------------------
CONFIG_C
  Relative segment, address: CODE_AREA 00003054 - 0000307F (0x2c bytes), align: 2
  Segment part 185. ROOT.
           ENTRY                   ADDRESS         REF BY
           =====                   =======         ======
           cfghdrrC2_7             00003054 
    -------------------------------------------------------------------------
CONFIG_C
  Relative segment, address: CODE_AREA 00003080 - 00003083 (0x4 bytes), align: 2
  Segment part 186. ROOT.
           ENTRY                   ADDRESS         REF BY
           =====                   =======         ======
           CLColorsDepression      00003080 
    -------------------------------------------------------------------------
CONFIG_C
  Relative segment, address: CODE_AREA 00003084 - 000030AF (0x2c bytes), align: 2
  Segment part 187. ROOT.
           ENTRY                   ADDRESS         REF BY
           =====                   =======         ======
           cfghdrrC2_8             00003084 
    -------------------------------------------------------------------------
CONFIG_C
  Relative segment, address: CODE_AREA 000030B0 - 000030B3 (0x4 bytes), align: 2
  Segment part 188. ROOT.
           ENTRY                   ADDRESS         REF BY
           =====                   =======         ======
           CLColorsFFC             000030B0 
    -------------------------------------------------------------------------
CONFIG_C
  Relative segment, address: CODE_AREA 000030B4 - 000030DF (0x2c bytes), align: 2
  Segment part 189. ROOT.
           ENTRY                   ADDRESS         REF BY
           =====                   =======         ======
           cfghdrrC2_9             000030B4 
    -------------------------------------------------------------------------
CONFIG_C
  Relative segment, address: CODE_AREA 000030E0 - 000030E3 (0x4 bytes), align: 2
  Segment part 190. ROOT.
           ENTRY                   ADDRESS         REF BY
           =====                   =======         ======
           CLColorsOff             000030E0 
    -------------------------------------------------------------------------
CONFIG_C
  Relative segment, address: CODE_AREA 000030E4 - 0000310F (0x2c bytes), align: 2
  Segment part 191. ROOT.
           ENTRY                   ADDRESS         REF BY
           =====                   =======         ======
           cfghdrC2_0              000030E4 
    -------------------------------------------------------------------------
CONFIG_C
  Relative segment, address: CODE_AREA 00003110 - 0000313B (0x2c bytes), align: 2
  Segment part 192. ROOT.
           ENTRY                   ADDRESS         REF BY
           =====                   =======         ======
           cfghdrCl_0              00003110 
    -------------------------------------------------------------------------
CONFIG_C
  Relative segment, address: CODE_AREA 0000313C - 00003167 (0x2c bytes), align: 2
  Segment part 193. ROOT.
           ENTRY                   ADDRESS         REF BY
           =====                   =======         ======
           cfghdrF_1               0000313C 
    -------------------------------------------------------------------------
CONFIG_C
  Relative segment, address: CODE_AREA 00003168 - 00003193 (0x2c bytes), align: 2
  Segment part 194. ROOT.
           ENTRY                   ADDRESS         REF BY
           =====                   =======         ======
           cfghdrF_3               00003168 
    -------------------------------------------------------------------------
CONFIG_C
  Relative segment, address: CODE_AREA 00003194 - 00003197 (0x4 bytes), align: 2
  Segment part 195. ROOT.
[...]
  Segment part 47.            Intra module refs:   CheckSmiles
                                                   InitSmiles
    -------------------------------------------------------------------------
CODE
  Relative segment, address: CODE_AREA 00000CD4 - 0000101B (0x348 bytes), align: 2
  Segment part 49.
           ENTRY                   ADDRESS         REF BY
           =====                   =======         ======
           ProcessNextSmile        00000CD4        maincsm_onmessage (main)
               stack 1 = 00000000 ( 000000A0 )
    -------------------------------------------------------------------------
CODE
  Relative segment, address: CODE_AREA 0000101C - 0000101F (0x4 bytes), align: 2
  Segment part 50.            Intra module refs:   InitSmiles
                                                   ProcessNextSmile
    -------------------------------------------------------------------------
CODE
  Relative segment, address: CODE_AREA 00001020 - 00001023 (0x4 bytes), align: 2
  Segment part 52.
           ENTRY                   ADDRESS         REF BY
           =====                   =======         ======
           FreeXStatusesImg        00001020        maincsm_onclose (main)
               stack 1 = 00000000 ( 00000004 )
    -------------------------------------------------------------------------
CODE
  Relative segment, address: CODE_AREA 00001024 - 0000103F (0x1c bytes), align: 2
  Segment part 54.
           ENTRY                   ADDRESS         REF BY
           =====                   =======         ======
           InitXStatusesImg        00001024        CheckDoubleRun (main)
               stack 1 = 00000000 ( 00000004 )
    -------------------------------------------------------------------------
CODE
  Relative segment, address: CODE_AREA 00001040 - 00001043 (0x4 bytes), align: 2
  Segment part 55.            Intra module refs:   CheckSmiles
                                                   FreeSmiles
                                                   InitSmiles
                                                   InitXStatusesImg
                                                   ProcessNextSmile
    -------------------------------------------------------------------------
DATA_Z
  Relative segment, address: CODE_AREA 00001AD0 - 00001AD3 (0x4 bytes), align: 2
  Segment part 39.            Intra module refs:   Segment part 66
           ENTRY                   ADDRESS         REF BY
           =====                   =======         ======
           xiconstop               00001AD0        maincsm_onmessage (main)
    -------------------------------------------------------------------------
CODE
  Relative segment, address: CODE_AREA 00001044 - 000010F3 (0xb0 bytes), align: 2
  Segment part 57.            Intra module refs:   LoadImages
           ENTRY                   ADDRESS         REF BY
           =====                   =======         ======
           AddXIcon                00001044 
               stack 1 = 00000000 ( 00000030 )
    -------------------------------------------------------------------------
CODE
  Relative segment, address: CODE_AREA 000010F4 - 0000114F (0x5c bytes), align: 2
  Segment part 59.            Intra module refs:   FreeXStatusesImg
           ENTRY                   ADDRESS         REF BY
           =====                   =======         ======
           FreeXIconList           000010F4 
               stack 1 = 00000000 ( 0000000C )
    -------------------------------------------------------------------------
CODE
  Relative segment, address: CODE_AREA 00001150 - 00001153 (0x4 bytes), align: 2
  Segment part 66.            Intra module refs:   AddXIcon
                                                   FreeXIconList
    -------------------------------------------------------------------------
CODE
  Relative segment, address: CODE_AREA 00001154 - 0000116F (0x1c bytes), align: 2
  Segment part 68.
           ENTRY                   ADDRESS         REF BY
           =====                   =======         ======
           ProcessNextXStatImg     00001154        maincsm_onmessage (main)
               stack 1 = 00000000 ( 00000004 )
    -------------------------------------------------------------------------
DATA_Z
  Relative segment, address: CODE_AREA 00001AD4 - 00001AD7 (0x4 bytes), align: 2
  Segment part 40.            Intra module refs:   Segment part 77
           ENTRY                   ADDRESS         REF BY
           =====                   =======         ======
           iconstop                00001AD4 
    -------------------------------------------------------------------------
CODE
  Relative segment, address: CODE_AREA 00001170 - 0000121B (0xac bytes), align: 2
  Segment part 70.            Intra module refs:   LoadImages
           ENTRY                   ADDRESS         REF BY
           =====                   =======         ======
           AddIcon                 00001170 
               stack 1 = 00000000 ( 00000030 )
    -------------------------------------------------------------------------
CODE
  Relative segment, address: CODE_AREA 0000121C - 0000125B (0x40 bytes), align: 2
  Segment part 72.
           ENTRY                   ADDRESS         REF BY
           =====                   =======         ======
           FreeIconList            0000121C        maincsm_onclose (main)
               stack 1 = 00000000 ( 00000008 )
    -------------------------------------------------------------------------
CODE
  Relative segment, address: CODE_AREA 0000125C - 00001283 (0x28 bytes), align: 2
  Segment part 74.
           ENTRY                   ADDRESS         REF BY
           =====                   =======         ======
           CountIcon               0000125C        maincsm_onmessage (main)
    -------------------------------------------------------------------------
CODE
  Relative segment, address: CODE_AREA 00001284 - 00001287 (0x4 bytes), align: 2
  Segment part 77.            Intra module refs:   AddIcon
                                                   CountIcon
                                                   FreeIconList
    -------------------------------------------------------------------------
CODE
  Relative segment, address: CODE_AREA 00001288 - 000013BB (0x134 bytes), align: 2
  Segment part 79.            Intra module refs:   AddIcon
                                                   AddXIcon
           ENTRY                   ADDRESS         REF BY
           =====                   =======         ======
           drawimg2img             00001288 
               stack 1 = 00000000 ( 0000002C )
    -------------------------------------------------------------------------
DATA_I
  Relative segment, address: DATA_AREA 00000034 - 0000024F (0x21c bytes), align: 2
  Segment part 36.            Intra module refs:   LoadImages
                                                   Segment part 55
           ENTRY                   ADDRESS         REF BY
           =====                   =======         ======
           SmilesImgList           00000228        maincsm_onmessage (main)
           icons_names             00000034 
           pictures_loaded         00000238 
           pictures_max            00000234 
           s_top                   00000224        maincsm_onmessage (main)
           status                  000000BC 
           total_smiles            0000022C 
           total_xstatuses         00000230 
           xstatuses_max           0000024C 
    -------------------------------------------------------------------------
CODE
  Relative segment, address: CODE_AREA 000013BC - 00001667 (0x2ac bytes), align: 2
  Segment part 81.
           ENTRY                   ADDRESS         REF BY
           =====                   =======         ======
           LoadImages              000013BC        CheckDoubleRun (main)
               stack 1 = 00000000 ( 0000002C )
    -------------------------------------------------------------------------
CODE
  Relative segment, address: CODE_AREA 00001668 - 00001683 (0x1c bytes), align: 2
  Segment part 83.
           ENTRY                   ADDRESS         REF BY
           =====                   =======         ======
           ProcessNextImg          00001668        CheckDoubleRun (main)
               stack 1 = 00000000 ( 00000004 )
    -------------------------------------------------------------------------
CODE
  Relative segment, address: CODE_AREA 00001684 - 00001687 (0x4 bytes), align: 2
  Segment part 84.            Intra module refs:   ProcessNextImg
                                                   ProcessNextXStatImg
    -------------------------------------------------------------------------
CODE
  Relative segment, address: CODE_AREA 00001688 - 0000168B (0x4 bytes), align: 2
  Segment part 85.            Intra module refs:   ProcessNextImg
                                                   ProcessNextXStatImg
    -------------------------------------------------------------------------
DATA_ID
  Relative segment, address: CODE_AREA 00000034 - 0000024F (0x21c bytes), align: 2
  Segment part 37.            Intra module refs:   Segment part 36
    -------------------------------------------------------------------------
DATA_C
  Relative segment, address: CODE_AREA 000017DC - 000017E7 (0xc bytes), align: 2
  Segment part 2.             Intra module refs:   Segment part 37
    -------------------------------------------------------------------------
DATA_C
  Relative segment, address: CODE_AREA 000017E8 - 000017F3 (0xc bytes), align: 2
  Segment part 3.             Intra module refs:   Segment part 37
    -------------------------------------------------------------------------
DATA_C
  Relative segment, address: CODE_AREA 000017F4 - 00001803 (0x10 bytes), align: 2
  Segment part 4.             Intra module refs:   Segment part 37
    -------------------------------------------------------------------------
DATA_C
  Relative segment, address: CODE_AREA 00001804 - 0000180F (0xc bytes), align: 2
  Segment part 5.             Intra module refs:   Segment part 37
    -------------------------------------------------------------------------
DATA_C
  Relative segment, address: CODE_AREA 00001810 - 0000181B (0xc bytes), align: 2
  Segment part 6.             Intra module refs:   Segment part 37
    -------------------------------------------------------------------------
DATA_C
  Relative segment, address: CODE_AREA 0000181C - 00001827 (0xc bytes), align: 2
  Segment part 7.             Intra module refs:   Segment part 37
    -------------------------------------------------------------------------
DATA_C
  Relative segment, address: CODE_AREA 00001828 - 00001833 (0xc bytes), align: 2
  Segment part 8.             Intra module refs:   Segment part 37
    -------------------------------------------------------------------------
DATA_C
  Relative segment, address: CODE_AREA 00001834 - 0000183F (0xc bytes), align: 2
  Segment part 9.             Intra module refs:   Segment part 37
    -------------------------------------------------------------------------
DATA_C
  Relative segment, address: CODE_AREA 00001840 - 0000184B (0xc bytes), align: 2
  Segment part 10.            Intra module refs:   Segment part 37
    -------------------------------------------------------------------------
DATA_C
  Relative segment, address: CODE_AREA 0000184C - 00001857 (0xc bytes), align: 2
  Segment part 11.            Intra module refs:   Segment part 37
    -------------------------------------------------------------------------
DATA_C
  Relative segment, address: CODE_AREA 00001858 - 00001863 (0xc bytes), align: 2
  Segment part 12.            Intra module refs:   Segment part 37
    -------------------------------------------------------------------------
DATA_C
  Relative segment, address: CODE_AREA 00001864 - 00001873 (0x10 bytes), align: 2
  Segment part 14.            Intra module refs:   ProcessNextSmile
    -------------------------------------------------------------------------
DATA_C
  Relative segment, address: CODE_AREA 00001874 - 000018A7 (0x34 bytes), align: 2
  Segment part 15.            Intra module refs:   LoadImages
    -------------------------------------------------------------------------
DATA_C
  Relative segment, address: CODE_AREA 000018A8 - 000018B3 (0xc bytes), align: 2
  Segment part 16.            Intra module refs:   Segment part 37
    -------------------------------------------------------------------------
DATA_C
  Relative segment, address: CODE_AREA 000018B4 - 000018C3 (0x10 bytes), align: 2
  Segment part 17.            Intra module refs:   Segment part 37
    -------------------------------------------------------------------------
DATA_C
  Relative segment, address: CODE_AREA 000018C4 - 000018CF (0xc bytes), align: 2
  Segment part 18.            Intra module refs:   Segment part 37
    -------------------------------------------------------------------------
DATA_C
  Relative segment, address: CODE_AREA 000018D0 - 000018D7 (0x8 bytes), align: 2
  Segment part 19.            Intra module refs:   Segment part 37
    -------------------------------------------------------------------------
DATA_C
  Relative segment, address: CODE_AREA 000018D8 - 000018E7 (0x10 bytes), align: 2
  Segment part 20.            Intra module refs:   Segment part 37
    -------------------------------------------------------------------------
DATA_C
  Relative segment, address: CODE_AREA 000018E8 - 000018EF (0x8 bytes), align: 2
  Segment part 21.            Intra module refs:   Segment part 37
    -------------------------------------------------------------------------
DATA_C
  Relative segment, address: CODE_AREA 000018F0 - 000018FF (0x10 bytes), align: 2
  Segment part 22.            Intra module refs:   Segment part 37
    -------------------------------------------------------------------------
DATA_C
  Relative segment, address: CODE_AREA 00001900 - 0000190B (0xc bytes), align: 2
  Segment part 23.            Intra module refs:   Segment part 37
    -------------------------------------------------------------------------
DATA_C
  Relative segment, address: CODE_AREA 0000190C - 00001917 (0xc bytes), align: 2
  Segment part 24.            Intra module refs:   Segment part 37
    -------------------------------------------------------------------------
DATA_C
  Relative segment, address: CODE_AREA 00001918 - 00001923 (0xc bytes), align: 2
  Segment part 25.            Intra module refs:   Segment part 37
    -------------------------------------------------------------------------
DATA_C
  Relative segment, address: CODE_AREA 00001924 - 0000192B (0x8 bytes), align: 2
  Segment part 26.            Intra module refs:   Segment part 37
    -------------------------------------------------------------------------
DATA_C
  Relative segment, address: CODE_AREA 0000192C - 00001937 (0xc bytes), align: 2
  Segment part 27.            Intra module refs:   Segment part 37
    -------------------------------------------------------------------------
DATA_C
  Relative segment, address: CODE_AREA 00001938 - 0000193F (0x8 bytes), align: 2
  Segment part 28.            Intra module refs:   Segment part 37
    -------------------------------------------------------------------------
DATA_C
  Relative segment, address: CODE_AREA 00001940 - 0000194B (0xc bytes), align: 2
  Segment part 29.            Intra module refs:   Segment part 37
    -------------------------------------------------------------------------
DATA_C
  Relative segment, address: CODE_AREA 0000194C - 00001957 (0xc bytes), align: 2
  Segment part 30.            Intra module refs:   Segment part 37
    -------------------------------------------------------------------------
DATA_C
  Relative segment, address: CODE_AREA 00001958 - 00001963 (0xc bytes), align: 2
  Segment part 31.            Intra module refs:   Segment part 37
    -------------------------------------------------------------------------
DATA_C
  Relative segment, address: CODE_AREA 00001964 - 00001973 (0x10 bytes), align: 2
  Segment part 32.            Intra module refs:   Segment part 37
    -------------------------------------------------------------------------
DATA_C
  Relative segment, address: CODE_AREA 00001974 - 0000197F (0xc bytes), align: 2
  Segment part 33.            Intra module refs:   Segment part 37
    -------------------------------------------------------------------------
DATA_C
  Relative segment, address: CODE_AREA 00001980 - 0000198B (0xc bytes), align: 2
  Segment part 34.            Intra module refs:   Segment part 37
    -------------------------------------------------------------------------
DATA_C
  Relative segment, address: CODE_AREA 0000198C - 00001997 (0xc bytes), align: 2
  Segment part 35.            Intra module refs:   Segment part 37

    *************************************************************************

  FILE NAME : D:\pasha\elf\_MY_PROJECT_\_NATICQ2\check_smiles\Release_ELKA\Obj\strings.r79
  PROGRAM MODULE, NAME : strings

  SEGMENTS IN THE MODULE
  ======================
CODE
  Relative segment, address: CODE_AREA 0000168C - 000016FB (0x70 bytes), align: 2
  Segment part 5.
           ENTRY                   ADDRESS         REF BY
           =====                   =======         ======
           MakeGlobalString        0000168C        LoadImages (smiles_loader)
               stack 1 = 00000000 ( 00000018 )
    -------------------------------------------------------------------------
CODE
  Relative segment, address: CODE_AREA 000016FC - 0000172B (0x30 bytes), align: 2
  Segment part 7.
           ENTRY                   ADDRESS         REF BY
           =====                   =======         ======
           strcmp_nocase           000016FC        maincsm_onmessage (main)




                ****************************************
                *                                      *
                *      SEGMENTS IN ADDRESS ORDER       *
                *                                      *
                ****************************************


SEGMENT              SPACE    START ADDRESS   END ADDRESS     SIZE  TYPE  ALIGN
=======              =====    =============   ===========     ====  ====  =====
ELFBEGIN             CODE_AREA           00000000                     rel    0
DATA_ID              CODE_AREA      00000000 - 0000024F         250   rel    2
START                CODE_AREA           00000250                     dse    0
CODE                 CODE_AREA      00000250 - 0000172B        14DC   rel    2
DATA_C               CODE_AREA      0000172C - 00001998         26D   rel    2
INITTAB              CODE_AREA      0000199C - 000019B3          18   rel    2
DATA_Z               CODE_AREA      000019B4 - 00001AD7         124   rel    2
MYSEG                CODE_AREA           00001AD8                     dse    0
DATA_N               CODE_AREA           00001AD8                     dse    0
CONFIG_C             CODE_AREA      00001AD8 - 0000629F        47C8   rel    2
DATA_I               DATA_AREA      00000000 - 0000024F         250   rel    2

                ****************************************
                *                                      *
                *        END OF CROSS REFERENCE        *
                *                                      *
                ****************************************

 25 245 bytes of CODE memory
    592 bytes of DATA memory

Errors: none
Warnings: none

