################################################################################
#                                                                              #
#      IAR Universal Linker V4.60E/386                                         #
#                                                                              #
#           Link time     =  14/Feb/2008  19:04:03                             #
#           Target CPU    =  ARM                                               #
#           List file     =  D:\Pasha\elf\_MY_PROJECT\AltIdleScr\Release_ELKA\ #
#                            List\ais_nsg.map                                  #
#           Output file 1 =  D:\Pasha\elf\_MY_PROJECT\AltIdleScr\Release_ELKA\ #
#                            Exe\ais_nsg.elf                                   #
#                            Format: elf, variant: -ynpra                      #
#           Command line  =  D:\Pasha\elf\_MY_PROJECT\AltIdleScr\Release_ELKA\ #
#                            Obj\func.r79                                      #
#                            D:\Pasha\elf\_MY_PROJECT\AltIdleScr\Release_ELKA\ #
#                            Obj\main.r79                                      #
#                            -o                                                #
#                            D:\Pasha\elf\_MY_PROJECT\AltIdleScr\Release_ELKA\ #
#                            Exe\ais_nsg.elf                                   #
#                            -Felf -l                                          #
#                            D:\Pasha\elf\_MY_PROJECT\AltIdleScr\Release_ELKA\ #
#                            List\ais_nsg.map                                  #
#                            -xmsnio -f                                        #
#                            D:\Pasha\elf\_MY_PROJECT\MNUEdit\test.xcl         #
#                            (-carm -V(CODE)CODE_AREA,12                       #
#                            -V(DATA)DATA_AREA,12                              #
#                            -Z(CODE_AREA)ELFBEGIN,DATA_ID,START,CODE,DATA_C,I #
#                            NITTAB,DATA_Z,DATA_N,MYSEG=0-FFFFFFFF             #
#                            -Z(DATA_AREA)DATA_I=0-FFFFFFFF) -ynpra            #
#                            "D:\Pasha\ARM_Embedded_Workbench\Embedded Workben #
#                            ch 4.0 Evaluation\ARM\LIB\dl5tpainl8n.r79"        #
#                            -s main                                           #
#                                                                              #
#                        Copyright 1987-2006 IAR Systems. All rights reserved. #
################################################################################





                ****************************************
                *                                      *
                *           CROSS REFERENCE            *
                *                                      *
                ****************************************

       Program entry at : CODE_AREA 00001C30  Relocatable, from module : main




                ****************************************
                *                                      *
                *            RUNTIME MODEL             *
                *                                      *
                ****************************************

  StackAlign4  = USED
  __cpu_mode   = __pcs__interwork
  __data_model = absolute
  __endian     = little
  __rt_version = 6



                ****************************************
                *                                      *
                *              MODULE MAP              *
                *                                      *
                ****************************************


  DEFINED ABSOLUTE ENTRIES
    *************************************************************************

  DEFINED ABSOLUTE ENTRIES
    *************************************************************************

  FILE NAME : D:\Pasha\elf\_MY_PROJECT\AltIdleScr\Release_ELKA\Obj\func.r79
  PROGRAM MODULE, NAME : func

  SEGMENTS IN THE MODULE
  ======================
ELFBEGIN
  Relative segment, address: CODE_AREA 00000000, align: 0
  Segment part 0. ROOT.
           ENTRY                   ADDRESS         REF BY
           =====                   =======         ======
           ELF_BEGIN               00000000        ElfKiller (main)
    -------------------------------------------------------------------------
CODE
  Relative segment, address: CODE_AREA 000001E4 - 000001E7 (0x4 bytes), align: 2
  Segment part 1. ROOT.
           ENTRY                   ADDRESS         REF BY
           =====                   =======         ======
           kill_data               000001E4        ElfKiller (main)
                                                   gui_methods (main)

    *************************************************************************

  FILE NAME : D:\Pasha\elf\_MY_PROJECT\AltIdleScr\Release_ELKA\Obj\main.r79
  PROGRAM MODULE, NAME : main

  SEGMENTS IN THE MODULE
  ======================
DATA_Z
  Segment part 35. NOT NEEDED.
           ENTRY                   ADDRESS         REF BY
           =====                   =======         ======
           descmenu                
    -------------------------------------------------------------------------
DATA_Z
  Relative segment, address: CODE_AREA 00001E44 - 00003A87 (0x1c44 bytes), align: 2
  Segment part 38.            Intra module refs:   Segment part 153
                                                   Segment part 200
           ENTRY                   ADDRESS         REF BY
           =====                   =======         ======
           mnu                     00001E44 
    -------------------------------------------------------------------------
DATA_Z
  Relative segment, address: CODE_AREA 00003A88 - 00004EEB (0x1464 bytes), align: 2
  Segment part 39.            Intra module refs:   Segment part 140
                                                   Segment part 144
                                                   Segment part 187
                                                   Segment part 246
           ENTRY                   ADDRESS         REF BY
           =====                   =======         ======
           name                    00003A88 
    -------------------------------------------------------------------------
DATA_Z
  Segment part 40. NOT NEEDED.
           ENTRY                   ADDRESS         REF BY
           =====                   =======         ======
           NumOfItems              
    -------------------------------------------------------------------------
DATA_Z
  Segment part 41. NOT NEEDED.
           ENTRY                   ADDRESS         REF BY
           =====                   =======         ======
           NumOfItems2             
    -------------------------------------------------------------------------
DATA_Z
  Segment part 42. NOT NEEDED.
           ENTRY                   ADDRESS         REF BY
           =====                   =======         ======
           DrawMamory              
    -------------------------------------------------------------------------
DATA_Z
  Segment part 43. NOT NEEDED.
           ENTRY                   ADDRESS         REF BY
           =====                   =======         ======
           Pusk                    
    -------------------------------------------------------------------------
DATA_Z
  Segment part 62. NOT NEEDED.
           ENTRY                   ADDRESS         REF BY
           =====                   =======         ======
           img_x                   
    -------------------------------------------------------------------------
CODE
  Segment part 89. NOT NEEDED.
    -------------------------------------------------------------------------
CODE
  Relative segment, address: CODE_AREA 000001E8 - 00000227 (0x40 bytes), align: 2
  Segment part 90.            Intra module refs:   StartFilePanel_w
           ENTRY                   ADDRESS         REF BY
           =====                   =======         ======
           start                   000001E8 
               stack 1 = 00000000 ( 0000000C )
    -------------------------------------------------------------------------
CODE
  Segment part 91. NOT NEEDED.
    -------------------------------------------------------------------------
CODE
  Relative segment, address: CODE_AREA 00000228 - 0000025B (0x34 bytes), align: 2
  Segment part 92.            Intra module refs:   StartFileMenu
                                                   StartFilePanel_w
           ENTRY                   ADDRESS         REF BY
           =====                   =======         ======
           shortcut                00000228 
               stack 1 = 00000000 ( 00000004 )
    -------------------------------------------------------------------------
CODE
  Segment part 93. NOT NEEDED.
    -------------------------------------------------------------------------
DATA_Z
  Segment part 67. NOT NEEDED.
           ENTRY                   ADDRESS         REF BY
           =====                   =======         ======
           mytmr                   
    -------------------------------------------------------------------------
CODE
  Segment part 94. NOT NEEDED.
           ENTRY                   ADDRESS         REF BY
           =====                   =======         ======
           TimerProc               
               not allocated function
    -------------------------------------------------------------------------
CODE
  Segment part 95. NOT NEEDED.
    -------------------------------------------------------------------------
CODE
  Relative segment, address: CODE_AREA 0000025C - 0000031B (0xc0 bytes), align: 2
  Segment part 96.            Intra module refs:   OnRedraw
           ENTRY                   ADDRESS         REF BY
           =====                   =======         ======
           DrawBG                  0000025C 
               stack 1 = 00000000 ( 00000028 )
    -------------------------------------------------------------------------
CODE
  Segment part 97. NOT NEEDED.
    -------------------------------------------------------------------------
CODE
  Segment part 98. NOT NEEDED.
           ENTRY                   ADDRESS         REF BY
           =====                   =======         ======
           DrawNetAdv              
               not allocated function
    -------------------------------------------------------------------------
CODE
  Segment part 99. NOT NEEDED.
    -------------------------------------------------------------------------
CODE
  Relative segment, address: CODE_AREA 0000031C - 00000357 (0x3c bytes), align: 2
  Segment part 100.           Intra module refs:   OnRedraw
           ENTRY                   ADDRESS         REF BY
           =====                   =======         ======
           DrawNetStd              0000031C 
               stack 1 = 00000000 ( 0000000C )
    -------------------------------------------------------------------------
CODE
  Segment part 101. NOT NEEDED.
    -------------------------------------------------------------------------
CODE
  Relative segment, address: CODE_AREA 00000358 - 000003F7 (0xa0 bytes), align: 2
  Segment part 102.           Intra module refs:   OnRedraw
           ENTRY                   ADDRESS         REF BY
           =====                   =======         ======
           DrawNetDb               00000358 
               stack 1 = 00000000 ( 00000028 )
    -------------------------------------------------------------------------
CODE
  Segment part 103. NOT NEEDED.
    -------------------------------------------------------------------------
CODE
  Relative segment, address: CODE_AREA 000003F8 - 000004DF (0xe8 bytes), align: 2
  Segment part 104.           Intra module refs:   OnRedraw
           ENTRY                   ADDRESS         REF BY
           =====                   =======         ======
           DrawNetExt              000003F8 
               stack 1 = 00000000 ( 00000018 )
    -------------------------------------------------------------------------
CODE
  Segment part 105. NOT NEEDED.
    -------------------------------------------------------------------------
CODE
  Segment part 106. NOT NEEDED.
           ENTRY                   ADDRESS         REF BY
           =====                   =======         ======
           DrawBattStd             
               not allocated function
    -------------------------------------------------------------------------
CODE
  Segment part 107. NOT NEEDED.
    -------------------------------------------------------------------------
CODE
  Segment part 108. NOT NEEDED.
           ENTRY                   ADDRESS         REF BY
           =====                   =======         ======
           DrawBattExt             
               not allocated function
    -------------------------------------------------------------------------
CODE
  Segment part 109. NOT NEEDED.
    -------------------------------------------------------------------------
CODE
  Segment part 110. NOT NEEDED.
    -------------------------------------------------------------------------
CODE
  Relative segment, address: CODE_AREA 000004E0 - 00000567 (0x88 bytes), align: 2
  Segment part 111.           Intra module refs:   OnRedraw
           ENTRY                   ADDRESS         REF BY
           =====                   =======         ======
           DrawBattCap             000004E0 
               stack 1 = 00000000 ( 00000028 )
    -------------------------------------------------------------------------
CODE
  Segment part 112. NOT NEEDED.
    -------------------------------------------------------------------------
CODE
  Relative segment, address: CODE_AREA 00000568 - 00000643 (0xdc bytes), align: 2
  Segment part 113.           Intra module refs:   OnRedraw
           ENTRY                   ADDRESS         REF BY
           =====                   =======         ======
           DrawBattVolt            00000568 
               stack 1 = 00000000 ( 00000028 )
    -------------------------------------------------------------------------
CODE
  Segment part 114. NOT NEEDED.
    -------------------------------------------------------------------------
CODE
  Relative segment, address: CODE_AREA 00000644 - 000006FF (0xbc bytes), align: 2
  Segment part 115.           Intra module refs:   OnRedraw
           ENTRY                   ADDRESS         REF BY
           =====                   =======         ======
           DrawClock               00000644 
               stack 1 = 00000000 ( 00000040 )
    -------------------------------------------------------------------------
CODE
  Segment part 116. NOT NEEDED.
    -------------------------------------------------------------------------
CODE
  Segment part 117. NOT NEEDED.
           ENTRY                   ADDRESS         REF BY
           =====                   =======         ======
           DrawBar                 
               not allocated function
    -------------------------------------------------------------------------
CODE
  Segment part 118. NOT NEEDED.
    -------------------------------------------------------------------------
CODE
  Relative segment, address: CODE_AREA 00000700 - 000007AB (0xac bytes), align: 2
  Segment part 119.           Intra module refs:   OnRedraw
           ENTRY                   ADDRESS         REF BY
           =====                   =======         ======
           DrawDialogs             00000700 
               stack 1 = 00000000 ( 0000002C )
    -------------------------------------------------------------------------
CODE
  Segment part 120. NOT NEEDED.
    -------------------------------------------------------------------------
CODE
  Relative segment, address: CODE_AREA 000007AC - 0000083B (0x90 bytes), align: 2
  Segment part 121.           Intra module refs:   OnRedraw
           ENTRY                   ADDRESS         REF BY
           =====                   =======         ======
           DrawFreeRam             000007AC 
               stack 1 = 00000000 ( 00000028 )
    -------------------------------------------------------------------------
CODE
  Relative segment, address: CODE_AREA 0000083C - 0000083F (0x4 bytes), align: 2
  Segment part 122.           Intra module refs:   DrawBattVolt
                                                   DrawFreeRam
    -------------------------------------------------------------------------
CODE
  Relative segment, address: CODE_AREA 00000840 - 00000843 (0x4 bytes), align: 2
  Segment part 123.           Intra module refs:   DrawFreeRam
    -------------------------------------------------------------------------
CODE
  Segment part 124. NOT NEEDED.
    -------------------------------------------------------------------------
CODE
  Relative segment, address: CODE_AREA 00000844 - 0000090B (0xc8 bytes), align: 2
  Segment part 125.           Intra module refs:   DrawPanel_w
                                                   DrawWorkDesc
           ENTRY                   ADDRESS         REF BY
           =====                   =======         ======
           DrawCross               00000844 
               stack 1 = 00000000 ( 00000030 )
    -------------------------------------------------------------------------
CODE
  Segment part 126. NOT NEEDED.
    -------------------------------------------------------------------------
CODE
  Segment part 127. NOT NEEDED.
           ENTRY                   ADDRESS         REF BY
           =====                   =======         ======
           DrawLineCross           
               not allocated function
    -------------------------------------------------------------------------
CODE
  Segment part 128. NOT NEEDED.
    -------------------------------------------------------------------------
CODE
  Relative segment, address: CODE_AREA 0000090C - 000009CB (0xc0 bytes), align: 2
  Segment part 129.           Intra module refs:   DrawNameContr
           ENTRY                   ADDRESS         REF BY
           =====                   =======         ======
           DrawName                0000090C 
               stack 1 = 00000000 ( 00000028 )
    -------------------------------------------------------------------------
CODE
  Segment part 130. NOT NEEDED.
    -------------------------------------------------------------------------
CODE
  Relative segment, address: CODE_AREA 000009CC - 00000A13 (0x48 bytes), align: 2
  Segment part 131.           Intra module refs:   DrawNameContr
                                                   DrawPanel_w
           ENTRY                   ADDRESS         REF BY
           =====                   =======         ======
           DrawContur_w            000009CC 
               stack 1 = 00000000 ( 00000018 )
    -------------------------------------------------------------------------
CODE
  Segment part 132. NOT NEEDED.
    -------------------------------------------------------------------------
CODE
  Segment part 133. NOT NEEDED.
           ENTRY                   ADDRESS         REF BY
           =====                   =======         ======
           DrawContur_h            
               not allocated function
    -------------------------------------------------------------------------
CODE
  Segment part 134. NOT NEEDED.
    -------------------------------------------------------------------------
CODE
  Relative segment, address: CODE_AREA 00000A14 - 00000B57 (0x144 bytes), align: 2
  Segment part 135.           Intra module refs:   OnRedraw
           ENTRY                   ADDRESS         REF BY
           =====                   =======         ======
           DrawPanel_w             00000A14 
               stack 1 = 00000000 ( 0000002C )
    -------------------------------------------------------------------------
CODE
  Segment part 136. NOT NEEDED.
    -------------------------------------------------------------------------
CODE
  Segment part 137. NOT NEEDED.
           ENTRY                   ADDRESS         REF BY
           =====                   =======         ======
           DrawPanel_h             
               not allocated function
    -------------------------------------------------------------------------
CODE
  Segment part 138. NOT NEEDED.
    -------------------------------------------------------------------------
CODE
  Relative segment, address: CODE_AREA 00000B58 - 00000CA7 (0x150 bytes), align: 2
  Segment part 139.           Intra module refs:   OnRedraw
           ENTRY                   ADDRESS         REF BY
           =====                   =======         ======
           DrawNameContr           00000B58 
               stack 1 = 00000000 ( 00000004 )
    -------------------------------------------------------------------------
CODE
  Relative segment, address: CODE_AREA 00000CA8 - 00000CAB (0x4 bytes), align: 2
  Segment part 140.           Intra module refs:   DrawNameContr
    -------------------------------------------------------------------------
CODE
  Segment part 141. NOT NEEDED.
    -------------------------------------------------------------------------
CODE
  Relative segment, address: CODE_AREA 00000CAC - 00000E03 (0x158 bytes), align: 2
  Segment part 142.           Intra module refs:   OnKey
           ENTRY                   ADDRESS         REF BY
           =====                   =======         ======
           StartFilePanel_w        00000CAC 
               stack 1 = 00000000 ( 00000010 )
    -------------------------------------------------------------------------
CODE
  Relative segment, address: CODE_AREA 00000E04 - 00000E07 (0x4 bytes), align: 2
  Segment part 143.           Intra module refs:   DrawBG
                                                   DrawContur_w
                                                   DrawName
                                                   DrawNameContr
                                                   DrawPanel_w
                                                   StartFilePanel_w
    -------------------------------------------------------------------------
CODE
  Relative segment, address: CODE_AREA 00000E08 - 00000E0B (0x4 bytes), align: 2
  Segment part 144.           Intra module refs:   DrawPanel_w
                                                   StartFilePanel_w
    -------------------------------------------------------------------------
CODE
  Segment part 145. NOT NEEDED.
    -------------------------------------------------------------------------
CODE
  Segment part 146. NOT NEEDED.
           ENTRY                   ADDRESS         REF BY
           =====                   =======         ======
           StartFilePanel_h        
               not allocated function
    -------------------------------------------------------------------------
CODE
  Segment part 147. NOT NEEDED.
    -------------------------------------------------------------------------
CODE
  Relative segment, address: CODE_AREA 00000E0C - 00000F77 (0x16c bytes), align: 2
  Segment part 148.           Intra module refs:   OnRedraw
           ENTRY                   ADDRESS         REF BY
           =====                   =======         ======
           DrawMenu                00000E0C 
               stack 1 = 00000000 ( 00000034 )
    -------------------------------------------------------------------------
CODE
  Segment part 149. NOT NEEDED.
    -------------------------------------------------------------------------
CODE
  Relative segment, address: CODE_AREA 00000F78 - 00000FFF (0x88 bytes), align: 2
  Segment part 150.           Intra module refs:   OnRedraw
           ENTRY                   ADDRESS         REF BY
           =====                   =======         ======
           DrawNameMenu            00000F78 
               stack 1 = 00000000 ( 00000020 )
    -------------------------------------------------------------------------
CODE
  Segment part 151. NOT NEEDED.
    -------------------------------------------------------------------------
CODE
  Relative segment, address: CODE_AREA 00001000 - 0000105B (0x5c bytes), align: 2
  Segment part 152.           Intra module refs:   OnKey
           ENTRY                   ADDRESS         REF BY
           =====                   =======         ======
           StartFileMenu           00001000 
               stack 1 = 00000000 ( 00000004 )
    -------------------------------------------------------------------------
CODE
  Relative segment, address: CODE_AREA 0000105C - 0000105F (0x4 bytes), align: 2
  Segment part 153.           Intra module refs:   DrawMenu
                                                   StartFileMenu
    -------------------------------------------------------------------------
CODE
  Segment part 154. NOT NEEDED.
    -------------------------------------------------------------------------
DATA_Z
  Segment part 68. NOT NEEDED.
           ENTRY                   ADDRESS         REF BY
           =====                   =======         ======
           dir_size                
    -------------------------------------------------------------------------
CODE
  Segment part 155. NOT NEEDED.
           ENTRY                   ADDRESS         REF BY
           =====                   =======         ======
           FindSizeInSubDir        
               not allocated function
    -------------------------------------------------------------------------
CODE
  Segment part 156. NOT NEEDED.
    -------------------------------------------------------------------------
CODE
  Segment part 157. NOT NEEDED.
           ENTRY                   ADDRESS         REF BY
           =====                   =======         ======
           SizeDir                 
               not allocated function
    -------------------------------------------------------------------------
CODE
  Segment part 158. NOT NEEDED.
    -------------------------------------------------------------------------
CODE
  Segment part 159. NOT NEEDED.
    -------------------------------------------------------------------------
CODE
  Segment part 160. NOT NEEDED.
    -------------------------------------------------------------------------
CODE
  Segment part 161. NOT NEEDED.
           ENTRY                   ADDRESS         REF BY
           =====                   =======         ======
           DrawFreeMamory          
               not allocated function
    -------------------------------------------------------------------------
CODE
  Segment part 162. NOT NEEDED.
    -------------------------------------------------------------------------
CODE
  Segment part 163. NOT NEEDED.
           ENTRY                   ADDRESS         REF BY
           =====                   =======         ======
           DrawPusk                
               not allocated function
    -------------------------------------------------------------------------
CODE
  Segment part 164. NOT NEEDED.
    -------------------------------------------------------------------------
CODE
  Segment part 165. NOT NEEDED.
           ENTRY                   ADDRESS         REF BY
           =====                   =======         ======
           StartFilePusk           
               not allocated function
    -------------------------------------------------------------------------
CODE
  Segment part 166. NOT NEEDED.
    -------------------------------------------------------------------------
CODE
  Segment part 167. NOT NEEDED.
    -------------------------------------------------------------------------
CODE
  Relative segment, address: CODE_AREA 00001060 - 000010DF (0x80 bytes), align: 2
  Segment part 168.           Intra module refs:   DrawWorkDesc
                                                   OnRedraw
           ENTRY                   ADDRESS         REF BY
           =====                   =======         ======
           DrawStrInt              00001060 
               stack 1 = 00000000 ( 00000028 )
    -------------------------------------------------------------------------
CODE
  Relative segment, address: CODE_AREA 000010E0 - 000010E3 (0x4 bytes), align: 2
  Segment part 169.           Intra module refs:   DrawStrInt
    -------------------------------------------------------------------------
CODE
  Segment part 170. NOT NEEDED.
    -------------------------------------------------------------------------
CODE
  Relative segment, address: CODE_AREA 000010E4 - 00001167 (0x84 bytes), align: 2
  Segment part 171.           Intra module refs:   DrawIconBar
                                                   OnRedraw
           ENTRY                   ADDRESS         REF BY
           =====                   =======         ======
           DrawStrChar             000010E4 
               stack 1 = 00000000 ( 00000028 )
    -------------------------------------------------------------------------
CODE
  Segment part 172. NOT NEEDED.
    -------------------------------------------------------------------------
CODE
  Relative segment, address: CODE_AREA 00001168 - 00001267 (0x100 bytes), align: 2
  Segment part 173.           Intra module refs:   OnRedraw
           ENTRY                   ADDRESS         REF BY
           =====                   =======         ======
           DrawWorkDesc            00001168 
               stack 1 = 00000000 ( 00000008 )
    -------------------------------------------------------------------------
CODE
  Relative segment, address: CODE_AREA 00001268 - 0000126B (0x4 bytes), align: 2
  Segment part 174.           Intra module refs:   DrawMenu
                                                   DrawNameMenu
                                                   DrawWorkDesc
                                                   StartFileMenu
    -------------------------------------------------------------------------
CODE
  Segment part 175. NOT NEEDED.
    -------------------------------------------------------------------------
CODE
  Segment part 176. NOT NEEDED.
           ENTRY                   ADDRESS         REF BY
           =====                   =======         ======
           DrawSysBar              
               not allocated function
    -------------------------------------------------------------------------
CODE
  Segment part 177. NOT NEEDED.
    -------------------------------------------------------------------------
DATA_C
  Segment part 2. NOT NEEDED.
    -------------------------------------------------------------------------
DATA_C
  Relative segment, address: CODE_AREA 00001C64 - 00001C6B (0x8 bytes), align: 2
  Segment part 3.             Intra module refs:   DrawDialogs
    -------------------------------------------------------------------------
DATA_C
  Relative segment, address: CODE_AREA 00001C6C - 00001C7F (0x14 bytes), align: 2
  Segment part 4.             Intra module refs:   DrawClock
    -------------------------------------------------------------------------
DATA_C
  Relative segment, address: CODE_AREA 00001C80 - 00001C87 (0x8 bytes), align: 2
  Segment part 5.             Intra module refs:   DrawBattVolt
    -------------------------------------------------------------------------
DATA_C
  Relative segment, address: CODE_AREA 00001C88 - 00001C8F (0x8 bytes), align: 2
  Segment part 6.             Intra module refs:   DrawBattCap
    -------------------------------------------------------------------------
DATA_C
  Relative segment, address: CODE_AREA 00001C90 - 00001C97 (0x8 bytes), align: 2
  Segment part 7.             Intra module refs:   DrawNetDb
    -------------------------------------------------------------------------
DATA_C
  Relative segment, address: CODE_AREA 00001C98 - 00001CAF (0x18 bytes), align: 2
  Segment part 8.             Intra module refs:   shortcut
    -------------------------------------------------------------------------
DATA_C
  Segment part 9. NOT NEEDED.
    -------------------------------------------------------------------------
DATA_C
  Segment part 10. NOT NEEDED.
    -------------------------------------------------------------------------
DATA_C
  Relative segment, address: CODE_AREA 00001CB0 - 00001D1F (0x70 bytes), align: 2
  Segment part 11.            Intra module refs:   DrawIconBar
    -------------------------------------------------------------------------
DATA_C
  Segment part 12. NOT NEEDED.
           ENTRY                   ADDRESS         REF BY
           =====                   =======         ======
           coord                   
    -------------------------------------------------------------------------
DATA_C
  Segment part 13. NOT NEEDED.
    -------------------------------------------------------------------------
DATA_C
  Relative segment, address: CODE_AREA 00001D20 - 00001D2F (0x10 bytes), align: 2
  Segment part 14.            Intra module refs:   OnKey
    -------------------------------------------------------------------------
DATA_C
  Segment part 15. NOT NEEDED.
    -------------------------------------------------------------------------
DATA_C
  Segment part 16. NOT NEEDED.
    -------------------------------------------------------------------------
DATA_C
  Segment part 17. NOT NEEDED.
    -------------------------------------------------------------------------
DATA_C
  Segment part 18. NOT NEEDED.
    -------------------------------------------------------------------------
DATA_C
  Segment part 19. NOT NEEDED.
    -------------------------------------------------------------------------
DATA_C
  Segment part 20. NOT NEEDED.
    -------------------------------------------------------------------------
DATA_C
  Segment part 21. NOT NEEDED.
    -------------------------------------------------------------------------
DATA_C
  Segment part 22. NOT NEEDED.
    -------------------------------------------------------------------------
DATA_C
  Segment part 23. NOT NEEDED.
    -------------------------------------------------------------------------
CODE
  Segment part 178. NOT NEEDED.
           ENTRY                   ADDRESS         REF BY
           =====                   =======         ======
           atoi                    
               not allocated function
    -------------------------------------------------------------------------
CODE
  Segment part 179. NOT NEEDED.
    -------------------------------------------------------------------------
CODE
  Segment part 180. NOT NEEDED.
           ENTRY                   ADDRESS         REF BY
           =====                   =======         ======
           LoadParamsCrd           
               not allocated function
    -------------------------------------------------------------------------
CODE
  Segment part 181. NOT NEEDED.
    -------------------------------------------------------------------------
CODE
  Segment part 182. NOT NEEDED.
           ENTRY                   ADDRESS         REF BY
           =====                   =======         ======
           process                 
               not allocated function
    -------------------------------------------------------------------------
CODE
  Segment part 183. NOT NEEDED.
    -------------------------------------------------------------------------
CODE
  Relative segment, address: CODE_AREA 0000126C - 0000129F (0x34 bytes), align: 2
  Segment part 184.           Intra module refs:   DrawName
           ENTRY                   ADDRESS         REF BY
           =====                   =======         ======
           SaveNamePanel           0000126C 
    -------------------------------------------------------------------------
CODE
  Segment part 185. NOT NEEDED.
    -------------------------------------------------------------------------
CODE
  Segment part 186. NOT NEEDED.
           ENTRY                   ADDRESS         REF BY
           =====                   =======         ======
           LoadParamsPanel         
               not allocated function
    -------------------------------------------------------------------------
CODE
  Relative segment, address: CODE_AREA 000012A0 - 000012A3 (0x4 bytes), align: 2
  Segment part 187.           Intra module refs:   SaveNamePanel
    -------------------------------------------------------------------------
CODE
  Segment part 188. NOT NEEDED.
    -------------------------------------------------------------------------
CODE
  Segment part 189. NOT NEEDED.
           ENTRY                   ADDRESS         REF BY
           =====                   =======         ======
           LoadParamsConfig        
               not allocated function
    -------------------------------------------------------------------------
CODE
  Segment part 190. NOT NEEDED.
    -------------------------------------------------------------------------
CODE
  Segment part 191. NOT NEEDED.
           ENTRY                   ADDRESS         REF BY
           =====                   =======         ======
           SaveParamsConfig        
               not allocated function
    -------------------------------------------------------------------------
CODE
  Segment part 192. NOT NEEDED.
    -------------------------------------------------------------------------
CODE
  Segment part 193. NOT NEEDED.
    -------------------------------------------------------------------------
CODE
  Segment part 194. NOT NEEDED.
    -------------------------------------------------------------------------
CODE
  Segment part 195. NOT NEEDED.
           ENTRY                   ADDRESS         REF BY
           =====                   =======         ======
           processmenu             
               not allocated function
    -------------------------------------------------------------------------
CODE
  Segment part 196. NOT NEEDED.
    -------------------------------------------------------------------------
CODE
  Relative segment, address: CODE_AREA 000012A4 - 000012DB (0x38 bytes), align: 2
  Segment part 197.           Intra module refs:   DrawNameMenu
           ENTRY                   ADDRESS         REF BY
           =====                   =======         ======
           SaveNameMENU            000012A4 
    -------------------------------------------------------------------------
CODE
  Segment part 198. NOT NEEDED.
    -------------------------------------------------------------------------
CODE
  Segment part 199. NOT NEEDED.
           ENTRY                   ADDRESS         REF BY
           =====                   =======         ======
           LoadParamsMENU          
               not allocated function
    -------------------------------------------------------------------------
CODE
  Relative segment, address: CODE_AREA 000012DC - 000012DF (0x4 bytes), align: 2
  Segment part 200.           Intra module refs:   SaveNameMENU
    -------------------------------------------------------------------------
CODE
  Segment part 201. NOT NEEDED.
    -------------------------------------------------------------------------
CODE
  Segment part 202. NOT NEEDED.
           ENTRY                   ADDRESS         REF BY
           =====                   =======         ======
           LoadAllConfig           
               not allocated function
    -------------------------------------------------------------------------
CODE
  Segment part 203. NOT NEEDED.
    -------------------------------------------------------------------------
DATA_Z
  Segment part 71. NOT NEEDED.
           ENTRY                   ADDRESS         REF BY
           =====                   =======         ======
           size                    
    -------------------------------------------------------------------------
DATA_Z
  Segment part 72. NOT NEEDED.
           ENTRY                   ADDRESS         REF BY
           =====                   =======         ======
           fltop                   
    -------------------------------------------------------------------------
CODE
  Segment part 204. NOT NEEDED.
           ENTRY                   ADDRESS         REF BY
           =====                   =======         ======
           Free_FLIST              
               not allocated function
    -------------------------------------------------------------------------
CODE
  Segment part 205. NOT NEEDED.
    -------------------------------------------------------------------------
DATA_C
  Segment part 24. NOT NEEDED.
           ENTRY                   ADDRESS         REF BY
           =====                   =======         ======
           back                    
    -------------------------------------------------------------------------
DATA_C
  Segment part 25. NOT NEEDED.
           ENTRY                   ADDRESS         REF BY
           =====                   =======         ======
           menucfg                 
    -------------------------------------------------------------------------
DATA_C
  Segment part 26. NOT NEEDED.
           ENTRY                   ADDRESS         REF BY
           =====                   =======         ======
           config                  
    -------------------------------------------------------------------------
DATA_C
  Segment part 27. NOT NEEDED.
    -------------------------------------------------------------------------
DATA_C
  Segment part 28. NOT NEEDED.
           ENTRY                   ADDRESS         REF BY
           =====                   =======         ======
           panel                   
    -------------------------------------------------------------------------
DATA_C
  Segment part 29. NOT NEEDED.
    -------------------------------------------------------------------------
DATA_C
  Segment part 30. NOT NEEDED.
    -------------------------------------------------------------------------
DATA_C
  Segment part 31. NOT NEEDED.
    -------------------------------------------------------------------------
DATA_C
  Segment part 32. NOT NEEDED.
    -------------------------------------------------------------------------
DATA_C
  Segment part 33. NOT NEEDED.
    -------------------------------------------------------------------------
DATA_C
  Relative segment, address: CODE_AREA 00001D30 - 00001D47 (0x18 bytes), align: 2
  Segment part 34.            Intra module refs:   DrawCross
    -------------------------------------------------------------------------
DATA_C
  Segment part 46. NOT NEEDED.
           ENTRY                   ADDRESS         REF BY
           =====                   =======         ======
           IMG1                    
           IMG2                    
           IMG3                    
           IMG4                    
    -------------------------------------------------------------------------
DATA_C
  Segment part 47. NOT NEEDED.
           ENTRY                   ADDRESS         REF BY
           =====                   =======         ======
           IMG5                    
    -------------------------------------------------------------------------
DATA_C
  Segment part 48. NOT NEEDED.
           ENTRY                   ADDRESS         REF BY
           =====                   =======         ======
           IMG6                    
    -------------------------------------------------------------------------
DATA_C
  Segment part 49. NOT NEEDED.
           ENTRY                   ADDRESS         REF BY
           =====                   =======         ======
           MENU1_s                 
    -------------------------------------------------------------------------
DATA_C
  Segment part 50. NOT NEEDED.
           ENTRY                   ADDRESS         REF BY
           =====                   =======         ======
           MENU2_s                 
    -------------------------------------------------------------------------
DATA_C
  Segment part 51. NOT NEEDED.
           ENTRY                   ADDRESS         REF BY
           =====                   =======         ======
           MENU3_s                 
    -------------------------------------------------------------------------
DATA_C
  Segment part 52. NOT NEEDED.
           ENTRY                   ADDRESS         REF BY
           =====                   =======         ======
           MENU4_s                 
    -------------------------------------------------------------------------
DATA_C
  Segment part 53. NOT NEEDED.
           ENTRY                   ADDRESS         REF BY
           =====                   =======         ======
           MENU5_s                 
    -------------------------------------------------------------------------
DATA_C
  Segment part 54. NOT NEEDED.
           ENTRY                   ADDRESS         REF BY
           =====                   =======         ======
           MENU6_s                 
    -------------------------------------------------------------------------
DATA_C
  Segment part 55. NOT NEEDED.
           ENTRY                   ADDRESS         REF BY
           =====                   =======         ======
           MENU1_b                 
    -------------------------------------------------------------------------
DATA_C
  Segment part 56. NOT NEEDED.
           ENTRY                   ADDRESS         REF BY
           =====                   =======         ======
           MENU2_b                 
    -------------------------------------------------------------------------
DATA_C
  Segment part 57. NOT NEEDED.
           ENTRY                   ADDRESS         REF BY
           =====                   =======         ======
           MENU3_b                 
    -------------------------------------------------------------------------
DATA_C
  Segment part 58. NOT NEEDED.
           ENTRY                   ADDRESS         REF BY
           =====                   =======         ======
           MENU4_b                 
    -------------------------------------------------------------------------
DATA_C
  Segment part 59. NOT NEEDED.
           ENTRY                   ADDRESS         REF BY
           =====                   =======         ======
           MENU5_b                 
    -------------------------------------------------------------------------
DATA_C
  Segment part 60. NOT NEEDED.
           ENTRY                   ADDRESS         REF BY
           =====                   =======         ======
           MENU6_b                 
    -------------------------------------------------------------------------
DATA_C
  Relative segment, address: CODE_AREA 00001D48 - 00001DC7 (0x80 bytes), align: 2
  Segment part 61.            Intra module refs:   DrawBG
           ENTRY                   ADDRESS         REF BY
           =====                   =======         ======
           bg3img                  00001D48 
    -------------------------------------------------------------------------
CODE
  Segment part 206. NOT NEEDED.
           ENTRY                   ADDRESS         REF BY
           =====                   =======         ======
           GetFListN               
               not allocated function
    -------------------------------------------------------------------------
CODE
  Segment part 207. NOT NEEDED.
    -------------------------------------------------------------------------
CODE
  Segment part 208. NOT NEEDED.
           ENTRY                   ADDRESS         REF BY
           =====                   =======         ======
           GetFoldersLevel         
               not allocated function
    -------------------------------------------------------------------------
CODE
  Segment part 209. NOT NEEDED.
    -------------------------------------------------------------------------
CODE
  Segment part 210. NOT NEEDED.
           ENTRY                   ADDRESS         REF BY
           =====                   =======         ======
           strcmp_nocase           
               not allocated function
    -------------------------------------------------------------------------
CODE
  Segment part 211. NOT NEEDED.
    -------------------------------------------------------------------------
CODE
  Segment part 212. NOT NEEDED.
           ENTRY                   ADDRESS         REF BY
           =====                   =======         ======
           AddToFList              
               not allocated function
    -------------------------------------------------------------------------
CODE
  Segment part 213. NOT NEEDED.
    -------------------------------------------------------------------------
CODE
  Segment part 214. NOT NEEDED.
           ENTRY                   ADDRESS         REF BY
           =====                   =======         ======
           FindFiles               
               not allocated function
    -------------------------------------------------------------------------
CODE
  Segment part 215. NOT NEEDED.
    -------------------------------------------------------------------------
CODE
  Segment part 216. NOT NEEDED.
           ENTRY                   ADDRESS         REF BY
           =====                   =======         ======
           FindFLISTtByNS          
               not allocated function
    -------------------------------------------------------------------------
CODE
  Segment part 217. NOT NEEDED.
    -------------------------------------------------------------------------
CODE
  Segment part 218. NOT NEEDED.
    -------------------------------------------------------------------------
CODE
  Segment part 219. NOT NEEDED.
           ENTRY                   ADDRESS         REF BY
           =====                   =======         ======
           FindFLISTtByN           
               not allocated function
    -------------------------------------------------------------------------
CODE
  Segment part 220. NOT NEEDED.
    -------------------------------------------------------------------------
CODE
  Segment part 221. NOT NEEDED.
           ENTRY                   ADDRESS         REF BY
           =====                   =======         ======
           SavePath                
               not allocated function
    -------------------------------------------------------------------------
CODE
  Segment part 222. NOT NEEDED.
    -------------------------------------------------------------------------
CODE
  Segment part 223. NOT NEEDED.
           ENTRY                   ADDRESS         REF BY
           =====                   =======         ======
           filelist_menu_onkey     
               not allocated function
    -------------------------------------------------------------------------
CODE
  Segment part 224. NOT NEEDED.
    -------------------------------------------------------------------------
CODE
  Segment part 225. NOT NEEDED.
    -------------------------------------------------------------------------
CODE
  Segment part 226. NOT NEEDED.
           ENTRY                   ADDRESS         REF BY
           =====                   =======         ======
           filelist_menu_ghook     
               not allocated function
    -------------------------------------------------------------------------
CODE
  Segment part 227. NOT NEEDED.
    -------------------------------------------------------------------------
CODE
  Segment part 228. NOT NEEDED.
           ENTRY                   ADDRESS         REF BY
           =====                   =======         ======
           filelist_menu_iconhndl
                                   
               not allocated function
    -------------------------------------------------------------------------
CODE
  Segment part 229. NOT NEEDED.
    -------------------------------------------------------------------------
CODE
  Segment part 230. NOT NEEDED.
           ENTRY                   ADDRESS         REF BY
           =====                   =======         ======
           CreateRootMenu          
               not allocated function
    -------------------------------------------------------------------------
CODE
  Segment part 231. NOT NEEDED.
    -------------------------------------------------------------------------
CODE
  Segment part 232. NOT NEEDED.
           ENTRY                   ADDRESS         REF BY
           =====                   =======         ======
           open_fm                 
               not allocated function
    -------------------------------------------------------------------------
CODE
  Segment part 233. NOT NEEDED.
    -------------------------------------------------------------------------
DATA_C
  Relative segment, address: CODE_AREA 00001DC8 - 00001DCB (0x4 bytes), align: 2
  Segment part 81.            Intra module refs:   MAINCSM
           ENTRY                   ADDRESS         REF BY
           =====                   =======         ======
           minus11                 00001DC8 
    -------------------------------------------------------------------------
DATA_Z
  Relative segment, address: CODE_AREA 00004EEC - 00005003 (0x118 bytes), align: 2
  Segment part 82.            Intra module refs:   MAINCSM
           ENTRY                   ADDRESS         REF BY
           =====                   =======         ======
           maincsm_name_body       00004EEC 
    -------------------------------------------------------------------------
DATA_Z
  Segment part 83. NOT NEEDED.
           ENTRY                   ADDRESS         REF BY
           =====                   =======         ======
           MAINGUI_ID              
    -------------------------------------------------------------------------
DATA_Z
  Segment part 84. NOT NEEDED.
           ENTRY                   ADDRESS         REF BY
           =====                   =======         ======
           fl                      
    -------------------------------------------------------------------------
CODE
  Segment part 234. NOT NEEDED.
           ENTRY                   ADDRESS         REF BY
           =====                   =======         ======
           start_vibra             
               not allocated function
    -------------------------------------------------------------------------
CODE
  Segment part 235. NOT NEEDED.
    -------------------------------------------------------------------------
CODE
  Segment part 236. NOT NEEDED.
           ENTRY                   ADDRESS         REF BY
           =====                   =======         ======
           stop_vibra              
               not allocated function
    -------------------------------------------------------------------------
CODE
  Segment part 237. NOT NEEDED.
    -------------------------------------------------------------------------
CODE
  Relative segment, address: CODE_AREA 000012E0 - 0000136B (0x8c bytes), align: 2
  Segment part 238.           Intra module refs:   OnRedraw
           ENTRY                   ADDRESS         REF BY
           =====                   =======         ======
           DrawIconBar             000012E0 
               stack 1 = 00000000 ( 0000000C )
    -------------------------------------------------------------------------
CODE
  Relative segment, address: CODE_AREA 0000136C - 0000136F (0x4 bytes), align: 2
  Segment part 239.           Intra module refs:   DrawIconBar
    -------------------------------------------------------------------------
CODE
  Segment part 240. NOT NEEDED.
    -------------------------------------------------------------------------
CODE
  Segment part 241. NOT NEEDED.
           ENTRY                   ADDRESS         REF BY
           =====                   =======         ======
           BG1                     
               not allocated function
    -------------------------------------------------------------------------
CODE
  Segment part 242. NOT NEEDED.
    -------------------------------------------------------------------------
CODE
  Segment part 243. NOT NEEDED.
           ENTRY                   ADDRESS         REF BY
           =====                   =======         ======
           BG3                     
               not allocated function
    -------------------------------------------------------------------------
CODE
  Segment part 244. NOT NEEDED.
    -------------------------------------------------------------------------
CODE
  Relative segment, address: CODE_AREA 00001370 - 0000153F (0x1d0 bytes), align: 2
  Segment part 245.           Intra module refs:   gui_methods
           ENTRY                   ADDRESS         REF BY
           =====                   =======         ======
           OnRedraw                00001370 
               stack 1 = 00000000 ( 00000008 )
    -------------------------------------------------------------------------
CODE
  Relative segment, address: CODE_AREA 00001540 - 00001543 (0x4 bytes), align: 2
  Segment part 246.           Intra module refs:   OnRedraw
    -------------------------------------------------------------------------
CODE
  Segment part 247. NOT NEEDED.
    -------------------------------------------------------------------------
CODE
  Relative segment, address: CODE_AREA 00001544 - 0000154F (0xc bytes), align: 2
  Segment part 248.           Intra module refs:   gui_methods
           ENTRY                   ADDRESS         REF BY
           =====                   =======         ======
           onCreate                00001544 
    -------------------------------------------------------------------------
CODE
  Segment part 249. NOT NEEDED.
    -------------------------------------------------------------------------
CODE
  Relative segment, address: CODE_AREA 00001550 - 0000155B (0xc bytes), align: 2
  Segment part 250.           Intra module refs:   gui_methods
           ENTRY                   ADDRESS         REF BY
           =====                   =======         ======
           onClose                 00001550 
    -------------------------------------------------------------------------
CODE
  Segment part 251. NOT NEEDED.
    -------------------------------------------------------------------------
CODE
  Relative segment, address: CODE_AREA 0000155C - 0000156F (0x14 bytes), align: 2
  Segment part 252.           Intra module refs:   gui_methods
           ENTRY                   ADDRESS         REF BY
           =====                   =======         ======
           onFocus                 0000155C 
               stack 1 = 00000000 ( 00000004 )
    -------------------------------------------------------------------------
CODE
  Segment part 253. NOT NEEDED.
    -------------------------------------------------------------------------
CODE
  Relative segment, address: CODE_AREA 00001570 - 00001583 (0x14 bytes), align: 2
  Segment part 254.           Intra module refs:   gui_methods
           ENTRY                   ADDRESS         REF BY
           =====                   =======         ======
           onUnfocus               00001570 
    -------------------------------------------------------------------------
CODE
  Segment part 255. NOT NEEDED.
    -------------------------------------------------------------------------
DATA_I
  Relative segment, address: DATA_AREA 00000000 - 000001DF (0x1e0 bytes), align: 2
  Segment part 36.            Intra module refs:   DrawCross
                                                   DrawStrChar
                                                   QuitCallbackProc
                                                   SaveNameMENU
                                                   SaveNamePanel
                                                   Segment part 143
                                                   Segment part 174
                                                   Segment part 239
                                                   Segment part 259
                                                   Segment part 270
           ENTRY                   ADDRESS         REF BY
           =====                   =======         ======
           Cross_x                 00000134 
           Cross_y                 00000138 
           DrawPuskk               0000018C 
           IRDA                    0000012C 
           MAINCSM_ID              00000194 
           NAME                    000000FC 
           NAME2                   00000150 
           Quit_Required           00000198 
           RED                     000001A4 
           TypeLine                0000013C 
           cr_y                    00000130 
           crd                     00000000 
           err                     00000188 
           img_y                   0000017C 
           kdblock                 00000140 
           menu                    00000148 
           menu_tmr                000001BC 
           menu_x                  00000180 
           menu_y                  00000184 
           moveclock               00000144 
           panel_x                 00000174 
           panel_y                 00000178 
           per_6s                  000001CC 
           per_s                   0000019C 
           prozr                   000001A8 
           pusk_y                  00000190 
           speed_cur               00000120 
           startmenu               0000014C 
           timer                   000001AC 
           typecur                 00000128 
           white                   000001A0 
           workdesctop             00000124 
    -------------------------------------------------------------------------
DATA_I
  Segment part 44. NOT NEEDED.
           ENTRY                   ADDRESS         REF BY
           =====                   =======         ======
           black                   
    -------------------------------------------------------------------------
DATA_I
  Relative segment, address: DATA_AREA 000001E0 - 000001E2 (0x3 bytes), align: 0
  Segment part 63.            Intra module refs:   Segment part 123
                                                   Segment part 169
           ENTRY                   ADDRESS         REF BY
           =====                   =======         ======
           per_d                   000001E0 
    -------------------------------------------------------------------------
DATA_I
  Segment part 65. NOT NEEDED.
           ENTRY                   ADDRESS         REF BY
           =====                   =======         ======
           per_t                   
    -------------------------------------------------------------------------
DATA_I
  Segment part 69. NOT NEEDED.
           ENTRY                   ADDRESS         REF BY
           =====                   =======         ======
           _percent_t              
    -------------------------------------------------------------------------
DATA_I
  Segment part 73. NOT NEEDED.
           ENTRY                   ADDRESS         REF BY
           =====                   =======         ======
           fmenusoftkeys           
    -------------------------------------------------------------------------
DATA_I
  Segment part 75. NOT NEEDED.
           ENTRY                   ADDRESS         REF BY
           =====                   =======         ======
           fmenu_sk                
    -------------------------------------------------------------------------
DATA_I
  Segment part 77. NOT NEEDED.
           ENTRY                   ADDRESS         REF BY
           =====                   =======         ======
           fmenu_skt               
    -------------------------------------------------------------------------
DATA_I
  Segment part 79. NOT NEEDED.
           ENTRY                   ADDRESS         REF BY
           =====                   =======         ======
           filelist_HDR            
           filelist_STRUCT         
           header                  
    -------------------------------------------------------------------------
DATA_I
  Segment part 85. NOT NEEDED.
           ENTRY                   ADDRESS         REF BY
           =====                   =======         ======
           tmr_vibra               
           vibra_count             
    -------------------------------------------------------------------------
CODE
  Relative segment, address: CODE_AREA 00001584 - 0000159B (0x18 bytes), align: 2
  Segment part 256.           Intra module refs:   OnKey
           ENTRY                   ADDRESS         REF BY
           =====                   =======         ======
           QuitCallbackProc        00001584 
    -------------------------------------------------------------------------
CODE
  Segment part 257. NOT NEEDED.
    -------------------------------------------------------------------------
CODE
  Relative segment, address: CODE_AREA 0000159C - 00001B13 (0x578 bytes), align: 2
  Segment part 258.           Intra module refs:   gui_methods
           ENTRY                   ADDRESS         REF BY
           =====                   =======         ======
           OnKey                   0000159C 
               stack 1 = 00000000 ( 00000028 )
    -------------------------------------------------------------------------
CODE
  Relative segment, address: CODE_AREA 00001B14 - 00001B17 (0x4 bytes), align: 2
  Segment part 259.           Intra module refs:   OnKey
                                                   OnRedraw
    -------------------------------------------------------------------------
CODE
  Segment part 260. NOT NEEDED.
    -------------------------------------------------------------------------
CODE
  Relative segment, address: CODE_AREA 00001B18 - 00001B1F (0x8 bytes), align: 2
  Segment part 261.           Intra module refs:   gui_methods
           ENTRY                   ADDRESS         REF BY
           =====                   =======         ======
           method8                 00001B18 
    -------------------------------------------------------------------------
CODE
  Segment part 262. NOT NEEDED.
    -------------------------------------------------------------------------
CODE
  Relative segment, address: CODE_AREA 00001B20 - 00001B27 (0x8 bytes), align: 2
  Segment part 263.           Intra module refs:   gui_methods
           ENTRY                   ADDRESS         REF BY
           =====                   =======         ======
           method9                 00001B20 
    -------------------------------------------------------------------------
CODE
  Segment part 264. NOT NEEDED.
    -------------------------------------------------------------------------
CODE
  Relative segment, address: CODE_AREA 00001B28 - 00001BA3 (0x7c bytes), align: 2
  Segment part 265.           Intra module refs:   MAINCSM
           ENTRY                   ADDRESS         REF BY
           =====                   =======         ======
           maincsm_oncreate        00001B28 
               stack 1 = 00000000 ( 00000010 )
    -------------------------------------------------------------------------
CODE
  Segment part 266. NOT NEEDED.
    -------------------------------------------------------------------------
DATA_C
  Relative segment, address: CODE_AREA 00001DCC - 00001DFF (0x34 bytes), align: 2
  Segment part 87.            Intra module refs:   maincsm_oncreate
           ENTRY                   ADDRESS         REF BY
           =====                   =======         ======
           gui_methods             00001DD4 
    -------------------------------------------------------------------------
CODE
  Relative segment, address: CODE_AREA 00001BA4 - 00001BBF (0x1c bytes), align: 2
  Segment part 267.           Intra module refs:   maincsm_onclose
           ENTRY                   ADDRESS         REF BY
           =====                   =======         ======
           ElfKiller               00001BA4 
               stack 1 = 00000000 ( 00000004 )
    -------------------------------------------------------------------------
CODE
  Segment part 268. NOT NEEDED.
    -------------------------------------------------------------------------
CODE
  Relative segment, address: CODE_AREA 00001BC0 - 00001BE7 (0x28 bytes), align: 2
  Segment part 269.           Intra module refs:   MAINCSM
           ENTRY                   ADDRESS         REF BY
           =====                   =======         ======
           maincsm_onclose         00001BC0 
               stack 1 = 00000000 ( 00000008 )
    -------------------------------------------------------------------------
CODE
  Relative segment, address: CODE_AREA 00001BE8 - 00001BEB (0x4 bytes), align: 2
  Segment part 270.           Intra module refs:   maincsm_onclose
    -------------------------------------------------------------------------
CODE
  Segment part 271. NOT NEEDED.
    -------------------------------------------------------------------------
CODE
  Relative segment, address: CODE_AREA 00001BEC - 00001C13 (0x28 bytes), align: 2
  Segment part 272.           Intra module refs:   MAINCSM
           ENTRY                   ADDRESS         REF BY
           =====                   =======         ======
           maincsm_onmessage       00001BEC 
    -------------------------------------------------------------------------
CODE
  Segment part 273. NOT NEEDED.
    -------------------------------------------------------------------------
DATA_C
  Relative segment, address: CODE_AREA 00001E00 - 00001E2B (0x2c bytes), align: 2
  Segment part 88.            Intra module refs:   UpdateCSMname
                                                   main
           ENTRY                   ADDRESS         REF BY
           =====                   =======         ======
           MAINCSM                 00001E00 
    -------------------------------------------------------------------------
CODE
  Relative segment, address: CODE_AREA 00001C14 - 00001C2F (0x1c bytes), align: 2
  Segment part 274.           Intra module refs:   main
           ENTRY                   ADDRESS         REF BY
           =====                   =======         ======
           UpdateCSMname           00001C14 
               stack 1 = 00000000 ( 00000004 )
    -------------------------------------------------------------------------
CODE
  Segment part 275. NOT NEEDED.
    -------------------------------------------------------------------------
CODE
  Relative segment, address: CODE_AREA 00001C30 - 00001C63 (0x34 bytes), align: 2
  Segment part 276.
           ENTRY                   ADDRESS         REF BY
           =====                   =======         ======
           main                    00001C30        Absolute parts (?ABS_ENTRY_MOD)
               stack 1 = 00000000 ( 00000030 )
    -------------------------------------------------------------------------
CODE
  Segment part 277. NOT NEEDED.
    -------------------------------------------------------------------------
CODE
  Segment part 278. NOT NEEDED.Intra module refs   ElfKiller
    -------------------------------------------------------------------------
CSTACK
  Segment part 1. NOT NEEDED.
    -------------------------------------------------------------------------
DATA_ID
  Relative segment, address: CODE_AREA 00000000 - 000001DF (0x1e0 bytes), align: 2
  Segment part 37.            Intra module refs:   Segment part 36
    -------------------------------------------------------------------------
DATA_ID
  Segment part 45. NOT NEEDED.
    -------------------------------------------------------------------------
DATA_ID
  Relative segment, address: CODE_AREA 000001E0 - 000001E2 (0x3 bytes), align: 0
  Segment part 64.            Intra module refs:   per_d
    -------------------------------------------------------------------------
DATA_ID
  Segment part 66. NOT NEEDED.
    -------------------------------------------------------------------------
DATA_ID
  Segment part 70. NOT NEEDED.
    -------------------------------------------------------------------------
DATA_ID
  Segment part 74. NOT NEEDED.
    -------------------------------------------------------------------------
DATA_ID
  Segment part 76. NOT NEEDED.
    -------------------------------------------------------------------------
DATA_ID
  Segment part 78. NOT NEEDED.
    -------------------------------------------------------------------------
DATA_ID
  Segment part 80. NOT NEEDED.
    -------------------------------------------------------------------------
DATA_ID
  Segment part 86. NOT NEEDED.
    -------------------------------------------------------------------------
DATA_ID
  Segment part 279. NOT NEEDED.
           ENTRY                   ADDRESS         REF BY
           =====                   =======         ======
           ?*?DATA_ID              
    -------------------------------------------------------------------------
INITTAB
  Relative segment, address: CODE_AREA 00001E2C - 00001E37 (0xc bytes), align: 2
  Segment part 280. ROOT.
           ENTRY                   ADDRESS         REF BY
           =====                   =======         ======
           ?init?tab?DATA_I        00001E2C 
    -------------------------------------------------------------------------
INITTAB
  Relative segment, address: CODE_AREA 00001E38 - 00001E43 (0xc bytes), align: 2
  Segment part 281. ROOT.
           ENTRY                   ADDRESS         REF BY
           =====                   =======         ======
           ?init?tab?DATA_Z        00001E38 

    *************************************************************************

  FILE NAME : D:\Pasha\ARM_Embedded_Workbench\Embedded Workbench 4.0 Evaluation\ARM\LIB\dl5tpainl8n.r79
  LIBRARY MODULE, NAME : ?div_module

  SEGMENTS IN THE MODULE
  ======================
CODE
  Segment part 0. NOT NEEDED.
           ENTRY                   ADDRESS         REF BY
           =====                   =======         ======
           ??divu8_t               
    -------------------------------------------------------------------------
CODE
  Segment part 1. NOT NEEDED.
           ENTRY                   ADDRESS         REF BY
           =====                   =======         ======
           ??divu8_a               
    -------------------------------------------------------------------------
CODE
  Segment part 2. NOT NEEDED.
           ENTRY                   ADDRESS         REF BY
           =====                   =======         ======
           ??divu16_t              
    -------------------------------------------------------------------------
CODE
  Segment part 3. NOT NEEDED.
           ENTRY                   ADDRESS         REF BY
           =====                   =======         ======
           ??divu16_a              
    -------------------------------------------------------------------------
CODE
  Segment part 4. NOT NEEDED.
           ENTRY                   ADDRESS         REF BY
           =====                   =======         ======
           ??divu32_t              
    -------------------------------------------------------------------------
CODE
  Segment part 5. NOT NEEDED.
           ENTRY                   ADDRESS         REF BY
           =====                   =======         ======
           ??divu32_a              
    -------------------------------------------------------------------------
CODE
  Segment part 6. NOT NEEDED.
           ENTRY                   ADDRESS         REF BY
           =====                   =======         ======
           ??div8_t                
    -------------------------------------------------------------------------
CODE
  Segment part 7. NOT NEEDED.
           ENTRY                   ADDRESS         REF BY
           =====                   =======         ======
           ??div8_a                
    -------------------------------------------------------------------------
CODE
  Segment part 8. NOT NEEDED.
           ENTRY                   ADDRESS         REF BY
           =====                   =======         ======
           ??div16_t               
    -------------------------------------------------------------------------
CODE
  Segment part 9. NOT NEEDED.
           ENTRY                   ADDRESS         REF BY
           =====                   =======         ======
           ??div16_a               
    -------------------------------------------------------------------------
CODE
  Segment part 10. NOT NEEDED.
           ENTRY                   ADDRESS         REF BY
           =====                   =======         ======
           ??div32_t               
    -------------------------------------------------------------------------
CODE
  Segment part 11. NOT NEEDED.
           ENTRY                   ADDRESS         REF BY
           =====                   =======         ======
           ??div32_a               
    -------------------------------------------------------------------------
CODE
  Segment part 12. NOT NEEDED.




                ****************************************
                *                                      *
                *            MODULE SUMMARY            *
                *                                      *
                ****************************************

Module    CODE   DATA
------    ----   ----
         (Rel)  (Rel)
func         4
main    20 479    483
------  ------    ---
Total:  20 483    483


                ****************************************
                *                                      *
                *              CALL GRAPH              *
                *                                      *
                ****************************************

  ->Sub-tree of type: Indirectly called function tree that does not make
                    : indirect calls (Is not an interrupt and is not flagged
                    : as not overlayable)
                             CSTACK
    | Stack used (prev) :  00000000
  01  DrawContur_w
      | Stack used (prev) :  00000000
      | + function block  :  00000018
  <-Sub-tree of type: Indirectly called function tree that does not make
                    : indirect calls (Is not an interrupt and is not flagged
                    : as not overlayable)
    | Stack used          :  00000018


  ->Sub-tree of type: Indirectly called function tree that does not make
                    : indirect calls (Is not an interrupt and is not flagged
                    : as not overlayable)
                             CSTACK
    | Stack used (prev) :  00000000
  01  DrawPanel_w
      | Stack used (prev) :  00000000
      | + function block  :  0000002C
  <-Sub-tree of type: Indirectly called function tree that does not make
                    : indirect calls (Is not an interrupt and is not flagged
                    : as not overlayable)
    | Stack used          :  0000002C


  ->Sub-tree of type: Indirectly called function tree that does not make
                    : indirect calls (Is not an interrupt and is not flagged
                    : as not overlayable)
                             CSTACK
    | Stack used (prev) :  00000000
  01  DrawMenu
      | Stack used (prev) :  00000000
      | + function block  :  00000034
  <-Sub-tree of type: Indirectly called function tree that does not make
                    : indirect calls (Is not an interrupt and is not flagged
                    : as not overlayable)
    | Stack used          :  00000034


  ->Sub-tree of type: Indirectly called function tree that does not make
                    : indirect calls (Is not an interrupt and is not flagged
                    : as not overlayable)
                             CSTACK
    | Stack used (prev) :  00000000
  01  OnRedraw
      | Stack used (prev) :  00000000
      | + function block  :  00000008
  <-Sub-tree of type: Indirectly called function tree that does not make
                    : indirect calls (Is not an interrupt and is not flagged
                    : as not overlayable)
    | Stack used          :  00000008


  ->Sub-tree of type: Indirectly called function tree that does not make
                    : indirect calls (Is not an interrupt and is not flagged
                    : as not overlayable)
                             CSTACK
    | Stack used (prev) :  00000000
  01  onCreate
      | Stack used (prev) :  00000000
      | + function block  :  00000000
  <-Sub-tree of type: Indirectly called function tree that does not make
                    : indirect calls (Is not an interrupt and is not flagged
                    : as not overlayable)
    | Stack used          :  00000000


  ->Sub-tree of type: Indirectly called function tree that does not make
                    : indirect calls (Is not an interrupt and is not flagged
                    : as not overlayable)
                             CSTACK
    | Stack used (prev) :  00000000
  01  onClose
      | Stack used (prev) :  00000000
      | + function block  :  00000000
  <-Sub-tree of type: Indirectly called function tree that does not make
                    : indirect calls (Is not an interrupt and is not flagged
                    : as not overlayable)
    | Stack used          :  00000000


  ->Sub-tree of type: Indirectly called function tree that does not make
                    : indirect calls (Is not an interrupt and is not flagged
                    : as not overlayable)
                             CSTACK
    | Stack used (prev) :  00000000
  01  onFocus
      | Stack used (prev) :  00000000
      | + function block  :  00000004
  <-Sub-tree of type: Indirectly called function tree that does not make
                    : indirect calls (Is not an interrupt and is not flagged
                    : as not overlayable)
    | Stack used          :  00000004


  ->Sub-tree of type: Indirectly called function tree that does not make
                    : indirect calls (Is not an interrupt and is not flagged
                    : as not overlayable)
                             CSTACK
    | Stack used (prev) :  00000000
  01  onUnfocus
      | Stack used (prev) :  00000000
      | + function block  :  00000000
  <-Sub-tree of type: Indirectly called function tree that does not make
                    : indirect calls (Is not an interrupt and is not flagged
                    : as not overlayable)
    | Stack used          :  00000000


  ->Sub-tree of type: Indirectly called function tree that does not make
                    : indirect calls (Is not an interrupt and is not flagged
                    : as not overlayable)
                             CSTACK
    | Stack used (prev) :  00000000
  01  QuitCallbackProc
      | Stack used (prev) :  00000000
      | + function block  :  00000000
  <-Sub-tree of type: Indirectly called function tree that does not make
                    : indirect calls (Is not an interrupt and is not flagged
                    : as not overlayable)
    | Stack used          :  00000000


  ->Sub-tree of type: Indirectly called function tree that does not make
                    : indirect calls (Is not an interrupt and is not flagged
                    : as not overlayable)
                             CSTACK
    | Stack used (prev) :  00000000
  01  OnKey
      | Stack used (prev) :  00000000
      | + function block  :  00000028
  <-Sub-tree of type: Indirectly called function tree that does not make
                    : indirect calls (Is not an interrupt and is not flagged
                    : as not overlayable)
    | Stack used          :  00000028


  ->Sub-tree of type: Indirectly called function tree that does not make
                    : indirect calls (Is not an interrupt and is not flagged
                    : as not overlayable)
                             CSTACK
    | Stack used (prev) :  00000000
  01  method8
      | Stack used (prev) :  00000000
      | + function block  :  00000000
  <-Sub-tree of type: Indirectly called function tree that does not make
                    : indirect calls (Is not an interrupt and is not flagged
                    : as not overlayable)
    | Stack used          :  00000000


  ->Sub-tree of type: Indirectly called function tree that does not make
                    : indirect calls (Is not an interrupt and is not flagged
                    : as not overlayable)
                             CSTACK
    | Stack used (prev) :  00000000
  01  method9
      | Stack used (prev) :  00000000
      | + function block  :  00000000
  <-Sub-tree of type: Indirectly called function tree that does not make
                    : indirect calls (Is not an interrupt and is not flagged
                    : as not overlayable)
    | Stack used          :  00000000


  ->Sub-tree of type: Indirectly called function tree that does not make
                    : indirect calls (Is not an interrupt and is not flagged
                    : as not overlayable)
                             CSTACK
    | Stack used (prev) :  00000000
  01  maincsm_oncreate
      | Stack used (prev) :  00000000
      | + function block  :  00000010
  <-Sub-tree of type: Indirectly called function tree that does not make
                    : indirect calls (Is not an interrupt and is not flagged
                    : as not overlayable)
    | Stack used          :  00000010


  ->Sub-tree of type: Indirectly called function tree that does not make
                    : indirect calls (Is not an interrupt and is not flagged
                    : as not overlayable)
                             CSTACK
    | Stack used (prev) :  00000000
  01  ElfKiller
      | Stack used (prev) :  00000000
      | + function block  :  00000004
  <-Sub-tree of type: Indirectly called function tree that does not make
                    : indirect calls (Is not an interrupt and is not flagged
                    : as not overlayable)
    | Stack used          :  00000004


  ->Sub-tree of type: Indirectly called function tree that does not make
                    : indirect calls (Is not an interrupt and is not flagged
                    : as not overlayable)
                             CSTACK
    | Stack used (prev) :  00000000
  01  maincsm_onclose
      | Stack used (prev) :  00000000
      | + function block  :  00000008
  <-Sub-tree of type: Indirectly called function tree that does not make
                    : indirect calls (Is not an interrupt and is not flagged
                    : as not overlayable)
    | Stack used          :  00000008


  ->Sub-tree of type: Indirectly called function tree that does not make
                    : indirect calls (Is not an interrupt and is not flagged
                    : as not overlayable)
                             CSTACK
    | Stack used (prev) :  00000000
  01  maincsm_onmessage
      | Stack used (prev) :  00000000
      | + function block  :  00000000
  <-Sub-tree of type: Indirectly called function tree that does not make
                    : indirect calls (Is not an interrupt and is not flagged
                    : as not overlayable)
    | Stack used          :  00000000


  ->Sub-tree of type: Function tree
                             CSTACK
    | Stack used (prev) :  00000034
  01  start
      | Stack used (prev) :  00000034
      | + function block  :  0000000C
  <-Sub-tree of type: Function tree
    | Stack used          :  00000040


  ->Sub-tree of type: Function tree
                             CSTACK
    | Stack used (prev) :  00000040
  01  shortcut
      | Stack used (prev) :  00000040
      | + function block  :  00000004
  <-Sub-tree of type: Function tree
    | Stack used          :  00000044


  ->Sub-tree of type: Function tree
                             CSTACK
    | Stack used (prev) :  00000044
  01  DrawBG
      | Stack used (prev) :  00000044
      | + function block  :  00000028
  <-Sub-tree of type: Function tree
    | Stack used          :  0000006C


  ->Sub-tree of type: Function tree
                             CSTACK
    | Stack used (prev) :  0000006C
  01  DrawNetStd
      | Stack used (prev) :  0000006C
      | + function block  :  0000000C
  <-Sub-tree of type: Function tree
    | Stack used          :  00000078


  ->Sub-tree of type: Function tree
                             CSTACK
    | Stack used (prev) :  00000078
  01  DrawNetDb
      | Stack used (prev) :  00000078
      | + function block  :  00000028
  <-Sub-tree of type: Function tree
    | Stack used          :  000000A0


  ->Sub-tree of type: Function tree
                             CSTACK
    | Stack used (prev) :  000000A0
  01  DrawNetExt
      | Stack used (prev) :  000000A0
      | + function block  :  00000018
  <-Sub-tree of type: Function tree
    | Stack used          :  000000B8


  ->Sub-tree of type: Function tree
                             CSTACK
    | Stack used (prev) :  000000B8
  01  DrawBattCap
      | Stack used (prev) :  000000B8
      | + function block  :  00000028
  <-Sub-tree of type: Function tree
    | Stack used          :  000000E0


  ->Sub-tree of type: Function tree
                             CSTACK
    | Stack used (prev) :  000000E0
  01  DrawBattVolt
      | Stack used (prev) :  000000E0
      | + function block  :  00000028
  <-Sub-tree of type: Function tree
    | Stack used          :  00000108


  ->Sub-tree of type: Function tree
                             CSTACK
    | Stack used (prev) :  00000108
  01  DrawClock
      | Stack used (prev) :  00000108
      | + function block  :  00000040
  <-Sub-tree of type: Function tree
    | Stack used          :  00000148


  ->Sub-tree of type: Function tree
                             CSTACK
    | Stack used (prev) :  00000148
  01  DrawDialogs
      | Stack used (prev) :  00000148
      | + function block  :  0000002C
  <-Sub-tree of type: Function tree
    | Stack used          :  00000174


  ->Sub-tree of type: Function tree
                             CSTACK
    | Stack used (prev) :  00000174
  01  DrawFreeRam
      | Stack used (prev) :  00000174
      | + function block  :  00000028
  <-Sub-tree of type: Function tree
    | Stack used          :  0000019C


  ->Sub-tree of type: Function tree
                             CSTACK
    | Stack used (prev) :  0000019C
  01  DrawCross
      | Stack used (prev) :  0000019C
      | + function block  :  00000030
  <-Sub-tree of type: Function tree
    | Stack used          :  000001CC


  ->Sub-tree of type: Function tree
                             CSTACK
    | Stack used (prev) :  000001CC
  01  DrawName
      | Stack used (prev) :  000001CC
      | + function block  :  00000028
  <-Sub-tree of type: Function tree
    | Stack used          :  000001F4


  ->Sub-tree of type: Function tree
                             CSTACK
    | Stack used (prev) :  000001F4
  01  DrawNameContr
      | Stack used (prev) :  000001F4
      | + function block  :  00000004
  <-Sub-tree of type: Function tree
    | Stack used          :  000001F8


  ->Sub-tree of type: Function tree
                             CSTACK
    | Stack used (prev) :  000001F8
  01  StartFilePanel_w
      | Stack used (prev) :  000001F8
      | + function block  :  00000010
  <-Sub-tree of type: Function tree
    | Stack used          :  00000208


  ->Sub-tree of type: Function tree
                             CSTACK
    | Stack used (prev) :  00000208
  01  DrawNameMenu
      | Stack used (prev) :  00000208
      | + function block  :  00000020
  <-Sub-tree of type: Function tree
    | Stack used          :  00000228


  ->Sub-tree of type: Function tree
                             CSTACK
    | Stack used (prev) :  00000228
  01  StartFileMenu
      | Stack used (prev) :  00000228
      | + function block  :  00000004
  <-Sub-tree of type: Function tree
    | Stack used          :  0000022C


  ->Sub-tree of type: Function tree
                             CSTACK
    | Stack used (prev) :  0000022C
  01  DrawStrInt
      | Stack used (prev) :  0000022C
      | + function block  :  00000028
  <-Sub-tree of type: Function tree
    | Stack used          :  00000254


  ->Sub-tree of type: Function tree
                             CSTACK
    | Stack used (prev) :  00000254
  01  DrawStrChar
      | Stack used (prev) :  00000254
      | + function block  :  00000028
  <-Sub-tree of type: Function tree
    | Stack used          :  0000027C


  ->Sub-tree of type: Function tree
                             CSTACK
    | Stack used (prev) :  0000027C
  01  DrawWorkDesc
      | Stack used (prev) :  0000027C
      | + function block  :  00000008
  <-Sub-tree of type: Function tree
    | Stack used          :  00000284


  ->Sub-tree of type: Function tree
                             CSTACK
    | Stack used (prev) :  00000284
  01  SaveNamePanel
      | Stack used (prev) :  00000284
      | + function block  :  00000000
  <-Sub-tree of type: Function tree
    | Stack used          :  00000284


  ->Sub-tree of type: Function tree
                             CSTACK
    | Stack used (prev) :  00000284
  01  SaveNameMENU
      | Stack used (prev) :  00000284
      | + function block  :  00000000
  <-Sub-tree of type: Function tree
    | Stack used          :  00000284


  ->Sub-tree of type: Function tree
                             CSTACK
    | Stack used (prev) :  00000284
  01  DrawIconBar
      | Stack used (prev) :  00000284
      | + function block  :  0000000C
  <-Sub-tree of type: Function tree
    | Stack used          :  00000290


  ->Sub-tree of type: Function tree
                             CSTACK
    | Stack used (prev) :  00000290
  01  UpdateCSMname
      | Stack used (prev) :  00000290
      | + function block  :  00000004
  <-Sub-tree of type: Function tree
    | Stack used          :  00000294


  ->Sub-tree of type: Function tree
                             CSTACK
    | Stack used (prev) :  00000294
  01  main
      | Stack used (prev) :  00000294
      | + function block  :  00000030
  <-Sub-tree of type: Function tree
    | Stack used          :  000002C4




                ****************************************
                *                                      *
                *      SEGMENTS IN ADDRESS ORDER       *
                *                                      *
                ****************************************


SEGMENT              SPACE    START ADDRESS   END ADDRESS     SIZE  TYPE  ALIGN
=======              =====    =============   ===========     ====  ====  =====
ELFBEGIN             CODE_AREA           00000000                     rel    0
DATA_ID              CODE_AREA      00000000 - 000001E2         1E3   rel    2
START                CODE_AREA           000001E3                     dse    0
CODE                 CODE_AREA      000001E4 - 00001C63        1A80   rel    2
DATA_C               CODE_AREA      00001C64 - 00001E2B         1C8   rel    2
INITTAB              CODE_AREA      00001E2C - 00001E43          18   rel    2
DATA_Z               CODE_AREA      00001E44 - 00005003        31C0   rel    2
DATA_I               DATA_AREA      00000000 - 000001E2         1E3   rel    2

                ****************************************
                *                                      *
                *        END OF CROSS REFERENCE        *
                *                                      *
                ****************************************

 20 483 bytes of CODE memory
    483 bytes of DATA memory

Errors: none
Warnings: none

