################################################################################
#                                                                              #
#      IAR Universal Linker V4.60E/386                                         #
#                                                                              #
#           Link time     =  13/Jun/2007  09:44:05                             #
#           Target CPU    =  ARM                                               #
#           List file     =  E:\PCMHOOK_PORTSL65\PCM_SRC\Other\S65v58\List\pcm #
#                            _hook.map                                         #
#           Output file 1 =  E:\PCMHOOK_PORTSL65\PCM_SRC\VKP\S65v58\pcm_hook.e #
#                            lf                                                #
#                            Format: elf, variant: -yas                        #
#           Command line  =  E:\PCMHOOK_PORTSL65\PCM_SRC\Other\S65v58\Obj\pcm_ #
#                            hook.r79                                          #
#                            -o                                                #
#                            E:\PCMHOOK_PORTSL65\PCM_SRC\VKP\S65v58\pcm_hook.e #
#                            lf                                                #
#                            -Felf -yas -l                                     #
#                            E:\PCMHOOK_PORTSL65\PCM_SRC\Other\S65v58\List\pcm #
#                            _hook.map                                         #
#                            -xmsi                                             #
#                            "-IE:\Проги\Телефон\ELF Компилятор\ARM\LIB\" -f   #
#                            E:\PCMHOOK_PORTSL65\PCM_SRC\config\S65v58.xcl     #
#                            (-carm                                            #
#                            -Z(CODE)START,CODE,PATCH_BODY=A0D26920-A0D26F00   #
#                            -Z(CODE)PATCH_VREZKA_01=A11AAC5C-FFFFFFFF         #
#                            -Z(CODE)PATCH_VREZKA_02=A11A7194-FFFFFFFF         #
#                            -Z(CODE)PATCH_VREZKA_03=A118CDB4-FFFFFFFF         #
#                            -Z(CODE)PATCH_VREZKA_04=A118D388-FFFFFFFF         #
#                            -Z(CODE)PATCH_VREZKA_05=A11A720C-FFFFFFFF         #
#                            -Z(CODE)PATCH_VREZKA_06=A1259ACC-FFFFFFFF         #
#                            -Z(CODE)PATCH_VREZKA_07=A11AA70C-FFFFFFFF         #
#                            -Z(CODE)PATCH_VREZKA_08=A11AA880-FFFFFFFF         #
#                            -Z(CODE)PATCH_VREZKA_09=A11AACB4-FFFFFFFF         #
#                            -Z(CODE)PATCH_VREZKA_10=A11AA868-FFFFFFFF         #
#                            -Z(CODE)PATCH_VREZKA_11=A12591EC-FFFFFFFF         #
#                            -Z(CODE)PATCH_VREZKA_12=A1259984-FFFFFFFF         #
#                            -Z(CODE)PATCH_VREZKA_13=A1259DB8-FFFFFFFF         #
#                            -Z(CODE)PATCH_VREZKA_14=A125993C-FFFFFFFF         #
#                            -Z(CODE)PATCH_JUMP_01=A1259AF8-FFFFFFFF           #
#                            -Z(CODE)PATCH_JUMP_02=A11AACF8-FFFFFFFF           #
#                            -Z(CODE)PATCH_JUMP_03=A1259214-FFFFFFFF           #
#                            -Z(CODE)PATCH_JUMP_04=A12599BC-FFFFFFFF)          #
#                                                                              #
#                        Copyright 1987-2006 IAR Systems. All rights reserved. #
################################################################################





                ****************************************
                *                                      *
                *           CROSS REFERENCE            *
                *                                      *
                ****************************************

                  There are no program entries.




                ****************************************
                *                                      *
                *              MODULE MAP              *
                *                                      *
                ****************************************


  DEFINED ABSOLUTE ENTRIES
    *************************************************************************

  FILE NAME : E:\PCMHOOK_PORTSL65\PCM_SRC\Other\S65v58\Obj\pcm_hook.r79
  PROGRAM MODULE, NAME : pcm_hook

  SEGMENTS IN THE MODULE
  ======================
PATCH_VREZKA_01
  Relative segment, address: A11AAC5C - A11AAC6F (0x14 bytes), align: 2
  Segment part 0. ROOT.
    -------------------------------------------------------------------------
PATCH_VREZKA_02
  Relative segment, address: A11A7194 - A11A719F (0xc bytes), align: 2
  Segment part 1. ROOT.
    -------------------------------------------------------------------------
PATCH_VREZKA_03
  Relative segment, address: A118CDB4 - A118CDCF (0x1c bytes), align: 2
  Segment part 2. ROOT.
    -------------------------------------------------------------------------
PATCH_VREZKA_04
  Relative segment, address: A118D388 - A118D38B (0x4 bytes), align: 2
  Segment part 3. ROOT.
    -------------------------------------------------------------------------
PATCH_VREZKA_05
  Relative segment, address: A11A720C - A11A7213 (0x8 bytes), align: 2
  Segment part 4. ROOT.
    -------------------------------------------------------------------------
PATCH_VREZKA_06
  Relative segment, address: A1259ACC - A1259AEF (0x24 bytes), align: 2
  Segment part 5. ROOT.
    -------------------------------------------------------------------------
PATCH_VREZKA_07
  Relative segment, address: A11AA70C - A11AA72F (0x24 bytes), align: 2
  Segment part 6. ROOT.
    -------------------------------------------------------------------------
PATCH_VREZKA_08
  Relative segment, address: A11AA880 - A11AA883 (0x4 bytes), align: 2
  Segment part 7. ROOT.
    -------------------------------------------------------------------------
PATCH_VREZKA_09
  Relative segment, address: A11AACB4 - A11AACD7 (0x24 bytes), align: 2
  Segment part 8. ROOT.
    -------------------------------------------------------------------------
PATCH_VREZKA_10
  Relative segment, address: A11AA868 - A11AA86B (0x4 bytes), align: 2
  Segment part 9. ROOT.       Intra module refs:   Segment part 18
    -------------------------------------------------------------------------
PATCH_VREZKA_11
  Relative segment, address: A12591EC - A125920F (0x24 bytes), align: 2
  Segment part 10. ROOT.
    -------------------------------------------------------------------------
PATCH_VREZKA_12
  Relative segment, address: A1259984 - A1259987 (0x4 bytes), align: 2
  Segment part 11. ROOT.
    -------------------------------------------------------------------------
PATCH_VREZKA_13
  Relative segment, address: A1259DB8 - A1259DBB (0x4 bytes), align: 2
  Segment part 12. ROOT.
    -------------------------------------------------------------------------
PATCH_VREZKA_14
  Relative segment, address: A125993C - A1259963 (0x28 bytes), align: 2
  Segment part 13. ROOT.      Intra module refs:   Segment part 11
    -------------------------------------------------------------------------
PATCH_JUMP_01
  Relative segment, address: A1259AF8, align: 2
  Segment part 14. ROOT.      Intra module refs:   Segment part 5
    -------------------------------------------------------------------------
PATCH_JUMP_02
  Relative segment, address: A11AACF8, align: 2
  Segment part 15. ROOT.      Intra module refs:   Segment part 8
    -------------------------------------------------------------------------
PATCH_JUMP_03
  Relative segment, address: A1259214, align: 2
  Segment part 16. ROOT.      Intra module refs:   Segment part 10
    -------------------------------------------------------------------------
PATCH_JUMP_04
  Relative segment, address: A12599BC, align: 2
  Segment part 17. ROOT.      Intra module refs:   Segment part 13
    -------------------------------------------------------------------------
PATCH_BODY
  Relative segment, address: A0D26920 - A0D26C5B (0x33c bytes), align: 2
  Segment part 18. ROOT.      Intra module refs:   Segment part 0
                                                   Segment part 1
                                                   Segment part 4
                                                   Segment part 8
                                                   Segment part 9




                ****************************************
                *                                      *
                *      SEGMENTS IN ADDRESS ORDER       *
                *                                      *
                ****************************************


SEGMENT              SPACE    START ADDRESS   END ADDRESS     SIZE  TYPE  ALIGN
=======              =====    =============   ===========     ====  ====  =====
CODE                                    A0D26920                     dse    0
START                                   A0D26920                     dse    0
PATCH_BODY                         A0D26920 - A0D26C5B         33C   rel    2
PATCH_VREZKA_03                    A118CDB4 - A118CDCF          1C   rel    2
PATCH_VREZKA_04                    A118D388 - A118D38B           4   rel    2
PATCH_VREZKA_02                    A11A7194 - A11A719F           C   rel    2
PATCH_VREZKA_05                    A11A720C - A11A7213           8   rel    2
PATCH_VREZKA_07                    A11AA70C - A11AA72F          24   rel    2
PATCH_VREZKA_10                    A11AA868 - A11AA86B           4   rel    2
PATCH_VREZKA_08                    A11AA880 - A11AA883           4   rel    2
PATCH_VREZKA_01                    A11AAC5C - A11AAC6F          14   rel    2
PATCH_VREZKA_09                    A11AACB4 - A11AACD7          24   rel    2
PATCH_JUMP_02                           A11AACF8                     rel    2
PATCH_VREZKA_11                    A12591EC - A125920F          24   rel    2
PATCH_JUMP_03                           A1259214                     rel    2
PATCH_VREZKA_14                    A125993C - A1259963          28   rel    2
PATCH_VREZKA_12                    A1259984 - A1259987           4   rel    2
PATCH_JUMP_04                           A12599BC                     rel    2
PATCH_VREZKA_06                    A1259ACC - A1259AEF          24   rel    2
PATCH_JUMP_01                           A1259AF8                     rel    2
PATCH_VREZKA_13                    A1259DB8 - A1259DBB           4   rel    2

                ****************************************
                *                                      *
                *        END OF CROSS REFERENCE        *
                *                                      *
                ****************************************

 1 100 bytes of CODE memory

Errors: none
Warnings: none

