################################################################################
#                                                                              #
#      IAR Universal Linker V4.60E/386                                         #
#                                                                              #
#           Link time     =  12/Feb/2008  16:31:19                             #
#           Target CPU    =  ARM                                               #
#           List file     =  D:\Pasha\elf\_MY_PROJECT\MNUEdit\Release_EN\List\ #
#                            MNUEdit_sgold_EN.map                              #
#           Output file 1 =  D:\Pasha\elf\_MY_PROJECT\MNUEdit\Release_EN\Exe\M #
#                            NUEdit_sgold_EN.elf                               #
#                            Format: elf, variant: -ynpra                      #
#           Command line  =  D:\Pasha\elf\_MY_PROJECT\MNUEdit\Release_EN\Obj\c #
#                            onf_loader.r79                                    #
#                            D:\Pasha\elf\_MY_PROJECT\MNUEdit\Release_EN\Obj\c #
#                            onfig_data.r79                                    #
#                            D:\Pasha\elf\_MY_PROJECT\MNUEdit\Release_EN\Obj\f #
#                            ileman.r79                                        #
#                            D:\Pasha\elf\_MY_PROJECT\MNUEdit\Release_EN\Obj\m #
#                            ain.r79                                           #
#                            D:\Pasha\elf\_MY_PROJECT\MNUEdit\Release_EN\Obj\m #
#                            enu.r79                                           #
#                            D:\Pasha\elf\_MY_PROJECT\MNUEdit\Release_EN\Obj\s #
#                            hortcuts_menu.r79                                 #
#                            -o                                                #
#                            D:\Pasha\elf\_MY_PROJECT\MNUEdit\Release_EN\Exe\M #
#                            NUEdit_sgold_EN.elf                               #
#                            -Felf -l                                          #
#                            D:\Pasha\elf\_MY_PROJECT\MNUEdit\Release_EN\List\ #
#                            MNUEdit_sgold_EN.map                              #
#                            -xmsnio -f D:\Pasha\elf\test.xcl (-carm           #
#                            -V(CODE)CODE_AREA,12 -V(DATA)DATA_AREA,12         #
#                            -Z(CODE_AREA)ELFBEGIN,DATA_ID,START,CODE,DATA_C,I #
#                            NITTAB,DATA_Z,DATA_N,CONFIG_C=0-FFFFFFFF          #
#                            -Z(DATA_AREA)DATA_I=0-FFFFFFFF) -ynpra -s main    #
#                                                                              #
#                        Copyright 1987-2006 IAR Systems. All rights reserved. #
################################################################################





                ****************************************
                *                                      *
                *           CROSS REFERENCE            *
                *                                      *
                ****************************************

       Program entry at : CODE_AREA 000012C4  Relocatable, from module : main




                ****************************************
                *                                      *
                *            RUNTIME MODEL             *
                *                                      *
                ****************************************

  StackAlign4  = USED
  __cpu_mode   = __pcs__interwork
  __data_model = absolute
  __endian     = little
  __rt_version = 6



                ****************************************
                *                                      *
                *              MODULE MAP              *
                *                                      *
                ****************************************


  DEFINED ABSOLUTE ENTRIES
    *************************************************************************

  DEFINED ABSOLUTE ENTRIES
    *************************************************************************

  FILE NAME : D:\Pasha\elf\_MY_PROJECT\MNUEdit\Release_EN\Obj\conf_loader.r79
  PROGRAM MODULE, NAME : conf_loader

  SEGMENTS IN THE MODULE
  ======================
DATA_I
  Relative segment, address: DATA_AREA 00000000 - 00000003 (0x4 bytes), align: 2
  Segment part 4.             Intra module refs:   LoadConfigData
           ENTRY                   ADDRESS         REF BY
           =====                   =======         ======
           successed_config_filename
                                   00000000 
    -------------------------------------------------------------------------
CODE
  Segment part 6. NOT NEEDED.
    -------------------------------------------------------------------------
CODE
  Relative segment, address: CODE_AREA 00000320 - 0000044B (0x12c bytes), align: 2
  Segment part 7.             Intra module refs:   InitConfig
           ENTRY                   ADDRESS         REF BY
           =====                   =======         ======
           LoadConfigData          00000320 
               stack 1 = 00000000 ( 00000030 )
    -------------------------------------------------------------------------
CODE
  Segment part 8. NOT NEEDED.
    -------------------------------------------------------------------------
CODE
  Relative segment, address: CODE_AREA 0000044C - 00000473 (0x28 bytes), align: 2
  Segment part 9.
           ENTRY                   ADDRESS         REF BY
           =====                   =======         ======
           InitConfig              0000044C        main (main)
               stack 1 = 00000000 ( 00000008 )
    -------------------------------------------------------------------------
CSTACK
  Segment part 1. NOT NEEDED.
    -------------------------------------------------------------------------
DATA_ID
  Relative segment, address: CODE_AREA 00000000 - 00000003 (0x4 bytes), align: 2
  Segment part 5.             Intra module refs:   successed_config_filename
    -------------------------------------------------------------------------
DATA_ID
  Segment part 10. NOT NEEDED.
           ENTRY                   ADDRESS         REF BY
           =====                   =======         ======
           ?*?DATA_ID              
    -------------------------------------------------------------------------
INITTAB
  Relative segment, address: CODE_AREA 0000296C - 00002977 (0xc bytes), align: 2
  Segment part 11. ROOT.
           ENTRY                   ADDRESS         REF BY
           =====                   =======         ======
           ?init?tab?DATA_I        0000296C 
    -------------------------------------------------------------------------
CONFIG_C
  Segment part 12. NOT NEEDED.
    -------------------------------------------------------------------------
DATA_C
  Relative segment, address: CODE_AREA 00002968 - 00002968 (0x1 bytes), align: 0
  Segment part 2.             Intra module refs:   Segment part 5
    -------------------------------------------------------------------------
DATA_C
  Relative segment, address: CODE_AREA 00002340 - 00002377 (0x38 bytes), align: 2
  Segment part 3.             Intra module refs:   InitConfig

    *************************************************************************

  FILE NAME : D:\Pasha\elf\_MY_PROJECT\MNUEdit\Release_EN\Obj\config_data.r79
  PROGRAM MODULE, NAME : config_data

  SEGMENTS IN THE MODULE
  ======================
CONFIG_C
  Relative segment, address: CODE_AREA 00002AAC - 00002AD7 (0x2c bytes), align: 2
  Segment part 2. ROOT.
           ENTRY                   ADDRESS         REF BY
           =====                   =======         ======
           cfghdr0                 00002AAC        LoadConfigData (conf_loader)
    -------------------------------------------------------------------------
CONFIG_C
  Relative segment, address: CODE_AREA 00002AD8 - 00002B57 (0x80 bytes), align: 2
  Segment part 3. ROOT.
           ENTRY                   ADDRESS         REF BY
           =====                   =======         ======
           smenu_path              00002AD8        bm_menu_iconhnd (main)
    -------------------------------------------------------------------------
CONFIG_C
  Relative segment, address: CODE_AREA 00002B58 - 00002B83 (0x2c bytes), align: 2
  Segment part 4. ROOT.
           ENTRY                   ADDRESS         REF BY
           =====                   =======         ======
           cfghdr1                 00002B58 
    -------------------------------------------------------------------------
CONFIG_C
  Relative segment, address: CODE_AREA 00002B84 - 00002C03 (0x80 bytes), align: 2
  Segment part 5. ROOT.
           ENTRY                   ADDRESS         REF BY
           =====                   =======         ======
           SHORTCUTS_FILE          00002B84        LoadLines (shortcuts_menu)
    -------------------------------------------------------------------------
CSTACK
  Segment part 1. NOT NEEDED.

    *************************************************************************

  FILE NAME : D:\Pasha\elf\_MY_PROJECT\MNUEdit\Release_EN\Obj\fileman.r79
  PROGRAM MODULE, NAME : fileman

  SEGMENTS IN THE MODULE
  ======================
DATA_Z
  Relative segment, address: CODE_AREA 00002984 - 00002987 (0x4 bytes), align: 2
  Segment part 14.            Intra module refs:   Segment part 38
           ENTRY                   ADDRESS         REF BY
           =====                   =======         ======
           fltop                   00002984 
    -------------------------------------------------------------------------
CODE
  Segment part 24. NOT NEEDED.
    -------------------------------------------------------------------------
CODE
  Relative segment, address: CODE_AREA 00000474 - 000004C7 (0x54 bytes), align: 2
  Segment part 25.            Intra module refs:   CreateRootMenu
                                                   FindFiles
                                                   filelist_menu_ghook
           ENTRY                   ADDRESS         REF BY
           =====                   =======         ======
           Free_FLIST              00000474 
               stack 1 = 00000000 ( 00000010 )
    -------------------------------------------------------------------------
CODE
  Segment part 26. NOT NEEDED.
    -------------------------------------------------------------------------
DATA_C
  Relative segment, address: CODE_AREA 00002378 - 0000237F (0x8 bytes), align: 2
  Segment part 2.             Intra module refs:   Segment part 19
    -------------------------------------------------------------------------
DATA_C
  Relative segment, address: CODE_AREA 00002380 - 00002387 (0x8 bytes), align: 2
  Segment part 3.             Intra module refs:   Segment part 19
    -------------------------------------------------------------------------
DATA_C
  Relative segment, address: CODE_AREA 00002969 - 0000296A (0x2 bytes), align: 0
  Segment part 4.             Intra module refs:   Segment part 19
    -------------------------------------------------------------------------
DATA_C
  Segment part 5. NOT NEEDED.
    -------------------------------------------------------------------------
DATA_C
  Relative segment, address: CODE_AREA 00002388 - 00002393 (0xc bytes), align: 2
  Segment part 6.             Intra module refs:   Segment part 45
           ENTRY                   ADDRESS         REF BY
           =====                   =======         ======
           back                    00002388 
    -------------------------------------------------------------------------
DATA_C
  Segment part 7. NOT NEEDED.
    -------------------------------------------------------------------------
DATA_C
  Relative segment, address: CODE_AREA 00002394 - 0000239B (0x8 bytes), align: 2
  Segment part 8.             Intra module refs:   filelist_menu_iconhndl
    -------------------------------------------------------------------------
DATA_C
  Segment part 9. NOT NEEDED.
    -------------------------------------------------------------------------
DATA_C
  Segment part 10. NOT NEEDED.
    -------------------------------------------------------------------------
DATA_C
  Segment part 11. NOT NEEDED.
    -------------------------------------------------------------------------
DATA_C
  Segment part 12. NOT NEEDED.
    -------------------------------------------------------------------------
DATA_C
  Relative segment, address: CODE_AREA 0000239C - 000023A3 (0x8 bytes), align: 2
  Segment part 13.            Intra module refs:   CreateRootMenu
    -------------------------------------------------------------------------
CODE
  Relative segment, address: CODE_AREA 000004C8 - 000004E7 (0x20 bytes), align: 2
  Segment part 27.            Intra module refs:   filelist_menu_onkey
                                                   open_fm
           ENTRY                   ADDRESS         REF BY
           =====                   =======         ======
           GetFListN               000004C8 
    -------------------------------------------------------------------------
CODE
  Segment part 28. NOT NEEDED.
    -------------------------------------------------------------------------
CODE
  Relative segment, address: CODE_AREA 000004E8 - 0000051B (0x34 bytes), align: 2
  Segment part 29.            Intra module refs:   FindFiles
           ENTRY                   ADDRESS         REF BY
           =====                   =======         ======
           GetFoldersLevel         000004E8 
    -------------------------------------------------------------------------
CODE
  Segment part 30. NOT NEEDED.
    -------------------------------------------------------------------------
CODE
  Relative segment, address: CODE_AREA 0000051C - 0000054B (0x30 bytes), align: 2
  Segment part 31.            Intra module refs:   AddToFList
           ENTRY                   ADDRESS         REF BY
           =====                   =======         ======
           strcmp_nocase           0000051C 
    -------------------------------------------------------------------------
CODE
  Segment part 32. NOT NEEDED.
    -------------------------------------------------------------------------
CODE
  Relative segment, address: CODE_AREA 0000054C - 000005F3 (0xa8 bytes), align: 2
  Segment part 33.            Intra module refs:   CreateRootMenu
                                                   FindFiles
           ENTRY                   ADDRESS         REF BY
           =====                   =======         ======
           AddToFList              0000054C 
               stack 1 = 00000000 ( 00000014 )
    -------------------------------------------------------------------------
CODE
  Segment part 34. NOT NEEDED.
    -------------------------------------------------------------------------
CODE
  Relative segment, address: CODE_AREA 000005F4 - 0000074B (0x158 bytes), align: 2
  Segment part 35.            Intra module refs:   filelist_menu_onkey
           ENTRY                   ADDRESS         REF BY
           =====                   =======         ======
           FindFiles               000005F4 
               stack 1 = 00000000 ( 00000348 )
    -------------------------------------------------------------------------
CODE
  Segment part 36. NOT NEEDED.
    -------------------------------------------------------------------------
CODE
  Relative segment, address: CODE_AREA 0000074C - 0000078F (0x44 bytes), align: 2
  Segment part 37.            Intra module refs:   FindFLISTtByN
           ENTRY                   ADDRESS         REF BY
           =====                   =======         ======
           FindFLISTtByNS          0000074C 
    -------------------------------------------------------------------------
CODE
  Relative segment, address: CODE_AREA 00000790 - 00000793 (0x4 bytes), align: 2
  Segment part 38.            Intra module refs:   AddToFList
                                                   FindFLISTtByNS
                                                   Free_FLIST
                                                   GetFListN
    -------------------------------------------------------------------------
CODE
  Segment part 39. NOT NEEDED.
    -------------------------------------------------------------------------
CODE
  Relative segment, address: CODE_AREA 00000794 - 000007C7 (0x34 bytes), align: 2
  Segment part 40.            Intra module refs:   filelist_menu_iconhndl
                                                   filelist_menu_onkey
           ENTRY                   ADDRESS         REF BY
           =====                   =======         ======
           FindFLISTtByN           00000794 
               stack 1 = 00000000 ( 00000008 )
    -------------------------------------------------------------------------
CODE
  Segment part 41. NOT NEEDED.
    -------------------------------------------------------------------------
DATA_C
  Segment part 15. NOT NEEDED.
           ENTRY                   ADDRESS         REF BY
           =====                   =======         ======
           perc_t                  
    -------------------------------------------------------------------------
CODE
  Relative segment, address: CODE_AREA 000007C8 - 00000813 (0x4c bytes), align: 2
  Segment part 42.            Intra module refs:   filelist_menu_onkey
           ENTRY                   ADDRESS         REF BY
           =====                   =======         ======
           SavePath                000007C8 
               stack 1 = 00000000 ( 0000003C )
    -------------------------------------------------------------------------
CODE
  Segment part 43. NOT NEEDED.
    -------------------------------------------------------------------------
CODE
  Relative segment, address: CODE_AREA 00000814 - 0000091B (0x108 bytes), align: 2
  Segment part 44.            Intra module refs:   Segment part 23
           ENTRY                   ADDRESS         REF BY
           =====                   =======         ======
           filelist_menu_onkey     00000814 
               stack 1 = 00000000 ( 00000014 )
    -------------------------------------------------------------------------
CODE
  Relative segment, address: CODE_AREA 0000091C - 0000091F (0x4 bytes), align: 2
  Segment part 45.            Intra module refs:   FindFiles
                                                   filelist_menu_onkey
    -------------------------------------------------------------------------
CODE
  Segment part 46. NOT NEEDED.
    -------------------------------------------------------------------------
CODE
  Relative segment, address: CODE_AREA 00000920 - 00000947 (0x28 bytes), align: 2
  Segment part 47.            Intra module refs:   Segment part 23
           ENTRY                   ADDRESS         REF BY
           =====                   =======         ======
           filelist_menu_ghook     00000920 
               stack 1 = 00000000 ( 0000000C )
    -------------------------------------------------------------------------
CODE
  Segment part 48. NOT NEEDED.
    -------------------------------------------------------------------------
CODE
  Relative segment, address: CODE_AREA 00000948 - 00000A07 (0xc0 bytes), align: 2
  Segment part 49.            Intra module refs:   Segment part 23
           ENTRY                   ADDRESS         REF BY
           =====                   =======         ======
           filelist_menu_iconhndl
                                   00000948 
               stack 1 = 00000000 ( 0000001C )
    -------------------------------------------------------------------------
CODE
  Segment part 50. NOT NEEDED.
    -------------------------------------------------------------------------
DATA_I
  Relative segment, address: DATA_AREA 00000004 - 0000000F (0xc bytes), align: 2
  Segment part 16.            Intra module refs:   Segment part 23
           ENTRY                   ADDRESS         REF BY
           =====                   =======         ======
           fmenusoftkeys           00000004 
    -------------------------------------------------------------------------
DATA_I
  Relative segment, address: DATA_AREA 00000010 - 00000027 (0x18 bytes), align: 2
  Segment part 18.            Intra module refs:   Segment part 21
           ENTRY                   ADDRESS         REF BY
           =====                   =======         ======
           fmenu_sk                00000010 
    -------------------------------------------------------------------------
DATA_I
  Relative segment, address: DATA_AREA 00000028 - 0000002F (0x8 bytes), align: 2
  Segment part 20.            Intra module refs:   Segment part 23
           ENTRY                   ADDRESS         REF BY
           =====                   =======         ======
           fmenu_skt               00000028 
    -------------------------------------------------------------------------
DATA_I
  Relative segment, address: DATA_AREA 00000030 - 000000EF (0xc0 bytes), align: 2
  Segment part 22.            Intra module refs:   CreateRootMenu
                                                   Segment part 23
                                                   Segment part 56
                                                   filelist_menu_onkey
           ENTRY                   ADDRESS         REF BY
           =====                   =======         ======
           filelist_HDR            00000030 
           filelist_STRUCT         000000C4 
           header                  00000044 
    -------------------------------------------------------------------------
CODE
  Relative segment, address: CODE_AREA 00000A08 - 00000A77 (0x70 bytes), align: 2
  Segment part 51.            Intra module refs:   filelist_menu_onkey
                                                   open_fm
           ENTRY                   ADDRESS         REF BY
           =====                   =======         ======
           CreateRootMenu          00000A08        on_utf8ec (main)
               stack 1 = 00000000 ( 00000004 )
    -------------------------------------------------------------------------
CODE
  Segment part 52. NOT NEEDED.
    -------------------------------------------------------------------------
CODE
  Relative segment, address: CODE_AREA 00000A78 - 00000B6F (0xf8 bytes), align: 2
  Segment part 53.
           ENTRY                   ADDRESS         REF BY
           =====                   =======         ======
           open_fm                 00000A78        on_utf8ec (main)
               stack 1 = 00000000 ( 000000D4 )
    -------------------------------------------------------------------------
CODE
  Segment part 54. NOT NEEDED.
    -------------------------------------------------------------------------
CODE
  Segment part 55. NOT NEEDED.
           ENTRY                   ADDRESS         REF BY
           =====                   =======         ======
           open_file               
               not allocated function
    -------------------------------------------------------------------------
CODE
  Relative segment, address: CODE_AREA 00000B70 - 00000B73 (0x4 bytes), align: 2
  Segment part 56.            Intra module refs:   open_fm
    -------------------------------------------------------------------------
CSTACK
  Segment part 1. NOT NEEDED.
    -------------------------------------------------------------------------
DATA_ID
  Relative segment, address: CODE_AREA 00000004 - 0000000F (0xc bytes), align: 2
  Segment part 17.            Intra module refs:   fmenusoftkeys
    -------------------------------------------------------------------------
DATA_ID
  Relative segment, address: CODE_AREA 00000010 - 00000027 (0x18 bytes), align: 2
  Segment part 19.            Intra module refs:   fmenu_sk
    -------------------------------------------------------------------------
DATA_ID
  Relative segment, address: CODE_AREA 00000028 - 0000002F (0x8 bytes), align: 2
  Segment part 21.            Intra module refs:   fmenu_skt
    -------------------------------------------------------------------------
DATA_ID
  Relative segment, address: CODE_AREA 00000030 - 000000EF (0xc0 bytes), align: 2
  Segment part 23.            Intra module refs:   Segment part 22
    -------------------------------------------------------------------------
DATA_ID
  Segment part 57. TENTATIVE. Used definition from conf_loader
           ENTRY                   ADDRESS         REF BY
           =====                   =======         ======
           ?*?DATA_ID              
    -------------------------------------------------------------------------
INITTAB
  Segment part 58. TENTATIVE. Used definition from conf_loader
           ENTRY                   ADDRESS         REF BY
           =====                   =======         ======
           ?init?tab?DATA_I        
    -------------------------------------------------------------------------
INITTAB
  Relative segment, address: CODE_AREA 00002978 - 00002983 (0xc bytes), align: 2
  Segment part 59. ROOT.
           ENTRY                   ADDRESS         REF BY
           =====                   =======         ======
           ?init?tab?DATA_Z        00002978 

    *************************************************************************

  FILE NAME : D:\Pasha\elf\_MY_PROJECT\MNUEdit\Release_EN\Obj\main.r79
  PROGRAM MODULE, NAME : main

  SEGMENTS IN THE MODULE
  ======================
DATA_Z
  Segment part 24. NOT NEEDED.
           ENTRY                   ADDRESS         REF BY
           =====                   =======         ======
           icsmd                   
    -------------------------------------------------------------------------
DATA_Z
  Segment part 27. NOT NEEDED.
           ENTRY                   ADDRESS         REF BY
           =====                   =======         ======
           old_icsm_onMessage      
    -------------------------------------------------------------------------
DATA_Z
  Segment part 28. NOT NEEDED.
           ENTRY                   ADDRESS         REF BY
           =====                   =======         ======
           MAINCSM_ID              
    -------------------------------------------------------------------------
DATA_Z
  Segment part 29. NOT NEEDED.
           ENTRY                   ADDRESS         REF BY
           =====                   =======         ======
           MAINGUI_ID              
    -------------------------------------------------------------------------
DATA_Z
  Segment part 34. NOT NEEDED.
           ENTRY                   ADDRESS         REF BY
           =====                   =======         ======
           de                      
    -------------------------------------------------------------------------
DATA_Z
  Segment part 35. NOT NEEDED.
           ENTRY                   ADDRESS         REF BY
           =====                   =======         ======
           mytmr                   
    -------------------------------------------------------------------------
DATA_Z
  Segment part 36. NOT NEEDED.
           ENTRY                   ADDRESS         REF BY
           =====                   =======         ======
           my_csm_id               
    -------------------------------------------------------------------------
DATA_Z
  Segment part 37. NOT NEEDED.
           ENTRY                   ADDRESS         REF BY
           =====                   =======         ======
           err                     
    -------------------------------------------------------------------------
CODE
  Segment part 49. NOT NEEDED.
    -------------------------------------------------------------------------
CODE
  Relative segment, address: CODE_AREA 00000B74 - 00000B9B (0x28 bytes), align: 2
  Segment part 50.            Intra module refs:   LoadMNU
           ENTRY                   ADDRESS         REF BY
           =====                   =======         ======
           get_file_size           00000B74 
               stack 1 = 00000000 ( 00000030 )
    -------------------------------------------------------------------------
CODE
  Segment part 51. NOT NEEDED.
    -------------------------------------------------------------------------
CODE
  Segment part 52. NOT NEEDED.
           ENTRY                   ADDRESS         REF BY
           =====                   =======         ======
           mess                    
               not allocated function
    -------------------------------------------------------------------------
CODE
  Segment part 53. NOT NEEDED.
    -------------------------------------------------------------------------
CODE
  Segment part 54. NOT NEEDED.
           ENTRY                   ADDRESS         REF BY
           =====                   =======         ======
           mess2                   
               not allocated function
    -------------------------------------------------------------------------
CODE
  Segment part 55. NOT NEEDED.
    -------------------------------------------------------------------------
CODE
  Segment part 56. NOT NEEDED.
           ENTRY                   ADDRESS         REF BY
           =====                   =======         ======
           messd                   
               not allocated function
    -------------------------------------------------------------------------
CODE
  Segment part 57. NOT NEEDED.
    -------------------------------------------------------------------------
DATA_Z
  Relative segment, address: CODE_AREA 00002988 - 0000298B (0x4 bytes), align: 2
  Segment part 38.            Intra module refs:   Segment part 77
           ENTRY                   ADDRESS         REF BY
           =====                   =======         ======
           mnutop                  00002988 
    -------------------------------------------------------------------------
CODE
  Relative segment, address: CODE_AREA 00000B9C - 00000BD7 (0x3c bytes), align: 2
  Segment part 58.            Intra module refs:   bm_menu_onkey2
           ENTRY                   ADDRESS         REF BY
           =====                   =======         ======
           about                   00000B9C        menu_onkey2 (menu)
               stack 1 = 00000000 ( 00000088 )
    -------------------------------------------------------------------------
CODE
  Segment part 59. NOT NEEDED.
    -------------------------------------------------------------------------
CODE
  Relative segment, address: CODE_AREA 00000BD8 - 00000BF7 (0x20 bytes), align: 2
  Segment part 60.            Intra module refs:   FindByN
                                                   SaveFile
                                                   bm_menu_ghook
                                                   create
           ENTRY                   ADDRESS         REF BY
           =====                   =======         ======
           GetFListN2              00000BD8 
    -------------------------------------------------------------------------
CODE
  Segment part 61. NOT NEEDED.
    -------------------------------------------------------------------------
CODE
  Relative segment, address: CODE_AREA 00000BF8 - 00000CB7 (0xc0 bytes), align: 2
  Segment part 62.            Intra module refs:   AddItem
                                                   parse
           ENTRY                   ADDRESS         REF BY
           =====                   =======         ======
           Add                     00000BF8 
               stack 1 = 00000000 ( 00000018 )
    -------------------------------------------------------------------------
CODE
  Segment part 63. NOT NEEDED.
    -------------------------------------------------------------------------
CODE
  Relative segment, address: CODE_AREA 00000CB8 - 00000E83 (0x1cc bytes), align: 2
  Segment part 64.            Intra module refs:   LoadMNU
           ENTRY                   ADDRESS         REF BY
           =====                   =======         ======
           parse                   00000CB8 
               stack 1 = 00000000 ( 00000024 )
    -------------------------------------------------------------------------
CODE
  Segment part 65. NOT NEEDED.
    -------------------------------------------------------------------------
CODE
  Relative segment, address: CODE_AREA 00000E84 - 00000FB3 (0x130 bytes), align: 2
  Segment part 66.            Intra module refs:   main
           ENTRY                   ADDRESS         REF BY
           =====                   =======         ======
           LoadMNU                 00000E84 
               stack 1 = 00000000 ( 0000001C )
    -------------------------------------------------------------------------
CODE
  Segment part 67. NOT NEEDED.
    -------------------------------------------------------------------------
CODE
  Relative segment, address: CODE_AREA 00000FB4 - 00000FCF (0x1c bytes), align: 2
  Segment part 68.
           ENTRY                   ADDRESS         REF BY
           =====                   =======         ======
           del                     00000FB4        menu_onkey2 (menu)
               stack 1 = 00000000 ( 00000004 )
    -------------------------------------------------------------------------
CODE
  Segment part 69. NOT NEEDED.
    -------------------------------------------------------------------------
CODE
  Relative segment, address: CODE_AREA 00000FD0 - 0000100B (0x3c bytes), align: 2
  Segment part 70.
           ENTRY                   ADDRESS         REF BY
           =====                   =======         ======
           AddItem                 00000FD0        menu_onkey2 (menu)
               stack 1 = 00000000 ( 00000008 )
    -------------------------------------------------------------------------
CODE
  Segment part 71. NOT NEEDED.
    -------------------------------------------------------------------------
DATA_I
  Relative segment, address: DATA_AREA 000000F0 - 00000107 (0x18 bytes), align: 2
  Segment part 25.            Intra module refs:   create
           ENTRY                   ADDRESS         REF BY
           =====                   =======         ======
           bm_menuhdr              000000F0 
           id_ed                   00000104        menu_onkey2 (menu)
    -------------------------------------------------------------------------
CODE
  Relative segment, address: CODE_AREA 0000100C - 00001033 (0x28 bytes), align: 2
  Segment part 72.            Intra module refs:   bmmenu
           ENTRY                   ADDRESS         REF BY
           =====                   =======         ======
           bm_menu_ghook           0000100C 
               stack 1 = 00000000 ( 00000008 )
    -------------------------------------------------------------------------
CODE
  Segment part 73. NOT NEEDED.
    -------------------------------------------------------------------------
CODE
  Relative segment, address: CODE_AREA 00001034 - 000010AB (0x78 bytes), align: 2
  Segment part 74.            Intra module refs:   bmmenu
           ENTRY                   ADDRESS         REF BY
           =====                   =======         ======
           bm_menu_onkey2          00001034 
               stack 1 = 00000000 ( 00000014 )
    -------------------------------------------------------------------------
CODE
  Segment part 75. NOT NEEDED.
    -------------------------------------------------------------------------
CODE
  Relative segment, address: CODE_AREA 000010AC - 000010EF (0x44 bytes), align: 2
  Segment part 76.            Intra module refs:   DrawText
                                                   SaveFile
                                                   bm_menu_iconhnd
                                                   del
                                                   empty_ghook
                                                   empty_onkey
           ENTRY                   ADDRESS         REF BY
           =====                   =======         ======
           FindByN                 000010AC 
               stack 1 = 00000000 ( 00000008 )
    -------------------------------------------------------------------------
CODE
  Relative segment, address: CODE_AREA 000010F0 - 000010F3 (0x4 bytes), align: 2
  Segment part 77.            Intra module refs:   Add
                                                   FindByN
                                                   GetFListN2
    -------------------------------------------------------------------------
CODE
  Segment part 78. NOT NEEDED.
    -------------------------------------------------------------------------
CODE
  Relative segment, address: CODE_AREA 000010F4 - 000011F7 (0x104 bytes), align: 2
  Segment part 79.            Intra module refs:   bmmenu
           ENTRY                   ADDRESS         REF BY
           =====                   =======         ======
           bm_menu_iconhnd         000010F4 
               stack 1 = 00000000 ( 00000028 )
    -------------------------------------------------------------------------
CODE
  Segment part 80. NOT NEEDED.
    -------------------------------------------------------------------------
CODE
  Relative segment, address: CODE_AREA 000011F8 - 0000124B (0x54 bytes), align: 2
  Segment part 81.            Intra module refs:   maincsm_oncreate
           ENTRY                   ADDRESS         REF BY
           =====                   =======         ======
           create                  000011F8 
               stack 1 = 00000000 ( 00000010 )
    -------------------------------------------------------------------------
CODE
  Segment part 82. NOT NEEDED.
    -------------------------------------------------------------------------
CODE
  Relative segment, address: CODE_AREA 0000124C - 0000125F (0x14 bytes), align: 2
  Segment part 83.            Intra module refs:   Segment part 17
           ENTRY                   ADDRESS         REF BY
           =====                   =======         ======
           maincsm_oncreate        0000124C 
               stack 1 = 00000000 ( 00000008 )
    -------------------------------------------------------------------------
CODE
  Segment part 84. NOT NEEDED.
    -------------------------------------------------------------------------
CODE
  Relative segment, address: CODE_AREA 00001260 - 00001263 (0x4 bytes), align: 2
  Segment part 85.            Intra module refs:   maincsm_onclose
           ENTRY                   ADDRESS         REF BY
           =====                   =======         ======
           Killer                  00001260 
    -------------------------------------------------------------------------
CODE
  Segment part 86. NOT NEEDED.
    -------------------------------------------------------------------------
CODE
  Relative segment, address: CODE_AREA 00001264 - 00001277 (0x14 bytes), align: 2
  Segment part 87.            Intra module refs:   Segment part 17
           ENTRY                   ADDRESS         REF BY
           =====                   =======         ======
           maincsm_onclose         00001264 
               stack 1 = 00000000 ( 00000004 )
    -------------------------------------------------------------------------
CODE
  Segment part 88. NOT NEEDED.
    -------------------------------------------------------------------------
CODE
  Relative segment, address: CODE_AREA 00001278 - 0000129F (0x28 bytes), align: 2
  Segment part 89.            Intra module refs:   Segment part 17
           ENTRY                   ADDRESS         REF BY
           =====                   =======         ======
           maincsm_onmessage       00001278 
    -------------------------------------------------------------------------
CODE
  Segment part 90. NOT NEEDED.
    -------------------------------------------------------------------------
DATA_Z
  Relative segment, address: CODE_AREA 0000298C - 00002AA3 (0x118 bytes), align: 2
  Segment part 43.            Intra module refs:   Segment part 17
           ENTRY                   ADDRESS         REF BY
           =====                   =======         ======
           maincsm_name_body       0000298C 
    -------------------------------------------------------------------------
DATA_C
  Relative segment, address: CODE_AREA 000023A4 - 000023AB (0x8 bytes), align: 2
  Segment part 2.             Intra module refs:   Segment part 33
    -------------------------------------------------------------------------
DATA_C
  Relative segment, address: CODE_AREA 000023AC - 000023B3 (0x8 bytes), align: 2
  Segment part 3.             Intra module refs:   Segment part 33
    -------------------------------------------------------------------------
DATA_C
  Relative segment, address: CODE_AREA 000023B4 - 000023BB (0x8 bytes), align: 2
  Segment part 4.             Intra module refs:   Segment part 33
    -------------------------------------------------------------------------
DATA_C
  Relative segment, address: CODE_AREA 000023BC - 000023C3 (0x8 bytes), align: 2
  Segment part 5.             Intra module refs:   Segment part 33
    -------------------------------------------------------------------------
DATA_C
  Relative segment, address: CODE_AREA 000023C4 - 000023CB (0x8 bytes), align: 2
  Segment part 6.             Intra module refs:   Segment part 33
    -------------------------------------------------------------------------
DATA_C
  Relative segment, address: CODE_AREA 000023CC - 000023CF (0x4 bytes), align: 2
  Segment part 7.             Intra module refs:   Segment part 33
    -------------------------------------------------------------------------
DATA_C
  Relative segment, address: CODE_AREA 000023D0 - 000023D7 (0x8 bytes), align: 2
  Segment part 8.             Intra module refs:   Segment part 33
    -------------------------------------------------------------------------
DATA_C
  Relative segment, address: CODE_AREA 000023D8 - 000023DF (0x8 bytes), align: 2
  Segment part 9.             Intra module refs:   menu_sk2
    -------------------------------------------------------------------------
DATA_C
  Relative segment, address: CODE_AREA 000023E0 - 000023E7 (0x8 bytes), align: 2
  Segment part 10.            Intra module refs:   menu_sk2
    -------------------------------------------------------------------------
DATA_C
  Relative segment, address: CODE_AREA 000023E8 - 000023F3 (0xc bytes), align: 2
  Segment part 11.            Intra module refs:   Segment part 26
    -------------------------------------------------------------------------
DATA_C
  Relative segment, address: CODE_AREA 000023F4 - 0000242F (0x3c bytes), align: 2
  Segment part 12.            Intra module refs:   about
    -------------------------------------------------------------------------
DATA_C
  Relative segment, address: CODE_AREA 00002430 - 00002443 (0x14 bytes), align: 2
  Segment part 13.            Intra module refs:   LoadMNU
    -------------------------------------------------------------------------
DATA_C
  Segment part 14. NOT NEEDED.
    -------------------------------------------------------------------------
DATA_C
  Relative segment, address: CODE_AREA 00002444 - 00002463 (0x20 bytes), align: 2
  Segment part 15.            Intra module refs:   AddItem
                                                   Segment part 33
    -------------------------------------------------------------------------
DATA_C
  Segment part 16. NOT NEEDED.
    -------------------------------------------------------------------------
DATA_C
  Relative segment, address: CODE_AREA 00002464 - 0000254B (0xe8 bytes), align: 2
  Segment part 17.            Intra module refs:   Segment part 105
                                                   Segment part 108
           ENTRY                   ADDRESS         REF BY
           =====                   =======         ======
           MAINCSM                 00002520 
           per_s                   00002467 
           per_t                   00002464 
    -------------------------------------------------------------------------
DATA_C
  Relative segment, address: CODE_AREA 0000254C - 00002553 (0x8 bytes), align: 2
  Segment part 18.            Intra module refs:   Segment part 33
    -------------------------------------------------------------------------
DATA_C
  Segment part 19. NOT NEEDED.
    -------------------------------------------------------------------------
DATA_C
  Segment part 20. NOT NEEDED.
    -------------------------------------------------------------------------
DATA_C
  Relative segment, address: CODE_AREA 00002554 - 0000255F (0xc bytes), align: 2
  Segment part 21.            Intra module refs:   Segment part 33
    -------------------------------------------------------------------------
DATA_C
  Relative segment, address: CODE_AREA 0000296B - 0000296B (0x1 bytes), align: 0
  Segment part 22.            Intra module refs:   Segment part 33
    -------------------------------------------------------------------------
DATA_C
  Relative segment, address: CODE_AREA 00002560 - 00002567 (0x8 bytes), align: 2
  Segment part 23.            Intra module refs:   Segment part 33
    -------------------------------------------------------------------------
DATA_C
  Relative segment, address: CODE_AREA 00002568 - 0000256B (0x4 bytes), align: 2
  Segment part 30.            Intra module refs:   Segment part 17
           ENTRY                   ADDRESS         REF BY
           =====                   =======         ======
           minus11                 00002568 
    -------------------------------------------------------------------------
DATA_C
  Segment part 31. NOT NEEDED.
           ENTRY                   ADDRESS         REF BY
           =====                   =======         ======
           empty_str               
    -------------------------------------------------------------------------
DATA_C
  Relative segment, address: CODE_AREA 0000256C - 00002577 (0xc bytes), align: 2
  Segment part 39.            Intra module refs:   bmmenu
           ENTRY                   ADDRESS         REF BY
           =====                   =======         ======
           menusoftkeys            0000256C 
    -------------------------------------------------------------------------
DATA_C
  Relative segment, address: CODE_AREA 00002578 - 0000258F (0x18 bytes), align: 2
  Segment part 40.            Intra module refs:   menu_skt2
           ENTRY                   ADDRESS         REF BY
           =====                   =======         ======
           menu_sk2                00002578 
    -------------------------------------------------------------------------
DATA_C
  Relative segment, address: CODE_AREA 00002590 - 00002597 (0x8 bytes), align: 2
  Segment part 41.            Intra module refs:   bmmenu
           ENTRY                   ADDRESS         REF BY
           =====                   =======         ======
           menu_skt2               00002590 
    -------------------------------------------------------------------------
DATA_C
  Relative segment, address: CODE_AREA 00002598 - 000025C7 (0x30 bytes), align: 2
  Segment part 42.            Intra module refs:   create
           ENTRY                   ADDRESS         REF BY
           =====                   =======         ======
           bmmenu                  00002598 
    -------------------------------------------------------------------------
CODE
  Relative segment, address: CODE_AREA 000012A0 - 000012C3 (0x24 bytes), align: 2
  Segment part 91.            Intra module refs:   main
           ENTRY                   ADDRESS         REF BY
           =====                   =======         ======
           UpdateCSMname           000012A0 
               stack 1 = 00000000 ( 00000004 )
    -------------------------------------------------------------------------
CODE
  Segment part 92. NOT NEEDED.
    -------------------------------------------------------------------------
CODE
  Relative segment, address: CODE_AREA 000012C4 - 000013A3 (0xe0 bytes), align: 2
  Segment part 93.
           ENTRY                   ADDRESS         REF BY
           =====                   =======         ======
           main                    000012C4        Absolute parts (?ABS_ENTRY_MOD)
               stack 1 = 00000000 ( 0000003C )
    -------------------------------------------------------------------------
CODE
  Segment part 94. NOT NEEDED.
    -------------------------------------------------------------------------
CODE
  Relative segment, address: CODE_AREA 000013A4 - 0000142B (0x88 bytes), align: 2
  Segment part 95.            Intra module refs:   empty_onkey
           ENTRY                   ADDRESS         REF BY
           =====                   =======         ======
           on_utf8ec               000013A4 
               stack 1 = 00000000 ( 00000008 )
    -------------------------------------------------------------------------
CODE
  Segment part 96. NOT NEEDED.
    -------------------------------------------------------------------------
CODE
  Relative segment, address: CODE_AREA 0000142C - 000015DF (0x1b4 bytes), align: 2
  Segment part 97.            Intra module refs:   Segment part 33
           ENTRY                   ADDRESS         REF BY
           =====                   =======         ======
           empty_onkey             0000142C 
               stack 1 = 00000000 ( 00000040 )
    -------------------------------------------------------------------------
CODE
  Segment part 98. NOT NEEDED.
    -------------------------------------------------------------------------
DATA_Z
  Relative segment, address: CODE_AREA 00002AA4 - 00002AAB (0x8 bytes), align: 2
  Segment part 44.            Intra module refs:   Segment part 46
           ENTRY                   ADDRESS         REF BY
           =====                   =======         ======
           sk                      00002AA4 
    -------------------------------------------------------------------------
CODE
  Relative segment, address: CODE_AREA 000015E0 - 000015E3 (0x4 bytes), align: 2
  Segment part 99.            Intra module refs:   Segment part 33
           ENTRY                   ADDRESS         REF BY
           =====                   =======         ======
           empty_locret            000015E0 
    -------------------------------------------------------------------------
CODE
  Segment part 100. NOT NEEDED.
    -------------------------------------------------------------------------
CODE
  Relative segment, address: CODE_AREA 000015E4 - 000016BB (0xd8 bytes), align: 2
  Segment part 101.           Intra module refs:   Segment part 33
           ENTRY                   ADDRESS         REF BY
           =====                   =======         ======
           empty_ghook             000015E4 
               stack 1 = 00000000 ( 00000018 )
    -------------------------------------------------------------------------
CODE
  Relative segment, address: CODE_AREA 000016BC - 000016BF (0x4 bytes), align: 2
  Segment part 102.           Intra module refs:   bm_menu_onkey2
                                                   empty_ghook
                                                   main
    -------------------------------------------------------------------------
CODE
  Segment part 103. NOT NEEDED.
    -------------------------------------------------------------------------
DATA_I
  Relative segment, address: DATA_AREA 00000108 - 000002C3 (0x1bc bytes), align: 2
  Segment part 32.            Intra module refs:   DrawText
                                                   Segment part 102
                                                   UpdateCSMname
                                                   empty_onkey
           ENTRY                   ADDRESS         REF BY
           =====                   =======         ======
           action                  00000180 
           disk_prop_hdr           00000140 
           ec                      00000154 
           edit_desc               00000108 
           ews                     000001AC 
           file                    000001BC        menu_onkey2 (menu)
           item                    000001B0        menu_onkey2 (menu)
           maincsm_id              000001B8 
           ws_name                 000001B4 
    -------------------------------------------------------------------------
DATA_I
  Relative segment, address: DATA_AREA 000002C4 - 000002CB (0x8 bytes), align: 2
  Segment part 45.            Intra module refs:   Segment part 33
           ENTRY                   ADDRESS         REF BY
           =====                   =======         ======
           skt                     000002C4 
    -------------------------------------------------------------------------
CODE
  Relative segment, address: CODE_AREA 000016C0 - 0000192F (0x270 bytes), align: 2
  Segment part 104.           Intra module refs:   bm_menu_onkey2
           ENTRY                   ADDRESS         REF BY
           =====                   =======         ======
           SaveFile                000016C0        menu_onkey2 (menu)
               stack 1 = 00000000 ( 00000024 )
    -------------------------------------------------------------------------
CODE
  Relative segment, address: CODE_AREA 00001930 - 00001933 (0x4 bytes), align: 2
  Segment part 105.           Intra module refs:   SaveFile
                                                   UpdateCSMname
                                                   bm_menu_iconhnd
                                                   main
    -------------------------------------------------------------------------
CODE
  Segment part 106. NOT NEEDED.
    -------------------------------------------------------------------------
CODE
  Relative segment, address: CODE_AREA 00001934 - 00001C87 (0x354 bytes), align: 2
  Segment part 107.           Intra module refs:   bm_menu_onkey2
           ENTRY                   ADDRESS         REF BY
           =====                   =======         ======
           DrawText                00001934        menu_onkey2 (menu)
               stack 1 = 00000000 ( 00000050 )
    -------------------------------------------------------------------------
CODE
  Relative segment, address: CODE_AREA 00001C88 - 00001C8B (0x4 bytes), align: 2
  Segment part 108.           Intra module refs:   DrawText
                                                   empty_ghook
                                                   on_utf8ec
    -------------------------------------------------------------------------
CODE
  Segment part 109. NOT NEEDED.
    -------------------------------------------------------------------------
DATA_C
  Relative segment, address: CODE_AREA 000025C8 - 0000281F (0x258 bytes), align: 2
  Segment part 47.            Intra module refs:   Segment part 119
           ENTRY                   ADDRESS         REF BY
           =====                   =======         ======
           unicode2char            000025C8 
    -------------------------------------------------------------------------
DATA_C
  Segment part 48. NOT NEEDED.
           ENTRY                   ADDRESS         REF BY
           =====                   =======         ======
           dos2unicode             
           koi8translation         
           wintranslation          
    -------------------------------------------------------------------------
CODE
  Segment part 110. NOT NEEDED.
           ENTRY                   ADDRESS         REF BY
           =====                   =======         ======
           char8to16               
               not allocated function
    -------------------------------------------------------------------------
CODE
  Segment part 111. NOT NEEDED.
    -------------------------------------------------------------------------
CODE
  Relative segment, address: CODE_AREA 00001C8C - 00001D23 (0x98 bytes), align: 2
  Segment part 112.           Intra module refs:   ascii2ws
           ENTRY                   ADDRESS         REF BY
           =====                   =======         ======
           win2unicode             00001C8C 
    -------------------------------------------------------------------------
CODE
  Segment part 113. NOT NEEDED.
    -------------------------------------------------------------------------
CODE
  Relative segment, address: CODE_AREA 00001D24 - 00001D5B (0x38 bytes), align: 2
  Segment part 114.           Intra module refs:   DrawText
           ENTRY                   ADDRESS         REF BY
           =====                   =======         ======
           ascii2ws                00001D24        ShortcutsMenuItemHandler (shortcuts_menu)
                                                   ShortcutsMenuKeyHook (shortcuts_menu)
               stack 1 = 00000000 ( 0000000C )
    -------------------------------------------------------------------------
CODE
  Segment part 115. NOT NEEDED.
    -------------------------------------------------------------------------
CODE
  Segment part 116. NOT NEEDED.
           ENTRY                   ADDRESS         REF BY
           =====                   =======         ======
           koi2ws                  
               not allocated function
    -------------------------------------------------------------------------
CODE
  Segment part 117. NOT NEEDED.
    -------------------------------------------------------------------------
CODE
  Segment part 118. NOT NEEDED.
           ENTRY                   ADDRESS         REF BY
           =====                   =======         ======
           win1251_2ws             
               not allocated function
    -------------------------------------------------------------------------
CODE
  Relative segment, address: CODE_AREA 00001D5C - 00001D5F (0x4 bytes), align: 2
  Segment part 119.           Intra module refs:   empty_onkey
    -------------------------------------------------------------------------
CODE
  Segment part 120. NOT NEEDED.Intra module refs   bm_menu_onkey2
    -------------------------------------------------------------------------
CODE
  Segment part 121. NOT NEEDED.Intra module refs   main
    -------------------------------------------------------------------------
CODE
  Segment part 122. NOT NEEDED.Intra module refs   on_utf8ec
    -------------------------------------------------------------------------
CODE
  Segment part 123. NOT NEEDED.Intra module refs   on_utf8ec
    -------------------------------------------------------------------------
CODE
  Segment part 124. NOT NEEDED.Intra module refs   on_utf8ec
    -------------------------------------------------------------------------
CSTACK
  Segment part 1. NOT NEEDED.
    -------------------------------------------------------------------------
DATA_ID
  Relative segment, address: CODE_AREA 000000F0 - 00000107 (0x18 bytes), align: 2
  Segment part 26.            Intra module refs:   Segment part 25
    -------------------------------------------------------------------------
DATA_ID
  Relative segment, address: CODE_AREA 00000108 - 000002C3 (0x1bc bytes), align: 2
  Segment part 33.            Intra module refs:   Segment part 32
    -------------------------------------------------------------------------
DATA_ID
  Relative segment, address: CODE_AREA 000002C4 - 000002CB (0x8 bytes), align: 2
  Segment part 46.            Intra module refs:   skt
    -------------------------------------------------------------------------
DATA_ID
  Segment part 125. TENTATIVE. Used definition from conf_loader
           ENTRY                   ADDRESS         REF BY
           =====                   =======         ======
           ?*?DATA_ID              
    -------------------------------------------------------------------------
INITTAB
  Segment part 126. TENTATIVE. Used definition from conf_loader
           ENTRY                   ADDRESS         REF BY
           =====                   =======         ======
           ?init?tab?DATA_I        
    -------------------------------------------------------------------------
INITTAB
  Segment part 127. TENTATIVE. Used definition from fileman
           ENTRY                   ADDRESS         REF BY
           =====                   =======         ======
           ?init?tab?DATA_Z        

    *************************************************************************

  FILE NAME : D:\Pasha\elf\_MY_PROJECT\MNUEdit\Release_EN\Obj\menu.r79
  PROGRAM MODULE, NAME : menu

  SEGMENTS IN THE MODULE
  ======================
DATA_C
  Relative segment, address: CODE_AREA 00002820 - 00002827 (0x8 bytes), align: 2
  Segment part 2.             Intra module refs:   Segment part 17
    -------------------------------------------------------------------------
DATA_C
  Relative segment, address: CODE_AREA 00002828 - 0000282F (0x8 bytes), align: 2
  Segment part 3.             Intra module refs:   Segment part 17
    -------------------------------------------------------------------------
DATA_C
  Relative segment, address: CODE_AREA 00002830 - 0000283B (0xc bytes), align: 2
  Segment part 4.             Intra module refs:   Segment part 17
    -------------------------------------------------------------------------
DATA_C
  Relative segment, address: CODE_AREA 0000283C - 00002843 (0x8 bytes), align: 2
  Segment part 5.             Intra module refs:   Segment part 17
    -------------------------------------------------------------------------
DATA_C
  Relative segment, address: CODE_AREA 00002844 - 0000284B (0x8 bytes), align: 2
  Segment part 6.             Intra module refs:   Segment part 17
    -------------------------------------------------------------------------
DATA_C
  Relative segment, address: CODE_AREA 0000284C - 00002853 (0x8 bytes), align: 2
  Segment part 7.             Intra module refs:   Segment part 17
    -------------------------------------------------------------------------
DATA_C
  Relative segment, address: CODE_AREA 00002854 - 0000285B (0x8 bytes), align: 2
  Segment part 8.             Intra module refs:   menu_
    -------------------------------------------------------------------------
DATA_C
  Relative segment, address: CODE_AREA 0000285C - 00002863 (0x8 bytes), align: 2
  Segment part 9.             Intra module refs:   menu_
    -------------------------------------------------------------------------
DATA_C
  Relative segment, address: CODE_AREA 00002864 - 0000286B (0x8 bytes), align: 2
  Segment part 10.            Intra module refs:   Segment part 15
    -------------------------------------------------------------------------
DATA_C
  Segment part 11. NOT NEEDED.
    -------------------------------------------------------------------------
DATA_C
  Segment part 12. NOT NEEDED.
    -------------------------------------------------------------------------
DATA_C
  Relative segment, address: CODE_AREA 0000286C - 0000287B (0x10 bytes), align: 2
  Segment part 13.            Intra module refs:   menu_iconhnd
    -------------------------------------------------------------------------
DATA_C
  Relative segment, address: CODE_AREA 0000287C - 00002887 (0xc bytes), align: 2
  Segment part 18.            Intra module refs:   menu
           ENTRY                   ADDRESS         REF BY
           =====                   =======         ======
           menusoftke              0000287C 
    -------------------------------------------------------------------------
DATA_C
  Relative segment, address: CODE_AREA 00002888 - 0000289F (0x18 bytes), align: 2
  Segment part 19.            Intra module refs:   menu_s
           ENTRY                   ADDRESS         REF BY
           =====                   =======         ======
           menu_                   00002888 
    -------------------------------------------------------------------------
DATA_C
  Relative segment, address: CODE_AREA 000028A0 - 000028A7 (0x8 bytes), align: 2
  Segment part 20.            Intra module refs:   menu
           ENTRY                   ADDRESS         REF BY
           =====                   =======         ======
           menu_s                  000028A0 
    -------------------------------------------------------------------------
CODE
  Segment part 22. NOT NEEDED.
    -------------------------------------------------------------------------
CODE
  Relative segment, address: CODE_AREA 00001D60 - 00001D63 (0x4 bytes), align: 2
  Segment part 23.            Intra module refs:   menu
           ENTRY                   ADDRESS         REF BY
           =====                   =======         ======
           menu_ghook              00001D60 
    -------------------------------------------------------------------------
CODE
  Segment part 24. NOT NEEDED.
    -------------------------------------------------------------------------
DATA_I
  Relative segment, address: DATA_AREA 000002CC - 000002E7 (0x1c bytes), align: 2
  Segment part 14.            Intra module refs:   ShowMainMenu
                                                   menu_onkey2
           ENTRY                   ADDRESS         REF BY
           =====                   =======         ======
           it                      000002E4 
           menu_id                 000002E0 
           menuhdr2                000002CC 
    -------------------------------------------------------------------------
DATA_I
  Relative segment, address: DATA_AREA 000002E8 - 000002FF (0x18 bytes), align: 2
  Segment part 16.            Intra module refs:   menu_iconhnd
           ENTRY                   ADDRESS         REF BY
           =====                   =======         ======
           menu_name               000002E8 
    -------------------------------------------------------------------------
DATA_C
  Relative segment, address: CODE_AREA 000028A8 - 000028D3 (0x2c bytes), align: 2
  Segment part 21.            Intra module refs:   ShowMainMenu
           ENTRY                   ADDRESS         REF BY
           =====                   =======         ======
           menu                    000028A8 
    -------------------------------------------------------------------------
CODE
  Relative segment, address: CODE_AREA 00001D64 - 00001E47 (0xe4 bytes), align: 2
  Segment part 25.            Intra module refs:   menu
           ENTRY                   ADDRESS         REF BY
           =====                   =======         ======
           menu_iconhnd            00001D64 
               stack 1 = 00000000 ( 00000020 )
    -------------------------------------------------------------------------
CODE
  Segment part 26. NOT NEEDED.
    -------------------------------------------------------------------------
CODE
  Relative segment, address: CODE_AREA 00001E48 - 00001F33 (0xec bytes), align: 2
  Segment part 27.            Intra module refs:   menu
           ENTRY                   ADDRESS         REF BY
           =====                   =======         ======
           menu_onkey2             00001E48 
               stack 1 = 00000000 ( 00000008 )
    -------------------------------------------------------------------------
CODE
  Segment part 28. NOT NEEDED.
    -------------------------------------------------------------------------
CODE
  Relative segment, address: CODE_AREA 00001F34 - 00001F93 (0x60 bytes), align: 2
  Segment part 29.
           ENTRY                   ADDRESS         REF BY
           =====                   =======         ======
           ShowMainMenu            00001F34        bm_menu_onkey2 (main)
               stack 1 = 00000000 ( 00000018 )
    -------------------------------------------------------------------------
CODE
  Segment part 30. NOT NEEDED.Intra module refs:   menu_onkey2
    -------------------------------------------------------------------------
CODE
  Segment part 31. NOT NEEDED.Intra module refs:   menu_onkey2
    -------------------------------------------------------------------------
CODE
  Segment part 32. NOT NEEDED.Intra module refs:   menu_onkey2
    -------------------------------------------------------------------------
CODE
  Segment part 33. NOT NEEDED.Intra module refs:   menu_onkey2
    -------------------------------------------------------------------------
CODE
  Segment part 34. NOT NEEDED.Intra module refs:   menu_onkey2
    -------------------------------------------------------------------------
CSTACK
  Segment part 1. NOT NEEDED.
    -------------------------------------------------------------------------
DATA_ID
  Relative segment, address: CODE_AREA 000002CC - 000002E7 (0x1c bytes), align: 2
  Segment part 15.            Intra module refs:   Segment part 14
    -------------------------------------------------------------------------
DATA_ID
  Relative segment, address: CODE_AREA 000002E8 - 000002FF (0x18 bytes), align: 2
  Segment part 17.            Intra module refs:   menu_name
    -------------------------------------------------------------------------
DATA_ID
  Segment part 35. TENTATIVE. Used definition from conf_loader
           ENTRY                   ADDRESS         REF BY
           =====                   =======         ======
           ?*?DATA_ID              
    -------------------------------------------------------------------------
INITTAB
  Segment part 36. TENTATIVE. Used definition from conf_loader
           ENTRY                   ADDRESS         REF BY
           =====                   =======         ======
           ?init?tab?DATA_I        

    *************************************************************************

  FILE NAME : D:\Pasha\elf\_MY_PROJECT\MNUEdit\Release_EN\Obj\shortcuts_menu.r79
  PROGRAM MODULE, NAME : shortcuts_menu

  SEGMENTS IN THE MODULE
  ======================
DATA_Z
  Segment part 6. NOT NEEDED.
           ENTRY                   ADDRESS         REF BY
           =====                   =======         ======
           IsShortcut              
    -------------------------------------------------------------------------
CODE
  Segment part 12. NOT NEEDED.
    -------------------------------------------------------------------------
CODE
  Relative segment, address: CODE_AREA 00001F94 - 00001FCB (0x38 bytes), align: 2
  Segment part 13.            Intra module refs:   ShortcutsMenuGHook
           ENTRY                   ADDRESS         REF BY
           =====                   =======         ======
           FreeLines               00001F94 
               stack 1 = 00000000 ( 00000008 )
    -------------------------------------------------------------------------
CODE
  Segment part 14. NOT NEEDED.
    -------------------------------------------------------------------------
CODE
  Relative segment, address: CODE_AREA 00001FCC - 000020CF (0x104 bytes), align: 2
  Segment part 15.            Intra module refs:   DispShortcutsMenu
           ENTRY                   ADDRESS         REF BY
           =====                   =======         ======
           LoadLines               00001FCC 
               stack 1 = 00000000 ( 0000004C )
    -------------------------------------------------------------------------
CODE
  Segment part 16. NOT NEEDED.
    -------------------------------------------------------------------------
DATA_I
  Relative segment, address: DATA_AREA 00000300 - 0000031F (0x20 bytes), align: 2
  Segment part 7.             Intra module refs:   DispShortcutsMenu
                                                   Segment part 22
                                                   ShortcutsMenuItemHandler
           ENTRY                   ADDRESS         REF BY
           =====                   =======         ======
           NumOfItems              00000314 
           ShortcutsMenuHeader     00000300 
           templates_chars         00000318 
           templates_lines         0000031C 
    -------------------------------------------------------------------------
CODE
  Relative segment, address: CODE_AREA 000020D0 - 00002137 (0x68 bytes), align: 2
  Segment part 17.            Intra module refs:   Segment part 5
           ENTRY                   ADDRESS         REF BY
           =====                   =======         ======
           ShortcutsMenuItemHandler
                                   000020D0 
               stack 1 = 00000000 ( 00000018 )
    -------------------------------------------------------------------------
CODE
  Segment part 18. NOT NEEDED.
    -------------------------------------------------------------------------
CODE
  Relative segment, address: CODE_AREA 00002138 - 0000215B (0x24 bytes), align: 2
  Segment part 19.            Intra module refs:   Segment part 5
           ENTRY                   ADDRESS         REF BY
           =====                   =======         ======
           ShortcutsMenuGHook      00002138 
               stack 1 = 00000000 ( 00000004 )
    -------------------------------------------------------------------------
CODE
  Segment part 20. NOT NEEDED.
    -------------------------------------------------------------------------
CODE
  Relative segment, address: CODE_AREA 0000215C - 000022AB (0x150 bytes), align: 2
  Segment part 21.            Intra module refs:   Segment part 5
           LOCAL                   ADDRESS         
           =====                   =======         
           ShortcutsMenuKeyHook    0000215C 
               stack 1 = 00000000 ( 00000044 )
    -------------------------------------------------------------------------
CODE
  Relative segment, address: CODE_AREA 000022AC - 000022AF (0x4 bytes), align: 2
  Segment part 22.            Intra module refs:   FreeLines
                                                   LoadLines
                                                   ShortcutsMenuKeyHook
    -------------------------------------------------------------------------
CODE
  Segment part 23. NOT NEEDED.
    -------------------------------------------------------------------------
DATA_C
  Relative segment, address: CODE_AREA 000028D4 - 000028DB (0x8 bytes), align: 2
  Segment part 2.             Intra module refs:   menu_sk
    -------------------------------------------------------------------------
DATA_C
  Relative segment, address: CODE_AREA 000028DC - 000028E3 (0x8 bytes), align: 2
  Segment part 3.             Intra module refs:   menu_sk
    -------------------------------------------------------------------------
DATA_C
  Relative segment, address: CODE_AREA 000028E4 - 000028EF (0xc bytes), align: 2
  Segment part 4.             Intra module refs:   ShortcutsMenuKeyHook
    -------------------------------------------------------------------------
DATA_C
  Relative segment, address: CODE_AREA 000028F0 - 0000293B (0x4c bytes), align: 2
  Segment part 5.             Intra module refs:   DispShortcutsMenu
    -------------------------------------------------------------------------
DATA_C
  Relative segment, address: CODE_AREA 0000293C - 00002947 (0xc bytes), align: 2
  Segment part 9.             Intra module refs:   Segment part 5
           ENTRY                   ADDRESS         REF BY
           =====                   =======         ======
           MenuSoftkeys            0000293C 
    -------------------------------------------------------------------------
DATA_C
  Relative segment, address: CODE_AREA 00002948 - 0000295F (0x18 bytes), align: 2
  Segment part 10.            Intra module refs:   Select_Back_skt
           ENTRY                   ADDRESS         REF BY
           =====                   =======         ======
           menu_sk                 00002948 
    -------------------------------------------------------------------------
DATA_C
  Relative segment, address: CODE_AREA 00002960 - 00002967 (0x8 bytes), align: 2
  Segment part 11.            Intra module refs:   Segment part 5
           ENTRY                   ADDRESS         REF BY
           =====                   =======         ======
           Select_Back_skt         00002960 
    -------------------------------------------------------------------------
CODE
  Relative segment, address: CODE_AREA 000022B0 - 0000233F (0x90 bytes), align: 2
  Segment part 24.
           ENTRY                   ADDRESS         REF BY
           =====                   =======         ======
           DispShortcutsMenu       000022B0        on_utf8ec (main)
               stack 1 = 00000000 ( 00000020 )
    -------------------------------------------------------------------------
CODE
  Segment part 25. NOT NEEDED.Intra module refs:   ShortcutsMenuItemHandler
                                                   ShortcutsMenuKeyHook
    -------------------------------------------------------------------------
CSTACK
  Segment part 1. NOT NEEDED.
    -------------------------------------------------------------------------
DATA_ID
  Relative segment, address: CODE_AREA 00000300 - 0000031F (0x20 bytes), align: 2
  Segment part 8.             Intra module refs:   Segment part 7
    -------------------------------------------------------------------------
DATA_ID
  Segment part 26. TENTATIVE. Used definition from conf_loader
           ENTRY                   ADDRESS         REF BY
           =====                   =======         ======
           ?*?DATA_ID              
    -------------------------------------------------------------------------
INITTAB
  Segment part 27. TENTATIVE. Used definition from conf_loader
           ENTRY                   ADDRESS         REF BY
           =====                   =======         ======
           ?init?tab?DATA_I        
    -------------------------------------------------------------------------
INITTAB
  Segment part 28. TENTATIVE. Used definition from fileman
           ENTRY                   ADDRESS         REF BY
           =====                   =======         ======
           ?init?tab?DATA_Z        




                ****************************************
                *                                      *
[...]
    | Stack used (prev) :  00000000
  01  bm_menu_iconhnd
      | Stack used (prev) :  00000000
      | + function block  :  00000028
  <-Sub-tree of type: Indirectly called function tree that does not make
                    : indirect calls (Is not an interrupt and is not flagged
                    : as not overlayable)
    | Stack used          :  00000028


  ->Sub-tree of type: Indirectly called function tree that does not make
                    : indirect calls (Is not an interrupt and is not flagged
                    : as not overlayable)
                             CSTACK
    | Stack used (prev) :  00000000
  01  maincsm_oncreate
      | Stack used (prev) :  00000000
      | + function block  :  00000008
  <-Sub-tree of type: Indirectly called function tree that does not make
                    : indirect calls (Is not an interrupt and is not flagged
                    : as not overlayable)
    | Stack used          :  00000008


  ->Sub-tree of type: Indirectly called function tree that does not make
                    : indirect calls (Is not an interrupt and is not flagged
                    : as not overlayable)
                             CSTACK
    | Stack used (prev) :  00000000
  01  Killer
      | Stack used (prev) :  00000000
      | + function block  :  00000000
  <-Sub-tree of type: Indirectly called function tree that does not make
                    : indirect calls (Is not an interrupt and is not flagged
                    : as not overlayable)
    | Stack used          :  00000000


  ->Sub-tree of type: Indirectly called function tree that does not make
                    : indirect calls (Is not an interrupt and is not flagged
                    : as not overlayable)
                             CSTACK
    | Stack used (prev) :  00000000
  01  maincsm_onclose
      | Stack used (prev) :  00000000
      | + function block  :  00000004
  <-Sub-tree of type: Indirectly called function tree that does not make
                    : indirect calls (Is not an interrupt and is not flagged
                    : as not overlayable)
    | Stack used          :  00000004


  ->Sub-tree of type: Indirectly called function tree that does not make
                    : indirect calls (Is not an interrupt and is not flagged
                    : as not overlayable)
                             CSTACK
    | Stack used (prev) :  00000000
  01  maincsm_onmessage
      | Stack used (prev) :  00000000
      | + function block  :  00000000
  <-Sub-tree of type: Indirectly called function tree that does not make
                    : indirect calls (Is not an interrupt and is not flagged
                    : as not overlayable)
    | Stack used          :  00000000


  ->Sub-tree of type: Indirectly called function tree that does not make
                    : indirect calls (Is not an interrupt and is not flagged
                    : as not overlayable)
                             CSTACK
    | Stack used (prev) :  00000000
  01  on_utf8ec
      | Stack used (prev) :  00000000
      | + function block  :  00000008
  <-Sub-tree of type: Indirectly called function tree that does not make
                    : indirect calls (Is not an interrupt and is not flagged
                    : as not overlayable)
    | Stack used          :  00000008


  ->Sub-tree of type: Indirectly called function tree that does not make
                    : indirect calls (Is not an interrupt and is not flagged
                    : as not overlayable)
                             CSTACK
    | Stack used (prev) :  00000000
  01  empty_onkey
      | Stack used (prev) :  00000000
      | + function block  :  00000040
  <-Sub-tree of type: Indirectly called function tree that does not make
                    : indirect calls (Is not an interrupt and is not flagged
                    : as not overlayable)
    | Stack used          :  00000040


  ->Sub-tree of type: Indirectly called function tree that does not make
                    : indirect calls (Is not an interrupt and is not flagged
                    : as not overlayable)
                             CSTACK
    | Stack used (prev) :  00000000
  01  empty_locret
      | Stack used (prev) :  00000000
      | + function block  :  00000000
  <-Sub-tree of type: Indirectly called function tree that does not make
                    : indirect calls (Is not an interrupt and is not flagged
                    : as not overlayable)
    | Stack used          :  00000000


  ->Sub-tree of type: Indirectly called function tree that does not make
                    : indirect calls (Is not an interrupt and is not flagged
                    : as not overlayable)
                             CSTACK
    | Stack used (prev) :  00000000
  01  empty_ghook
      | Stack used (prev) :  00000000
      | + function block  :  00000018
  <-Sub-tree of type: Indirectly called function tree that does not make
                    : indirect calls (Is not an interrupt and is not flagged
                    : as not overlayable)
    | Stack used          :  00000018


  ->Sub-tree of type: Indirectly called function tree that does not make
                    : indirect calls (Is not an interrupt and is not flagged
                    : as not overlayable)
                             CSTACK
    | Stack used (prev) :  00000000
  01  menu_ghook
      | Stack used (prev) :  00000000
      | + function block  :  00000000
  <-Sub-tree of type: Indirectly called function tree that does not make
                    : indirect calls (Is not an interrupt and is not flagged
                    : as not overlayable)
    | Stack used          :  00000000


  ->Sub-tree of type: Indirectly called function tree that does not make
                    : indirect calls (Is not an interrupt and is not flagged
                    : as not overlayable)
                             CSTACK
    | Stack used (prev) :  00000000
  01  menu_iconhnd
      | Stack used (prev) :  00000000
      | + function block  :  00000020
  <-Sub-tree of type: Indirectly called function tree that does not make
                    : indirect calls (Is not an interrupt and is not flagged
                    : as not overlayable)
    | Stack used          :  00000020


  ->Sub-tree of type: Indirectly called function tree that does not make
                    : indirect calls (Is not an interrupt and is not flagged
                    : as not overlayable)
                             CSTACK
    | Stack used (prev) :  00000000
  01  menu_onkey2
      | Stack used (prev) :  00000000
      | + function block  :  00000008
  <-Sub-tree of type: Indirectly called function tree that does not make
                    : indirect calls (Is not an interrupt and is not flagged
                    : as not overlayable)
    | Stack used          :  00000008


  ->Sub-tree of type: Indirectly called function tree that does not make
                    : indirect calls (Is not an interrupt and is not flagged
                    : as not overlayable)
                             CSTACK
    | Stack used (prev) :  00000000
  01  ShortcutsMenuItemHandler
      | Stack used (prev) :  00000000
      | + function block  :  00000018
  <-Sub-tree of type: Indirectly called function tree that does not make
                    : indirect calls (Is not an interrupt and is not flagged
                    : as not overlayable)
    | Stack used          :  00000018


  ->Sub-tree of type: Indirectly called function tree that does not make
                    : indirect calls (Is not an interrupt and is not flagged
                    : as not overlayable)
                             CSTACK
    | Stack used (prev) :  00000000
  01  ShortcutsMenuGHook
      | Stack used (prev) :  00000000
      | + function block  :  00000004
  <-Sub-tree of type: Indirectly called function tree that does not make
                    : indirect calls (Is not an interrupt and is not flagged
                    : as not overlayable)
    | Stack used          :  00000004


  ->Sub-tree of type: Indirectly called function tree that does not make
                    : indirect calls (Is not an interrupt and is not flagged
                    : as not overlayable)
                             CSTACK
    | Stack used (prev) :  00000000
  01  ShortcutsMenuKeyHook
      | Stack used (prev) :  00000000
      | + function block  :  00000044
  <-Sub-tree of type: Indirectly called function tree that does not make
                    : indirect calls (Is not an interrupt and is not flagged
                    : as not overlayable)
    | Stack used          :  00000044


  ->Sub-tree of type: Function tree
                             CSTACK
    | Stack used (prev) :  00000044
  01  LoadConfigData
      | Stack used (prev) :  00000044
      | + function block  :  00000030
  <-Sub-tree of type: Function tree
    | Stack used          :  00000074


  ->Sub-tree of type: Function tree
                             CSTACK
    | Stack used (prev) :  00000074
  01  InitConfig
      | Stack used (prev) :  00000074
      | + function block  :  00000008
  <-Sub-tree of type: Function tree
    | Stack used          :  0000007C


  ->Sub-tree of type: Function tree
                             CSTACK
    | Stack used (prev) :  0000007C
  01  Free_FLIST
      | Stack used (prev) :  0000007C
      | + function block  :  00000010
  <-Sub-tree of type: Function tree
    | Stack used          :  0000008C


  ->Sub-tree of type: Function tree
                             CSTACK
    | Stack used (prev) :  0000008C
  01  GetFListN
      | Stack used (prev) :  0000008C
      | + function block  :  00000000
  <-Sub-tree of type: Function tree
    | Stack used          :  0000008C


  ->Sub-tree of type: Function tree
                             CSTACK
    | Stack used (prev) :  0000008C
  01  GetFoldersLevel
      | Stack used (prev) :  0000008C
      | + function block  :  00000000
  <-Sub-tree of type: Function tree
    | Stack used          :  0000008C


  ->Sub-tree of type: Function tree
                             CSTACK
    | Stack used (prev) :  0000008C
  01  strcmp_nocase
      | Stack used (prev) :  0000008C
      | + function block  :  00000000
  <-Sub-tree of type: Function tree
    | Stack used          :  0000008C


  ->Sub-tree of type: Function tree
                             CSTACK
    | Stack used (prev) :  0000008C
  01  AddToFList
      | Stack used (prev) :  0000008C
      | + function block  :  00000014
  <-Sub-tree of type: Function tree
    | Stack used          :  000000A0


  ->Sub-tree of type: Function tree
                             CSTACK
    | Stack used (prev) :  000000A0
  01  FindFiles
      | Stack used (prev) :  000000A0
      | + function block  :  00000348
  <-Sub-tree of type: Function tree
    | Stack used          :  000003E8


  ->Sub-tree of type: Function tree
                             CSTACK
    | Stack used (prev) :  000003E8
  01  FindFLISTtByNS
      | Stack used (prev) :  000003E8
      | + function block  :  00000000
  <-Sub-tree of type: Function tree
    | Stack used          :  000003E8


  ->Sub-tree of type: Function tree
                             CSTACK
    | Stack used (prev) :  000003E8
  01  FindFLISTtByN
      | Stack used (prev) :  000003E8
      | + function block  :  00000008
  <-Sub-tree of type: Function tree
    | Stack used          :  000003F0


  ->Sub-tree of type: Function tree
                             CSTACK
    | Stack used (prev) :  000003F0
  01  SavePath
      | Stack used (prev) :  000003F0
      | + function block  :  0000003C
  <-Sub-tree of type: Function tree
    | Stack used          :  0000042C


  ->Sub-tree of type: Function tree
                             CSTACK
    | Stack used (prev) :  0000042C
  01  CreateRootMenu
      | Stack used (prev) :  0000042C
      | + function block  :  00000004
  <-Sub-tree of type: Function tree
    | Stack used          :  00000430


  ->Sub-tree of type: Function tree
                             CSTACK
    | Stack used (prev) :  00000430
  01  open_fm
      | Stack used (prev) :  00000430
      | + function block  :  000000D4
  <-Sub-tree of type: Function tree
    | Stack used          :  00000504


  ->Sub-tree of type: Function tree
                             CSTACK
    | Stack used (prev) :  00000504
  01  get_file_size
      | Stack used (prev) :  00000504
      | + function block  :  00000030
  <-Sub-tree of type: Function tree
    | Stack used          :  00000534


  ->Sub-tree of type: Function tree
                             CSTACK
    | Stack used (prev) :  00000534
  01  about
      | Stack used (prev) :  00000534
      | + function block  :  00000088
  <-Sub-tree of type: Function tree
    | Stack used          :  000005BC


  ->Sub-tree of type: Function tree
                             CSTACK
    | Stack used (prev) :  000005BC
  01  GetFListN2
      | Stack used (prev) :  000005BC
      | + function block  :  00000000
  <-Sub-tree of type: Function tree
    | Stack used          :  000005BC


  ->Sub-tree of type: Function tree
                             CSTACK
    | Stack used (prev) :  000005BC
  01  Add
      | Stack used (prev) :  000005BC
      | + function block  :  00000018
  <-Sub-tree of type: Function tree
    | Stack used          :  000005D4


  ->Sub-tree of type: Function tree
                             CSTACK
    | Stack used (prev) :  000005D4
  01  parse
      | Stack used (prev) :  000005D4
      | + function block  :  00000024
  <-Sub-tree of type: Function tree
    | Stack used          :  000005F8


  ->Sub-tree of type: Function tree
                             CSTACK
    | Stack used (prev) :  000005F8
  01  LoadMNU
      | Stack used (prev) :  000005F8
      | + function block  :  0000001C
  <-Sub-tree of type: Function tree
    | Stack used          :  00000614


  ->Sub-tree of type: Function tree
                             CSTACK
    | Stack used (prev) :  00000614
  01  del
      | Stack used (prev) :  00000614
      | + function block  :  00000004
  <-Sub-tree of type: Function tree
    | Stack used          :  00000618


  ->Sub-tree of type: Function tree
                             CSTACK
    | Stack used (prev) :  00000618
  01  AddItem
      | Stack used (prev) :  00000618
      | + function block  :  00000008
  <-Sub-tree of type: Function tree
    | Stack used          :  00000620


  ->Sub-tree of type: Function tree
                             CSTACK
    | Stack used (prev) :  00000620
  01  FindByN
      | Stack used (prev) :  00000620
      | + function block  :  00000008
  <-Sub-tree of type: Function tree
    | Stack used          :  00000628


  ->Sub-tree of type: Function tree
                             CSTACK
    | Stack used (prev) :  00000628
  01  create
      | Stack used (prev) :  00000628
      | + function block  :  00000010
  <-Sub-tree of type: Function tree
    | Stack used          :  00000638


  ->Sub-tree of type: Function tree
                             CSTACK
    | Stack used (prev) :  00000638
  01  UpdateCSMname
      | Stack used (prev) :  00000638
      | + function block  :  00000004
  <-Sub-tree of type: Function tree
    | Stack used          :  0000063C


  ->Sub-tree of type: Function tree
                             CSTACK
    | Stack used (prev) :  0000063C
  01  main
      | Stack used (prev) :  0000063C
      | + function block  :  0000003C
  <-Sub-tree of type: Function tree
    | Stack used          :  00000678


  ->Sub-tree of type: Function tree
                             CSTACK
    | Stack used (prev) :  00000678
  01  SaveFile
      | Stack used (prev) :  00000678
      | + function block  :  00000024
  <-Sub-tree of type: Function tree
    | Stack used          :  0000069C


  ->Sub-tree of type: Function tree
                             CSTACK
    | Stack used (prev) :  0000069C
  01  DrawText
      | Stack used (prev) :  0000069C
      | + function block  :  00000050
  <-Sub-tree of type: Function tree
    | Stack used          :  000006EC


  ->Sub-tree of type: Function tree
                             CSTACK
    | Stack used (prev) :  000006EC
  01  win2unicode
      | Stack used (prev) :  000006EC
      | + function block  :  00000000
  <-Sub-tree of type: Function tree
    | Stack used          :  000006EC


  ->Sub-tree of type: Function tree
                             CSTACK
    | Stack used (prev) :  000006EC
  01  ascii2ws
      | Stack used (prev) :  000006EC
      | + function block  :  0000000C
  <-Sub-tree of type: Function tree
    | Stack used          :  000006F8


  ->Sub-tree of type: Function tree
                             CSTACK
    | Stack used (prev) :  000006F8
  01  ShowMainMenu
      | Stack used (prev) :  000006F8
      | + function block  :  00000018
  <-Sub-tree of type: Function tree
    | Stack used          :  00000710


  ->Sub-tree of type: Function tree
                             CSTACK
    | Stack used (prev) :  00000710
  01  FreeLines
      | Stack used (prev) :  00000710
      | + function block  :  00000008
  <-Sub-tree of type: Function tree
    | Stack used          :  00000718


  ->Sub-tree of type: Function tree
                             CSTACK
    | Stack used (prev) :  00000718
  01  LoadLines
      | Stack used (prev) :  00000718
      | + function block  :  0000004C
  <-Sub-tree of type: Function tree
    | Stack used          :  00000764


  ->Sub-tree of type: Function tree
                             CSTACK
    | Stack used (prev) :  00000764
  01  DispShortcutsMenu
      | Stack used (prev) :  00000764
      | + function block  :  00000020
  <-Sub-tree of type: Function tree
    | Stack used          :  00000784




                ****************************************
                *                                      *
                *      SEGMENTS IN ADDRESS ORDER       *
                *                                      *
                ****************************************


SEGMENT              SPACE    START ADDRESS   END ADDRESS     SIZE  TYPE  ALIGN
=======              =====    =============   ===========     ====  ====  =====
ELFBEGIN             CODE_AREA           00000000                     dse    0
DATA_ID              CODE_AREA      00000000 - 0000031F         320   rel    2
START                CODE_AREA           00000320                     dse    0
CODE                 CODE_AREA      00000320 - 0000233F        2020   rel    2
DATA_C               CODE_AREA      00002340 - 0000296B         62C   rel    2
INITTAB              CODE_AREA      0000296C - 00002983          18   rel    2
DATA_Z               CODE_AREA      00002984 - 00002AAB         128   rel    2
DATA_N               CODE_AREA           00002AAC                     dse    0
CONFIG_C             CODE_AREA      00002AAC - 00002C03         158   rel    2
DATA_I               DATA_AREA      00000000 - 0000031F         320   rel    2

                ****************************************
                *                                      *
                *        END OF CROSS REFERENCE        *
                *                                      *
                ****************************************

 11 268 bytes of CODE memory
    800 bytes of DATA memory

Errors: none
Warnings: none

